Sun Mar  1 13:05:27 2026       
+-----------------------------------------------------------------------------------------+
| NVIDIA-SMI 580.105.08             Driver Version: 580.105.08     CUDA Version: 13.0     |
+-----------------------------------------+------------------------+----------------------+
| GPU  Name                 Persistence-M | Bus-Id          Disp.A | Volatile Uncorr. ECC |
| Fan  Temp   Perf          Pwr:Usage/Cap |           Memory-Usage | GPU-Util  Compute M. |
|                                         |                        |               MIG M. |
|=========================================+========================+======================|
|   0  Tesla P100-PCIE-16GB           On  |   00000000:04:00.0 Off |                    0 |
| N/A   34C    P0             26W /  250W |       0MiB /  16384MiB |      0%      Default |
|                                         |                        |                  N/A |
+-----------------------------------------+------------------------+----------------------+

+-----------------------------------------------------------------------------------------+
| Processes:                                                                              |
|  GPU   GI   CI              PID   Type   Process name                        GPU Memory |
|        ID   ID                                                               Usage      |
|=========================================================================================|
|  No running processes found                                                             |
+-----------------------------------------------------------------------------------------+

================================================================================
MULTI-HORIZON TRAINING v4 — ConvLSTM Direct Multi-Step
================================================================================
  Device        : cuda
  Loss Function : hybrid_weighted_mse
  FIX 39        : 4-threshold weighted MSE
  FIX 40        : Dark theme visualization
  FIX 41        : zerovalue=0.02 + L_rain/L_zero split
  LR Scheduler  : cosine_annealing
  Horizons      : [15, 30, 45, 60]

================================================================================
TWO-THRESHOLD STRATEGY  [DATA UNIT: mm/h]
================================================================================
  Operational : 10.0 mm/h
  Extreme     : 20.0 mm/h (Manual fallback)
================================================================================


================================================================================
CLIP CONFIGURATION VERIFICATION  [eps=1.0, normalized, zerovalue=0.02]
================================================================================
  clip_max      : 128.00 mm/h
  SoftLog eps   : 1.0
  LOG_NORM      : 2.1106
  ZEROVALUE     : 0.01  (FIX 41)
  0    mm/h → 0.0020  (mapped to 0.02)
  2    mm/h → 0.2261  ← weight_threshold_1
  5    mm/h → 0.3687  ← weight_threshold_2 / ETS
  10   mm/h → 0.4934  ← weight_threshold_3
  20   mm/h → 0.6265  ← weight_threshold_4
  128  mm/h → 1.0000
================================================================================


📂 Loading datasets...

======================================================================
 SatelliteRadarDataset Initialized (MULTI-HORIZON)
======================================================================
Metadata: metadata/train_sampled_multihorizon_summer.csv
Satellite Configuration:
  Ch7: mean=36.83, std=12.58 (no clipping)
  Ch9: mean=65.70, std=19.36 (no clipping)
Radar Configuration:
  Clip: [0, 128.00] mm/hr
  Transform: log10(x + 0.001)
Temporal Configuration:
  History: 45 min
  Cadence: 5 min
  Forecast horizons: [15, 30, 45, 60] min
  n_horizons: 4

Initial samples: 16,993

  → 9 timesteps
  → Satellite: 18 channels
  → Radar history: 9 channels
  → Total input: 27 channels
  → Target: [4, H, W] (one frame per horizon)
======================================================================


======================================================================
 SatelliteRadarDataset Initialized (MULTI-HORIZON)
======================================================================
Metadata: metadata/val_sampled_multihorizon_summer.csv
Satellite Configuration:
  Ch7: mean=36.83, std=12.58 (no clipping)
  Ch9: mean=65.70, std=19.36 (no clipping)
Radar Configuration:
  Clip: [0, 128.00] mm/hr
  Transform: log10(x + 0.001)
Temporal Configuration:
  History: 45 min
  Cadence: 5 min
  Forecast horizons: [15, 30, 45, 60] min
  n_horizons: 4

Initial samples: 8,189

  → 9 timesteps
  → Satellite: 18 channels
  → Radar history: 9 channels
  → Total input: 27 channels
  → Target: [4, H, W] (one frame per horizon)
======================================================================


✅ Train: 16,993 | Val: 8,189

🏗️  Building Model...
   Parameters: 9,032,564

================================================================================
MULTI-HORIZON TRAINING v4 — 4-THRESHOLD WEIGHTED MSE
================================================================================
  Loss Type       : HYBRID_WEIGHTED_MSE
  FIX 39 Weights  : 2.0mm/h→2.0x  5.0mm/h→5.0x  10.0mm/h→10.0x  20.0mm/h→20.0x
  FIX 41 Zero     : L_rain + 0.05 * L_zero  (zerovalue=0.01)
  ETS@            : 5 mm/h
  Extreme@        : 15 mm/h
  Horizons        : [15, 30, 45, 60] min
  LR Scheduler    : cosine_annealing
  Mixed Precision : True
================================================================================

✅ HybridWeightedMSE [4 thresholds + L_rain/L_zero split — FIX 39+41]

✅ AdamW | LR=5.00e-05
✅ Mixed Precision ENABLED


================================================================================
EPOCH 1/30
================================================================================
  Horizon weights: [1.0, 1.0, 1.0, 1.0]

  Results (Time: 1701.5s | LR: 4.989044e-05):
    Train Loss [log] : 0.065181
    Val   Loss [log] : 0.062257
    Avg ETS@5mm/h   : 0.1704
    Avg CSI@5mm/h   : 0.1787

  Operational Verification @ 5 mm/h:
  Horizon    MAE(mm/h)    RMSE(mm/h)   ETS        CSI       
  ------------------------------------------------------
  t+15      1.15         1.56         0.2656     0.2727    
  t+30      1.57         1.96         0.1799     0.1882    
  t+45      1.94         2.29         0.1349     0.1436    
  t+60      2.21         2.54         0.1014     0.1103     ← PRIMARY
  AVG        ---          ---          0.1704     0.1787      ← AVG

  Extreme Core @ 15 mm/h (secondary):
  Horizon    CSI        BaseRate    
  --------------------------------
  t+15      0.0671     0.001343    
  t+30      0.0219     0.001343    
  t+45      0.0019     0.001346    
  t+60      0.0000     0.001340    

  Creating visualizations (epoch 1)...
  Visualization saved: VALVIZ_CONVLSTM_CORRECT_CLIP6_COSINE_4W_ST_SMALL_DATA_S/epoch_001.png

  ★★★ NEW BEST MODEL! Val Loss=0.0623 | ETS=0.1704 | CSI=0.1787 ★★★

================================================================================
EPOCH 2/30
================================================================================
  Horizon weights: [1.0, 1.0, 1.0, 1.0]

  Results (Time: 1654.3s | LR: 4.956295e-05):
    Train Loss [log] : 0.047450
    Val   Loss [log] : 0.056715
    Avg ETS@5mm/h   : 0.1393
    Avg CSI@5mm/h   : 0.1482
    Loss Change       : -0.005543

  Operational Verification @ 5 mm/h:
  Horizon    MAE(mm/h)    RMSE(mm/h)   ETS        CSI       
  ------------------------------------------------------
  t+15      1.14         1.67         0.2397     0.2474    
  t+30      1.46         2.02         0.1453     0.1541    
  t+45      1.74         2.33         0.0951     0.1046    
  t+60      1.90         2.44         0.0772     0.0869     ← PRIMARY
  AVG        ---          ---          0.1393     0.1482      ← AVG

  Extreme Core @ 15 mm/h (secondary):
  Horizon    CSI        BaseRate    
  --------------------------------
  t+15      0.1299     0.001343    
  t+30      0.0556     0.001343    
  t+45      0.0304     0.001346    
  t+60      0.0064     0.001340    

  Creating visualizations (epoch 2)...
  Visualization saved: VALVIZ_CONVLSTM_CORRECT_CLIP6_COSINE_4W_ST_SMALL_DATA_S/epoch_002.png

  ★★★ NEW BEST MODEL! Val Loss=0.0567 | ETS=0.1393 | CSI=0.1482 ★★★

================================================================================
EPOCH 3/30
================================================================================
  Horizon weights: [1.0, 1.0, 1.0, 1.0]

  Results (Time: 1676.9s | LR: 4.902113e-05):
    Train Loss [log] : 0.044746
    Val   Loss [log] : 0.054795
    Avg ETS@5mm/h   : 0.1547
    Avg CSI@5mm/h   : 0.1629
    Loss Change       : -0.001920

  Operational Verification @ 5 mm/h:
  Horizon    MAE(mm/h)    RMSE(mm/h)   ETS        CSI       
  ------------------------------------------------------
  t+15      1.05         1.49         0.2722     0.2790    
  t+30      1.63         2.02         0.1638     0.1718    
  t+45      1.95         2.35         0.1042     0.1130    
  t+60      2.26         2.62         0.0787     0.0879     ← PRIMARY
  AVG        ---          ---          0.1547     0.1629      ← AVG

  Extreme Core @ 15 mm/h (secondary):
  Horizon    CSI        BaseRate    
  --------------------------------
  t+15      0.1158     0.001343    
  t+30      0.0562     0.001343    
  t+45      0.0303     0.001346    
  t+60      0.0123     0.001340    

  Creating visualizations (epoch 3)...
  Visualization saved: VALVIZ_CONVLSTM_CORRECT_CLIP6_COSINE_4W_ST_SMALL_DATA_S/epoch_003.png

  ★★★ NEW BEST MODEL! Val Loss=0.0548 | ETS=0.1547 | CSI=0.1629 ★★★

================================================================================
EPOCH 4/30
================================================================================
  Horizon weights: [1.0, 1.0, 1.0, 1.0]

  Results (Time: 1675.9s | LR: 4.827091e-05):
    Train Loss [log] : 0.043071
    Val   Loss [log] : 0.054435
    Avg ETS@5mm/h   : 0.1797
    Avg CSI@5mm/h   : 0.1872
    Loss Change       : -0.000360

  Operational Verification @ 5 mm/h:
  Horizon    MAE(mm/h)    RMSE(mm/h)   ETS        CSI       
  ------------------------------------------------------
  t+15      0.70         1.24         0.2915     0.2978    
  t+30      1.01         1.53         0.1972     0.2046    
  t+45      1.24         1.74         0.1340     0.1419    
  t+60      1.47         1.95         0.0961     0.1044     ← PRIMARY
  AVG        ---          ---          0.1797     0.1872      ← AVG

  Extreme Core @ 15 mm/h (secondary):
  Horizon    CSI        BaseRate    
  --------------------------------
  t+15      0.1284     0.001343    
  t+30      0.0490     0.001343    
  t+45      0.0169     0.001346    
  t+60      0.0050     0.001340    

  Creating visualizations (epoch 4)...
  Visualization saved: VALVIZ_CONVLSTM_CORRECT_CLIP6_COSINE_4W_ST_SMALL_DATA_S/epoch_004.png

  ★★★ NEW BEST MODEL! Val Loss=0.0544 | ETS=0.1797 | CSI=0.1872 ★★★

================================================================================
EPOCH 5/30
================================================================================
  Horizon weights: [1.0, 1.0, 1.0, 1.0]

  Results (Time: 1657.3s | LR: 4.732051e-05):
    Train Loss [log] : 0.041070
    Val   Loss [log] : 0.056582
    Avg ETS@5mm/h   : 0.1790
    Avg CSI@5mm/h   : 0.1864
    Loss Change       : +0.002147

  Operational Verification @ 5 mm/h:
  Horizon    MAE(mm/h)    RMSE(mm/h)   ETS        CSI       
  ------------------------------------------------------
  t+15      0.67         1.22         0.3077     0.3140    
  t+30      1.02         1.55         0.1934     0.2007    
  t+45      1.20         1.73         0.1261     0.1340    
  t+60      1.36         1.87         0.0888     0.0969     ← PRIMARY
  AVG        ---          ---          0.1790     0.1864      ← AVG

  Extreme Core @ 15 mm/h (secondary):
  Horizon    CSI        BaseRate    
  --------------------------------
  t+15      0.1335     0.001343    
  t+30      0.0520     0.001343    
  t+45      0.0234     0.001346    
  t+60      0.0107     0.001340    

  Creating visualizations (epoch 5)...
  Visualization saved: VALVIZ_CONVLSTM_CORRECT_CLIP6_COSINE_4W_ST_SMALL_DATA_S/epoch_005.png
  No improvement for 1 epoch(s) (best: 0.0544)

================================================================================
EPOCH 6/30
================================================================================
  Horizon weights: [1.0, 1.0, 1.0, 1.0]

  Results (Time: 1677.6s | LR: 4.618034e-05):
    Train Loss [log] : 0.038033
    Val   Loss [log] : 0.060408
    Avg ETS@5mm/h   : 0.1656
    Avg CSI@5mm/h   : 0.1727
    Loss Change       : +0.003826

  Operational Verification @ 5 mm/h:
  Horizon    MAE(mm/h)    RMSE(mm/h)   ETS        CSI       
  ------------------------------------------------------
  t+15      0.59         1.19         0.2974     0.3036    
  t+30      0.79         1.45         0.1762     0.1834    
  t+45      0.99         1.64         0.1110     0.1185    
  t+60      1.12         1.77         0.0776     0.0853     ← PRIMARY
  AVG        ---          ---          0.1656     0.1727      ← AVG

  Extreme Core @ 15 mm/h (secondary):
  Horizon    CSI        BaseRate    
  --------------------------------
  t+15      0.1159     0.001343    
  t+30      0.0361     0.001343    
  t+45      0.0129     0.001346    
  t+60      0.0069     0.001340    

  Creating visualizations (epoch 6)...
  Visualization saved: VALVIZ_CONVLSTM_CORRECT_CLIP6_COSINE_4W_ST_SMALL_DATA_S/epoch_006.png
  No improvement for 2 epoch(s) (best: 0.0544)

================================================================================
EPOCH 7/30
================================================================================
  Horizon weights: [1.0, 1.0, 1.0, 1.0]

  Results (Time: 1655.8s | LR: 4.486290e-05):
    Train Loss [log] : 0.034949
    Val   Loss [log] : 0.063194
    Avg ETS@5mm/h   : 0.1522
    Avg CSI@5mm/h   : 0.1595
    Loss Change       : +0.002786

  Operational Verification @ 5 mm/h:
  Horizon    MAE(mm/h)    RMSE(mm/h)   ETS        CSI       
  ------------------------------------------------------
  t+15      0.60         1.19         0.2959     0.3020    
  t+30      0.80         1.45         0.1593     0.1663    
  t+45      1.04         1.72         0.0911     0.0990    
  t+60      1.21         1.89         0.0625     0.0708     ← PRIMARY
  AVG        ---          ---          0.1522     0.1595      ← AVG

  Extreme Core @ 15 mm/h (secondary):
  Horizon    CSI        BaseRate    
  --------------------------------
  t+15      0.1170     0.001343    
  t+30      0.0374     0.001343    
  t+45      0.0186     0.001346    
  t+60      0.0123     0.001340    

  Creating visualizations (epoch 7)...
  Visualization saved: VALVIZ_CONVLSTM_CORRECT_CLIP6_COSINE_4W_ST_SMALL_DATA_S/epoch_007.png
  No improvement for 3 epoch(s) (best: 0.0544)

================================================================================
EPOCH 8/30
================================================================================
  Horizon weights: [1.0, 1.0, 1.0, 1.0]

  Results (Time: 1650.0s | LR: 4.338261e-05):
    Train Loss [log] : 0.032543
    Val   Loss [log] : 0.067205
    Avg ETS@5mm/h   : 0.1577
    Avg CSI@5mm/h   : 0.1645
    Loss Change       : +0.004011

  Operational Verification @ 5 mm/h:
  Horizon    MAE(mm/h)    RMSE(mm/h)   ETS        CSI       
  ------------------------------------------------------
  t+15      0.60         1.19         0.3021     0.3083    
  t+30      0.76         1.41         0.1647     0.1714    
  t+45      0.91         1.59         0.0981     0.1052    
  t+60      1.06         1.75         0.0657     0.0733     ← PRIMARY
  AVG        ---          ---          0.1577     0.1645      ← AVG

  Extreme Core @ 15 mm/h (secondary):
  Horizon    CSI        BaseRate    
  --------------------------------
  t+15      0.1112     0.001343    
  t+30      0.0296     0.001343    
  t+45      0.0127     0.001346    
  t+60      0.0084     0.001340    

  Creating visualizations (epoch 8)...
  Visualization saved: VALVIZ_CONVLSTM_CORRECT_CLIP6_COSINE_4W_ST_SMALL_DATA_S/epoch_008.png
  No improvement for 4 epoch(s) (best: 0.0544)

================================================================================
EPOCH 9/30
================================================================================
  Horizon weights: [1.0, 1.0, 1.0, 1.0]

  Results (Time: 1671.2s | LR: 4.175571e-05):
    Train Loss [log] : 0.030775
    Val   Loss [log] : 0.072389
    Avg ETS@5mm/h   : 0.1286
    Avg CSI@5mm/h   : 0.1358
    Loss Change       : +0.005185

  Operational Verification @ 5 mm/h:
  Horizon    MAE(mm/h)    RMSE(mm/h)   ETS        CSI       
  ------------------------------------------------------
  t+15      0.58         1.20         0.2794     0.2853    
  t+30      0.85         1.52         0.1264     0.1333    
  t+45      0.99         1.76         0.0661     0.0739    
  t+60      1.12         1.91         0.0425     0.0507     ← PRIMARY
  AVG        ---          ---          0.1286     0.1358      ← AVG

  Extreme Core @ 15 mm/h (secondary):
  Horizon    CSI        BaseRate    
  --------------------------------
  t+15      0.0849     0.001343    
  t+30      0.0223     0.001343    
  t+45      0.0108     0.001346    
  t+60      0.0072     0.001340    

  Creating visualizations (epoch 9)...
  Visualization saved: VALVIZ_CONVLSTM_CORRECT_CLIP6_COSINE_4W_ST_SMALL_DATA_S/epoch_009.png
  No improvement for 5 epoch(s) (best: 0.0544)

================================================================================
EPOCH 10/30
================================================================================
  Horizon weights: [1.0, 1.0, 1.0, 1.0]

  Results (Time: 1656.4s | LR: 4.000000e-05):
    Train Loss [log] : 0.029305
    Val   Loss [log] : 0.072212
    Avg ETS@5mm/h   : 0.1527
    Avg CSI@5mm/h   : 0.1595
    Loss Change       : -0.000177

  Operational Verification @ 5 mm/h:
  Horizon    MAE(mm/h)    RMSE(mm/h)   ETS        CSI       
  ------------------------------------------------------
  t+15      0.51         1.14         0.2958     0.3016    
  t+30      0.71         1.41         0.1536     0.1601    
  t+45      0.90         1.63         0.0956     0.1029    
  t+60      1.02         1.77         0.0658     0.0734     ← PRIMARY
  AVG        ---          ---          0.1527     0.1595      ← AVG

  Extreme Core @ 15 mm/h (secondary):
  Horizon    CSI        BaseRate    
  --------------------------------
  t+15      0.0854     0.001343    
  t+30      0.0244     0.001343    
  t+45      0.0120     0.001346    
  t+60      0.0095     0.001340    

  Creating visualizations (epoch 10)...
  Visualization saved: VALVIZ_CONVLSTM_CORRECT_CLIP6_COSINE_4W_ST_SMALL_DATA_S/epoch_010.png
  No improvement for 6 epoch(s) (best: 0.0544)

================================================================================
EPOCH 11/30
================================================================================
  Horizon weights: [1.0, 1.0, 1.0, 1.0]

  Results (Time: 1675.0s | LR: 3.813473e-05):
    Train Loss [log] : 0.028122
    Val   Loss [log] : 0.075560
    Avg ETS@5mm/h   : 0.1445
    Avg CSI@5mm/h   : 0.1512
    Loss Change       : +0.003349

  Operational Verification @ 5 mm/h:
  Horizon    MAE(mm/h)    RMSE(mm/h)   ETS        CSI       
  ------------------------------------------------------
  t+15      0.56         1.19         0.2875     0.2937    
  t+30      0.69         1.41         0.1478     0.1542    
  t+45      0.83         1.58         0.0849     0.0917    
  t+60      0.99         1.77         0.0577     0.0653     ← PRIMARY
  AVG        ---          ---          0.1445     0.1512      ← AVG

  Extreme Core @ 15 mm/h (secondary):
  Horizon    CSI        BaseRate    
  --------------------------------
  t+15      0.0984     0.001343    
  t+30      0.0220     0.001343    
  t+45      0.0094     0.001346    
  t+60      0.0073     0.001340    

  Creating visualizations (epoch 11)...
  Visualization saved: VALVIZ_CONVLSTM_CORRECT_CLIP6_COSINE_4W_ST_SMALL_DATA_S/epoch_011.png
  No improvement for 7 epoch(s) (best: 0.0544)

================================================================================
EPOCH 12/30
================================================================================
  Horizon weights: [1.0, 1.0, 1.0, 1.0]

  Results (Time: 1660.2s | LR: 3.618034e-05):
    Train Loss [log] : 0.027145
    Val   Loss [log] : 0.078606
    Avg ETS@5mm/h   : 0.1323
    Avg CSI@5mm/h   : 0.1387
    Loss Change       : +0.003046

  Operational Verification @ 5 mm/h:
  Horizon    MAE(mm/h)    RMSE(mm/h)   ETS        CSI       
  ------------------------------------------------------
  t+15      0.49         1.15         0.2730     0.2788    
  t+30      0.65         1.39         0.1298     0.1359    
  t+45      0.79         1.56         0.0759     0.0825    
  t+60      0.91         1.69         0.0506     0.0576     ← PRIMARY
  AVG        ---          ---          0.1323     0.1387      ← AVG

  Extreme Core @ 15 mm/h (secondary):
  Horizon    CSI        BaseRate    
  --------------------------------
  t+15      0.0797     0.001343    
  t+30      0.0206     0.001343    
  t+45      0.0091     0.001346    
  t+60      0.0059     0.001340    

  Creating visualizations (epoch 12)...
  Visualization saved: VALVIZ_CONVLSTM_CORRECT_CLIP6_COSINE_4W_ST_SMALL_DATA_S/epoch_012.png
  No improvement for 8 epoch(s) (best: 0.0544)

================================================================================
EPOCH 13/30
================================================================================
  Horizon weights: [1.0, 1.0, 1.0, 1.0]

  Results (Time: 1667.3s | LR: 3.415823e-05):
    Train Loss [log] : 0.026277
    Val   Loss [log] : 0.078899
    Avg ETS@5mm/h   : 0.1343
    Avg CSI@5mm/h   : 0.1408
    Loss Change       : +0.000293

  Operational Verification @ 5 mm/h:
  Horizon    MAE(mm/h)    RMSE(mm/h)   ETS        CSI       
  ------------------------------------------------------
  t+15      0.57         1.20         0.2791     0.2851    
  t+30      0.66         1.38         0.1313     0.1372    
  t+45      0.82         1.57         0.0765     0.0830    
  t+60      0.95         1.75         0.0504     0.0577     ← PRIMARY
  AVG        ---          ---          0.1343     0.1408      ← AVG

  Extreme Core @ 15 mm/h (secondary):
  Horizon    CSI        BaseRate    
  --------------------------------
  t+15      0.0923     0.001343    
  t+30      0.0197     0.001343    
  t+45      0.0079     0.001346    
  t+60      0.0064     0.001340    

  Creating visualizations (epoch 13)...
  Visualization saved: VALVIZ_CONVLSTM_CORRECT_CLIP6_COSINE_4W_ST_SMALL_DATA_S/epoch_013.png
  No improvement for 9 epoch(s) (best: 0.0544)

================================================================================
EPOCH 14/30
================================================================================
  Horizon weights: [1.0, 1.0, 1.0, 1.0]

  Results (Time: 1667.9s | LR: 3.209057e-05):
    Train Loss [log] : 0.025680
    Val   Loss [log] : 0.079436
    Avg ETS@5mm/h   : 0.1028
    Avg CSI@5mm/h   : 0.1104
    Loss Change       : +0.000538

  Operational Verification @ 5 mm/h:
  Horizon    MAE(mm/h)    RMSE(mm/h)   ETS        CSI       
  ------------------------------------------------------
  t+15      0.70         1.32         0.2479     0.2540    
  t+30      0.99         1.68         0.0952     0.1020    
  t+45      1.39         2.19         0.0426     0.0512    
  t+60      1.55         2.38         0.0254     0.0344     ← PRIMARY
  AVG        ---          ---          0.1028     0.1104      ← AVG

  Extreme Core @ 15 mm/h (secondary):
  Horizon    CSI        BaseRate    
  --------------------------------
  t+15      0.0744     0.001343    
  t+30      0.0167     0.001343    
  t+45      0.0097     0.001346    
  t+60      0.0070     0.001340    

  Creating visualizations (epoch 14)...
  Visualization saved: VALVIZ_CONVLSTM_CORRECT_CLIP6_COSINE_4W_ST_SMALL_DATA_S/epoch_014.png
  No improvement for 10 epoch(s) (best: 0.0544)

⚡ EARLY STOPPING

================================================================================
TRAINING COMPLETE — Best Val Loss: 0.0544
================================================================================


🎉 ALL DONE! 🎉

