
======================================================================
EVENT VISUALIZATION — August 2023 Convective Storm
  Device    : cuda
  Checkpoint: CHECKPOINTS_CONVLSTM_CORRECT_CLIP6/best.pth
  Val CSV   : metadata/val_sampled_multihorizon.csv
  Horizons  : [15, 30, 45, 60] min
  Indices   : [8960, 8961, 8954, 8955, 8947]
======================================================================


======================================================================
 SatelliteRadarDataset Initialized (MULTI-HORIZON)
======================================================================
Metadata: metadata/val_sampled_multihorizon.csv
Satellite Configuration:
  Ch7: mean=36.83, std=12.58 (no clipping)
  Ch9: mean=65.70, std=19.36 (no clipping)
Radar Configuration:
  Clip: [0, 128.00] mm/hr
  Transform: log10(x + 0.001)
Temporal Configuration:
  History: 45 min
  Cadence: 5 min
  Forecast horizons: [15, 30, 45, 60] min
  n_horizons: 4

Initial samples: 16,940

  → 9 timesteps
  → Satellite: 18 channels
  → Radar history: 9 channels
  → Total input: 27 channels
  → Target: [4, H, W] (one frame per horizon)
======================================================================

Val dataset: 16,940 samples

Loading checkpoint: CHECKPOINTS_CONVLSTM_CORRECT_CLIP6/best.pth
Model loaded (epoch 2 | val_loss=0.22175440632644072)


======================================================================
EVENT SAMPLES FROM VAL CSV
  CSV : metadata/val_sampled_multihorizon.csv
======================================================================
  #1  dataset_idx=   8960  p99=11.64 mm/h  max=128.00 mm/h  time=2023-08-12 13:50:00
  #2  dataset_idx=   8961  p99=11.16 mm/h  max=128.00 mm/h  time=2023-08-12 13:55:00
  #3  dataset_idx=   8954  p99=11.16 mm/h  max=128.00 mm/h  time=2023-08-12 13:20:00
  #4  dataset_idx=   8955  p99=11.41 mm/h  max=124.12 mm/h  time=2023-08-12 13:25:00
  #5  dataset_idx=   8947  p99=10.92 mm/h  max=128.00 mm/h  time=2023-08-12 12:35:00

Running model on 5 event samples...
Inference done | preds shape: torch.Size([5, 4, 128, 128])


Saving → val_event_august2023.png  (DPI=150)
Saved: val_event_august2023.png
