Sun Mar  1 15:58:02 2026       
+-----------------------------------------------------------------------------------------+
| NVIDIA-SMI 580.105.08             Driver Version: 580.105.08     CUDA Version: 13.0     |
+-----------------------------------------+------------------------+----------------------+
| GPU  Name                 Persistence-M | Bus-Id          Disp.A | Volatile Uncorr. ECC |
| Fan  Temp   Perf          Pwr:Usage/Cap |           Memory-Usage | GPU-Util  Compute M. |
|                                         |                        |               MIG M. |
|=========================================+========================+======================|
|   0  Tesla V100-PCIE-32GB           On  |   00000000:3B:00.0 Off |                    0 |
| N/A   34C    P0             26W /  250W |       0MiB /  32768MiB |      0%      Default |
|                                         |                        |                  N/A |
+-----------------------------------------+------------------------+----------------------+

+-----------------------------------------------------------------------------------------+
| Processes:                                                                              |
|  GPU   GI   CI              PID   Type   Process name                        GPU Memory |
|        ID   ID                                                               Usage      |
|=========================================================================================|
|  No running processes found                                                             |
+-----------------------------------------------------------------------------------------+

================================================================================
MULTI-HORIZON TRAINING v4 — ConvLSTM Direct Multi-Step
================================================================================
  Device        : cuda
  Loss Function : hybrid_weighted_mse
  FIX 39        : 4-threshold weighted MSE
  FIX 40        : Dark theme visualization
  FIX 41        : zerovalue=0.02 + L_rain/L_zero split
  LR Scheduler  : cosine_annealing
  Horizons      : [15, 30, 45, 60]

================================================================================
TWO-THRESHOLD STRATEGY  [DATA UNIT: mm/h]
================================================================================
  Operational : 10.0 mm/h
  Extreme     : 20.0 mm/h (Manual fallback)
================================================================================


================================================================================
CLIP CONFIGURATION VERIFICATION  [eps=1.0, normalized, zerovalue=0.02]
================================================================================
  clip_max      : 128.00 mm/h
  SoftLog eps   : 1.0
  LOG_NORM      : 2.1106
  ZEROVALUE     : 0.01  (FIX 41)
  0    mm/h → 0.0020  (mapped to 0.02)
  2    mm/h → 0.2261  ← weight_threshold_1
  5    mm/h → 0.3687  ← weight_threshold_2 / ETS
  10   mm/h → 0.4934  ← weight_threshold_3
  20   mm/h → 0.6265  ← weight_threshold_4
  128  mm/h → 1.0000
================================================================================


📂 Loading datasets...

======================================================================
 SatelliteRadarDataset Initialized (MULTI-HORIZON)
======================================================================
Metadata: metadata/train_sampled_multihorizon_summer.csv
Satellite Configuration:
  Ch7: mean=36.83, std=12.58 (no clipping)
  Ch9: mean=65.70, std=19.36 (no clipping)
Radar Configuration:
  Clip: [0, 128.00] mm/hr
  Transform: log10(x + 0.001)
Temporal Configuration:
  History: 45 min
  Cadence: 5 min
  Forecast horizons: [15, 30, 45, 60] min
  n_horizons: 4

Initial samples: 16,993

  → 9 timesteps
  → Satellite: 18 channels
  → Radar history: 9 channels
  → Total input: 27 channels
  → Target: [4, H, W] (one frame per horizon)
======================================================================


======================================================================
 SatelliteRadarDataset Initialized (MULTI-HORIZON)
======================================================================
Metadata: metadata/val_sampled_multihorizon_summer.csv
Satellite Configuration:
  Ch7: mean=36.83, std=12.58 (no clipping)
  Ch9: mean=65.70, std=19.36 (no clipping)
Radar Configuration:
  Clip: [0, 128.00] mm/hr
  Transform: log10(x + 0.001)
Temporal Configuration:
  History: 45 min
  Cadence: 5 min
  Forecast horizons: [15, 30, 45, 60] min
  n_horizons: 4

Initial samples: 8,189

  → 9 timesteps
  → Satellite: 18 channels
  → Radar history: 9 channels
  → Total input: 27 channels
  → Target: [4, H, W] (one frame per horizon)
======================================================================


✅ Train: 16,993 | Val: 8,189

🏗️  Building Model...
   Parameters: 9,032,564

================================================================================
MULTI-HORIZON TRAINING v4 — 4-THRESHOLD WEIGHTED MSE
================================================================================
  Loss Type       : HYBRID_WEIGHTED_MSE
  FIX 39 Weights  : 2.0mm/h→2.0x  5.0mm/h→5.0x  10.0mm/h→10.0x  20.0mm/h→20.0x
  FIX 41 Zero     : L_rain + 0.05 * L_zero  (zerovalue=0.01)
  ETS@            : 5 mm/h
  Extreme@        : 15 mm/h
  Horizons        : [15, 30, 45, 60] min
  LR Scheduler    : cosine_annealing
  Mixed Precision : True
================================================================================

✅ HybridWeightedMSE [4 thresholds + L_rain/L_zero split — FIX 39+41]

✅ AdamW | LR=5.00e-05
✅ Mixed Precision ENABLED


================================================================================
EPOCH 1/30
================================================================================
  Horizon weights: [1.0, 1.0, 1.0, 1.0]

  Results (Time: 4085.1s | LR: 4.989044e-05):
    Train Loss [log] : 0.085761
    Val   Loss [log] : 0.085639
    Avg ETS@5mm/h   : 0.1514
    Avg CSI@5mm/h   : 0.1604

  Operational Verification @ 5 mm/h:
  Horizon    MAE(mm/h)    RMSE(mm/h)   ETS        CSI       
  ------------------------------------------------------
  t+15      1.05         1.53         0.2839     0.2913    
  t+30      2.03         2.39         0.1509     0.1602    
  t+45      2.32         2.61         0.1054     0.1146    
  t+60      3.08         3.29         0.0655     0.0756     ← PRIMARY
  AVG        ---          ---          0.1514     0.1604      ← AVG

  Extreme Core @ 15 mm/h (secondary):
  Horizon    CSI        BaseRate    
  --------------------------------
  t+15      0.0417     0.001553    
  t+30      0.0000     0.001554    
  t+45      0.0000     0.001556    
  t+60      0.0000     0.001551    

  Creating visualizations (epoch 1)...
  Visualization saved: VALVIZ_CONVLSTM_CORRECT_CLIP6_COSINE_4W_ST_SMALL_DATA_S_256/epoch_001.png

  ★★★ NEW BEST MODEL! Val Loss=0.0856 | ETS=0.1514 | CSI=0.1604 ★★★

================================================================================
EPOCH 2/30
================================================================================
  Horizon weights: [1.0, 1.0, 1.0, 1.0]

  Results (Time: 4086.7s | LR: 4.956295e-05):
    Train Loss [log] : 0.060729
    Val   Loss [log] : 0.069536
    Avg ETS@5mm/h   : 0.1882
    Avg CSI@5mm/h   : 0.1966
    Loss Change       : -0.016103

  Operational Verification @ 5 mm/h:
  Horizon    MAE(mm/h)    RMSE(mm/h)   ETS        CSI       
  ------------------------------------------------------
  t+15      0.48         1.29         0.2846     0.2922    
  t+30      0.72         1.52         0.1921     0.2006    
  t+45      0.85         1.61         0.1520     0.1607    
  t+60      0.97         1.68         0.1243     0.1330     ← PRIMARY
  AVG        ---          ---          0.1882     0.1966      ← AVG

  Extreme Core @ 15 mm/h (secondary):
  Horizon    CSI        BaseRate    
  --------------------------------
  t+15      0.1526     0.001553    
  t+30      0.0579     0.001554    
  t+45      0.0206     0.001556    
  t+60      0.0029     0.001551    

  Creating visualizations (epoch 2)...
  Visualization saved: VALVIZ_CONVLSTM_CORRECT_CLIP6_COSINE_4W_ST_SMALL_DATA_S_256/epoch_002.png

  ★★★ NEW BEST MODEL! Val Loss=0.0695 | ETS=0.1882 | CSI=0.1966 ★★★

================================================================================
EPOCH 3/30
================================================================================
  Horizon weights: [1.0, 1.0, 1.0, 1.0]

  Results (Time: 4082.3s | LR: 4.902113e-05):
    Train Loss [log] : 0.053222
    Val   Loss [log] : 0.063554
    Avg ETS@5mm/h   : 0.1583
    Avg CSI@5mm/h   : 0.1670
    Loss Change       : -0.005982

  Operational Verification @ 5 mm/h:
  Horizon    MAE(mm/h)    RMSE(mm/h)   ETS        CSI       
  ------------------------------------------------------
  t+15      0.46         1.33         0.2620     0.2697    
  t+30      0.67         1.55         0.1634     0.1719    
  t+45      0.92         1.80         0.1143     0.1237    
  t+60      0.99         1.81         0.0933     0.1028     ← PRIMARY
  AVG        ---          ---          0.1583     0.1670      ← AVG

  Extreme Core @ 15 mm/h (secondary):
  Horizon    CSI        BaseRate    
  --------------------------------
  t+15      0.1664     0.001553    
  t+30      0.0888     0.001554    
  t+45      0.0536     0.001556    
  t+60      0.0218     0.001551    

  Creating visualizations (epoch 3)...
  Visualization saved: VALVIZ_CONVLSTM_CORRECT_CLIP6_COSINE_4W_ST_SMALL_DATA_S_256/epoch_003.png

  ★★★ NEW BEST MODEL! Val Loss=0.0636 | ETS=0.1583 | CSI=0.1670 ★★★

================================================================================
EPOCH 4/30
================================================================================
  Horizon weights: [1.0, 1.0, 1.0, 1.0]

  Results (Time: 4081.9s | LR: 4.827091e-05):
    Train Loss [log] : 0.050380
    Val   Loss [log] : 0.062895
    Avg ETS@5mm/h   : 0.1898
    Avg CSI@5mm/h   : 0.1981
    Loss Change       : -0.000659

  Operational Verification @ 5 mm/h:
  Horizon    MAE(mm/h)    RMSE(mm/h)   ETS        CSI       
  ------------------------------------------------------
  t+15      0.37         1.16         0.3085     0.3152    
  t+30      0.67         1.50         0.1946     0.2030    
  t+45      0.85         1.66         0.1436     0.1525    
  t+60      1.06         1.82         0.1126     0.1219     ← PRIMARY
  AVG        ---          ---          0.1898     0.1981      ← AVG

  Extreme Core @ 15 mm/h (secondary):
  Horizon    CSI        BaseRate    
  --------------------------------
  t+15      0.1692     0.001553    
  t+30      0.0961     0.001554    
  t+45      0.0500     0.001556    
  t+60      0.0315     0.001551    

  Creating visualizations (epoch 4)...
  Visualization saved: VALVIZ_CONVLSTM_CORRECT_CLIP6_COSINE_4W_ST_SMALL_DATA_S_256/epoch_004.png

  ★★★ NEW BEST MODEL! Val Loss=0.0629 | ETS=0.1898 | CSI=0.1981 ★★★

================================================================================
EPOCH 5/30
================================================================================
  Horizon weights: [1.0, 1.0, 1.0, 1.0]

  Results (Time: 4086.0s | LR: 4.732051e-05):
    Train Loss [log] : 0.048204
    Val   Loss [log] : 0.061769
    Avg ETS@5mm/h   : 0.1808
    Avg CSI@5mm/h   : 0.1892
    Loss Change       : -0.001126

  Operational Verification @ 5 mm/h:
  Horizon    MAE(mm/h)    RMSE(mm/h)   ETS        CSI       
  ------------------------------------------------------
  t+15      0.43         1.25         0.2954     0.3027    
  t+30      0.66         1.54         0.1881     0.1966    
  t+45      0.86         1.69         0.1351     0.1440    
  t+60      1.01         1.83         0.1045     0.1137     ← PRIMARY
  AVG        ---          ---          0.1808     0.1892      ← AVG

  Extreme Core @ 15 mm/h (secondary):
  Horizon    CSI        BaseRate    
  --------------------------------
  t+15      0.1840     0.001553    
  t+30      0.1025     0.001554    
  t+45      0.0572     0.001556    
  t+60      0.0358     0.001551    

  Creating visualizations (epoch 5)...
  Visualization saved: VALVIZ_CONVLSTM_CORRECT_CLIP6_COSINE_4W_ST_SMALL_DATA_S_256/epoch_005.png

  ★★★ NEW BEST MODEL! Val Loss=0.0618 | ETS=0.1808 | CSI=0.1892 ★★★

================================================================================
EPOCH 6/30
================================================================================
  Horizon weights: [1.0, 1.0, 1.0, 1.0]

  Results (Time: 4089.7s | LR: 4.618034e-05):
    Train Loss [log] : 0.046030
    Val   Loss [log] : 0.062468
    Avg ETS@5mm/h   : 0.1951
    Avg CSI@5mm/h   : 0.2032
    Loss Change       : +0.000698

  Operational Verification @ 5 mm/h:
  Horizon    MAE(mm/h)    RMSE(mm/h)   ETS        CSI       
  ------------------------------------------------------
  t+15      0.37         1.21         0.3102     0.3172    
  t+30      0.54         1.41         0.2081     0.2161    
  t+45      0.70         1.57         0.1498     0.1583    
  t+60      0.91         1.78         0.1122     0.1213     ← PRIMARY
  AVG        ---          ---          0.1951     0.2032      ← AVG

  Extreme Core @ 15 mm/h (secondary):
  Horizon    CSI        BaseRate    
  --------------------------------
  t+15      0.1932     0.001553    
  t+30      0.1002     0.001554    
  t+45      0.0558     0.001556    
  t+60      0.0409     0.001551    

  Creating visualizations (epoch 6)...
  Visualization saved: VALVIZ_CONVLSTM_CORRECT_CLIP6_COSINE_4W_ST_SMALL_DATA_S_256/epoch_006.png
  No improvement for 1 epoch(s) (best: 0.0618)

================================================================================
EPOCH 7/30
================================================================================
  Horizon weights: [1.0, 1.0, 1.0, 1.0]

  Results (Time: 4092.1s | LR: 4.486290e-05):
    Train Loss [log] : 0.043769
    Val   Loss [log] : 0.062435
    Avg ETS@5mm/h   : 0.1786
    Avg CSI@5mm/h   : 0.1873
    Loss Change       : -0.000033

  Operational Verification @ 5 mm/h:
  Horizon    MAE(mm/h)    RMSE(mm/h)   ETS        CSI       
  ------------------------------------------------------
  t+15      0.40         1.26         0.2949     0.3023    
  t+30      0.58         1.54         0.1868     0.1954    
  t+45      0.76         1.75         0.1311     0.1403    
  t+60      0.88         1.84         0.1017     0.1111     ← PRIMARY
  AVG        ---          ---          0.1786     0.1873      ← AVG

  Extreme Core @ 15 mm/h (secondary):
  Horizon    CSI        BaseRate    
  --------------------------------
  t+15      0.1888     0.001553    
  t+30      0.1011     0.001554    
  t+45      0.0603     0.001556    
  t+60      0.0405     0.001551    

  Creating visualizations (epoch 7)...
  Visualization saved: VALVIZ_CONVLSTM_CORRECT_CLIP6_COSINE_4W_ST_SMALL_DATA_S_256/epoch_007.png
  No improvement for 2 epoch(s) (best: 0.0618)

================================================================================
EPOCH 8/30
================================================================================
  Horizon weights: [1.0, 1.0, 1.0, 1.0]

  Results (Time: 4097.8s | LR: 4.338261e-05):
    Train Loss [log] : 0.041589
    Val   Loss [log] : 0.065275
    Avg ETS@5mm/h   : 0.1875
    Avg CSI@5mm/h   : 0.1953
    Loss Change       : +0.002840

  Operational Verification @ 5 mm/h:
  Horizon    MAE(mm/h)    RMSE(mm/h)   ETS        CSI       
  ------------------------------------------------------
  t+15      0.36         1.16         0.3138     0.3207    
  t+30      0.56         1.44         0.1968     0.2048    
  t+45      0.66         1.56         0.1359     0.1441    
  t+60      0.74         1.64         0.1033     0.1116     ← PRIMARY
  AVG        ---          ---          0.1875     0.1953      ← AVG

  Extreme Core @ 15 mm/h (secondary):
  Horizon    CSI        BaseRate    
  --------------------------------
  t+15      0.1811     0.001553    
  t+30      0.0855     0.001554    
  t+45      0.0460     0.001556    
  t+60      0.0299     0.001551    

  Creating visualizations (epoch 8)...
  Visualization saved: VALVIZ_CONVLSTM_CORRECT_CLIP6_COSINE_4W_ST_SMALL_DATA_S_256/epoch_008.png
  No improvement for 3 epoch(s) (best: 0.0618)

================================================================================
EPOCH 9/30
================================================================================
  Horizon weights: [1.0, 1.0, 1.0, 1.0]

  Results (Time: 4083.7s | LR: 4.175571e-05):
    Train Loss [log] : 0.039717
    Val   Loss [log] : 0.066590
    Avg ETS@5mm/h   : 0.1735
    Avg CSI@5mm/h   : 0.1817
    Loss Change       : +0.001314

  Operational Verification @ 5 mm/h:
  Horizon    MAE(mm/h)    RMSE(mm/h)   ETS        CSI       
  ------------------------------------------------------
  t+15      0.37         1.21         0.3005     0.3076    
  t+30      0.55         1.49         0.1838     0.1920    
  t+45      0.70         1.66         0.1228     0.1314    
  t+60      0.84         1.80         0.0870     0.0959     ← PRIMARY
  AVG        ---          ---          0.1735     0.1817      ← AVG

  Extreme Core @ 15 mm/h (secondary):
  Horizon    CSI        BaseRate    
  --------------------------------
  t+15      0.1827     0.001553    
  t+30      0.0798     0.001554    
  t+45      0.0404     0.001556    
  t+60      0.0260     0.001551    

  Creating visualizations (epoch 9)...
  Visualization saved: VALVIZ_CONVLSTM_CORRECT_CLIP6_COSINE_4W_ST_SMALL_DATA_S_256/epoch_009.png
  No improvement for 4 epoch(s) (best: 0.0618)

================================================================================
EPOCH 10/30
================================================================================
  Horizon weights: [1.0, 1.0, 1.0, 1.0]

  Results (Time: 4077.5s | LR: 4.000000e-05):
    Train Loss [log] : 0.038357
    Val   Loss [log] : 0.068224
    Avg ETS@5mm/h   : 0.1900
    Avg CSI@5mm/h   : 0.1978
    Loss Change       : +0.001635

  Operational Verification @ 5 mm/h:
  Horizon    MAE(mm/h)    RMSE(mm/h)   ETS        CSI       
  ------------------------------------------------------
  t+15      0.35         1.17         0.3206     0.3275    
  t+30      0.51         1.42         0.2009     0.2088    
  t+45      0.63         1.57         0.1384     0.1466    
  t+60      0.74         1.70         0.0999     0.1084     ← PRIMARY
  AVG        ---          ---          0.1900     0.1978      ← AVG

  Extreme Core @ 15 mm/h (secondary):
  Horizon    CSI        BaseRate    
  --------------------------------
  t+15      0.1852     0.001553    
  t+30      0.0758     0.001554    
  t+45      0.0350     0.001556    
  t+60      0.0228     0.001551    

  Creating visualizations (epoch 10)...
  Visualization saved: VALVIZ_CONVLSTM_CORRECT_CLIP6_COSINE_4W_ST_SMALL_DATA_S_256/epoch_010.png
  No improvement for 5 epoch(s) (best: 0.0618)

================================================================================
EPOCH 11/30
================================================================================
  Horizon weights: [1.0, 1.0, 1.0, 1.0]

  Results (Time: 4070.2s | LR: 3.813473e-05):
    Train Loss [log] : 0.037024
    Val   Loss [log] : 0.070342
    Avg ETS@5mm/h   : 0.1803
    Avg CSI@5mm/h   : 0.1878
    Loss Change       : +0.002117

  Operational Verification @ 5 mm/h:
  Horizon    MAE(mm/h)    RMSE(mm/h)   ETS        CSI       
  ------------------------------------------------------
  t+15      0.34         1.15         0.3155     0.3221    
  t+30      0.51         1.40         0.1877     0.1952    
  t+45      0.61         1.55         0.1270     0.1349    
  t+60      0.70         1.61         0.0911     0.0990     ← PRIMARY
  AVG        ---          ---          0.1803     0.1878      ← AVG

  Extreme Core @ 15 mm/h (secondary):
  Horizon    CSI        BaseRate    
  --------------------------------
  t+15      0.1719     0.001553    
  t+30      0.0687     0.001554    
  t+45      0.0377     0.001556    
  t+60      0.0215     0.001551    

  Creating visualizations (epoch 11)...
  Visualization saved: VALVIZ_CONVLSTM_CORRECT_CLIP6_COSINE_4W_ST_SMALL_DATA_S_256/epoch_011.png
  No improvement for 6 epoch(s) (best: 0.0618)

================================================================================
EPOCH 12/30
================================================================================
  Horizon weights: [1.0, 1.0, 1.0, 1.0]

  Results (Time: 4067.6s | LR: 3.618034e-05):
    Train Loss [log] : 0.035948
    Val   Loss [log] : 0.073936
    Avg ETS@5mm/h   : 0.1853
    Avg CSI@5mm/h   : 0.1925
    Loss Change       : +0.003594

  Operational Verification @ 5 mm/h:
  Horizon    MAE(mm/h)    RMSE(mm/h)   ETS        CSI       
  ------------------------------------------------------
  t+15      0.34         1.15         0.3190     0.3257    
  t+30      0.47         1.37         0.1959     0.2033    
  t+45      0.55         1.46         0.1301     0.1373    
  t+60      0.65         1.56         0.0962     0.1037     ← PRIMARY
  AVG        ---          ---          0.1853     0.1925      ← AVG

  Extreme Core @ 15 mm/h (secondary):
  Horizon    CSI        BaseRate    
  --------------------------------
  t+15      0.1735     0.001553    
  t+30      0.0656     0.001554    
  t+45      0.0290     0.001556    
  t+60      0.0181     0.001551    

  Creating visualizations (epoch 12)...
  Visualization saved: VALVIZ_CONVLSTM_CORRECT_CLIP6_COSINE_4W_ST_SMALL_DATA_S_256/epoch_012.png
  No improvement for 7 epoch(s) (best: 0.0618)

================================================================================
EPOCH 13/30
================================================================================
  Horizon weights: [1.0, 1.0, 1.0, 1.0]

  Results (Time: 4070.4s | LR: 3.415823e-05):
    Train Loss [log] : 0.035107
    Val   Loss [log] : 0.073828
    Avg ETS@5mm/h   : 0.1842
    Avg CSI@5mm/h   : 0.1914
    Loss Change       : -0.000108

  Operational Verification @ 5 mm/h:
  Horizon    MAE(mm/h)    RMSE(mm/h)   ETS        CSI       
  ------------------------------------------------------
  t+15      0.33         1.14         0.3228     0.3294    
  t+30      0.49         1.37         0.1954     0.2028    
  t+45      0.55         1.47         0.1275     0.1348    
  t+60      0.66         1.60         0.0910     0.0987     ← PRIMARY
  AVG        ---          ---          0.1842     0.1914      ← AVG

  Extreme Core @ 15 mm/h (secondary):
  Horizon    CSI        BaseRate    
  --------------------------------
  t+15      0.1767     0.001553    
  t+30      0.0671     0.001554    
  t+45      0.0306     0.001556    
  t+60      0.0212     0.001551    

  Creating visualizations (epoch 13)...
  Visualization saved: VALVIZ_CONVLSTM_CORRECT_CLIP6_COSINE_4W_ST_SMALL_DATA_S_256/epoch_013.png
  No improvement for 8 epoch(s) (best: 0.0618)

================================================================================
EPOCH 14/30
================================================================================
  Horizon weights: [1.0, 1.0, 1.0, 1.0]

  Results (Time: 4064.9s | LR: 3.209057e-05):
    Train Loss [log] : 0.034235
    Val   Loss [log] : 0.076820
    Avg ETS@5mm/h   : 0.1814
    Avg CSI@5mm/h   : 0.1884
    Loss Change       : +0.002992

  Operational Verification @ 5 mm/h:
  Horizon    MAE(mm/h)    RMSE(mm/h)   ETS        CSI       
  ------------------------------------------------------
  t+15      0.31         1.12         0.3257     0.3321    
  t+30      0.45         1.35         0.1924     0.1995    
  t+45      0.52         1.45         0.1202     0.1272    
  t+60      0.61         1.56         0.0873     0.0946     ← PRIMARY
  AVG        ---          ---          0.1814     0.1884      ← AVG

  Extreme Core @ 15 mm/h (secondary):
  Horizon    CSI        BaseRate    
  --------------------------------
  t+15      0.1727     0.001553    
  t+30      0.0626     0.001554    
  t+45      0.0269     0.001556    
  t+60      0.0188     0.001551    

  Creating visualizations (epoch 14)...
  Visualization saved: VALVIZ_CONVLSTM_CORRECT_CLIP6_COSINE_4W_ST_SMALL_DATA_S_256/epoch_014.png
  No improvement for 9 epoch(s) (best: 0.0618)

================================================================================
EPOCH 15/30
================================================================================
  Horizon weights: [1.0, 1.0, 1.0, 1.0]

  Results (Time: 4065.9s | LR: 3.000000e-05):
    Train Loss [log] : 0.033656
    Val   Loss [log] : 0.076507
    Avg ETS@5mm/h   : 0.1899
    Avg CSI@5mm/h   : 0.1970
    Loss Change       : -0.000313

  Operational Verification @ 5 mm/h:
  Horizon    MAE(mm/h)    RMSE(mm/h)   ETS        CSI       
  ------------------------------------------------------
  t+15      0.32         1.13         0.3274     0.3340    
  t+30      0.44         1.35         0.1990     0.2062    
  t+45      0.51         1.46         0.1345     0.1417    
  t+60      0.57         1.53         0.0987     0.1060     ← PRIMARY
  AVG        ---          ---          0.1899     0.1970      ← AVG

  Extreme Core @ 15 mm/h (secondary):
  Horizon    CSI        BaseRate    
  --------------------------------
  t+15      0.1656     0.001553    
  t+30      0.0653     0.001554    
  t+45      0.0312     0.001556    
  t+60      0.0207     0.001551    

  Creating visualizations (epoch 15)...
  Visualization saved: VALVIZ_CONVLSTM_CORRECT_CLIP6_COSINE_4W_ST_SMALL_DATA_S_256/epoch_015.png
  No improvement for 10 epoch(s) (best: 0.0618)

⚡ EARLY STOPPING

================================================================================
TRAINING COMPLETE — Best Val Loss: 0.0618
================================================================================


🎉 ALL DONE! 🎉

