
================================================================================
MULTI-HORIZON TRAINING — ConvLSTM Direct Multi-Step v3
================================================================================
  Device        : cuda
  Loss Function : hybrid_weighted_mse
  Data Unit     : mm/h  (NO *12 conversion)
  Clip Max      : 128.0 mm/h
  SoftLog eps   : 1.0  (FIX 36)
  LR Scheduler  : cosine_warm_restarts
  Horizons      : [15, 30, 45, 60]
  n_horizons    : 4

================================================================================
TWO-THRESHOLD STRATEGY  [DATA UNIT: mm/h]
================================================================================
  Operational : 5.0 mm/h
  Extreme     : 15.0 mm/h (Manual fallback)
================================================================================


================================================================================
CLIP CONFIGURATION VERIFICATION  [FIX 36: eps=1.0, normalized]
================================================================================
  clip_max          : 128.00 mm/h
  SoftLog eps       : 1.0  (was 0.001)
  LOG_NORM          : 2.1106  (= log10(128.0+1.0))
  Transform range   : [0.0, 1.0]
  ---
  0    mm/h → 0.0000  (was -3.000)
  1    mm/h → 0.1426  (was  0.000)
  5    mm/h → 0.3687
  10   mm/h → 0.4934  ← midpoint ✅  (was 1.000 = 47% of old range)
  20   mm/h → 0.6265
  40   mm/h → 0.7641
  128  mm/h → 1.0000  (was 2.107)
  Artifact threshold: 150.0 mm/h → nan
  NOTE: Data is mm/h — NO *12 conversion applied
================================================================================


📂 Loading datasets...

======================================================================
 SatelliteRadarDataset Initialized (MULTI-HORIZON)
======================================================================
Metadata: metadata/train_sampled_multihorizon.csv
Satellite Configuration:
  Ch7: mean=36.83, std=12.58 (no clipping)
  Ch9: mean=65.70, std=19.36 (no clipping)
Radar Configuration:
  Clip: [0, 128.00] mm/hr
  Transform: log10(x + 0.001)
Temporal Configuration:
  History: 45 min
  Cadence: 5 min
  Forecast horizons: [15, 30, 45, 60] min
  n_horizons: 4

Initial samples: 127,342

  → 9 timesteps
  → Satellite: 18 channels
  → Radar history: 9 channels
  → Total input: 27 channels
  → Target: [4, H, W] (one frame per horizon)
======================================================================


======================================================================
 SatelliteRadarDataset Initialized (MULTI-HORIZON)
======================================================================
Metadata: metadata/val_sampled_multihorizon.csv
Satellite Configuration:
  Ch7: mean=36.83, std=12.58 (no clipping)
  Ch9: mean=65.70, std=19.36 (no clipping)
Radar Configuration:
  Clip: [0, 128.00] mm/hr
  Transform: log10(x + 0.001)
Temporal Configuration:
  History: 45 min
  Cadence: 5 min
  Forecast horizons: [15, 30, 45, 60] min
  n_horizons: 4

Initial samples: 16,940

  → 9 timesteps
  → Satellite: 18 channels
  → Radar history: 9 channels
  → Total input: 27 channels
  → Target: [4, H, W] (one frame per horizon)
======================================================================


✅ Train: 127,342 | Val: 16,940

🏗️  Building Multi-Horizon ConvLSTM Model...
   history_minutes     : 45
   cadence_minutes     : 5
   n_timesteps         : 9
   channels_per_step   : 3
   total input channels: 27  (expected 27)
   output channels     : 4  (one per horizon)
   Parameters          : 9,032,564

================================================================================
MULTI-HORIZON TRAINING — DIRECT MULTI-STEP SUPERVISED LEARNING v3
================================================================================
  Data Unit       : mm/h (NO *12 conversion)
  Clip Max        : 128.0 mm/h
  Artifact Thr    : 150.0 mm/h → nan
  SoftLog eps     : 1.0  (FIX 36: was 0.001)
  SoftLog range   : [0.0, 1.0]  (FIX 36: was [-3, 2.1])
  10 mm/h in log  : 0.493  (FIX 36: midpoint ✅)
  Loss Type       : HYBRID_WEIGHTED_MSE  [log-space loss, mm/h weights]
  Weights         : 5.0mm/h→5.0x  10.0mm/h→20.0x  15.0mm/h→50.0x  (FIX 38)
  Horizons        : [15, 30, 45, 60] min
  Horizon weights : [1.0, 1.0, 1.0, 1.0]  (FIXED)
  Learning Rate   : 1.00e-04
  Batch Size      : 16
  Grad Accum      : 4x (effective: 64)
  LR Scheduler    : cosine_warm_restarts
  Save Best By    : Val Loss (lower = better)
  ETS Report      : 1
  Viz MinRain     : 10.0 mm/h
  Verification    : ETS+CSI@5 mm/h | CSI@15 mm/h (extreme, secondary)
  Mixed Precision : True
================================================================================

✅ Using HybridWeightedMSE [FIX 37+38: correct inverse + higher weights]

✅ AdamW | LR=1.00e-04
  LR Scheduler    : CosineAnnealingWarmRestarts | T_0=3 | eta_min=5.0e-05

✅ Mixed Precision Training ENABLED

Starting from scratch.


================================================================================
EPOCH 1/30
================================================================================
  Horizon weights: [1.0, 1.0, 1.0, 1.0]

  Results (Time: 6788.3s | LR: 8.750000e-05):
    Train Loss [log] : 0.031331
    Val   Loss [log] : 0.031160
    Avg ETS@5mm/h   : 0.0169
    Avg CSI@5mm/h   : 0.0288

  Operational Verification @ 5 mm/h:
  Horizon    MAE(mm/h)    RMSE(mm/h)   ETS        CSI       
  ------------------------------------------------------
  t+15      2.74         3.47         0.0303     0.0419    
  t+30      3.91         4.80         0.0167     0.0286    
  t+45      4.32         5.16         0.0120     0.0240    
  t+60      4.93         5.82         0.0087     0.0208     ← PRIMARY
  AVG        ---          ---          0.0169     0.0288      ← AVG

  Extreme Core @ 15 mm/h (secondary):
  Horizon    CSI        BaseRate    
  --------------------------------
  t+15      0.0808     0.000796    
  t+30      0.0124     0.000798    
  t+45      0.0083     0.000798    
  t+60      0.0052     0.000797    

  Creating visualizations (epoch 1)...
  Visualization saved: VALVIZ_CONVLSTM_CORRECT_CLIP7/epoch_001.png

  ★★★ NEW BEST MODEL! Val Loss=0.0312 | ETS=0.0169 | CSI=0.0288 ★★★

================================================================================
EPOCH 2/30
================================================================================
  Horizon weights: [1.0, 1.0, 1.0, 1.0]

  Results (Time: 6456.5s | LR: 6.250000e-05):
    Train Loss [log] : 0.025679
    Val   Loss [log] : 0.029771
    Avg ETS@5mm/h   : 0.0367
    Avg CSI@5mm/h   : 0.0482
    Loss Change       : -0.001389

  Operational Verification @ 5 mm/h:
  Horizon    MAE(mm/h)    RMSE(mm/h)   ETS        CSI       
  ------------------------------------------------------
  t+15      1.71         2.35         0.0660     0.0769    
  t+30      2.45         3.15         0.0365     0.0479    
  t+45      2.91         3.61         0.0255     0.0372    
  t+60      3.28         3.95         0.0189     0.0307     ← PRIMARY
  AVG        ---          ---          0.0367     0.0482      ← AVG

  Extreme Core @ 15 mm/h (secondary):
  Horizon    CSI        BaseRate    
  --------------------------------
  t+15      0.1088     0.000796    
  t+30      0.0321     0.000798    
  t+45      0.0155     0.000798    
  t+60      0.0111     0.000797    

  Creating visualizations (epoch 2)...
  Visualization saved: VALVIZ_CONVLSTM_CORRECT_CLIP7/epoch_002.png

  ★★★ NEW BEST MODEL! Val Loss=0.0298 | ETS=0.0367 | CSI=0.0482 ★★★

================================================================================
EPOCH 3/30
================================================================================
  Horizon weights: [1.0, 1.0, 1.0, 1.0]

  Results (Time: 6620.0s | LR: 1.000000e-04):
    Train Loss [log] : 0.023884
    Val   Loss [log] : 0.029711
    Avg ETS@5mm/h   : 0.0200
    Avg CSI@5mm/h   : 0.0318
    Loss Change       : -0.000060

  Operational Verification @ 5 mm/h:
  Horizon    MAE(mm/h)    RMSE(mm/h)   ETS        CSI       
  ------------------------------------------------------
  t+15      2.54         3.48         0.0360     0.0475    
  t+30      3.63         4.80         0.0197     0.0315    
  t+45      4.02         5.15         0.0140     0.0259    
  t+60      4.62         5.79         0.0103     0.0224     ← PRIMARY
  AVG        ---          ---          0.0200     0.0318      ← AVG

  Extreme Core @ 15 mm/h (secondary):
  Horizon    CSI        BaseRate    
  --------------------------------
  t+15      0.0436     0.000796    
  t+30      0.0083     0.000798    
  t+45      0.0055     0.000798    
  t+60      0.0040     0.000797    

  Creating visualizations (epoch 3)...
  Visualization saved: VALVIZ_CONVLSTM_CORRECT_CLIP7/epoch_003.png
  No improvement for 1 epoch(s) (best val loss: 0.0298)

================================================================================
EPOCH 4/30
================================================================================
  Horizon weights: [1.0, 1.0, 1.0, 1.0]

  Results (Time: 6845.2s | LR: 8.750000e-05):
    Train Loss [log] : 0.022573
    Val   Loss [log] : 0.030419
    Avg ETS@5mm/h   : 0.0387
    Avg CSI@5mm/h   : 0.0502
    Loss Change       : +0.000707

  Operational Verification @ 5 mm/h:
  Horizon    MAE(mm/h)    RMSE(mm/h)   ETS        CSI       
  ------------------------------------------------------
  t+15      1.77         2.52         0.0675     0.0784    
  t+30      2.52         3.45         0.0380     0.0494    
  t+45      2.88         3.81         0.0282     0.0399    
  t+60      3.22         4.15         0.0212     0.0330     ← PRIMARY
  AVG        ---          ---          0.0387     0.0502      ← AVG

  Extreme Core @ 15 mm/h (secondary):
  Horizon    CSI        BaseRate    
  --------------------------------
  t+15      0.0703     0.000796    
  t+30      0.0189     0.000798    
  t+45      0.0130     0.000798    
  t+60      0.0095     0.000797    

  Creating visualizations (epoch 4)...
  Visualization saved: VALVIZ_CONVLSTM_CORRECT_CLIP7/epoch_004.png
  No improvement for 2 epoch(s) (best val loss: 0.0298)

================================================================================
EPOCH 5/30
================================================================================
  Horizon weights: [1.0, 1.0, 1.0, 1.0]

  Results (Time: 6391.7s | LR: 6.250000e-05):
    Train Loss [log] : 0.020861
    Val   Loss [log] : 0.031820
    Avg ETS@5mm/h   : 0.0421
    Avg CSI@5mm/h   : 0.0534
    Loss Change       : +0.001402

  Operational Verification @ 5 mm/h:
  Horizon    MAE(mm/h)    RMSE(mm/h)   ETS        CSI       
  ------------------------------------------------------
  t+15      1.64         2.51         0.0721     0.0829    
  t+30      2.20         3.21         0.0423     0.0535    
  t+45      2.52         3.52         0.0306     0.0421    
  t+60      2.88         3.88         0.0235     0.0352     ← PRIMARY
  AVG        ---          ---          0.0421     0.0534      ← AVG

  Extreme Core @ 15 mm/h (secondary):
  Horizon    CSI        BaseRate    
  --------------------------------
  t+15      0.0483     0.000796    
  t+30      0.0158     0.000798    
  t+45      0.0107     0.000798    
  t+60      0.0084     0.000797    

  Creating visualizations (epoch 5)...
  Visualization saved: VALVIZ_CONVLSTM_CORRECT_CLIP7/epoch_005.png
  No improvement for 3 epoch(s) (best val loss: 0.0298)

================================================================================
EPOCH 6/30
================================================================================
  Horizon weights: [1.0, 1.0, 1.0, 1.0]
