
================================================================================
MULTI-HORIZON TRAINING — ConvLSTM Direct Multi-Step v3
================================================================================
  Device        : cuda
  Loss Function : masked_mse
  Data Unit     : mm/h  (NO *12 conversion)
  Clip Max      : 128.0 mm/h
  SoftLog eps   : 1.0  (FIX 36)
  LR Scheduler  : cosine_warm_restarts
  Horizons      : [15, 30, 45, 60]
  n_horizons    : 4

================================================================================
TWO-THRESHOLD STRATEGY  [DATA UNIT: mm/h]
================================================================================
  Operational : 5.0 mm/h
  Extreme     : 15.0 mm/h (Manual fallback)
================================================================================


================================================================================
CLIP CONFIGURATION VERIFICATION  [FIX 36: eps=1.0, normalized]
================================================================================
  clip_max          : 128.00 mm/h
  SoftLog eps       : 1.0  (was 0.001)
  LOG_NORM          : 2.1106  (= log10(128.0+1.0))
  Transform range   : [0.0, 1.0]
  ---
  0    mm/h → 0.0000  (was -3.000)
  1    mm/h → 0.1426  (was  0.000)
  5    mm/h → 0.3687
  10   mm/h → 0.4934  ← midpoint ✅  (was 1.000 = 47% of old range)
  20   mm/h → 0.6265
  40   mm/h → 0.7641
  128  mm/h → 1.0000  (was 2.107)
  Artifact threshold: 150.0 mm/h → nan
  NOTE: Data is mm/h — NO *12 conversion applied
================================================================================


📂 Loading datasets...

======================================================================
 SatelliteRadarDataset Initialized (MULTI-HORIZON)
======================================================================
Metadata: metadata/train_sampled_multihorizon.csv
Satellite Configuration:
  Ch7: mean=36.83, std=12.58 (no clipping)
  Ch9: mean=65.70, std=19.36 (no clipping)
Radar Configuration:
  Clip: [0, 128.00] mm/hr
  Transform: log10(x + 0.001)
Temporal Configuration:
  History: 45 min
  Cadence: 5 min
  Forecast horizons: [15, 30, 45, 60] min
  n_horizons: 4

Initial samples: 127,342

  → 9 timesteps
  → Satellite: 18 channels
  → Radar history: 9 channels
  → Total input: 27 channels
  → Target: [4, H, W] (one frame per horizon)
======================================================================


======================================================================
 SatelliteRadarDataset Initialized (MULTI-HORIZON)
======================================================================
Metadata: metadata/val_sampled_multihorizon.csv
Satellite Configuration:
  Ch7: mean=36.83, std=12.58 (no clipping)
  Ch9: mean=65.70, std=19.36 (no clipping)
Radar Configuration:
  Clip: [0, 128.00] mm/hr
  Transform: log10(x + 0.001)
Temporal Configuration:
  History: 45 min
  Cadence: 5 min
  Forecast horizons: [15, 30, 45, 60] min
  n_horizons: 4

Initial samples: 16,940

  → 9 timesteps
  → Satellite: 18 channels
  → Radar history: 9 channels
  → Total input: 27 channels
  → Target: [4, H, W] (one frame per horizon)
======================================================================


✅ Train: 127,342 | Val: 16,940

🏗️  Building Multi-Horizon ConvLSTM Model...
   history_minutes     : 45
   cadence_minutes     : 5
   n_timesteps         : 9
   channels_per_step   : 3
   total input channels: 27  (expected 27)
   output channels     : 4  (one per horizon)
   Parameters          : 9,032,564

================================================================================
MULTI-HORIZON TRAINING — DIRECT MULTI-STEP SUPERVISED LEARNING v3
================================================================================
  Data Unit       : mm/h (NO *12 conversion)
  Clip Max        : 128.0 mm/h
  Artifact Thr    : 150.0 mm/h → nan
  SoftLog eps     : 1.0  (FIX 36: was 0.001)
  SoftLog range   : [0.0, 1.0]  (FIX 36: was [-3, 2.1])
  10 mm/h in log  : 0.493  (FIX 36: midpoint ✅)
  Loss Type       : MASKED_MSE  [log-space loss, mm/h weights]
  Weights         : 5.0mm/h→5.0x  10.0mm/h→20.0x  20.0mm/h→50.0x  (FIX 38)
  Horizons        : [15, 30, 45, 60] min
  Horizon weights : [0.4, 0.8, 1.0, 2.0]  (FIXED)
  Learning Rate   : 1.00e-04
  Batch Size      : 16
  Grad Accum      : 4x (effective: 64)
  LR Scheduler    : cosine_warm_restarts
  Save Best By    : Val Loss (lower = better)
  ETS Report      : 1
  Viz MinRain     : 15.0 mm/h
  Verification    : ETS+CSI@5 mm/h | CSI@15 mm/h (extreme, secondary)
  Mixed Precision : True
================================================================================

✅ Using MaskedMSE [log-space loss]

✅ AdamW | LR=1.00e-04
  LR Scheduler    : CosineAnnealingWarmRestarts | T_0=3 | eta_min=5.0e-05

✅ Mixed Precision Training ENABLED

Starting from scratch.


================================================================================
EPOCH 1/30
================================================================================
  Horizon weights: [0.4, 0.8, 1.0, 2.0]
