  Train E01:   0%|          | 0/1063 [00:00<?, ?batch/s]  Train E01:   0%|          | 0/1063 [00:06<?, ?batch/s]
Traceback (most recent call last):
  File "/home/fe/sajib/projects/weather-learning/correct_code_clip6_cosine_annealing_4W_ST_season_256_256.py", line 1367, in <module>
    train(model, train_loader, val_loader, cfg, transform,
  File "/home/fe/sajib/projects/weather-learning/correct_code_clip6_cosine_annealing_4W_ST_season_256_256.py", line 1165, in train
    train_metrics = train_epoch(
  File "/home/fe/sajib/projects/weather-learning/correct_code_clip6_cosine_annealing_4W_ST_season_256_256.py", line 890, in train_epoch
    pred = model(inputs)
  File "/home/fe/sajib/miniconda3/envs/weather/lib/python3.10/site-packages/torch/nn/modules/module.py", line 1751, in _wrapped_call_impl
    return self._call_impl(*args, **kwargs)
  File "/home/fe/sajib/miniconda3/envs/weather/lib/python3.10/site-packages/torch/nn/modules/module.py", line 1762, in _call_impl
    return forward_call(*args, **kwargs)
  File "/home/fe/sajib/projects/weather-learning/correct_code_clip6_cosine_annealing_4W_ST_season_256_256.py", line 257, in forward
    out = self.model(x)
  File "/home/fe/sajib/miniconda3/envs/weather/lib/python3.10/site-packages/torch/nn/modules/module.py", line 1751, in _wrapped_call_impl
    return self._call_impl(*args, **kwargs)
  File "/home/fe/sajib/miniconda3/envs/weather/lib/python3.10/site-packages/torch/nn/modules/module.py", line 1762, in _call_impl
    return forward_call(*args, **kwargs)
  File "/home/fe/sajib/projects/weather-learning/src/models/convlstm/model.py", line 33, in forward
    state = self.encoder(input)
  File "/home/fe/sajib/miniconda3/envs/weather/lib/python3.10/site-packages/torch/nn/modules/module.py", line 1751, in _wrapped_call_impl
    return self._call_impl(*args, **kwargs)
  File "/home/fe/sajib/miniconda3/envs/weather/lib/python3.10/site-packages/torch/nn/modules/module.py", line 1762, in _call_impl
    return forward_call(*args, **kwargs)
  File "/home/fe/sajib/projects/weather-learning/src/models/convlstm/encoder.py", line 43, in forward
    inputs, state_stage = self.forward_by_stage(
  File "/home/fe/sajib/projects/weather-learning/src/models/convlstm/encoder.py", line 35, in forward_by_stage
    outputs_stage, state_stage = rnn(inputs, None)
  File "/home/fe/sajib/miniconda3/envs/weather/lib/python3.10/site-packages/torch/nn/modules/module.py", line 1751, in _wrapped_call_impl
    return self._call_impl(*args, **kwargs)
  File "/home/fe/sajib/miniconda3/envs/weather/lib/python3.10/site-packages/torch/nn/modules/module.py", line 1762, in _call_impl
    return forward_call(*args, **kwargs)
  File "/home/fe/sajib/projects/weather-learning/src/models/convlstm/ConvRNN.py", line 298, in forward
    gates = self.conv(combined)
  File "/home/fe/sajib/miniconda3/envs/weather/lib/python3.10/site-packages/torch/nn/modules/module.py", line 1751, in _wrapped_call_impl
    return self._call_impl(*args, **kwargs)
  File "/home/fe/sajib/miniconda3/envs/weather/lib/python3.10/site-packages/torch/nn/modules/module.py", line 1762, in _call_impl
    return forward_call(*args, **kwargs)
  File "/home/fe/sajib/miniconda3/envs/weather/lib/python3.10/site-packages/torch/nn/modules/container.py", line 240, in forward
    input = module(input)
  File "/home/fe/sajib/miniconda3/envs/weather/lib/python3.10/site-packages/torch/nn/modules/module.py", line 1751, in _wrapped_call_impl
    return self._call_impl(*args, **kwargs)
  File "/home/fe/sajib/miniconda3/envs/weather/lib/python3.10/site-packages/torch/nn/modules/module.py", line 1762, in _call_impl
    return forward_call(*args, **kwargs)
  File "/home/fe/sajib/miniconda3/envs/weather/lib/python3.10/site-packages/torch/nn/modules/normalization.py", line 313, in forward
    return F.group_norm(input, self.num_groups, self.weight, self.bias, self.eps)
  File "/home/fe/sajib/miniconda3/envs/weather/lib/python3.10/site-packages/torch/nn/functional.py", line 2965, in group_norm
    return torch.group_norm(
torch.OutOfMemoryError: CUDA out of memory. Tried to allocate 384.00 MiB. GPU 0 has a total capacity of 31.73 GiB of which 74.25 MiB is free. Including non-PyTorch memory, this process has 31.65 GiB memory in use. Of the allocated memory 30.93 GiB is allocated by PyTorch, and 367.55 MiB is reserved by PyTorch but unallocated. If reserved but unallocated memory is large try setting PYTORCH_CUDA_ALLOC_CONF=expandable_segments:True to avoid fragmentation.  See documentation for Memory Management  (https://pytorch.org/docs/stable/notes/cuda.html#environment-variables)
