
================================================================================
MULTI-HORIZON TRAINING — ConvLSTM Direct Multi-Step v2
================================================================================
Device        : cuda
Loss Function : hybrid_weighted_mse
Horizons   : [15, 30, 45, 60]
n_horizons : 4

================================================================================
TWO-THRESHOLD STRATEGY
================================================================================
Operational: 15.0 mm/h | Extreme: 80.0 mm/h (Manual fallback)
================================================================================


================================================================================
CLIP CONFIGURATION VERIFICATION
================================================================================
  clip_max          : 33.3300 mm/5min = 399.96 mm/h
  log space max     : 1.5228
  15 mm/h in log    : 0.0973  (6.4% of range)
  80 mm/h in log    : 0.8240  (54.1% of range)
  Wasted log range  : 0.0000
  clip_max is CORRECT ✅ — no wasted log range
================================================================================


📂 Loading datasets...

======================================================================
 SatelliteRadarDataset Initialized (MULTI-HORIZON)
======================================================================
Metadata: metadata/train_sampled_multihorizon.csv
Satellite Configuration:
  Ch7: mean=35.92, std=13.95 (no clipping)
  Ch9: mean=63.75, std=21.39 (no clipping)
Radar Configuration:
  Clip: [0, 33.33] mm/hr
  Transform: log10(x + 0.001)
Temporal Configuration:
  History: 45 min
  Cadence: 5 min
  Forecast horizons: [15, 30, 45, 60] min
  n_horizons: 4

Initial samples: 234,703

  → 9 timesteps
  → Satellite: 18 channels
  → Radar history: 9 channels
  → Total input: 27 channels
  → Target: [4, H, W] (one frame per horizon)
======================================================================


======================================================================
 SatelliteRadarDataset Initialized (MULTI-HORIZON)
======================================================================
Metadata: metadata/val_sampled_multihorizon.csv
Satellite Configuration:
  Ch7: mean=35.92, std=13.95 (no clipping)
  Ch9: mean=63.75, std=21.39 (no clipping)
Radar Configuration:
  Clip: [0, 33.33] mm/hr
  Transform: log10(x + 0.001)
Temporal Configuration:
  History: 45 min
  Cadence: 5 min
  Forecast horizons: [15, 30, 45, 60] min
  n_horizons: 4

Initial samples: 31,038

  → 9 timesteps
  → Satellite: 18 channels
  → Radar history: 9 channels
  → Total input: 27 channels
  → Target: [4, H, W] (one frame per horizon)
======================================================================


✅ Train: 234,703 | Val: 31,038

🏗️  Building ConvLSTM Model...
   n_timesteps         : 9
   channels_per_step   : 3
   total input channels: 27  (expected 27)
   output channels     : 4
   Parameters : 9,032,564

================================================================================
MULTI-HORIZON TRAINING — DIRECT MULTI-STEP SUPERVISED LEARNING v2
================================================================================
Model           : ConvLSTM Encoder-Decoder
Loss Type       : HYBRID_WEIGHTED_MSE
Horizons        : [15, 30, 45, 60] min
Horizon weights : [0.4, 0.8, 1.0, 2.0]
Learning Rate   : 1.00e-04
Batch Size      : 16
Grad Accum      : 4x (effective: 64)
Mixed Precision : True
================================================================================

✅ Using HybridWeightedMSE
   Thresholds : 15.0/50.0/80.0 mm/h
   Weights    : 3.0/8.0/15.0
   Boundary   : >= (FIX 22) ✅

✅ AdamW | LR=1.00e-04
✅ ReduceLROnPlateau (monitoring Mean ETS)

✅ Mixed Precision ENABLED


================================================================================
RESUMING FROM: Checkpoints_MultiHorizon_v2_ALL_45_60_256_256_33_33/last.pth
Resumed from epoch 1 | Best ETS so far: 0.4208
Continuing from epoch 2
================================================================================


================================================================================
EPOCH 2/30
================================================================================
  Horizon weights: [0.4, 0.8, 1.0, 2.0]

  Creating visualizations (epoch 2)...
  Visualization saved: ValViz_MultiHorizon_v2_ALL_45_60_256_256_33_33/epoch_002.png

  Results (Time: 11593.3s | LR: 1.000000e-04):
    Train Loss    : 0.488845
    Val   Loss    : 0.631779
    Mean ETS@15  : 0.4223  ← CHECKPOINT METRIC

  Operational Verification @ 15 mm/h:
  Horizon    MAE        RMSE       ETS        CSI       
  --------------------------------------------------
  t+15      0.2003     0.4583     0.5261     0.5438    
  t+30      0.2513     0.5443     0.4443     0.4637    
  t+45      0.2961     0.6065     0.3831     0.4027    
  t+60      0.3300     0.6478     0.3357     0.3551     ← PRIMARY

  Extreme Core @ 80 mm/h (secondary):
  Horizon    CSI        BaseRate    
  --------------------------------
  t+15      0.2385     0.004229    
  t+30      0.1451     0.004243    
  t+45      0.0937     0.004253    
  t+60      0.0518     0.004264    

    ETS Change: +0.0015 from last epoch

  ★★★ NEW BEST MODEL! Mean ETS@15 = 0.4223 (+0.0015) ★★★

================================================================================
EPOCH 3/30
================================================================================
  Horizon weights: [0.4, 0.8, 1.0, 2.0]

  Creating visualizations (epoch 3)...
  Visualization saved: ValViz_MultiHorizon_v2_ALL_45_60_256_256_33_33/epoch_003.png

  Results (Time: 12038.0s | LR: 1.000000e-04):
    Train Loss    : 0.455039
    Val   Loss    : 0.653009
    Mean ETS@15  : 0.4227  ← CHECKPOINT METRIC

  Operational Verification @ 15 mm/h:
  Horizon    MAE        RMSE       ETS        CSI       
  --------------------------------------------------
  t+15      0.2045     0.4539     0.5306     0.5483    
  t+30      0.2578     0.5467     0.4440     0.4637    
  t+45      0.3032     0.6144     0.3805     0.4007    
  t+60      0.3388     0.6644     0.3358     0.3567     ← PRIMARY

  Extreme Core @ 80 mm/h (secondary):
  Horizon    CSI        BaseRate    
  --------------------------------
  t+15      0.2409     0.004229    
  t+30      0.1509     0.004243    
  t+45      0.0975     0.004253    
  t+60      0.0769     0.004264    

    ETS Change: +0.0004 from last epoch

  ★★★ NEW BEST MODEL! Mean ETS@15 = 0.4227 (+0.0004) ★★★

================================================================================
EPOCH 4/30
================================================================================
  Horizon weights: [0.4, 0.8, 1.0, 2.0]

  Creating visualizations (epoch 4)...
  Visualization saved: ValViz_MultiHorizon_v2_ALL_45_60_256_256_33_33/epoch_004.png

  Results (Time: 16432.8s | LR: 1.000000e-04):
    Train Loss    : 0.428631
    Val   Loss    : 0.668296
    Mean ETS@15  : 0.4221  ← CHECKPOINT METRIC

  Operational Verification @ 15 mm/h:
  Horizon    MAE        RMSE       ETS        CSI       
  --------------------------------------------------
  t+15      0.2007     0.4548     0.5335     0.5514    
  t+30      0.2587     0.5537     0.4441     0.4643    
  t+45      0.3040     0.6246     0.3798     0.4007    
  t+60      0.3469     0.6773     0.3311     0.3524     ← PRIMARY

  Extreme Core @ 80 mm/h (secondary):
  Horizon    CSI        BaseRate    
  --------------------------------
  t+15      0.2469     0.004229    
  t+30      0.1743     0.004243    
  t+45      0.1195     0.004253    
  t+60      0.0869     0.004264    

    ETS Change: -0.0006 from last epoch
  No improvement for 1 epoch(s) (best: 0.4227)

================================================================================
EPOCH 5/30
================================================================================
  Horizon weights: [0.4, 0.8, 1.0, 2.0]

  Creating visualizations (epoch 5)...
  Visualization saved: ValViz_MultiHorizon_v2_ALL_45_60_256_256_33_33/epoch_005.png

  Results (Time: 14741.3s | LR: 1.000000e-04):
    Train Loss    : 0.408122
    Val   Loss    : 0.686958
    Mean ETS@15  : 0.4187  ← CHECKPOINT METRIC

  Operational Verification @ 15 mm/h:
  Horizon    MAE        RMSE       ETS        CSI       
  --------------------------------------------------
  t+15      0.1899     0.4444     0.5350     0.5522    
  t+30      0.2454     0.5410     0.4419     0.4612    
  t+45      0.2908     0.6106     0.3737     0.3936    
  t+60      0.3259     0.6621     0.3243     0.3445     ← PRIMARY

  Extreme Core @ 80 mm/h (secondary):
  Horizon    CSI        BaseRate    
  --------------------------------
  t+15      0.2443     0.004229    
  t+30      0.1581     0.004243    
  t+45      0.0993     0.004253    
  t+60      0.0694     0.004264    

    ETS Change: -0.0034 from last epoch
  No improvement for 2 epoch(s) (best: 0.4227)

================================================================================
EPOCH 6/30
================================================================================
  Horizon weights: [0.4, 0.8, 1.0, 2.0]
