
================================================================================
PIXEL-AWARE 3-BUCKET FRAME SAMPLING v2
Fixes: frac1 gate | relaxed p99 prefilter | min_valid_frac=0.3
================================================================================
  Splits        : ['train', 'val']
  Thresholds    : frac1>=1.0  frac10>=10.0  frac20>=20.0
  Buckets       : TOP 20%→0.95  MID 45%→0.35  BOT rest→0.01
  Gate          : min_frac1=0.0005  min_valid_frac=0.3
  p99 prefilter : 0.0
  Target zero % : <= 40.0%
================================================================================

================================================================================
PIXEL-AWARE 3-BUCKET PRESAMPLE v2 — TRAIN
================================================================================
  Input          : metadata/train_multihorizon.csv
  Output         : metadata/train_sampled_multihorizon.csv
  Thresholds     : frac1>=1.0  frac10>=10.0  frac20>=20.0 mm/h
  Buckets        : TOP 20%→0.95  MID 45%→0.35  BOT rest→0.01
  Gate (FIX2+3)  : min_frac1=0.0005  min_valid_frac=0.3 (was 0.1, now 0.3)
  Dry pre-filter : p99(x) >= 0.0
  Score weights  : p99=0.25 frac10=0.45 frac20=0.2 valid=0.1
  n_jobs         : 71  batch_size=500
================================================================================

Loaded 683,444 rows
Filtered to split='train': 683,444 rows
Soft p99 pre-filter (>=0.0): skipped 0 frames, 683,444 remaining

Radar columns: ['radar_path_15', 'radar_path_30', 'radar_path_45', 'radar_path_60']

Computing pixel features (683,444 frames, 1367 batches, 71 workers)...
Successfully loaded: 683,444 / 683,444 frames

Gate filter results:
  Load failures              : 0
  Bad mask (valid_frac<0.3) : 0
  No rain  (frac1<0.0005)    : 152,819
  Total removed              : 152,819
  Frames passing gate        : 530,625

SAMPLING STATISTICS (3-Bucket):
--------------------------------------------------------------------------------
  Score thresholds : TOP >= 0.0739  |  MID >= 0.0622

  Bucket                      Original   Prob       Kept     Rate
  ---------------------------------------------------------------
  TOP   (heavy conv)           106,125   0.95    100,835    95.0%
  MID   (light rain)           238,781   0.35     83,977    35.2%
  BOT   (clear/dry)            185,719   0.01      1,789     1.0%
  GATED (bad/no-rain)          152,819      —          0     0.0%
  ---------------------------------------------------------------
  TOTAL                        683,444      —    186,601    27.3%

  Bucket mix in kept : TOP=54.0%  MID=45.0%  BOT=1.0%

  Est. zero pixel % in kept dataset : 80.2%  (target: <= 40%)
  WARNING: zero pixel % still above target 40%.
  Consider: lower prob_bot further, or raise top_ratio/mid_ratio.

  Kept frame pixel-level stats:
  Metric              mean      p50      p90      p99
  -----------------------------------------------
  frac1             0.0979   0.0812   0.1951   0.3440
  frac10            0.0061   0.0036   0.0158   0.0335
  frac20            0.0016   0.0004   0.0051   0.0136
  p99_mmh           7.5558   7.0781  12.9609  25.0781
  zero_frac         0.8015   0.8260   0.9457   0.9820

  Saved → metadata/train_sampled_multihorizon.csv  (186,601 rows)

================================================================================
PIXEL-AWARE 3-BUCKET PRESAMPLE v2 — VAL
================================================================================
  Input          : metadata/val_multihorizon.csv
  Output         : metadata/val_sampled_multihorizon.csv
  Thresholds     : frac1>=1.0  frac10>=10.0  frac20>=20.0 mm/h
  Buckets        : TOP 20%→0.95  MID 45%→0.35  BOT rest→0.01
  Gate (FIX2+3)  : min_frac1=0.0005  min_valid_frac=0.3 (was 0.1, now 0.3)
  Dry pre-filter : p99(x) >= 0.0
  Score weights  : p99=0.25 frac10=0.45 frac20=0.2 valid=0.1
  n_jobs         : 71  batch_size=500
================================================================================

Loaded 90,449 rows
Filtered to split='val': 90,449 rows
Soft p99 pre-filter (>=0.0): skipped 0 frames, 90,449 remaining

Radar columns: ['radar_path_15', 'radar_path_30', 'radar_path_45', 'radar_path_60']

Computing pixel features (90,449 frames, 181 batches, 71 workers)...
Successfully loaded: 90,449 / 90,449 frames

Gate filter results:
  Load failures              : 0
  Bad mask (valid_frac<0.3) : 0
  No rain  (frac1<0.0005)    : 18,149
  Total removed              : 18,149
  Frames passing gate        : 72,300

SAMPLING STATISTICS (3-Bucket):
--------------------------------------------------------------------------------
  Score thresholds : TOP >= 0.0733  |  MID >= 0.0617

  Bucket                      Original   Prob       Kept     Rate
  ---------------------------------------------------------------
  TOP   (heavy conv)            14,460   0.95     13,699    94.7%
  MID   (light rain)            32,535   0.35     11,454    35.2%
  BOT   (clear/dry)             25,305   0.01        261     1.0%
  GATED (bad/no-rain)           18,149      —          0     0.0%
  ---------------------------------------------------------------
  TOTAL                         90,449      —     25,414    28.1%

  Bucket mix in kept : TOP=53.9%  MID=45.1%  BOT=1.0%

  Est. zero pixel % in kept dataset : 75.0%  (target: <= 40%)
  WARNING: zero pixel % still above target 40%.
  Consider: lower prob_bot further, or raise top_ratio/mid_ratio.

  Kept frame pixel-level stats:
  Metric              mean      p50      p90      p99
  -----------------------------------------------
  frac1             0.1214   0.1018   0.2327   0.3703
  frac10            0.0066   0.0042   0.0165   0.0365
  frac20            0.0016   0.0004   0.0046   0.0145
  p99_mmh           8.0010   7.5586  12.8438  25.6875
  zero_frac         0.7501   0.7706   0.9153   0.9681

  Saved → metadata/val_sampled_multihorizon.csv  (25,414 rows)

Skipping: test

================================================================================
FINAL SUMMARY
================================================================================
  train: 186,601 frames sampled
  val  : 25,414 frames sampled
================================================================================

