
============================================================
 SAMPLING SANITY CHECK
============================================================

############################################################
# SPLIT: TRAIN
############################################################

============================================================
 p99(x_seq) DISTRIBUTION — TRAIN
============================================================
                         Original      Sampled
--------------------------------------------
Count                   2,279,063      760,357
Zero ratio                  0.708        0.213
Mean                       1.0314       2.7852
Median                     0.0000       1.1992
p75                        0.3599       3.7207
p90                        3.3594       7.4414
p99                       13.4375      22.4991
Max                       79.3242      79.3242
--------------------------------------------

Intensity bucket            Orig %  Sampled %   Change
-------------------------------------------------------
Zero (=0)                    70.8%      21.3% ↓  49.5%
Trace (0-0.5)                 5.8%      15.6% ↑   9.8%
Light (0.5-2)                 8.9%      23.9% ↑  15.0%
Moderate (2-10)              12.7%      34.2% ↑  21.5%
Heavy (10-30)                 1.7%       4.6% ↑   2.9%
Extreme (>30)                 0.2%       0.5% ~   0.3%

============================================================
 ACTUAL PIXEL CHECK — TRAIN (n=500)
============================================================
  Horizon columns: ['t+15', 't+30', 't+45', 't+60']
  Loaded:         500 patches (0 errors)
  Strategy:       best horizon (max rain) across all horizons

  Zero pixel ratio (per patch):
    Mean:         0.840  (84.0% zero pixels)
    Median:       0.924
    p25:          0.785
    p75:          0.988

  Patch type breakdown:
    All zero    (100% dry):     18.2%
    Mostly dry  (90-100% zero): 38.8%
    Mixed       (30-90% zero):  39.2%
    Rainy       (<30% zero):    3.8%

  Rain intensity (where rain > 0):
    Mean rain:    1.51 mm/h
    p50 rain:     0.97 mm/h
    p90 rain:     3.04 mm/h

============================================================
 TEMPORAL DISTRIBUTION — TRAIN
============================================================

  Monthly distribution:
    Jan:   67,997  ███████████████
    Feb:   55,501  ████████████
    Mar:  124,330  ███████████████████████████
    Apr:   60,806  █████████████
    May:   73,997  ████████████████
    Jun:  124,769  ████████████████████████████
    Jul:  133,301  ██████████████████████████████
    Aug:  119,656  ██████████████████████████

  Hourly distribution (UTC):
    00h:   30,680  █████████████████
    01h:   31,398  ██████████████████
    02h:   32,328  ██████████████████
    03h:   31,276  ██████████████████
    04h:   30,264  █████████████████
    05h:   30,468  █████████████████
    06h:   30,849  █████████████████
    07h:   29,677  █████████████████
    08h:   29,041  ████████████████
    09h:   29,650  █████████████████
    10h:   29,518  ████████████████
    11h:   29,685  █████████████████
    12h:   30,676  █████████████████
    13h:   32,555  ██████████████████
    14h:   33,747  ███████████████████
    15h:   33,366  ███████████████████
    16h:   34,746  ████████████████████
    17h:   34,295  ███████████████████
    18h:   34,409  ███████████████████
    19h:   32,562  ██████████████████
    20h:   33,589  ███████████████████
    21h:   32,617  ██████████████████
    22h:   31,904  ██████████████████
    23h:   31,057  █████████████████

============================================================
 PATCH COVERAGE — TRAIN
============================================================
  Unique patch positions: 130
  Samples per patch:
    Min: 4,864
    Max: 6,953
    Mean: 5849

############################################################
# SPLIT: VAL
############################################################

============================================================
 p99(x_seq) DISTRIBUTION — VAL
============================================================
                         Original      Sampled
--------------------------------------------
Count                     509,811      182,408
Zero ratio                  0.678        0.191
Mean                       0.9519       2.3935
Median                     0.0000       1.1992
p75                        0.5996       3.6016
p90                        3.6016       6.7297
p99                        9.9609      12.5938
Max                       45.2500      45.2500
--------------------------------------------

Intensity bucket            Orig %  Sampled %   Change
-------------------------------------------------------
Zero (=0)                    67.8%      19.1% ↓  48.7%
Trace (0-0.5)                 6.8%      17.0% ↑  10.2%
Light (0.5-2)                 9.9%      25.0% ↑  15.0%
Moderate (2-10)              14.5%      36.4% ↑  21.9%
Heavy (10-30)                 1.0%       2.4% ↑   1.5%
Extreme (>30)                 0.0%       0.0% ~   0.0%

============================================================
 ACTUAL PIXEL CHECK — VAL (n=500)
============================================================
  Horizon columns: ['t+15', 't+30', 't+45', 't+60']
  Loaded:         500 patches (0 errors)
  Strategy:       best horizon (max rain) across all horizons

  Zero pixel ratio (per patch):
    Mean:         0.828  (82.8% zero pixels)
    Median:       0.929
    p25:          0.765
    p75:          0.984

  Patch type breakdown:
    All zero    (100% dry):     15.8%
    Mostly dry  (90-100% zero): 42.6%
    Mixed       (30-90% zero):  36.8%
    Rainy       (<30% zero):    4.8%

  Rain intensity (where rain > 0):
    Mean rain:    1.31 mm/h
    p50 rain:     1.00 mm/h
    p90 rain:     2.68 mm/h

============================================================
 TEMPORAL DISTRIBUTION — VAL
============================================================

  Monthly distribution:
    Sep:  100,269  ██████████████████████████████
    Oct:   82,139  ████████████████████████

  Hourly distribution (UTC):
    00h:    7,086  ████████████████
    01h:    7,062  ████████████████
    02h:    7,273  ████████████████
    03h:    7,236  ████████████████
    04h:    7,210  ████████████████
    05h:    7,096  ████████████████
    06h:    7,372  ████████████████
    07h:    7,561  █████████████████
    08h:    6,876  ███████████████
    09h:    7,022  ████████████████
    10h:    7,602  █████████████████
    11h:    7,429  █████████████████
    12h:    7,459  █████████████████
    13h:    7,138  ████████████████
    14h:    8,735  ████████████████████
    15h:    8,722  ███████████████████
    16h:    8,414  ███████████████████
    17h:    8,503  ███████████████████
    18h:    8,266  ██████████████████
    19h:    8,218  ██████████████████
    20h:    7,705  █████████████████
    21h:    7,539  █████████████████
    22h:    7,686  █████████████████
    23h:    7,198  ████████████████

============================================================
 PATCH COVERAGE — VAL
============================================================
  Unique patch positions: 130
  Samples per patch:
    Min: 1,167
    Max: 1,775
    Mean: 1403

############################################################
# SPLIT: TEST
############################################################

============================================================
 p99(x_seq) DISTRIBUTION — TEST
============================================================
                         Original      Sampled
--------------------------------------------
Count                     252,919       87,783
Zero ratio                  0.617        0.177
Mean                       1.1281       2.8744
Median                     0.0000       1.9199
p75                        1.0801       4.3203
p90                        4.2031       7.0781
p99                       10.3203      12.8438
Max                       29.6562      29.6562
--------------------------------------------

Intensity bucket            Orig %  Sampled %   Change
-------------------------------------------------------
Zero (=0)                    61.7%      17.7% ↓  44.0%
Trace (0-0.5)                 7.3%       2.1% ↓   5.2%
Light (0.5-2)                12.1%      31.4% ↑  19.4%
Moderate (2-10)              17.8%      46.0% ↑  28.2%
Heavy (10-30)                 1.1%       2.8% ↑   1.7%
Extreme (>30)                 0.0%       0.0% ~   0.0%

============================================================
 ACTUAL PIXEL CHECK — TEST (n=500)
============================================================
  Horizon columns: ['t+15', 't+30', 't+45', 't+60']
  Loaded:         500 patches (0 errors)
  Strategy:       best horizon (max rain) across all horizons

  Zero pixel ratio (per patch):
    Mean:         0.762  (76.2% zero pixels)
    Median:       0.864
    p25:          0.656
    p75:          0.964

  Patch type breakdown:
    All zero    (100% dry):     12.6%
    Mostly dry  (90-100% zero): 29.2%
    Mixed       (30-90% zero):  48.6%
    Rainy       (<30% zero):    9.6%

  Rain intensity (where rain > 0):
    Mean rain:    1.24 mm/h
    p50 rain:     0.98 mm/h
    p90 rain:     2.37 mm/h

============================================================
 TEMPORAL DISTRIBUTION — TEST
============================================================

  Monthly distribution:
    Nov:   87,783  ██████████████████████████████

  Hourly distribution (UTC):
    00h:    4,038  ███████████████████
    01h:    4,171  ███████████████████
    02h:    4,128  ███████████████████
    03h:    4,004  ██████████████████
    04h:    3,871  ██████████████████
    05h:    3,414  ████████████████
    06h:    3,842  ██████████████████
    07h:    3,348  ███████████████
    08h:    2,682  ████████████
    09h:    2,942  █████████████
    10h:    3,291  ███████████████
    11h:    2,760  █████████████
    12h:    3,299  ███████████████
    13h:    3,140  ██████████████
    14h:    3,406  ████████████████
    15h:    3,800  █████████████████
    16h:    3,663  █████████████████
    17h:    4,141  ███████████████████
    18h:    4,183  ███████████████████
    19h:    3,889  ██████████████████
    20h:    4,223  ████████████████████
    21h:    3,905  ██████████████████
    22h:    3,916  ██████████████████
    23h:    3,727  █████████████████

============================================================
 PATCH COVERAGE — TEST
============================================================
  Unique patch positions: 130
  Samples per patch:
    Min: 409
    Max: 1,050
    Mean: 675

============================================================
 SANITY CHECK COMPLETE
============================================================
