     Training:   1%|▍                             | 6173/401599 [1:31:18<97:12:15, 1.13it/s, loss=0.1875, mae=0.1771, lr=0.002337]
     Training:   1%|▍                             | 6174/401599 [1:31:18<97:12:14, 1.13it/s, loss=0.1875, mae=0.1771, lr=0.002337]
     Training:   1%|▍                             | 6174/401599 [1:31:19<97:12:14, 1.13it/s, loss=0.1875, mae=0.1771, lr=0.002337]
     Training:   1%|▍                             | 6175/401599 [1:31:19<97:12:13, 1.13it/s, loss=0.1875, mae=0.1771, lr=0.002337]
     Training:   1%|▍                             | 6175/401599 [1:31:20<97:12:13, 1.13it/s, loss=0.1875, mae=0.1771, lr=0.002338]
     Training:   1%|▍                             | 6176/401599 [1:31:20<97:12:12, 1.13it/s, loss=0.1875, mae=0.1771, lr=0.002338]
     Training:   1%|▍                             | 6176/401599 [1:31:20<97:12:12, 1.13it/s, loss=0.1875, mae=0.1771, lr=0.002338]
     Training:   1%|▍                             | 6177/401599 [1:31:20<97:12:11, 1.13it/s, loss=0.1875, mae=0.1771, lr=0.002338]
     Training:   1%|▍                             | 6177/401599 [1:31:21<97:12:11, 1.13it/s, loss=0.1875, mae=0.1771, lr=0.002338]
     Training:   1%|▍                             | 6178/401599 [1:31:21<97:12:10, 1.13it/s, loss=0.1875, mae=0.1771, lr=0.002338]
     Training:   1%|▍                             | 6178/401599 [1:31:22<97:12:10, 1.13it/s, loss=0.1875, mae=0.1771, lr=0.002338]
     Training:   1%|▍                             | 6179/401599 [1:31:22<98:04:14, 1.12it/s, loss=0.1875, mae=0.1771, lr=0.002338]
     Training:   1%|▍                             | 6179/401599 [1:31:23<98:04:14, 1.12it/s, loss=0.1875, mae=0.1771, lr=0.002338]
     Training:   1%|▍                             | 6180/401599 [1:31:23<98:04:13, 1.12it/s, loss=0.1875, mae=0.1771, lr=0.002338]
     Training:   1%|▍                             | 6180/401599 [1:31:24<98:04:13, 1.12it/s, loss=0.1875, mae=0.1771, lr=0.002338]
     Training:   1%|▍                             | 6181/401599 [1:31:24<98:04:12, 1.12it/s, loss=0.1875, mae=0.1771, lr=0.002338]
     Training:   1%|▍                             | 6181/401599 [1:31:25<98:04:12, 1.12it/s, loss=0.1875, mae=0.1771, lr=0.002338]
     Training:   1%|▍                             | 6182/401599 [1:31:25<98:04:11, 1.12it/s, loss=0.1875, mae=0.1771, lr=0.002338]
     Training:   1%|▍                             | 6182/401599 [1:31:26<98:04:11, 1.12it/s, loss=0.1875, mae=0.1771, lr=0.002338]
     Training:   1%|▍                             | 6183/401599 [1:31:26<98:04:10, 1.12it/s, loss=0.1875, mae=0.1771, lr=0.002338]
     Training:   1%|▍                             | 6183/401599 [1:31:27<98:04:10, 1.12it/s, loss=0.1875, mae=0.1771, lr=0.002339]
     Training:   1%|▍                             | 6184/401599 [1:31:27<98:04:09, 1.12it/s, loss=0.1875, mae=0.1771, lr=0.002339]
     Training:   1%|▍                             | 6184/401599 [1:31:28<98:04:09, 1.12it/s, loss=0.1875, mae=0.1772, lr=0.002339]
     Training:   1%|▍                             | 6185/401599 [1:31:28<98:04:08, 1.12it/s, loss=0.1875, mae=0.1772, lr=0.002339]
     Training:   1%|▍                             | 6185/401599 [1:31:29<98:04:08, 1.12it/s, loss=0.1875, mae=0.1772, lr=0.002339]
     Training:   1%|▍                             | 6186/401599 [1:31:29<98:04:07, 1.12it/s, loss=0.1875, mae=0.1772, lr=0.002339]
     Training:   1%|▍                             | 6186/401599 [1:31:29<98:04:07, 1.12it/s, loss=0.1875, mae=0.1772, lr=0.002339]
     Training:   1%|▍                             | 6187/401599 [1:31:29<98:04:06, 1.12it/s, loss=0.1875, mae=0.1772, lr=0.002339]
     Training:   1%|▍                             | 6187/401599 [1:31:30<98:04:06, 1.12it/s, loss=0.1875, mae=0.1772, lr=0.002339]
     Training:   1%|▍                             | 6188/401599 [1:31:30<98:04:06, 1.12it/s, loss=0.1875, mae=0.1772, lr=0.002339]
     Training:   1%|▍                             | 6188/401599 [1:31:31<98:04:06, 1.12it/s, loss=0.1875, mae=0.1772, lr=0.002339]
     Training:   1%|▍                             | 6189/401599 [1:31:31<98:04:05, 1.12it/s, loss=0.1875, mae=0.1772, lr=0.002339]
     Training:   1%|▍                             | 6189/401599 [1:31:32<98:04:05, 1.12it/s, loss=0.1875, mae=0.1772, lr=0.002339]
     Training:   1%|▍                             | 6190/401599 [1:31:32<98:04:04, 1.12it/s, loss=0.1875, mae=0.1772, lr=0.002339]
     Training:   1%|▍                             | 6190/401599 [1:31:33<98:04:04, 1.12it/s, loss=0.1875, mae=0.1772, lr=0.002339]
     Training:   1%|▍                             | 6191/401599 [1:31:33<98:04:03, 1.12it/s, loss=0.1875, mae=0.1772, lr=0.002339]
     Training:   1%|▍                             | 6191/401599 [1:31:34<98:04:03, 1.12it/s, loss=0.1875, mae=0.1772, lr=0.002339]
     Training:   1%|▍                             | 6192/401599 [1:31:34<98:04:02, 1.12it/s, loss=0.1875, mae=0.1772, lr=0.002339]
     Training:   1%|▍                             | 6192/401599 [1:31:35<98:04:02, 1.12it/s, loss=0.1875, mae=0.1772, lr=0.002339]
     Training:   1%|▍                             | 6193/401599 [1:31:35<98:57:02, 1.11it/s, loss=0.1875, mae=0.1772, lr=0.002339]
     Training:   1%|▍                             | 6193/401599 [1:31:36<98:57:02, 1.11it/s, loss=0.1875, mae=0.1772, lr=0.002339]
     Training:   1%|▍                             | 6194/401599 [1:31:36<98:04:00, 1.12it/s, loss=0.1875, mae=0.1772, lr=0.002339]
     Training:   1%|▍                             | 6194/401599 [1:31:37<98:04:00, 1.12it/s, loss=0.1875, mae=0.1772, lr=0.002339]
     Training:   1%|▍                             | 6195/401599 [1:31:37<98:03:59, 1.12it/s, loss=0.1875, mae=0.1772, lr=0.002339]
     Training:   1%|▍                             | 6195/401599 [1:31:38<98:03:59, 1.12it/s, loss=0.1875, mae=0.1772, lr=0.002339]
     Training:   1%|▍                             | 6196/401599 [1:31:38<98:56:59, 1.11it/s, loss=0.1875, mae=0.1772, lr=0.002339]
     Training:   1%|▍                             | 6196/401599 [1:31:38<98:56:59, 1.11it/s, loss=0.1875, mae=0.1772, lr=0.002339]
     Training:   1%|▍                             | 6197/401599 [1:31:38<98:03:57, 1.12it/s, loss=0.1875, mae=0.1772, lr=0.002339]
     Training:   1%|▍                             | 6197/401599 [1:31:39<98:03:57, 1.12it/s, loss=0.1875, mae=0.1772, lr=0.002339]
     Training:   1%|▍                             | 6198/401599 [1:31:39<98:03:57, 1.12it/s, loss=0.1875, mae=0.1772, lr=0.002339]
     Training:   1%|▍                             | 6198/401599 [1:31:40<98:03:57, 1.12it/s, loss=0.1875, mae=0.1772, lr=0.002339]
     Training:   1%|▍                             | 6199/401599 [1:31:40<98:03:56, 1.12it/s, loss=0.1875, mae=0.1772, lr=0.002339]
     Training:   1%|▍                             | 6199/401599 [1:31:41<98:03:56, 1.12it/s, loss=0.1875, mae=0.1772, lr=0.002340]
     Training:   1%|▍                             | 6200/401599 [1:31:41<98:03:55, 1.12it/s, loss=0.1875, mae=0.1772, lr=0.002340]
     Training:   1%|▍                             | 6200/401599 [1:31:42<98:03:55, 1.12it/s, loss=0.1875, mae=0.1772, lr=0.002340]
     Training:   1%|▍                             | 6201/401599 [1:31:42<98:03:54, 1.12it/s, loss=0.1875, mae=0.1772, lr=0.002340]
     Training:   1%|▍                             | 6201/401599 [1:31:43<98:03:54, 1.12it/s, loss=0.1875, mae=0.1772, lr=0.002340]
     Training:   1%|▍                             | 6202/401599 [1:31:43<98:03:53, 1.12it/s, loss=0.1875, mae=0.1772, lr=0.002340]
     Training:   1%|▍                             | 6202/401599 [1:31:44<98:03:53, 1.12it/s, loss=0.1875, mae=0.1772, lr=0.002340]
     Training:   1%|▍                             | 6203/401599 [1:31:44<98:03:52, 1.12it/s, loss=0.1875, mae=0.1772, lr=0.002340]
     Training:   1%|▍                             | 6203/401599 [1:31:45<98:03:52, 1.12it/s, loss=0.1875, mae=0.1772, lr=0.002340]
     Training:   1%|▍                             | 6204/401599 [1:31:45<98:03:51, 1.12it/s, loss=0.1875, mae=0.1772, lr=0.002340]
     Training:   1%|▍                             | 6204/401599 [1:31:46<98:03:51, 1.12it/s, loss=0.1875, mae=0.1772, lr=0.002340]
     Training:   1%|▍                             | 6205/401599 [1:31:46<98:03:50, 1.12it/s, loss=0.1875, mae=0.1772, lr=0.002340]
     Training:   1%|▍                             | 6205/401599 [1:31:46<98:03:50, 1.12it/s, loss=0.1875, mae=0.1772, lr=0.002340]
     Training:   1%|▍                             | 6206/401599 [1:31:46<98:03:49, 1.12it/s, loss=0.1875, mae=0.1772, lr=0.002340]
     Training:   1%|▍                             | 6206/401599 [1:31:47<98:03:49, 1.12it/s, loss=0.1875, mae=0.1772, lr=0.002340]
     Training:   1%|▍                             | 6207/401599 [1:31:47<98:03:49, 1.12it/s, loss=0.1875, mae=0.1772, lr=0.002340]
     Training:   1%|▍                             | 6207/401599 [1:31:48<98:03:49, 1.12it/s, loss=0.1875, mae=0.1772, lr=0.002341]
     Training:   1%|▍                             | 6208/401599 [1:31:48<98:03:48, 1.12it/s, loss=0.1875, mae=0.1772, lr=0.002341]
     Training:   1%|▍                             | 6208/401599 [1:31:49<98:03:48, 1.12it/s, loss=0.1875, mae=0.1772, lr=0.002341]
     Training:   1%|▍                             | 6209/401599 [1:31:49<98:03:47, 1.12it/s, loss=0.1875, mae=0.1772, lr=0.002341]
     Training:   1%|▍                             | 6209/401599 [1:31:50<98:03:47, 1.12it/s, loss=0.1875, mae=0.1772, lr=0.002341]
     Training:   1%|▍                             | 6210/401599 [1:31:50<98:03:46, 1.12it/s, loss=0.1875, mae=0.1772, lr=0.002341]
     Training:   1%|▍                             | 6210/401599 [1:31:51<98:03:46, 1.12it/s, loss=0.1875, mae=0.1772, lr=0.002341]
     Training:   1%|▍                             | 6211/401599 [1:31:51<98:03:45, 1.12it/s, loss=0.1875, mae=0.1772, lr=0.002341]
     Training:   1%|▍                             | 6211/401599 [1:31:52<98:03:45, 1.12it/s, loss=0.1875, mae=0.1772, lr=0.002341]
     Training:   1%|▍                             | 6212/401599 [1:31:52<98:03:44, 1.12it/s, loss=0.1875, mae=0.1772, lr=0.002341]
     Training:   1%|▍                             | 6212/401599 [1:31:53<98:03:44, 1.12it/s, loss=0.1875, mae=0.1772, lr=0.002341]
     Training:   1%|▍                             | 6213/401599 [1:31:53<98:03:43, 1.12it/s, loss=0.1875, mae=0.1772, lr=0.002341]
     Training:   1%|▍                             | 6213/401599 [1:31:54<98:03:43, 1.12it/s, loss=0.1875, mae=0.1772, lr=0.002341]
     Training:   1%|▍                             | 6214/401599 [1:31:54<98:03:42, 1.12it/s, loss=0.1875, mae=0.1772, lr=0.002341]
     Training:   1%|▍                             | 6214/401599 [1:31:54<98:03:42, 1.12it/s, loss=0.1875, mae=0.1772, lr=0.002341]
     Training:   1%|▍                             | 6215/401599 [1:31:54<98:03:41, 1.12it/s, loss=0.1875, mae=0.1772, lr=0.002341]
     Training:   1%|▍                             | 6215/401599 [1:31:55<98:03:41, 1.12it/s, loss=0.1875, mae=0.1772, lr=0.002341]
     Training:   1%|▍                             | 6216/401599 [1:31:55<98:03:41, 1.12it/s, loss=0.1875, mae=0.1772, lr=0.002341]
     Training:   1%|▍                             | 6216/401599 [1:31:56<98:03:41, 1.12it/s, loss=0.1875, mae=0.1772, lr=0.002341]
     Training:   1%|▍                             | 6217/401599 [1:31:56<98:03:40, 1.12it/s, loss=0.1875, mae=0.1772, lr=0.002341]
     Training:   1%|▍                             | 6217/401599 [1:31:57<98:03:40, 1.12it/s, loss=0.1875, mae=0.1772, lr=0.002341]
     Training:   1%|▍                             | 6218/401599 [1:31:57<98:03:39, 1.12it/s, loss=0.1875, mae=0.1772, lr=0.002341]
     Training:   1%|▍                             | 6218/401599 [1:31:58<98:03:39, 1.12it/s, loss=0.1875, mae=0.1772, lr=0.002341]
     Training:   1%|▍                             | 6219/401599 [1:31:58<98:03:38, 1.12it/s, loss=0.1875, mae=0.1772, lr=0.002341]
     Training:   1%|▍                             | 6219/401599 [1:31:59<98:03:38, 1.12it/s, loss=0.1875, mae=0.1772, lr=0.002341]
     Training:   1%|▍                             | 6220/401599 [1:31:59<98:03:37, 1.12it/s, loss=0.1875, mae=0.1772, lr=0.002341]
     Training:   1%|▍                             | 6220/401599 [1:32:00<98:03:37, 1.12it/s, loss=0.1875, mae=0.1772, lr=0.002341]
     Training:   1%|▍                             | 6221/401599 [1:32:00<98:03:36, 1.12it/s, loss=0.1875, mae=0.1772, lr=0.002341]
     Training:   1%|▍                             | 6221/401599 [1:32:01<98:03:36, 1.12it/s, loss=0.1875, mae=0.1772, lr=0.002341]
     Training:   1%|▍                             | 6222/401599 [1:32:01<98:03:35, 1.12it/s, loss=0.1875, mae=0.1772, lr=0.002341]
     Training:   1%|▍                             | 6222/401599 [1:32:02<98:03:35, 1.12it/s, loss=0.1875, mae=0.1772, lr=0.002341]
     Training:   1%|▍                             | 6223/401599 [1:32:02<98:03:34, 1.12it/s, loss=0.1875, mae=0.1772, lr=0.002341]
     Training:   1%|▍                             | 6223/401599 [1:32:03<98:03:34, 1.12it/s, loss=0.1875, mae=0.1772, lr=0.002342]
     Training:   1%|▍                             | 6224/401599 [1:32:03<98:03:33, 1.12it/s, loss=0.1875, mae=0.1772, lr=0.002342]
     Training:   1%|▍                             | 6224/401599 [1:32:03<98:03:33, 1.12it/s, loss=0.1875, mae=0.1772, lr=0.002342]
     Training:   1%|▍                             | 6225/401599 [1:32:03<98:03:32, 1.12it/s, loss=0.1875, mae=0.1772, lr=0.002342]
     Training:   1%|▍                             | 6225/401599 [1:32:04<98:03:32, 1.12it/s, loss=0.1875, mae=0.1772, lr=0.002342]
     Training:   1%|▍                             | 6226/401599 [1:32:04<98:03:32, 1.12it/s, loss=0.1875, mae=0.1772, lr=0.002342]
     Training:   1%|▍                             | 6226/401599 [1:32:05<98:03:32, 1.12it/s, loss=0.1875, mae=0.1772, lr=0.002342]
     Training:   1%|▍                             | 6227/401599 [1:32:05<98:03:31, 1.12it/s, loss=0.1875, mae=0.1772, lr=0.002342]
     Training:   1%|▍                             | 6227/401599 [1:32:06<98:03:31, 1.12it/s, loss=0.1875, mae=0.1772, lr=0.002342]
     Training:   1%|▍                             | 6228/401599 [1:32:06<98:03:30, 1.12it/s, loss=0.1875, mae=0.1772, lr=0.002342]
     Training:   1%|▍                             | 6228/401599 [1:32:07<98:03:30, 1.12it/s, loss=0.1875, mae=0.1772, lr=0.002342]
     Training:   1%|▍                             | 6229/401599 [1:32:07<98:03:29, 1.12it/s, loss=0.1875, mae=0.1772, lr=0.002342]
     Training:   1%|▍                             | 6229/401599 [1:32:08<98:03:29, 1.12it/s, loss=0.1875, mae=0.1772, lr=0.002342]
     Training:   1%|▍                             | 6230/401599 [1:32:08<98:03:28, 1.12it/s, loss=0.1875, mae=0.1772, lr=0.002342]
     Training:   1%|▍                             | 6230/401599 [1:32:09<98:03:28, 1.12it/s, loss=0.1875, mae=0.1772, lr=0.002342]
     Training:   1%|▍                             | 6231/401599 [1:32:09<98:03:27, 1.12it/s, loss=0.1875, mae=0.1772, lr=0.002342]
     Training:   1%|▍                             | 6231/401599 [1:32:10<98:03:27, 1.12it/s, loss=0.1875, mae=0.1772, lr=0.002342]
     Training:   1%|▍                             | 6232/401599 [1:32:10<98:03:26, 1.12it/s, loss=0.1875, mae=0.1772, lr=0.002342]
     Training:   1%|▍                             | 6232/401599 [1:32:11<98:03:26, 1.12it/s, loss=0.1875, mae=0.1772, lr=0.002342]
     Training:   1%|▍                             | 6233/401599 [1:32:11<98:03:25, 1.12it/s, loss=0.1875, mae=0.1772, lr=0.002342]
     Training:   1%|▍                             | 6233/401599 [1:32:11<98:03:25, 1.12it/s, loss=0.1875, mae=0.1772, lr=0.002342]
     Training:   1%|▍                             | 6234/401599 [1:32:11<98:03:24, 1.12it/s, loss=0.1875, mae=0.1772, lr=0.002342]
     Training:   1%|▍                             | 6234/401599 [1:32:12<98:03:24, 1.12it/s, loss=0.1875, mae=0.1772, lr=0.002342]
     Training:   1%|▍                             | 6235/401599 [1:32:12<98:03:24, 1.12it/s, loss=0.1875, mae=0.1772, lr=0.002342]
     Training:   1%|▍                             | 6235/401599 [1:32:13<98:03:24, 1.12it/s, loss=0.1875, mae=0.1772, lr=0.002342]
     Training:   1%|▍                             | 6236/401599 [1:32:13<98:03:23, 1.12it/s, loss=0.1875, mae=0.1772, lr=0.002342]
     Training:   1%|▍                             | 6236/401599 [1:32:14<98:03:23, 1.12it/s, loss=0.1875, mae=0.1772, lr=0.002342]
     Training:   1%|▍                             | 6237/401599 [1:32:14<98:56:22, 1.11it/s, loss=0.1875, mae=0.1772, lr=0.002342]
     Training:   1%|▍                             | 6237/401599 [1:32:15<98:56:22, 1.11it/s, loss=0.1875, mae=0.1772, lr=0.002342]
     Training:   1%|▍                             | 6238/401599 [1:32:15<98:03:21, 1.12it/s, loss=0.1875, mae=0.1772, lr=0.002342]
     Training:   1%|▍                             | 6238/401599 [1:32:16<98:03:21, 1.12it/s, loss=0.1875, mae=0.1772, lr=0.002342]
     Training:   1%|▍                             | 6239/401599 [1:32:16<98:03:20, 1.12it/s, loss=0.1875, mae=0.1772, lr=0.002342]
     Training:   1%|▍                             | 6239/401599 [1:32:17<98:03:20, 1.12it/s, loss=0.1875, mae=0.1772, lr=0.002343]
     Training:   1%|▍                             | 6240/401599 [1:32:17<98:56:19, 1.11it/s, loss=0.1875, mae=0.1772, lr=0.002343]
     Training:   1%|▍                             | 6240/401599 [1:32:18<98:56:19, 1.11it/s, loss=0.1875, mae=0.1772, lr=0.002343]
     Training:   1%|▍                             | 6241/401599 [1:32:18<98:03:18, 1.12it/s, loss=0.1875, mae=0.1772, lr=0.002343]
     Training:   1%|▍                             | 6241/401599 [1:32:19<98:03:18, 1.12it/s, loss=0.1875, mae=0.1772, lr=0.002343]
     Training:   1%|▍                             | 6242/401599 [1:32:19<98:03:17, 1.12it/s, loss=0.1875, mae=0.1772, lr=0.002343]
     Training:   1%|▍                             | 6242/401599 [1:32:20<98:03:17, 1.12it/s, loss=0.1875, mae=0.1772, lr=0.002343]
     Training:   1%|▍                             | 6243/401599 [1:32:20<98:03:16, 1.12it/s, loss=0.1875, mae=0.1772, lr=0.002343]
     Training:   1%|▍                             | 6243/401599 [1:32:20<98:03:16, 1.12it/s, loss=0.1875, mae=0.1772, lr=0.002343]
     Training:   1%|▍                             | 6244/401599 [1:32:20<98:03:16, 1.12it/s, loss=0.1875, mae=0.1772, lr=0.002343]
     Training:   1%|▍                             | 6244/401599 [1:32:21<98:03:16, 1.12it/s, loss=0.1875, mae=0.1772, lr=0.002343]
     Training:   1%|▍                             | 6245/401599 [1:32:21<98:03:15, 1.12it/s, loss=0.1875, mae=0.1772, lr=0.002343]
     Training:   1%|▍                             | 6245/401599 [1:32:22<98:03:15, 1.12it/s, loss=0.1875, mae=0.1772, lr=0.002343]
     Training:   1%|▍                             | 6246/401599 [1:32:22<98:03:14, 1.12it/s, loss=0.1875, mae=0.1772, lr=0.002343]
     Training:   1%|▍                             | 6246/401599 [1:32:23<98:03:14, 1.12it/s, loss=0.1875, mae=0.1772, lr=0.002343]
     Training:   1%|▍                             | 6247/401599 [1:32:23<98:03:13, 1.12it/s, loss=0.1875, mae=0.1772, lr=0.002343]
     Training:   1%|▍                             | 6247/401599 [1:32:24<98:03:13, 1.12it/s, loss=0.1875, mae=0.1772, lr=0.002344]
     Training:   1%|▍                             | 6248/401599 [1:32:24<98:03:12, 1.12it/s, loss=0.1875, mae=0.1772, lr=0.002344]
     Training:   1%|▍                             | 6248/401599 [1:32:25<98:03:12, 1.12it/s, loss=0.1875, mae=0.1772, lr=0.002344]
     Training:   1%|▍                             | 6249/401599 [1:32:25<98:03:11, 1.12it/s, loss=0.1875, mae=0.1772, lr=0.002344]
     Training:   1%|▍                             | 6249/401599 [1:32:26<98:03:11, 1.12it/s, loss=0.1875, mae=0.1772, lr=0.002344]
     Training:   1%|▍                             | 6250/401599 [1:32:26<98:03:10, 1.12it/s, loss=0.1875, mae=0.1772, lr=0.002344]
     Training:   1%|▍                             | 6250/401599 [1:32:27<98:03:10, 1.12it/s, loss=0.1875, mae=0.1772, lr=0.002344]
     Training:   1%|▍                             | 6251/401599 [1:32:27<98:03:09, 1.12it/s, loss=0.1875, mae=0.1772, lr=0.002344]
     Training:   1%|▍                             | 6251/401599 [1:32:28<98:03:09, 1.12it/s, loss=0.1875, mae=0.1772, lr=0.002344]
     Training:   1%|▍                             | 6252/401599 [1:32:28<98:03:08, 1.12it/s, loss=0.1875, mae=0.1772, lr=0.002344]
     Training:   1%|▍                             | 6252/401599 [1:32:28<98:03:08, 1.12it/s, loss=0.1875, mae=0.1772, lr=0.002344]
     Training:   1%|▍                             | 6253/401599 [1:32:28<98:03:07, 1.12it/s, loss=0.1875, mae=0.1772, lr=0.002344]
     Training:   1%|▍                             | 6253/401599 [1:32:29<98:03:07, 1.12it/s, loss=0.1875, mae=0.1772, lr=0.002344]
     Training:   1%|▍                             | 6254/401599 [1:32:29<98:03:07, 1.12it/s, loss=0.1875, mae=0.1772, lr=0.002344]
     Training:   1%|▍                             | 6254/401599 [1:32:30<98:03:07, 1.12it/s, loss=0.1875, mae=0.1772, lr=0.002344]
     Training:   1%|▍                             | 6255/401599 [1:32:30<98:03:06, 1.12it/s, loss=0.1875, mae=0.1772, lr=0.002344]
     Training:   1%|▍                             | 6255/401599 [1:32:31<98:03:06, 1.12it/s, loss=0.1875, mae=0.1772, lr=0.002344]
     Training:   1%|▍                             | 6256/401599 [1:32:31<98:03:05, 1.12it/s, loss=0.1875, mae=0.1772, lr=0.002344]
     Training:   1%|▍                             | 6256/401599 [1:32:32<98:03:05, 1.12it/s, loss=0.1875, mae=0.1772, lr=0.002344]
     Training:   1%|▍                             | 6257/401599 [1:32:32<98:03:04, 1.12it/s, loss=0.1875, mae=0.1772, lr=0.002344]
     Training:   1%|▍                             | 6257/401599 [1:32:33<98:03:04, 1.12it/s, loss=0.1875, mae=0.1772, lr=0.002344]
     Training:   1%|▍                             | 6258/401599 [1:32:33<98:03:03, 1.12it/s, loss=0.1875, mae=0.1772, lr=0.002344]
     Training:   1%|▍                             | 6258/401599 [1:32:34<98:03:03, 1.12it/s, loss=0.1875, mae=0.1772, lr=0.002344]
     Training:   1%|▍                             | 6259/401599 [1:32:34<98:03:02, 1.12it/s, loss=0.1875, mae=0.1772, lr=0.002344]
     Training:   1%|▍                             | 6259/401599 [1:32:35<98:03:02, 1.12it/s, loss=0.1875, mae=0.1772, lr=0.002344]
     Training:   1%|▍                             | 6260/401599 [1:32:35<98:03:01, 1.12it/s, loss=0.1875, mae=0.1772, lr=0.002344]
     Training:   1%|▍                             | 6260/401599 [1:32:36<98:03:01, 1.12it/s, loss=0.1875, mae=0.1772, lr=0.002344]
     Training:   1%|▍                             | 6261/401599 [1:32:36<98:03:00, 1.12it/s, loss=0.1875, mae=0.1772, lr=0.002344]
     Training:   1%|▍                             | 6261/401599 [1:32:37<98:03:00, 1.12it/s, loss=0.1875, mae=0.1772, lr=0.002344]
     Training:   1%|▍                             | 6262/401599 [1:32:37<98:02:59, 1.12it/s, loss=0.1875, mae=0.1772, lr=0.002344]
     Training:   1%|▍                             | 6262/401599 [1:32:37<98:02:59, 1.12it/s, loss=0.1875, mae=0.1772, lr=0.002344]
     Training:   1%|▍                             | 6263/401599 [1:32:37<98:02:59, 1.12it/s, loss=0.1875, mae=0.1772, lr=0.002344]
     Training:   1%|▍                             | 6263/401599 [1:32:38<98:02:59, 1.12it/s, loss=0.1875, mae=0.1772, lr=0.002345]
     Training:   1%|▍                             | 6264/401599 [1:32:38<98:02:58, 1.12it/s, loss=0.1875, mae=0.1772, lr=0.002345]
     Training:   1%|▍                             | 6264/401599 [1:32:39<98:02:58, 1.12it/s, loss=0.1875, mae=0.1772, lr=0.002345]
     Training:   1%|▍                             | 6265/401599 [1:32:39<98:02:57, 1.12it/s, loss=0.1875, mae=0.1772, lr=0.002345]
     Training:   1%|▍                             | 6265/401599 [1:32:40<98:02:57, 1.12it/s, loss=0.1875, mae=0.1772, lr=0.002345]
     Training:   1%|▍                             | 6266/401599 [1:32:40<98:02:56, 1.12it/s, loss=0.1875, mae=0.1772, lr=0.002345]
     Training:   1%|▍                             | 6266/401599 [1:32:41<98:02:56, 1.12it/s, loss=0.1875, mae=0.1772, lr=0.002345]
     Training:   1%|▍                             | 6267/401599 [1:32:41<98:02:55, 1.12it/s, loss=0.1875, mae=0.1772, lr=0.002345]
     Training:   1%|▍                             | 6267/401599 [1:32:42<98:02:55, 1.12it/s, loss=0.1875, mae=0.1772, lr=0.002345]
     Training:   1%|▍                             | 6268/401599 [1:32:42<98:02:54, 1.12it/s, loss=0.1875, mae=0.1772, lr=0.002345]
     Training:   1%|▍                             | 6268/401599 [1:32:43<98:02:54, 1.12it/s, loss=0.1875, mae=0.1772, lr=0.002345]
     Training:   1%|▍                             | 6269/401599 [1:32:43<98:02:53, 1.12it/s, loss=0.1875, mae=0.1772, lr=0.002345]
     Training:   1%|▍                             | 6269/401599 [1:32:44<98:02:53, 1.12it/s, loss=0.1875, mae=0.1772, lr=0.002345]
     Training:   1%|▍                             | 6270/401599 [1:32:44<98:02:52, 1.12it/s, loss=0.1875, mae=0.1772, lr=0.002345]
     Training:   1%|▍                             | 6270/401599 [1:32:45<98:02:52, 1.12it/s, loss=0.1875, mae=0.1772, lr=0.002345]
     Training:   1%|▍                             | 6271/401599 [1:32:45<98:02:51, 1.12it/s, loss=0.1875, mae=0.1772, lr=0.002345]
     Training:   1%|▍                             | 6271/401599 [1:32:45<98:02:51, 1.12it/s, loss=0.1875, mae=0.1772, lr=0.002346]
     Training:   1%|▍                             | 6272/401599 [1:32:45<98:02:51, 1.12it/s, loss=0.1875, mae=0.1772, lr=0.002346]
     Training:   1%|▍                             | 6272/401599 [1:32:46<98:02:51, 1.12it/s, loss=0.1875, mae=0.1772, lr=0.002346]
     Training:   1%|▍                             | 6273/401599 [1:32:46<98:02:50, 1.12it/s, loss=0.1875, mae=0.1772, lr=0.002346]
     Training:   1%|▍                             | 6273/401599 [1:32:47<98:02:50, 1.12it/s, loss=0.1875, mae=0.1772, lr=0.002346]
     Training:   1%|▍                             | 6274/401599 [1:32:47<98:02:49, 1.12it/s, loss=0.1875, mae=0.1772, lr=0.002346]
     Training:   1%|▍                             | 6274/401599 [1:32:48<98:02:49, 1.12it/s, loss=0.1875, mae=0.1772, lr=0.002346]
     Training:   1%|▍                             | 6275/401599 [1:32:48<98:02:48, 1.12it/s, loss=0.1875, mae=0.1772, lr=0.002346]
     Training:   1%|▍                             | 6275/401599 [1:32:49<98:02:48, 1.12it/s, loss=0.1875, mae=0.1772, lr=0.002346]
     Training:   1%|▍                             | 6276/401599 [1:32:49<98:02:47, 1.12it/s, loss=0.1875, mae=0.1772, lr=0.002346]
     Training:   1%|▍                             | 6276/401599 [1:32:50<98:02:47, 1.12it/s, loss=0.1875, mae=0.1772, lr=0.002346]
     Training:   1%|▍                             | 6277/401599 [1:32:50<98:02:46, 1.12it/s, loss=0.1875, mae=0.1772, lr=0.002346]
     Training:   1%|▍                             | 6277/401599 [1:32:51<98:02:46, 1.12it/s, loss=0.1875, mae=0.1772, lr=0.002346]
     Training:   1%|▍                             | 6278/401599 [1:32:51<98:02:45, 1.12it/s, loss=0.1875, mae=0.1772, lr=0.002346]
     Training:   1%|▍                             | 6278/401599 [1:32:52<98:02:45, 1.12it/s, loss=0.1875, mae=0.1772, lr=0.002346]
     Training:   1%|▍                             | 6279/401599 [1:32:52<98:02:44, 1.12it/s, loss=0.1875, mae=0.1772, lr=0.002346]
     Training:   1%|▍                             | 6279/401599 [1:32:53<98:02:44, 1.12it/s, loss=0.1875, mae=0.1772, lr=0.002346]
     Training:   1%|▍                             | 6280/401599 [1:32:53<98:02:43, 1.12it/s, loss=0.1875, mae=0.1772, lr=0.002346]
     Training:   1%|▍                             | 6280/401599 [1:32:54<98:02:43, 1.12it/s, loss=0.1875, mae=0.1772, lr=0.002346]
     Training:   1%|▍                             | 6281/401599 [1:32:54<98:02:42, 1.12it/s, loss=0.1875, mae=0.1772, lr=0.002346]
     Training:   1%|▍                             | 6281/401599 [1:32:54<98:02:42, 1.12it/s, loss=0.1875, mae=0.1772, lr=0.002346]
     Training:   1%|▍                             | 6282/401599 [1:32:54<98:02:42, 1.12it/s, loss=0.1875, mae=0.1772, lr=0.002346]
     Training:   1%|▍                             | 6282/401599 [1:32:55<98:02:42, 1.12it/s, loss=0.1876, mae=0.1772, lr=0.002346]
     Training:   1%|▍                             | 6283/401599 [1:32:55<98:02:41, 1.12it/s, loss=0.1876, mae=0.1772, lr=0.002346]
     Training:   1%|▍                             | 6283/401599 [1:32:56<98:02:41, 1.12it/s, loss=0.1875, mae=0.1772, lr=0.002346]
     Training:   1%|▍                             | 6284/401599 [1:32:56<98:02:40, 1.12it/s, loss=0.1875, mae=0.1772, lr=0.002346]
     Training:   1%|▍                             | 6284/401599 [1:32:57<98:02:40, 1.12it/s, loss=0.1876, mae=0.1772, lr=0.002346]
     Training:   1%|▍                             | 6285/401599 [1:32:57<98:02:39, 1.12it/s, loss=0.1876, mae=0.1772, lr=0.002346]
     Training:   1%|▍                             | 6285/401599 [1:32:58<98:02:39, 1.12it/s, loss=0.1875, mae=0.1772, lr=0.002346]
     Training:   1%|▍                             | 6286/401599 [1:32:58<98:02:38, 1.12it/s, loss=0.1875, mae=0.1772, lr=0.002346]
     Training:   1%|▍                             | 6286/401599 [1:32:59<98:02:38, 1.12it/s, loss=0.1875, mae=0.1772, lr=0.002346]
     Training:   1%|▍                             | 6287/401599 [1:32:59<98:02:37, 1.12it/s, loss=0.1875, mae=0.1772, lr=0.002346]
     Training:   1%|▍                             | 6287/401599 [1:33:00<98:02:37, 1.12it/s, loss=0.1875, mae=0.1772, lr=0.002347]
     Training:   1%|▍                             | 6288/401599 [1:33:00<98:02:36, 1.12it/s, loss=0.1875, mae=0.1772, lr=0.002347]
     Training:   1%|▍                             | 6288/401599 [1:33:01<98:02:36, 1.12it/s, loss=0.1875, mae=0.1772, lr=0.002347]
     Training:   1%|▍                             | 6289/401599 [1:33:01<98:02:35, 1.12it/s, loss=0.1875, mae=0.1772, lr=0.002347]
     Training:   1%|▍                             | 6289/401599 [1:33:02<98:02:35, 1.12it/s, loss=0.1875, mae=0.1772, lr=0.002347]
     Training:   1%|▍                             | 6290/401599 [1:33:02<98:02:34, 1.12it/s, loss=0.1875, mae=0.1772, lr=0.002347]
     Training:   1%|▍                             | 6290/401599 [1:33:02<98:02:34, 1.12it/s, loss=0.1875, mae=0.1772, lr=0.002347]
     Training:   1%|▍                             | 6291/401599 [1:33:02<98:02:34, 1.12it/s, loss=0.1875, mae=0.1772, lr=0.002347]
     Training:   1%|▍                             | 6291/401599 [1:33:03<98:02:34, 1.12it/s, loss=0.1875, mae=0.1772, lr=0.002347]
     Training:   1%|▍                             | 6292/401599 [1:33:03<98:02:33, 1.12it/s, loss=0.1875, mae=0.1772, lr=0.002347]
     Training:   1%|▍                             | 6292/401599 [1:33:04<98:02:33, 1.12it/s, loss=0.1875, mae=0.1772, lr=0.002347]
     Training:   1%|▍                             | 6293/401599 [1:33:04<98:02:32, 1.12it/s, loss=0.1875, mae=0.1772, lr=0.002347]
     Training:   1%|▍                             | 6293/401599 [1:33:05<98:02:32, 1.12it/s, loss=0.1875, mae=0.1772, lr=0.002347]
     Training:   1%|▍                             | 6294/401599 [1:33:05<98:55:31, 1.11it/s, loss=0.1875, mae=0.1772, lr=0.002347]
     Training:   1%|▍                             | 6294/401599 [1:33:06<98:55:31, 1.11it/s, loss=0.1875, mae=0.1772, lr=0.002347]
     Training:   1%|▍                             | 6295/401599 [1:33:06<98:02:30, 1.12it/s, loss=0.1875, mae=0.1772, lr=0.002347]
     Training:   1%|▍                             | 6295/401599 [1:33:07<98:02:30, 1.12it/s, loss=0.1875, mae=0.1772, lr=0.002348]
     Training:   1%|▍                             | 6296/401599 [1:33:07<98:02:29, 1.12it/s, loss=0.1875, mae=0.1772, lr=0.002348]
     Training:   1%|▍                             | 6296/401599 [1:33:08<98:02:29, 1.12it/s, loss=0.1875, mae=0.1772, lr=0.002348]
     Training:   1%|▍                             | 6297/401599 [1:33:08<98:02:28, 1.12it/s, loss=0.1875, mae=0.1772, lr=0.002348]
     Training:   1%|▍                             | 6297/401599 [1:33:09<98:02:28, 1.12it/s, loss=0.1875, mae=0.1772, lr=0.002348]
     Training:   1%|▍                             | 6298/401599 [1:33:09<98:02:27, 1.12it/s, loss=0.1875, mae=0.1772, lr=0.002348]
     Training:   1%|▍                             | 6298/401599 [1:33:10<98:02:27, 1.12it/s, loss=0.1875, mae=0.1772, lr=0.002348]
     Training:   1%|▍                             | 6299/401599 [1:33:10<98:55:26, 1.11it/s, loss=0.1875, mae=0.1772, lr=0.002348]
     Training:   1%|▍                             | 6299/401599 [1:33:11<98:55:26, 1.11it/s, loss=0.1875, mae=0.1772, lr=0.002348]
     Training:   1%|▍                             | 6300/401599 [1:33:11<98:02:26, 1.12it/s, loss=0.1875, mae=0.1772, lr=0.002348]
     Training:   1%|▍                             | 6300/401599 [1:33:11<98:02:26, 1.12it/s, loss=0.1875, mae=0.1772, lr=0.002348]
     Training:   1%|▍                             | 6301/401599 [1:33:11<98:02:25, 1.12it/s, loss=0.1875, mae=0.1772, lr=0.002348]
     Training:   1%|▍                             | 6301/401599 [1:33:12<98:02:25, 1.12it/s, loss=0.1875, mae=0.1772, lr=0.002348]
     Training:   1%|▍                             | 6302/401599 [1:33:12<98:02:24, 1.12it/s, loss=0.1875, mae=0.1772, lr=0.002348]
     Training:   1%|▍                             | 6302/401599 [1:33:13<98:02:24, 1.12it/s, loss=0.1875, mae=0.1772, lr=0.002348]
     Training:   1%|▍                             | 6303/401599 [1:33:13<98:02:23, 1.12it/s, loss=0.1875, mae=0.1772, lr=0.002348]
     Training:   1%|▍                             | 6303/401599 [1:33:14<98:02:23, 1.12it/s, loss=0.1875, mae=0.1772, lr=0.002348]
     Training:   1%|▍                             | 6304/401599 [1:33:14<98:02:22, 1.12it/s, loss=0.1875, mae=0.1772, lr=0.002348]
     Training:   1%|▍                             | 6304/401599 [1:33:15<98:02:22, 1.12it/s, loss=0.1876, mae=0.1772, lr=0.002348]
     Training:   1%|▍                             | 6305/401599 [1:33:15<98:02:21, 1.12it/s, loss=0.1876, mae=0.1772, lr=0.002348]
     Training:   1%|▍                             | 6305/401599 [1:33:16<98:02:21, 1.12it/s, loss=0.1875, mae=0.1772, lr=0.002348]
     Training:   1%|▍                             | 6306/401599 [1:33:16<98:02:20, 1.12it/s, loss=0.1875, mae=0.1772, lr=0.002348]
     Training:   1%|▍                             | 6306/401599 [1:33:17<98:02:20, 1.12it/s, loss=0.1875, mae=0.1772, lr=0.002348]
     Training:   1%|▍                             | 6307/401599 [1:33:17<98:02:19, 1.12it/s, loss=0.1875, mae=0.1772, lr=0.002348]
     Training:   1%|▍                             | 6307/401599 [1:33:18<98:02:19, 1.12it/s, loss=0.1875, mae=0.1772, lr=0.002348]
     Training:   1%|▍                             | 6308/401599 [1:33:18<98:02:18, 1.12it/s, loss=0.1875, mae=0.1772, lr=0.002348]
     Training:   1%|▍                             | 6308/401599 [1:33:19<98:02:18, 1.12it/s, loss=0.1875, mae=0.1772, lr=0.002348]
     Training:   1%|▍                             | 6309/401599 [1:33:19<98:02:17, 1.12it/s, loss=0.1875, mae=0.1772, lr=0.002348]
     Training:   1%|▍                             | 6309/401599 [1:33:19<98:02:17, 1.12it/s, loss=0.1875, mae=0.1772, lr=0.002348]
     Training:   1%|▍                             | 6310/401599 [1:33:19<98:02:17, 1.12it/s, loss=0.1875, mae=0.1772, lr=0.002348]
     Training:   1%|▍                             | 6310/401599 [1:33:20<98:02:17, 1.12it/s, loss=0.1875, mae=0.1772, lr=0.002348]
     Training:   1%|▍                             | 6311/401599 [1:33:20<98:02:16, 1.12it/s, loss=0.1875, mae=0.1772, lr=0.002348]
     Training:   1%|▍                             | 6311/401599 [1:33:21<98:02:16, 1.12it/s, loss=0.1875, mae=0.1772, lr=0.002349]
     Training:   1%|▍                             | 6312/401599 [1:33:21<98:02:15, 1.12it/s, loss=0.1875, mae=0.1772, lr=0.002349]
     Training:   1%|▍                             | 6312/401599 [1:33:22<98:02:15, 1.12it/s, loss=0.1875, mae=0.1772, lr=0.002349]
     Training:   1%|▍                             | 6313/401599 [1:33:22<98:02:14, 1.12it/s, loss=0.1875, mae=0.1772, lr=0.002349]
     Training:   1%|▍                             | 6313/401599 [1:33:23<98:02:14, 1.12it/s, loss=0.1875, mae=0.1772, lr=0.002349]
     Training:   1%|▍                             | 6314/401599 [1:33:23<98:02:13, 1.12it/s, loss=0.1875, mae=0.1772, lr=0.002349]
     Training:   1%|▍                             | 6314/401599 [1:33:24<98:02:13, 1.12it/s, loss=0.1875, mae=0.1772, lr=0.002349]
     Training:   1%|▍                             | 6315/401599 [1:33:24<98:02:12, 1.12it/s, loss=0.1875, mae=0.1772, lr=0.002349]
     Training:   1%|▍                             | 6315/401599 [1:33:25<98:02:12, 1.12it/s, loss=0.1875, mae=0.1772, lr=0.002349]
     Training:   1%|▍                             | 6316/401599 [1:33:25<98:02:11, 1.12it/s, loss=0.1875, mae=0.1772, lr=0.002349]
     Training:   1%|▍                             | 6316/401599 [1:33:26<98:02:11, 1.12it/s, loss=0.1875, mae=0.1772, lr=0.002349]
     Training:   1%|▍                             | 6317/401599 [1:33:26<98:02:10, 1.12it/s, loss=0.1875, mae=0.1772, lr=0.002349]
     Training:   1%|▍                             | 6317/401599 [1:33:27<98:02:10, 1.12it/s, loss=0.1875, mae=0.1772, lr=0.002349]
     Training:   1%|▍                             | 6318/401599 [1:33:27<98:02:09, 1.12it/s, loss=0.1875, mae=0.1772, lr=0.002349]
     Training:   1%|▍                             | 6318/401599 [1:33:28<98:02:09, 1.12it/s, loss=0.1876, mae=0.1772, lr=0.002349]
     Training:   1%|▍                             | 6319/401599 [1:33:28<98:02:09, 1.12it/s, loss=0.1876, mae=0.1772, lr=0.002349]
     Training:   1%|▍                             | 6319/401599 [1:33:28<98:02:09, 1.12it/s, loss=0.1876, mae=0.1772, lr=0.002349]
     Training:   1%|▍                             | 6320/401599 [1:33:28<98:02:08, 1.12it/s, loss=0.1876, mae=0.1772, lr=0.002349]
   Validating:   0%|                              | 0/99173 [00:00<?, ?it/s]
   Validating:   0%|                              | 0/99173 [00:01<?, ?it/s, loss=0.1240, mae=0.1208]
   Validating:   0%|                              | 1/99173 [00:01<50:41:16, 1.84s/it, loss=0.1240, mae=0.1208]
   Validating:   0%|                              | 1/99173 [00:02<50:41:16, 1.84s/it, loss=0.1780, mae=0.1780]
   Validating:   0%|                              | 2/99173 [00:02<29:12:01, 1.06s/it, loss=0.1780, mae=0.1780]
   Validating:   0%|                              | 2/99173 [00:02<29:12:01, 1.06s/it, loss=0.1975, mae=0.1979]
   Validating:   0%|                              | 3/99173 [00:02<22:23:46, 1.23it/s, loss=0.1975, mae=0.1979]
   Validating:   0%|                              | 3/99173 [00:03<22:23:46, 1.23it/s, loss=0.2139, mae=0.2187]
   Validating:   0%|                              | 4/99173 [00:03<19:07:47, 1.44it/s, loss=0.2139, mae=0.2187]
   Validating:   0%|                              | 4/99173 [00:03<19:07:47, 1.44it/s, loss=0.2333, mae=0.2449]
   Validating:   0%|                              | 5/99173 [00:03<17:19:30, 1.59it/s, loss=0.2333, mae=0.2449]
   Validating:   0%|                              | 5/99173 [00:04<17:19:30, 1.59it/s, loss=0.2415, mae=0.2521]
   Validating:   0%|                              | 6/99173 [00:04<16:17:59, 1.69it/s, loss=0.2415, mae=0.2521]
   Validating:   0%|                              | 6/99173 [00:04<16:17:59, 1.69it/s, loss=0.2522, mae=0.2596]
   Validating:   0%|                              | 7/99173 [00:04<15:33:46, 1.77it/s, loss=0.2522, mae=0.2596]
   Validating:   0%|                              | 7/99173 [00:05<15:33:46, 1.77it/s, loss=0.3001, mae=0.2900]
   Validating:   0%|                              | 8/99173 [00:05<15:03:09, 1.83it/s, loss=0.3001, mae=0.2900]
   Validating:   0%|                              | 8/99173 [00:05<15:03:09, 1.83it/s, loss=0.2744, mae=0.2745]
   Validating:   0%|                              | 9/99173 [00:05<14:48:34, 1.86it/s, loss=0.2744, mae=0.2745]
   Validating:   0%|                              | 9/99173 [00:06<14:48:34, 1.86it/s, loss=0.2795, mae=0.2761]
   Validating:   0%|                              | 10/99173 [00:06<14:34:27, 1.89it/s, loss=0.2795, mae=0.2761]
   Validating:   0%|                              | 10/99173 [00:06<14:34:27, 1.89it/s, loss=0.3095, mae=0.2977]
   Validating:   0%|                              | 11/99173 [00:06<14:25:17, 1.91it/s, loss=0.3095, mae=0.2977]
   Validating:   0%|                              | 11/99173 [00:07<14:25:17, 1.91it/s, loss=0.2834, mae=0.2823]
   Validating:   0%|                              | 12/99173 [00:07<14:20:46, 1.92it/s, loss=0.2834, mae=0.2823]
   Validating:   0%|                              | 12/99173 [00:08<14:20:46, 1.92it/s, loss=0.1720, mae=0.1649]
   Validating:   0%|                              | 13/99173 [00:08<14:20:46, 1.92it/s, loss=0.1720, mae=0.1649]
   Validating:   0%|                              | 13/99173 [00:08<14:20:46, 1.92it/s, loss=0.1110, mae=0.1094]
   Validating:   0%|                              | 14/99173 [00:08<14:11:53, 1.94it/s, loss=0.1110, mae=0.1094]
   Validating:   0%|                              | 14/99173 [00:09<14:11:53, 1.94it/s, loss=0.0354, mae=0.0407]
   Validating:   0%|                              | 15/99173 [00:09<14:11:52, 1.94it/s, loss=0.0354, mae=0.0407]
   Validating:   0%|                              | 15/99173 [00:09<14:11:52, 1.94it/s, loss=0.0062, mae=0.0123]
   Validating:   0%|                              | 16/99173 [00:09<14:11:52, 1.94it/s, loss=0.0062, mae=0.0123]
   Validating:   0%|                              | 16/99173 [00:10<14:11:52, 1.94it/s, loss=0.0081, mae=0.0186]
   Validating:   0%|                              | 17/99173 [00:10<14:07:29, 1.95it/s, loss=0.0081, mae=0.0186]
   Validating:   0%|                              | 17/99173 [00:10<14:07:29, 1.95it/s, loss=0.0424, mae=0.0441]
   Validating:   0%|                              | 18/99173 [00:10<14:07:29, 1.95it/s, loss=0.0424, mae=0.0441]
   Validating:   0%|                              | 18/99173 [00:11<14:07:29, 1.95it/s, loss=0.1517, mae=0.1420]
   Validating:   0%|                              | 19/99173 [00:11<14:07:28, 1.95it/s, loss=0.1517, mae=0.1420]
   Validating:   0%|                              | 19/99173 [00:11<14:07:28, 1.95it/s, loss=0.1186, mae=0.1148]
   Validating:   0%|                              | 20/99173 [00:11<14:07:28, 1.95it/s, loss=0.1186, mae=0.1148]
   Validating:   0%|                              | 20/99173 [00:12<14:07:28, 1.95it/s, loss=0.3189, mae=0.2885]
   Validating:   0%|                              | 21/99173 [00:12<14:07:27, 1.95it/s, loss=0.3189, mae=0.2885]
   Validating:   0%|                              | 21/99173 [00:12<14:07:27, 1.95it/s, loss=0.2597, mae=0.2536]
   Validating:   0%|                              | 22/99173 [00:12<14:07:27, 1.95it/s, loss=0.2597, mae=0.2536]
   Validating:   0%|                              | 22/99173 [00:13<14:07:27, 1.95it/s, loss=0.2492, mae=0.2463]
   Validating:   0%|                              | 23/99173 [00:13<14:07:26, 1.95it/s, loss=0.2492, mae=0.2463]
   Validating:   0%|                              | 23/99173 [00:13<14:07:26, 1.95it/s, loss=0.2342, mae=0.2378]
   Validating:   0%|                              | 24/99173 [00:13<14:07:26, 1.95it/s, loss=0.2342, mae=0.2378]
   Validating:   0%|                              | 24/99173 [00:14<14:07:26, 1.95it/s, loss=0.2195, mae=0.2222]
   Validating:   0%|                              | 25/99173 [00:14<14:07:25, 1.95it/s, loss=0.2195, mae=0.2222]
   Validating:   0%|                              | 25/99173 [00:14<14:07:25, 1.95it/s, loss=0.2526, mae=0.2394]
   Validating:   0%|                              | 26/99173 [00:14<14:07:25, 1.95it/s, loss=0.2526, mae=0.2394]
   Validating:   0%|                              | 26/99173 [00:15<14:07:25, 1.95it/s, loss=0.2644, mae=0.2493]
   Validating:   0%|                              | 27/99173 [00:15<14:11:46, 1.94it/s, loss=0.2644, mae=0.2493]
   Validating:   0%|                              | 27/99173 [00:15<14:11:46, 1.94it/s, loss=0.2471, mae=0.2379]
   Validating:   0%|                              | 28/99173 [00:15<14:11:46, 1.94it/s, loss=0.2471, mae=0.2379]
   Validating:   0%|                              | 28/99173 [00:16<14:11:46, 1.94it/s, loss=0.2321, mae=0.2193]
   Validating:   0%|                              | 29/99173 [00:16<14:11:45, 1.94it/s, loss=0.2321, mae=0.2193]
   Validating:   0%|                              | 29/99173 [00:16<14:11:45, 1.94it/s, loss=0.2411, mae=0.2264]
   Validating:   0%|                              | 30/99173 [00:16<14:11:45, 1.94it/s, loss=0.2411, mae=0.2264]
   Validating:   0%|                              | 30/99173 [00:17<14:11:45, 1.94it/s, loss=0.2741, mae=0.2486]
   Validating:   0%|                              | 31/99173 [00:17<14:11:44, 1.94it/s, loss=0.2741, mae=0.2486]
   Validating:   0%|                              | 31/99173 [00:17<14:11:44, 1.94it/s, loss=0.2110, mae=0.1921]
   Validating:   0%|                              | 32/99173 [00:17<14:07:22, 1.95it/s, loss=0.2110, mae=0.1921]
   Validating:   0%|                              | 32/99173 [00:18<14:07:22, 1.95it/s, loss=0.1681, mae=0.1610]
   Validating:   0%|                              | 33/99173 [00:18<14:07:21, 1.95it/s, loss=0.1681, mae=0.1610]
   Validating:   0%|                              | 33/99173 [00:18<14:07:21, 1.95it/s, loss=0.0700, mae=0.0677]
   Validating:   0%|                              | 34/99173 [00:18<14:07:21, 1.95it/s, loss=0.0700, mae=0.0677]
   Validating:   0%|                              | 34/99173 [00:19<14:07:21, 1.95it/s, loss=0.0056, mae=0.0115]
   Validating:   0%|                              | 35/99173 [00:19<14:07:20, 1.95it/s, loss=0.0056, mae=0.0115]
   Validating:   0%|                              | 35/99173 [00:19<14:07:20, 1.95it/s, loss=0.1818, mae=0.1609]
   Validating:   0%|                              | 36/99173 [00:19<14:07:19, 1.95it/s, loss=0.1818, mae=0.1609]
   Validating:   0%|                              | 36/99173 [00:20<14:07:19, 1.95it/s, loss=0.2368, mae=0.2046]
   Validating:   0%|                              | 37/99173 [00:20<14:07:19, 1.95it/s, loss=0.2368, mae=0.2046]
   Validating:   0%|                              | 37/99173 [00:20<14:07:19, 1.95it/s, loss=0.2420, mae=0.2054]
   Validating:   0%|                              | 38/99173 [00:20<14:07:18, 1.95it/s, loss=0.2420, mae=0.2054]
   Validating:   0%|                              | 38/99173 [00:21<14:07:18, 1.95it/s, loss=0.2646, mae=0.2252]
   Validating:   0%|                              | 39/99173 [00:21<14:07:18, 1.95it/s, loss=0.2646, mae=0.2252]
   Validating:   0%|                              | 39/99173 [00:21<14:07:18, 1.95it/s, loss=0.2701, mae=0.2280]
   Validating:   0%|                              | 40/99173 [00:21<14:07:17, 1.95it/s, loss=0.2701, mae=0.2280]
   Validating:   0%|                              | 40/99173 [00:22<14:07:17, 1.95it/s, loss=0.2543, mae=0.2204]
   Validating:   0%|                              | 41/99173 [00:22<14:07:17, 1.95it/s, loss=0.2543, mae=0.2204]
   Validating:   0%|                              | 41/99173 [00:22<14:07:17, 1.95it/s, loss=0.2321, mae=0.2060]
   Validating:   0%|                              | 42/99173 [00:22<14:07:16, 1.95it/s, loss=0.2321, mae=0.2060]
   Validating:   0%|                              | 42/99173 [00:23<14:07:16, 1.95it/s, loss=0.2147, mae=0.1889]
   Validating:   0%|                              | 43/99173 [00:23<14:11:38, 1.94it/s, loss=0.2147, mae=0.1889]
   Validating:   0%|                              | 43/99173 [00:23<14:11:38, 1.94it/s, loss=0.2308, mae=0.1975]
   Validating:   0%|                              | 44/99173 [00:23<14:11:37, 1.94it/s, loss=0.2308, mae=0.1975]
   Validating:   0%|                              | 44/99173 [00:24<14:11:37, 1.94it/s, loss=0.2220, mae=0.1949]
   Validating:   0%|                              | 45/99173 [00:24<14:11:37, 1.94it/s, loss=0.2220, mae=0.1949]
   Validating:   0%|                              | 45/99173 [00:24<14:11:37, 1.94it/s, loss=0.2411, mae=0.2090]
   Validating:   0%|                              | 46/99173 [00:24<14:07:14, 1.95it/s, loss=0.2411, mae=0.2090]
   Validating:   0%|                              | 46/99173 [00:25<14:07:14, 1.95it/s, loss=0.2536, mae=0.2210]
   Validating:   0%|                              | 47/99173 [00:25<14:11:36, 1.94it/s, loss=0.2536, mae=0.2210]
   Validating:   0%|                              | 47/99173 [00:25<14:11:36, 1.94it/s, loss=0.2615, mae=0.2272]
   Validating:   0%|                              | 48/99173 [00:25<14:07:13, 1.95it/s, loss=0.2615, mae=0.2272]
   Validating:   0%|                              | 48/99173 [00:26<14:07:13, 1.95it/s, loss=0.2450, mae=0.2300]
   Validating:   0%|                              | 49/99173 [00:26<14:07:13, 1.95it/s, loss=0.2450, mae=0.2300]
   Validating:   0%|                              | 49/99173 [00:27<14:07:13, 1.95it/s, loss=0.2574, mae=0.2305]
   Validating:   0%|                              | 50/99173 [00:27<14:07:12, 1.95it/s, loss=0.2574, mae=0.2305]
   Validating:   0%|                              | 50/99173 [00:27<14:07:12, 1.95it/s, loss=0.1842, mae=0.1838]
   Validating:   0%|                              | 51/99173 [00:27<14:07:12, 1.95it/s, loss=0.1842, mae=0.1838]
   Validating:   0%|                              | 51/99173 [00:28<14:07:12, 1.95it/s, loss=0.1908, mae=0.1817]
   Validating:   0%|                              | 52/99173 [00:28<14:07:11, 1.95it/s, loss=0.1908, mae=0.1817]
   Validating:   0%|                              | 52/99173 [00:28<14:07:11, 1.95it/s, loss=0.2083, mae=0.1919]
   Validating:   0%|                              | 53/99173 [00:28<14:07:11, 1.95it/s, loss=0.2083, mae=0.1919]
   Validating:   0%|                              | 53/99173 [00:29<14:07:11, 1.95it/s, loss=0.1830, mae=0.1701]
   Validating:   0%|                              | 54/99173 [00:29<14:07:10, 1.95it/s, loss=0.1830, mae=0.1701]
   Validating:   0%|                              | 54/99173 [00:29<14:07:10, 1.95it/s, loss=0.1854, mae=0.1709]
   Validating:   0%|                              | 55/99173 [00:29<14:07:10, 1.95it/s, loss=0.1854, mae=0.1709]
   Validating:   0%|                              | 55/99173 [00:30<14:07:10, 1.95it/s, loss=0.1885, mae=0.1762]
   Validating:   0%|                              | 56/99173 [00:30<14:07:09, 1.95it/s, loss=0.1885, mae=0.1762]
   Validating:   0%|                              | 56/99173 [00:30<14:07:09, 1.95it/s, loss=0.2154, mae=0.2062]
   Validating:   0%|                              | 57/99173 [00:30<14:02:49, 1.96it/s, loss=0.2154, mae=0.2062]
   Validating:   0%|                              | 57/99173 [00:31<14:02:49, 1.96it/s, loss=0.2333, mae=0.2113]
   Validating:   0%|                              | 58/99173 [00:31<14:07:08, 1.95it/s, loss=0.2333, mae=0.2113]
   Validating:   0%|                              | 58/99173 [00:31<14:07:08, 1.95it/s, loss=0.2376, mae=0.2016]
   Validating:   0%|                              | 59/99173 [00:31<14:02:48, 1.96it/s, loss=0.2376, mae=0.2016]
   Validating:   0%|                              | 59/99173 [00:32<14:02:48, 1.96it/s, loss=0.2470, mae=0.2054]
   Validating:   0%|                              | 60/99173 [00:32<14:02:48, 1.96it/s, loss=0.2470, mae=0.2054]
   Validating:   0%|                              | 60/99173 [00:32<14:02:48, 1.96it/s, loss=0.2062, mae=0.1762]
   Validating:   0%|                              | 61/99173 [00:32<14:02:47, 1.96it/s, loss=0.2062, mae=0.1762]
   Validating:   0%|                              | 61/99173 [00:33<14:02:47, 1.96it/s, loss=0.1769, mae=0.1522]
   Validating:   0%|                              | 62/99173 [00:33<14:07:06, 1.95it/s, loss=0.1769, mae=0.1522]
   Validating:   0%|                              | 62/99173 [00:33<14:07:06, 1.95it/s, loss=0.1849, mae=0.1520]
   Validating:   0%|                              | 63/99173 [00:33<14:02:46, 1.96it/s, loss=0.1849, mae=0.1520]
   Validating:   0%|                              | 63/99173 [00:34<14:02:46, 1.96it/s, loss=0.1947, mae=0.1592]
   Validating:   0%|                              | 64/99173 [00:34<14:07:05, 1.95it/s, loss=0.1947, mae=0.1592]
   Validating:   0%|                              | 64/99173 [00:34<14:07:05, 1.95it/s, loss=0.2305, mae=0.1870]
   Validating:   0%|                              | 65/99173 [00:34<14:07:05, 1.95it/s, loss=0.2305, mae=0.1870]
   Validating:   0%|                              | 65/99173 [00:35<14:07:05, 1.95it/s, loss=0.2474, mae=0.2063]
   Validating:   0%|                              | 66/99173 [00:35<14:07:04, 1.95it/s, loss=0.2474, mae=0.2063]
   Validating:   0%|                              | 66/99173 [00:35<14:07:04, 1.95it/s, loss=0.1642, mae=0.1418]
   Validating:   0%|                              | 67/99173 [00:35<14:07:04, 1.95it/s, loss=0.1642, mae=0.1418]
   Validating:   0%|                              | 67/99173 [00:36<14:07:04, 1.95it/s, loss=0.1080, mae=0.0924]
   Validating:   0%|                              | 68/99173 [00:36<14:07:03, 1.95it/s, loss=0.1080, mae=0.0924]
   Validating:   0%|                              | 68/99173 [00:36<14:07:03, 1.95it/s, loss=0.1157, mae=0.0984]
   Validating:   0%|                              | 69/99173 [00:36<14:07:03, 1.95it/s, loss=0.1157, mae=0.0984]
   Validating:   0%|                              | 69/99173 [00:37<14:07:03, 1.95it/s, loss=0.1161, mae=0.1009]
   Validating:   0%|                              | 70/99173 [00:37<14:07:02, 1.95it/s, loss=0.1161, mae=0.1009]
   Validating:   0%|                              | 70/99173 [00:37<14:07:02, 1.95it/s, loss=0.1124, mae=0.1000]
   Validating:   0%|                              | 71/99173 [00:37<14:07:02, 1.95it/s, loss=0.1124, mae=0.1000]
   Validating:   0%|                              | 71/99173 [00:38<14:07:02, 1.95it/s, loss=0.0964, mae=0.0857]
   Validating:   0%|                              | 72/99173 [00:38<14:07:01, 1.95it/s, loss=0.0964, mae=0.0857]
   Validating:   0%|                              | 72/99173 [00:38<14:07:01, 1.95it/s, loss=0.0831, mae=0.0736]
   Validating:   0%|                              | 73/99173 [00:38<14:02:41, 1.96it/s, loss=0.0831, mae=0.0736]
   Validating:   0%|                              | 73/99173 [00:39<14:02:41, 1.96it/s, loss=0.0793, mae=0.0778]
   Validating:   0%|                              | 74/99173 [00:39<14:02:41, 1.96it/s, loss=0.0793, mae=0.0778]
   Validating:   0%|                              | 74/99173 [00:39<14:02:41, 1.96it/s, loss=0.1252, mae=0.1176]
   Validating:   0%|                              | 75/99173 [00:39<14:02:40, 1.96it/s, loss=0.1252, mae=0.1176]
   Validating:   0%|                              | 75/99173 [00:40<14:02:40, 1.96it/s, loss=0.1105, mae=0.1127]
   Validating:   0%|                              | 76/99173 [00:40<14:06:59, 1.95it/s, loss=0.1105, mae=0.1127]
   Validating:   0%|                              | 76/99173 [00:40<14:06:59, 1.95it/s, loss=0.1395, mae=0.1309]
   Validating:   0%|                              | 77/99173 [00:40<14:02:39, 1.96it/s, loss=0.1395, mae=0.1309]
   Validating:   0%|                              | 77/99173 [00:41<14:02:39, 1.96it/s, loss=0.1875, mae=0.1755]
   Validating:   0%|                              | 78/99173 [00:41<14:06:58, 1.95it/s, loss=0.1875, mae=0.1755]
   Validating:   0%|                              | 78/99173 [00:41<14:06:58, 1.95it/s, loss=0.2502, mae=0.2214]
   Validating:   0%|                              | 79/99173 [00:41<14:02:38, 1.96it/s, loss=0.2502, mae=0.2214]
   Validating:   0%|                              | 79/99173 [00:42<14:02:38, 1.96it/s, loss=0.3000, mae=0.2604]
   Validating:   0%|                              | 80/99173 [00:42<14:06:57, 1.95it/s, loss=0.3000, mae=0.2604]
   Validating:   0%|                              | 80/99173 [00:42<14:06:57, 1.95it/s, loss=0.3231, mae=0.2823]
   Validating:   0%|                              | 81/99173 [00:42<14:02:37, 1.96it/s, loss=0.3231, mae=0.2823]
   Validating:   0%|                              | 81/99173 [00:43<14:02:37, 1.96it/s, loss=0.3270, mae=0.2913]
   Validating:   0%|                              | 82/99173 [00:43<14:02:37, 1.96it/s, loss=0.3270, mae=0.2913]
   Validating:   0%|                              | 82/99173 [00:43<14:02:37, 1.96it/s, loss=0.3278, mae=0.2890]
   Validating:   0%|                              | 83/99173 [00:43<14:02:36, 1.96it/s, loss=0.3278, mae=0.2890]
   Validating:   0%|                              | 83/99173 [00:44<14:02:36, 1.96it/s, loss=0.3484, mae=0.3089]
   Validating:   0%|                              | 84/99173 [00:44<14:06:55, 1.95it/s, loss=0.3484, mae=0.3089]
   Validating:   0%|                              | 84/99173 [00:44<14:06:55, 1.95it/s, loss=0.3812, mae=0.3294]
   Validating:   0%|                              | 85/99173 [00:44<14:06:54, 1.95it/s, loss=0.3812, mae=0.3294]
   Validating:   0%|                              | 85/99173 [00:45<14:06:54, 1.95it/s, loss=0.3999, mae=0.3274]
   Validating:   0%|                              | 86/99173 [00:45<14:06:54, 1.95it/s, loss=0.3999, mae=0.3274]
   Validating:   0%|                              | 86/99173 [00:45<14:06:54, 1.95it/s, loss=0.2825, mae=0.2554]
   Validating:   0%|                              | 87/99173 [00:45<14:06:53, 1.95it/s, loss=0.2825, mae=0.2554]
   Validating:   0%|                              | 87/99173 [00:46<14:06:53, 1.95it/s, loss=0.2476, mae=0.2182]
   Validating:   0%|                              | 88/99173 [00:46<14:06:53, 1.95it/s, loss=0.2476, mae=0.2182]
   Validating:   0%|                              | 88/99173 [00:46<14:06:53, 1.95it/s, loss=0.2068, mae=0.1806]
   Validating:   0%|                              | 89/99173 [00:46<14:06:52, 1.95it/s, loss=0.2068, mae=0.1806]
   Validating:   0%|                              | 89/99173 [00:47<14:06:52, 1.95it/s, loss=0.1716, mae=0.1500]
   Validating:   0%|                              | 90/99173 [00:47<14:06:52, 1.95it/s, loss=0.1716, mae=0.1500]
   Validating:   0%|                              | 90/99173 [00:47<14:06:52, 1.95it/s, loss=0.0207, mae=0.0251]
   Validating:   0%|                              | 91/99173 [00:47<14:06:51, 1.95it/s, loss=0.0207, mae=0.0251]
   Validating:   0%|                              | 91/99173 [00:48<14:06:51, 1.95it/s, loss=0.0026, mae=0.0111]
   Validating:   0%|                              | 92/99173 [00:48<14:06:51, 1.95it/s, loss=0.0026, mae=0.0111]
   Validating:   0%|                              | 92/99173 [00:49<14:06:51, 1.95it/s, loss=0.0323, mae=0.0377]
   Validating:   0%|                              | 93/99173 [00:49<14:06:50, 1.95it/s, loss=0.0323, mae=0.0377]
   Validating:   0%|                              | 93/99173 [00:49<14:06:50, 1.95it/s, loss=0.0156, mae=0.0217]
   Validating:   0%|                              | 94/99173 [00:49<14:11:12, 1.94it/s, loss=0.0156, mae=0.0217]
   Validating:   0%|                              | 94/99173 [00:50<14:11:12, 1.94it/s, loss=0.0090, mae=0.0156]
   Validating:   0%|                              | 95/99173 [00:50<14:06:49, 1.95it/s, loss=0.0090, mae=0.0156]
   Validating:   0%|                              | 95/99173 [00:50<14:06:49, 1.95it/s, loss=0.0905, mae=0.0958]
   Validating:   0%|                              | 96/99173 [00:50<14:06:49, 1.95it/s, loss=0.0905, mae=0.0958]
