   Validating:   1%|▌                             | 1672/99173 [14:20<13:53:21, 1.95it/s, loss=0.3237, mae=0.3039]
   Validating:   1%|▌                             | 1673/99173 [14:20<13:49:05, 1.96it/s, loss=0.3237, mae=0.3039]
   Validating:   1%|▌                             | 1673/99173 [14:20<13:49:05, 1.96it/s, loss=0.3489, mae=0.3216]
   Validating:   1%|▌                             | 1674/99173 [14:20<13:53:19, 1.95it/s, loss=0.3489, mae=0.3216]
   Validating:   1%|▌                             | 1674/99173 [14:21<13:53:19, 1.95it/s, loss=0.3787, mae=0.3498]
   Validating:   1%|▌                             | 1675/99173 [14:21<13:53:19, 1.95it/s, loss=0.3787, mae=0.3498]
   Validating:   1%|▌                             | 1675/99173 [14:21<13:53:19, 1.95it/s, loss=0.3339, mae=0.3273]
   Validating:   1%|▌                             | 1676/99173 [14:21<13:53:18, 1.95it/s, loss=0.3339, mae=0.3273]
   Validating:   1%|▌                             | 1676/99173 [14:22<13:53:18, 1.95it/s, loss=0.3235, mae=0.3182]
   Validating:   1%|▌                             | 1677/99173 [14:22<13:53:18, 1.95it/s, loss=0.3235, mae=0.3182]
   Validating:   1%|▌                             | 1677/99173 [14:22<13:53:18, 1.95it/s, loss=0.3436, mae=0.3227]
   Validating:   1%|▌                             | 1678/99173 [14:22<13:53:17, 1.95it/s, loss=0.3436, mae=0.3227]
   Validating:   1%|▌                             | 1678/99173 [14:23<13:53:17, 1.95it/s, loss=0.3086, mae=0.2905]
   Validating:   1%|▌                             | 1679/99173 [14:23<13:53:17, 1.95it/s, loss=0.3086, mae=0.2905]
   Validating:   1%|▌                             | 1679/99173 [14:23<13:53:17, 1.95it/s, loss=0.2862, mae=0.2604]
   Validating:   1%|▌                             | 1680/99173 [14:23<13:53:16, 1.95it/s, loss=0.2862, mae=0.2604]
   Validating:   1%|▌                             | 1680/99173 [14:24<13:53:16, 1.95it/s, loss=0.2530, mae=0.2321]
   Validating:   1%|▌                             | 1681/99173 [14:24<13:53:16, 1.95it/s, loss=0.2530, mae=0.2321]
   Validating:   1%|▌                             | 1681/99173 [14:24<13:53:16, 1.95it/s, loss=0.1940, mae=0.1879]
   Validating:   1%|▌                             | 1682/99173 [14:24<13:53:15, 1.95it/s, loss=0.1940, mae=0.1879]
   Validating:   1%|▌                             | 1682/99173 [14:25<13:53:15, 1.95it/s, loss=0.1642, mae=0.1553]
   Validating:   1%|▌                             | 1683/99173 [14:25<13:53:15, 1.95it/s, loss=0.1642, mae=0.1553]
   Validating:   1%|▌                             | 1683/99173 [14:26<13:53:15, 1.95it/s, loss=0.1512, mae=0.1376]
   Validating:   1%|▌                             | 1684/99173 [14:26<13:53:14, 1.95it/s, loss=0.1512, mae=0.1376]
   Validating:   1%|▌                             | 1684/99173 [14:26<13:53:14, 1.95it/s, loss=0.1322, mae=0.1181]
   Validating:   1%|▌                             | 1685/99173 [14:26<13:53:14, 1.95it/s, loss=0.1322, mae=0.1181]
   Validating:   1%|▌                             | 1685/99173 [14:27<13:53:14, 1.95it/s, loss=0.1048, mae=0.0937]
   Validating:   1%|▌                             | 1686/99173 [14:27<13:53:13, 1.95it/s, loss=0.1048, mae=0.0937]
   Validating:   1%|▌                             | 1686/99173 [14:27<13:53:13, 1.95it/s, loss=0.2280, mae=0.1932]
   Validating:   1%|▌                             | 1687/99173 [14:27<13:53:13, 1.95it/s, loss=0.2280, mae=0.1932]
   Validating:   1%|▌                             | 1687/99173 [14:28<13:53:13, 1.95it/s, loss=0.2561, mae=0.2214]
   Validating:   1%|▌                             | 1688/99173 [14:28<13:53:12, 1.95it/s, loss=0.2561, mae=0.2214]
   Validating:   1%|▌                             | 1688/99173 [14:28<13:53:12, 1.95it/s, loss=0.2800, mae=0.2384]
   Validating:   1%|▌                             | 1689/99173 [14:28<13:53:12, 1.95it/s, loss=0.2800, mae=0.2384]
   Validating:   1%|▌                             | 1689/99173 [14:29<13:53:12, 1.95it/s, loss=0.2819, mae=0.2455]
   Validating:   1%|▌                             | 1690/99173 [14:29<13:53:11, 1.95it/s, loss=0.2819, mae=0.2455]
   Validating:   1%|▌                             | 1690/99173 [14:29<13:53:11, 1.95it/s, loss=0.2623, mae=0.2406]
   Validating:   1%|▌                             | 1691/99173 [14:29<13:53:11, 1.95it/s, loss=0.2623, mae=0.2406]
   Validating:   1%|▌                             | 1691/99173 [14:30<13:53:11, 1.95it/s, loss=0.2629, mae=0.2519]
   Validating:   1%|▌                             | 1692/99173 [14:30<13:53:10, 1.95it/s, loss=0.2629, mae=0.2519]
   Validating:   1%|▌                             | 1692/99173 [14:30<13:53:10, 1.95it/s, loss=0.2580, mae=0.2379]
   Validating:   1%|▌                             | 1693/99173 [14:30<13:53:10, 1.95it/s, loss=0.2580, mae=0.2379]
   Validating:   1%|▌                             | 1693/99173 [14:31<13:53:10, 1.95it/s, loss=0.2637, mae=0.2453]
   Validating:   1%|▌                             | 1694/99173 [14:31<13:53:09, 1.95it/s, loss=0.2637, mae=0.2453]
   Validating:   1%|▌                             | 1694/99173 [14:31<13:53:09, 1.95it/s, loss=0.2590, mae=0.2434]
   Validating:   1%|▌                             | 1695/99173 [14:31<13:48:54, 1.96it/s, loss=0.2590, mae=0.2434]
   Validating:   1%|▌                             | 1695/99173 [14:32<13:48:54, 1.96it/s, loss=0.2758, mae=0.2471]
   Validating:   1%|▌                             | 1696/99173 [14:32<13:48:53, 1.96it/s, loss=0.2758, mae=0.2471]
   Validating:   1%|▌                             | 1696/99173 [14:32<13:48:53, 1.96it/s, loss=0.2465, mae=0.2281]
   Validating:   1%|▌                             | 1697/99173 [14:32<13:48:53, 1.96it/s, loss=0.2465, mae=0.2281]
   Validating:   1%|▌                             | 1697/99173 [14:33<13:48:53, 1.96it/s, loss=0.2306, mae=0.2134]
   Validating:   1%|▌                             | 1698/99173 [14:33<13:48:52, 1.96it/s, loss=0.2306, mae=0.2134]
   Validating:   1%|▌                             | 1698/99173 [14:33<13:48:52, 1.96it/s, loss=0.2298, mae=0.2063]
   Validating:   1%|▌                             | 1699/99173 [14:33<13:53:07, 1.95it/s, loss=0.2298, mae=0.2063]
   Validating:   1%|▌                             | 1699/99173 [14:34<13:53:07, 1.95it/s, loss=0.1852, mae=0.1734]
   Validating:   1%|▌                             | 1700/99173 [14:34<13:48:51, 1.96it/s, loss=0.1852, mae=0.1734]
   Validating:   1%|▌                             | 1700/99173 [14:34<13:48:51, 1.96it/s, loss=0.1610, mae=0.1521]
   Validating:   1%|▌                             | 1701/99173 [14:34<13:53:06, 1.95it/s, loss=0.1610, mae=0.1521]
   Validating:   1%|▌                             | 1701/99173 [14:35<13:53:06, 1.95it/s, loss=0.2110, mae=0.1913]
   Validating:   1%|▌                             | 1702/99173 [14:35<13:48:50, 1.96it/s, loss=0.2110, mae=0.1913]
   Validating:   1%|▌                             | 1702/99173 [14:35<13:48:50, 1.96it/s, loss=0.2256, mae=0.2035]
   Validating:   1%|▌                             | 1703/99173 [14:35<13:53:05, 1.95it/s, loss=0.2256, mae=0.2035]
   Validating:   1%|▌                             | 1703/99173 [14:36<13:53:05, 1.95it/s, loss=0.2229, mae=0.2055]
   Validating:   1%|▌                             | 1704/99173 [14:36<13:53:04, 1.95it/s, loss=0.2229, mae=0.2055]
   Validating:   1%|▌                             | 1704/99173 [14:36<13:53:04, 1.95it/s, loss=0.2055, mae=0.1907]
   Validating:   1%|▌                             | 1705/99173 [14:36<13:53:04, 1.95it/s, loss=0.2055, mae=0.1907]
   Validating:   1%|▌                             | 1705/99173 [14:37<13:53:04, 1.95it/s, loss=0.0691, mae=0.0681]
   Validating:   1%|▌                             | 1706/99173 [14:37<13:48:48, 1.96it/s, loss=0.0691, mae=0.0681]
   Validating:   1%|▌                             | 1706/99173 [14:37<13:48:48, 1.96it/s, loss=0.0972, mae=0.0912]
   Validating:   1%|▌                             | 1707/99173 [14:37<13:48:48, 1.96it/s, loss=0.0972, mae=0.0912]
   Validating:   1%|▌                             | 1707/99173 [14:38<13:48:48, 1.96it/s, loss=0.1952, mae=0.1721]
   Validating:   1%|▌                             | 1708/99173 [14:38<13:48:47, 1.96it/s, loss=0.1952, mae=0.1721]
   Validating:   1%|▌                             | 1708/99173 [14:38<13:48:47, 1.96it/s, loss=0.2144, mae=0.1926]
   Validating:   1%|▌                             | 1709/99173 [14:38<13:48:47, 1.96it/s, loss=0.2144, mae=0.1926]
   Validating:   1%|▌                             | 1709/99173 [14:39<13:48:47, 1.96it/s, loss=0.2042, mae=0.1841]
   Validating:   1%|▌                             | 1710/99173 [14:39<13:32:12, 2.00it/s, loss=0.2042, mae=0.1841]
     Training:   0%|                              | 0/401599 [00:00<?, ?it/s]
     Training:   0%|                              | 0/401599 [00:01<?, ?it/s, loss=0.1664, mae=0.1546, lr=0.000994]
     Training:   0%|                              | 1/401599 [00:01<186:17:49, 1.67s/it, loss=0.1664, mae=0.1546, lr=0.000994]
     Training:   0%|                              | 1/401599 [00:02<186:17:49, 1.67s/it, loss=0.1623, mae=0.1538, lr=0.000994]
     Training:   0%|                              | 2/401599 [00:02<137:12:44, 1.23s/it, loss=0.1623, mae=0.1538, lr=0.000994]
     Training:   0%|                              | 2/401599 [00:03<137:12:44, 1.23s/it, loss=0.1655, mae=0.1548, lr=0.000994]
     Training:   0%|                              | 3/401599 [00:03<120:28:44, 1.08s/it, loss=0.1655, mae=0.1548, lr=0.000994]
     Training:   0%|                              | 3/401599 [00:04<120:28:44, 1.08s/it, loss=0.1596, mae=0.1494, lr=0.000994]
     Training:   0%|                              | 4/401599 [00:04<111:33:15, 1.00s/it, loss=0.1596, mae=0.1494, lr=0.000994]
     Training:   0%|                              | 4/401599 [00:05<111:33:15, 1.00s/it, loss=0.1711, mae=0.1597, lr=0.000994]
     Training:   0%|                              | 5/401599 [00:05<107:15:48, 1.04it/s, loss=0.1711, mae=0.1597, lr=0.000994]
     Training:   0%|                              | 5/401599 [00:06<107:15:48, 1.04it/s, loss=0.1725, mae=0.1622, lr=0.000994]
     Training:   0%|                              | 6/401599 [00:06<105:14:21, 1.06it/s, loss=0.1725, mae=0.1622, lr=0.000994]
     Training:   0%|                              | 6/401599 [00:07<105:14:21, 1.06it/s, loss=0.1719, mae=0.1618, lr=0.000994]
     Training:   0%|                              | 7/401599 [00:07<103:17:24, 1.08it/s, loss=0.1719, mae=0.1618, lr=0.000994]
     Training:   0%|                              | 7/401599 [00:07<103:17:24, 1.08it/s, loss=0.1644, mae=0.1547, lr=0.000995]
     Training:   0%|                              | 8/401599 [00:07<102:20:32, 1.09it/s, loss=0.1644, mae=0.1547, lr=0.000995]
     Training:   0%|                              | 8/401599 [00:08<102:20:32, 1.09it/s, loss=0.1638, mae=0.1540, lr=0.000995]
     Training:   0%|                              | 9/401599 [00:08<101:24:42, 1.10it/s, loss=0.1638, mae=0.1540, lr=0.000995]
     Training:   0%|                              | 9/401599 [00:09<101:24:42, 1.10it/s, loss=0.1688, mae=0.1583, lr=0.000995]
     Training:   0%|                              | 10/401599 [00:09<100:29:52, 1.11it/s, loss=0.1688, mae=0.1583, lr=0.000995]
     Training:   0%|                              | 10/401599 [00:10<100:29:52, 1.11it/s, loss=0.1688, mae=0.1588, lr=0.000995]
     Training:   0%|                              | 11/401599 [00:10<100:29:51, 1.11it/s, loss=0.1688, mae=0.1588, lr=0.000995]
     Training:   0%|                              | 11/401599 [00:11<100:29:51, 1.11it/s, loss=0.1739, mae=0.1632, lr=0.000995]
     Training:   0%|                              | 12/401599 [00:11<100:29:50, 1.11it/s, loss=0.1739, mae=0.1632, lr=0.000995]
     Training:   0%|                              | 12/401599 [00:12<100:29:50, 1.11it/s, loss=0.1747, mae=0.1636, lr=0.000995]
     Training:   0%|                              | 13/401599 [00:12<100:29:49, 1.11it/s, loss=0.1747, mae=0.1636, lr=0.000995]
     Training:   0%|                              | 13/401599 [00:13<100:29:49, 1.11it/s, loss=0.1741, mae=0.1634, lr=0.000995]
     Training:   0%|                              | 14/401599 [00:13<99:35:58, 1.12it/s, loss=0.1741, mae=0.1634, lr=0.000995]
     Training:   0%|                              | 14/401599 [00:14<99:35:58, 1.12it/s, loss=0.1747, mae=0.1641, lr=0.000995]
     Training:   0%|                              | 15/401599 [00:14<99:35:57, 1.12it/s, loss=0.1747, mae=0.1641, lr=0.000995]
     Training:   0%|                              | 15/401599 [00:15<99:35:57, 1.12it/s, loss=0.1746, mae=0.1644, lr=0.000995]
     Training:   0%|                              | 16/401599 [00:15<99:35:56, 1.12it/s, loss=0.1746, mae=0.1644, lr=0.000995]
     Training:   0%|                              | 16/401599 [00:16<99:35:56, 1.12it/s, loss=0.1751, mae=0.1654, lr=0.000995]
     Training:   0%|                              | 17/401599 [00:16<100:29:46, 1.11it/s, loss=0.1751, mae=0.1654, lr=0.000995]
     Training:   0%|                              | 17/401599 [00:16<100:29:46, 1.11it/s, loss=0.1753, mae=0.1661, lr=0.000995]
     Training:   0%|                              | 18/401599 [00:16<100:29:45, 1.11it/s, loss=0.1753, mae=0.1661, lr=0.000995]
     Training:   0%|                              | 18/401599 [00:17<100:29:45, 1.11it/s, loss=0.1770, mae=0.1681, lr=0.000995]
     Training:   0%|                              | 19/401599 [00:17<100:29:44, 1.11it/s, loss=0.1770, mae=0.1681, lr=0.000995]
     Training:   0%|                              | 19/401599 [00:18<100:29:44, 1.11it/s, loss=0.1765, mae=0.1680, lr=0.000995]
     Training:   0%|                              | 20/401599 [00:18<100:29:43, 1.11it/s, loss=0.1765, mae=0.1680, lr=0.000995]
     Training:   0%|                              | 20/401599 [00:19<100:29:43, 1.11it/s, loss=0.1779, mae=0.1699, lr=0.000995]
     Training:   0%|                              | 21/401599 [00:19<99:35:52, 1.12it/s, loss=0.1779, mae=0.1699, lr=0.000995]
     Training:   0%|                              | 21/401599 [00:20<99:35:52, 1.12it/s, loss=0.1823, mae=0.1737, lr=0.000995]
     Training:   0%|                              | 22/401599 [00:20<99:35:51, 1.12it/s, loss=0.1823, mae=0.1737, lr=0.000995]
     Training:   0%|                              | 22/401599 [00:21<99:35:51, 1.12it/s, loss=0.1804, mae=0.1727, lr=0.000995]
     Training:   0%|                              | 23/401599 [00:21<99:35:50, 1.12it/s, loss=0.1804, mae=0.1727, lr=0.000995]
     Training:   0%|                              | 23/401599 [00:22<99:35:50, 1.12it/s, loss=0.1785, mae=0.1712, lr=0.000996]
     Training:   0%|                              | 24/401599 [00:22<100:29:39, 1.11it/s, loss=0.1785, mae=0.1712, lr=0.000996]
     Training:   0%|                              | 24/401599 [00:23<100:29:39, 1.11it/s, loss=0.1793, mae=0.1716, lr=0.000996]
     Training:   0%|                              | 25/401599 [00:23<99:35:48, 1.12it/s, loss=0.1793, mae=0.1716, lr=0.000996]
     Training:   0%|                              | 25/401599 [00:24<99:35:48, 1.12it/s, loss=0.1815, mae=0.1731, lr=0.000996]
     Training:   0%|                              | 26/401599 [00:24<100:29:37, 1.11it/s, loss=0.1815, mae=0.1731, lr=0.000996]
     Training:   0%|                              | 26/401599 [00:25<100:29:37, 1.11it/s, loss=0.1817, mae=0.1729, lr=0.000996]
     Training:   0%|                              | 27/401599 [00:25<101:24:25, 1.10it/s, loss=0.1817, mae=0.1729, lr=0.000996]
     Training:   0%|                              | 27/401599 [00:25<101:24:25, 1.10it/s, loss=0.1808, mae=0.1720, lr=0.000996]
     Training:   0%|                              | 28/401599 [00:25<100:29:36, 1.11it/s, loss=0.1808, mae=0.1720, lr=0.000996]
     Training:   0%|                              | 28/401599 [00:26<100:29:36, 1.11it/s, loss=0.1836, mae=0.1743, lr=0.000996]
     Training:   0%|                              | 29/401599 [00:26<100:29:35, 1.11it/s, loss=0.1836, mae=0.1743, lr=0.000996]
     Training:   0%|                              | 29/401599 [00:27<100:29:35, 1.11it/s, loss=0.1857, mae=0.1760, lr=0.000996]
     Training:   0%|                              | 30/401599 [00:27<100:29:34, 1.11it/s, loss=0.1857, mae=0.1760, lr=0.000996]
     Training:   0%|                              | 30/401599 [00:28<100:29:34, 1.11it/s, loss=0.1857, mae=0.1758, lr=0.000996]
     Training:   0%|                              | 31/401599 [00:28<99:35:43, 1.12it/s, loss=0.1857, mae=0.1758, lr=0.000996]
     Training:   0%|                              | 31/401599 [00:29<99:35:43, 1.12it/s, loss=0.1839, mae=0.1740, lr=0.000996]
     Training:   0%|                              | 32/401599 [00:29<99:35:42, 1.12it/s, loss=0.1839, mae=0.1740, lr=0.000996]
     Training:   0%|                              | 32/401599 [00:30<99:35:42, 1.12it/s, loss=0.1841, mae=0.1743, lr=0.000996]
     Training:   0%|                              | 33/401599 [00:30<99:35:41, 1.12it/s, loss=0.1841, mae=0.1743, lr=0.000996]
     Training:   0%|                              | 33/401599 [00:31<99:35:41, 1.12it/s, loss=0.1835, mae=0.1737, lr=0.000996]
     Training:   0%|                              | 34/401599 [00:31<99:35:40, 1.12it/s, loss=0.1835, mae=0.1737, lr=0.000996]
     Training:   0%|                              | 34/401599 [00:32<99:35:40, 1.12it/s, loss=0.1838, mae=0.1739, lr=0.000996]
     Training:   0%|                              | 35/401599 [00:32<99:35:39, 1.12it/s, loss=0.1838, mae=0.1739, lr=0.000996]
     Training:   0%|                              | 35/401599 [00:33<99:35:39, 1.12it/s, loss=0.1843, mae=0.1743, lr=0.000996]
     Training:   0%|                              | 36/401599 [00:33<99:35:38, 1.12it/s, loss=0.1843, mae=0.1743, lr=0.000996]
     Training:   0%|                              | 36/401599 [00:33<99:35:38, 1.12it/s, loss=0.1847, mae=0.1747, lr=0.000996]
     Training:   0%|                              | 37/401599 [00:33<99:35:37, 1.12it/s, loss=0.1847, mae=0.1747, lr=0.000996]
     Training:   0%|                              | 37/401599 [00:34<99:35:37, 1.12it/s, loss=0.1837, mae=0.1738, lr=0.000996]
     Training:   0%|                              | 38/401599 [00:34<99:35:37, 1.12it/s, loss=0.1837, mae=0.1738, lr=0.000996]
     Training:   0%|                              | 38/401599 [00:35<99:35:37, 1.12it/s, loss=0.1841, mae=0.1741, lr=0.000996]
     Training:   0%|                              | 39/401599 [00:35<99:35:36, 1.12it/s, loss=0.1841, mae=0.1741, lr=0.000996]
     Training:   0%|                              | 39/401599 [00:36<99:35:36, 1.12it/s, loss=0.1826, mae=0.1727, lr=0.000997]
     Training:   0%|                              | 40/401599 [00:36<99:35:35, 1.12it/s, loss=0.1826, mae=0.1727, lr=0.000997]
     Training:   0%|                              | 40/401599 [00:37<99:35:35, 1.12it/s, loss=0.1833, mae=0.1732, lr=0.000997]
     Training:   0%|                              | 41/401599 [00:37<99:35:34, 1.12it/s, loss=0.1833, mae=0.1732, lr=0.000997]
     Training:   0%|                              | 41/401599 [00:38<99:35:34, 1.12it/s, loss=0.1833, mae=0.1733, lr=0.000997]
     Training:   0%|                              | 42/401599 [00:38<99:35:33, 1.12it/s, loss=0.1833, mae=0.1733, lr=0.000997]
     Training:   0%|                              | 42/401599 [00:39<99:35:33, 1.12it/s, loss=0.1833, mae=0.1730, lr=0.000997]
     Training:   0%|                              | 43/401599 [00:39<100:29:22, 1.11it/s, loss=0.1833, mae=0.1730, lr=0.000997]
     Training:   0%|                              | 43/401599 [00:40<100:29:22, 1.11it/s, loss=0.1822, mae=0.1720, lr=0.000997]
     Training:   0%|                              | 44/401599 [00:40<99:35:31, 1.12it/s, loss=0.1822, mae=0.1720, lr=0.000997]
     Training:   0%|                              | 44/401599 [00:41<99:35:31, 1.12it/s, loss=0.1820, mae=0.1717, lr=0.000997]
     Training:   0%|                              | 45/401599 [00:41<99:35:30, 1.12it/s, loss=0.1820, mae=0.1717, lr=0.000997]
     Training:   0%|                              | 45/401599 [00:42<99:35:30, 1.12it/s, loss=0.1826, mae=0.1719, lr=0.000997]
     Training:   0%|                              | 46/401599 [00:42<99:35:29, 1.12it/s, loss=0.1826, mae=0.1719, lr=0.000997]
     Training:   0%|                              | 46/401599 [00:42<99:35:29, 1.12it/s, loss=0.1823, mae=0.1714, lr=0.000997]
     Training:   0%|                              | 47/401599 [00:42<99:35:29, 1.12it/s, loss=0.1823, mae=0.1714, lr=0.000997]
     Training:   0%|                              | 47/401599 [00:43<99:35:29, 1.12it/s, loss=0.1820, mae=0.1709, lr=0.000997]
     Training:   0%|                              | 48/401599 [00:43<99:35:28, 1.12it/s, loss=0.1820, mae=0.1709, lr=0.000997]
     Training:   0%|                              | 48/401599 [00:44<99:35:28, 1.12it/s, loss=0.1824, mae=0.1713, lr=0.000997]
     Training:   0%|                              | 49/401599 [00:44<99:35:27, 1.12it/s, loss=0.1824, mae=0.1713, lr=0.000997]
     Training:   0%|                              | 49/401599 [00:45<99:35:27, 1.12it/s, loss=0.1829, mae=0.1720, lr=0.000997]
     Training:   0%|                              | 50/401599 [00:45<99:35:26, 1.12it/s, loss=0.1829, mae=0.1720, lr=0.000997]
     Training:   0%|                              | 50/401599 [00:46<99:35:26, 1.12it/s, loss=0.1828, mae=0.1719, lr=0.000997]
     Training:   0%|                              | 51/401599 [00:46<99:35:25, 1.12it/s, loss=0.1828, mae=0.1719, lr=0.000997]
     Training:   0%|                              | 51/401599 [00:47<99:35:25, 1.12it/s, loss=0.1826, mae=0.1718, lr=0.000997]
     Training:   0%|                              | 52/401599 [00:47<99:35:24, 1.12it/s, loss=0.1826, mae=0.1718, lr=0.000997]
     Training:   0%|                              | 52/401599 [00:48<99:35:24, 1.12it/s, loss=0.1819, mae=0.1714, lr=0.000997]
     Training:   0%|                              | 53/401599 [00:48<99:35:23, 1.12it/s, loss=0.1819, mae=0.1714, lr=0.000997]
     Training:   0%|                              | 53/401599 [00:49<99:35:23, 1.12it/s, loss=0.1824, mae=0.1719, lr=0.000997]
     Training:   0%|                              | 54/401599 [00:49<99:35:22, 1.12it/s, loss=0.1824, mae=0.1719, lr=0.000997]
     Training:   0%|                              | 54/401599 [00:50<99:35:22, 1.12it/s, loss=0.1820, mae=0.1717, lr=0.000997]
     Training:   0%|                              | 55/401599 [00:50<99:35:21, 1.12it/s, loss=0.1820, mae=0.1717, lr=0.000997]
     Training:   0%|                              | 55/401599 [00:50<99:35:21, 1.12it/s, loss=0.1820, mae=0.1716, lr=0.000998]
     Training:   0%|                              | 56/401599 [00:50<99:35:21, 1.12it/s, loss=0.1820, mae=0.1716, lr=0.000998]
     Training:   0%|                              | 56/401599 [00:51<99:35:21, 1.12it/s, loss=0.1812, mae=0.1711, lr=0.000998]
     Training:   0%|                              | 57/401599 [00:51<99:35:20, 1.12it/s, loss=0.1812, mae=0.1711, lr=0.000998]
     Training:   0%|                              | 57/401599 [00:52<99:35:20, 1.12it/s, loss=0.1819, mae=0.1717, lr=0.000998]
     Training:   0%|                              | 58/401599 [00:52<99:35:19, 1.12it/s, loss=0.1819, mae=0.1717, lr=0.000998]
     Training:   0%|                              | 58/401599 [00:53<99:35:19, 1.12it/s, loss=0.1817, mae=0.1717, lr=0.000998]
     Training:   0%|                              | 59/401599 [00:53<99:35:18, 1.12it/s, loss=0.1817, mae=0.1717, lr=0.000998]
     Training:   0%|                              | 59/401599 [00:54<99:35:18, 1.12it/s, loss=0.1814, mae=0.1716, lr=0.000998]
     Training:   0%|                              | 60/401599 [00:54<99:35:17, 1.12it/s, loss=0.1814, mae=0.1716, lr=0.000998]
     Training:   0%|                              | 60/401599 [00:55<99:35:17, 1.12it/s, loss=0.1811, mae=0.1714, lr=0.000998]
     Training:   0%|                              | 61/401599 [00:55<100:29:06, 1.11it/s, loss=0.1811, mae=0.1714, lr=0.000998]
     Training:   0%|                              | 61/401599 [00:56<100:29:06, 1.11it/s, loss=0.1809, mae=0.1714, lr=0.000998]
     Training:   0%|                              | 62/401599 [00:56<99:35:15, 1.12it/s, loss=0.1809, mae=0.1714, lr=0.000998]
     Training:   0%|                              | 62/401599 [00:57<99:35:15, 1.12it/s, loss=0.1806, mae=0.1712, lr=0.000998]
     Training:   0%|                              | 63/401599 [00:57<99:35:14, 1.12it/s, loss=0.1806, mae=0.1712, lr=0.000998]
     Training:   0%|                              | 63/401599 [00:58<99:35:14, 1.12it/s, loss=0.1809, mae=0.1715, lr=0.000998]
     Training:   0%|                              | 64/401599 [00:58<99:35:13, 1.12it/s, loss=0.1809, mae=0.1715, lr=0.000998]
     Training:   0%|                              | 64/401599 [00:59<99:35:13, 1.12it/s, loss=0.1808, mae=0.1716, lr=0.000998]
     Training:   0%|                              | 65/401599 [00:59<99:35:12, 1.12it/s, loss=0.1808, mae=0.1716, lr=0.000998]
     Training:   0%|                              | 65/401599 [00:59<99:35:12, 1.12it/s, loss=0.1811, mae=0.1720, lr=0.000998]
     Training:   0%|                              | 66/401599 [00:59<99:35:12, 1.12it/s, loss=0.1811, mae=0.1720, lr=0.000998]
     Training:   0%|                              | 66/401599 [01:00<99:35:12, 1.12it/s, loss=0.1808, mae=0.1718, lr=0.000998]
     Training:   0%|                              | 67/401599 [01:00<100:29:01, 1.11it/s, loss=0.1808, mae=0.1718, lr=0.000998]
     Training:   0%|                              | 67/401599 [01:01<100:29:01, 1.11it/s, loss=0.1807, mae=0.1718, lr=0.000998]
     Training:   0%|                              | 68/401599 [01:01<100:29:00, 1.11it/s, loss=0.1807, mae=0.1718, lr=0.000998]
     Training:   0%|                              | 68/401599 [01:02<100:29:00, 1.11it/s, loss=0.1803, mae=0.1716, lr=0.000998]
     Training:   0%|                              | 69/401599 [01:02<99:35:09, 1.12it/s, loss=0.1803, mae=0.1716, lr=0.000998]
     Training:   0%|                              | 69/401599 [01:03<99:35:09, 1.12it/s, loss=0.1808, mae=0.1719, lr=0.000998]
     Training:   0%|                              | 70/401599 [01:03<99:35:08, 1.12it/s, loss=0.1808, mae=0.1719, lr=0.000998]
     Training:   0%|                              | 70/401599 [01:04<99:35:08, 1.12it/s, loss=0.1817, mae=0.1728, lr=0.000998]
     Training:   0%|                              | 71/401599 [01:04<99:35:07, 1.12it/s, loss=0.1817, mae=0.1728, lr=0.000998]
     Training:   0%|                              | 71/401599 [01:05<99:35:07, 1.12it/s, loss=0.1815, mae=0.1726, lr=0.000998]
     Training:   0%|                              | 72/401599 [01:05<99:35:06, 1.12it/s, loss=0.1815, mae=0.1726, lr=0.000998]
     Training:   0%|                              | 72/401599 [01:06<99:35:06, 1.12it/s, loss=0.1809, mae=0.1722, lr=0.000998]
     Training:   0%|                              | 73/401599 [01:06<99:35:05, 1.12it/s, loss=0.1809, mae=0.1722, lr=0.000998]
     Training:   0%|                              | 73/401599 [01:07<99:35:05, 1.12it/s, loss=0.1824, mae=0.1733, lr=0.000998]
     Training:   0%|                              | 74/401599 [01:07<99:35:04, 1.12it/s, loss=0.1824, mae=0.1733, lr=0.000998]
     Training:   0%|                              | 74/401599 [01:07<99:35:04, 1.12it/s, loss=0.1828, mae=0.1736, lr=0.000998]
     Training:   0%|                              | 75/401599 [01:07<99:35:04, 1.12it/s, loss=0.1828, mae=0.1736, lr=0.000998]
     Training:   0%|                              | 75/401599 [01:08<99:35:04, 1.12it/s, loss=0.1829, mae=0.1736, lr=0.000998]
     Training:   0%|                              | 76/401599 [01:08<99:35:03, 1.12it/s, loss=0.1829, mae=0.1736, lr=0.000998]
     Training:   0%|                              | 76/401599 [01:09<99:35:03, 1.12it/s, loss=0.1828, mae=0.1735, lr=0.000998]
     Training:   0%|                              | 77/401599 [01:09<100:28:52, 1.11it/s, loss=0.1828, mae=0.1735, lr=0.000998]
     Training:   0%|                              | 77/401599 [01:10<100:28:52, 1.11it/s, loss=0.1825, mae=0.1732, lr=0.000998]
     Training:   0%|                              | 78/401599 [01:10<100:28:51, 1.11it/s, loss=0.1825, mae=0.1732, lr=0.000998]
     Training:   0%|                              | 78/401599 [01:11<100:28:51, 1.11it/s, loss=0.1821, mae=0.1728, lr=0.000998]
     Training:   0%|                              | 79/401599 [01:11<100:28:50, 1.11it/s, loss=0.1821, mae=0.1728, lr=0.000998]
     Training:   0%|                              | 79/401599 [01:12<100:28:50, 1.11it/s, loss=0.1815, mae=0.1723, lr=0.000999]
     Training:   0%|                              | 80/401599 [01:12<100:28:49, 1.11it/s, loss=0.1815, mae=0.1723, lr=0.000999]
     Training:   0%|                              | 80/401599 [01:13<100:28:49, 1.11it/s, loss=0.1814, mae=0.1722, lr=0.000999]
     Training:   0%|                              | 81/401599 [01:13<99:34:58, 1.12it/s, loss=0.1814, mae=0.1722, lr=0.000999]
     Training:   0%|                              | 81/401599 [01:14<99:34:58, 1.12it/s, loss=0.1813, mae=0.1721, lr=0.000999]
     Training:   0%|                              | 82/401599 [01:14<100:28:47, 1.11it/s, loss=0.1813, mae=0.1721, lr=0.000999]
     Training:   0%|                              | 82/401599 [01:15<100:28:47, 1.11it/s, loss=0.1809, mae=0.1719, lr=0.000999]
     Training:   0%|                              | 83/401599 [01:15<100:28:46, 1.11it/s, loss=0.1809, mae=0.1719, lr=0.000999]
     Training:   0%|                              | 83/401599 [01:16<100:28:46, 1.11it/s, loss=0.1805, mae=0.1715, lr=0.000999]
     Training:   0%|                              | 84/401599 [01:16<100:28:45, 1.11it/s, loss=0.1805, mae=0.1715, lr=0.000999]
     Training:   0%|                              | 84/401599 [01:16<100:28:45, 1.11it/s, loss=0.1807, mae=0.1716, lr=0.000999]
     Training:   0%|                              | 85/401599 [01:16<100:28:44, 1.11it/s, loss=0.1807, mae=0.1716, lr=0.000999]
     Training:   0%|                              | 85/401599 [01:17<100:28:44, 1.11it/s, loss=0.1807, mae=0.1716, lr=0.000999]
     Training:   0%|                              | 86/401599 [01:17<100:28:43, 1.11it/s, loss=0.1807, mae=0.1716, lr=0.000999]
     Training:   0%|                              | 86/401599 [01:18<100:28:43, 1.11it/s, loss=0.1811, mae=0.1719, lr=0.000999]
     Training:   0%|                              | 87/401599 [01:18<99:34:53, 1.12it/s, loss=0.1811, mae=0.1719, lr=0.000999]
     Training:   0%|                              | 87/401599 [01:19<99:34:53, 1.12it/s, loss=0.1808, mae=0.1715, lr=0.000999]
     Training:   0%|                              | 88/401599 [01:19<100:28:42, 1.11it/s, loss=0.1808, mae=0.1715, lr=0.000999]
     Training:   0%|                              | 88/401599 [01:20<100:28:42, 1.11it/s, loss=0.1808, mae=0.1717, lr=0.000999]
     Training:   0%|                              | 89/401599 [01:20<99:34:51, 1.12it/s, loss=0.1808, mae=0.1717, lr=0.000999]
     Training:   0%|                              | 89/401599 [01:21<99:34:51, 1.12it/s, loss=0.1808, mae=0.1718, lr=0.000999]
     Training:   0%|                              | 90/401599 [01:21<100:28:40, 1.11it/s, loss=0.1808, mae=0.1718, lr=0.000999]
     Training:   0%|                              | 90/401599 [01:22<100:28:40, 1.11it/s, loss=0.1815, mae=0.1725, lr=0.000999]
     Training:   0%|                              | 91/401599 [01:22<99:34:49, 1.12it/s, loss=0.1815, mae=0.1725, lr=0.000999]
     Training:   0%|                              | 91/401599 [01:23<99:34:49, 1.12it/s, loss=0.1811, mae=0.1723, lr=0.000999]
     Training:   0%|                              | 92/401599 [01:23<99:34:48, 1.12it/s, loss=0.1811, mae=0.1723, lr=0.000999]
     Training:   0%|                              | 92/401599 [01:24<99:34:48, 1.12it/s, loss=0.1812, mae=0.1724, lr=0.000999]
     Training:   0%|                              | 93/401599 [01:24<99:34:47, 1.12it/s, loss=0.1812, mae=0.1724, lr=0.000999]
     Training:   0%|                              | 93/401599 [01:25<99:34:47, 1.12it/s, loss=0.1809, mae=0.1723, lr=0.000999]
     Training:   0%|                              | 94/401599 [01:25<100:28:36, 1.11it/s, loss=0.1809, mae=0.1723, lr=0.000999]
     Training:   0%|                              | 94/401599 [01:25<100:28:36, 1.11it/s, loss=0.1803, mae=0.1719, lr=0.000999]
     Training:   0%|                              | 95/401599 [01:25<99:34:46, 1.12it/s, loss=0.1803, mae=0.1719, lr=0.000999]
     Training:   0%|                              | 95/401599 [01:26<99:34:46, 1.12it/s, loss=0.1811, mae=0.1725, lr=0.001000]
     Training:   0%|                              | 96/401599 [01:26<99:34:45, 1.12it/s, loss=0.1811, mae=0.1725, lr=0.001000]
     Training:   0%|                              | 96/401599 [01:27<99:34:45, 1.12it/s, loss=0.1812, mae=0.1725, lr=0.001000]
     Training:   0%|                              | 97/401599 [01:27<99:34:44, 1.12it/s, loss=0.1812, mae=0.1725, lr=0.001000]
     Training:   0%|                              | 97/401599 [01:28<99:34:44, 1.12it/s, loss=0.1814, mae=0.1726, lr=0.001000]
     Training:   0%|                              | 98/401599 [01:28<99:34:43, 1.12it/s, loss=0.1814, mae=0.1726, lr=0.001000]
     Training:   0%|                              | 98/401599 [01:29<99:34:43, 1.12it/s, loss=0.1816, mae=0.1728, lr=0.001000]
     Training:   0%|                              | 99/401599 [01:29<99:34:42, 1.12it/s, loss=0.1816, mae=0.1728, lr=0.001000]
     Training:   0%|                              | 99/401599 [01:30<99:34:42, 1.12it/s, loss=0.1816, mae=0.1727, lr=0.001000]
     Training:   0%|                              | 100/401599 [01:30<99:34:41, 1.12it/s, loss=0.1816, mae=0.1727, lr=0.001000]
     Training:   0%|                              | 100/401599 [01:31<99:34:41, 1.12it/s, loss=0.1820, mae=0.1730, lr=0.001000]
     Training:   0%|                              | 101/401599 [01:31<99:34:40, 1.12it/s, loss=0.1820, mae=0.1730, lr=0.001000]
     Training:   0%|                              | 101/401599 [01:32<99:34:40, 1.12it/s, loss=0.1823, mae=0.1731, lr=0.001000]
     Training:   0%|                              | 102/401599 [01:32<99:34:39, 1.12it/s, loss=0.1823, mae=0.1731, lr=0.001000]
     Training:   0%|                              | 102/401599 [01:33<99:34:39, 1.12it/s, loss=0.1821, mae=0.1730, lr=0.001000]
     Training:   0%|                              | 103/401599 [01:33<99:34:39, 1.12it/s, loss=0.1821, mae=0.1730, lr=0.001000]
     Training:   0%|                              | 103/401599 [01:33<99:34:39, 1.12it/s, loss=0.1820, mae=0.1730, lr=0.001000]
     Training:   0%|                              | 104/401599 [01:33<99:34:38, 1.12it/s, loss=0.1820, mae=0.1730, lr=0.001000]
     Training:   0%|                              | 104/401599 [01:34<99:34:38, 1.12it/s, loss=0.1817, mae=0.1727, lr=0.001000]
     Training:   0%|                              | 105/401599 [01:34<100:28:26, 1.11it/s, loss=0.1817, mae=0.1727, lr=0.001000]
     Training:   0%|                              | 105/401599 [01:35<100:28:26, 1.11it/s, loss=0.1815, mae=0.1726, lr=0.001000]
     Training:   0%|                              | 106/401599 [01:35<100:28:25, 1.11it/s, loss=0.1815, mae=0.1726, lr=0.001000]
     Training:   0%|                              | 106/401599 [01:36<100:28:25, 1.11it/s, loss=0.1812, mae=0.1724, lr=0.001000]
     Training:   0%|                              | 107/401599 [01:36<100:28:25, 1.11it/s, loss=0.1812, mae=0.1724, lr=0.001000]
     Training:   0%|                              | 107/401599 [01:37<100:28:25, 1.11it/s, loss=0.1809, mae=0.1721, lr=0.001000]
     Training:   0%|                              | 108/401599 [01:37<99:34:34, 1.12it/s, loss=0.1809, mae=0.1721, lr=0.001000]
     Training:   0%|                              | 108/401599 [01:38<99:34:34, 1.12it/s, loss=0.1811, mae=0.1722, lr=0.001000]
     Training:   0%|                              | 109/401599 [01:38<100:28:23, 1.11it/s, loss=0.1811, mae=0.1722, lr=0.001000]
     Training:   0%|                              | 109/401599 [01:39<100:28:23, 1.11it/s, loss=0.1811, mae=0.1722, lr=0.001000]
     Training:   0%|                              | 110/401599 [01:39<100:28:22, 1.11it/s, loss=0.1811, mae=0.1722, lr=0.001000]
     Training:   0%|                              | 110/401599 [01:40<100:28:22, 1.11it/s, loss=0.1810, mae=0.1722, lr=0.001000]
     Training:   0%|                              | 111/401599 [01:40<100:28:21, 1.11it/s, loss=0.1810, mae=0.1722, lr=0.001000]
     Training:   0%|                              | 111/401599 [01:41<100:28:21, 1.11it/s, loss=0.1813, mae=0.1724, lr=0.001001]
     Training:   0%|                              | 112/401599 [01:41<100:28:20, 1.11it/s, loss=0.1813, mae=0.1724, lr=0.001001]
     Training:   0%|                              | 112/401599 [01:42<100:28:20, 1.11it/s, loss=0.1813, mae=0.1723, lr=0.001001]
     Training:   0%|                              | 113/401599 [01:42<100:28:19, 1.11it/s, loss=0.1813, mae=0.1723, lr=0.001001]
     Training:   0%|                              | 113/401599 [01:42<100:28:19, 1.11it/s, loss=0.1814, mae=0.1723, lr=0.001001]
     Training:   0%|                              | 114/401599 [01:42<100:28:18, 1.11it/s, loss=0.1814, mae=0.1723, lr=0.001001]
     Training:   0%|                              | 114/401599 [01:43<100:28:18, 1.11it/s, loss=0.1813, mae=0.1721, lr=0.001001]
     Training:   0%|                              | 115/401599 [01:43<100:28:17, 1.11it/s, loss=0.1813, mae=0.1721, lr=0.001001]
     Training:   0%|                              | 115/401599 [01:44<100:28:17, 1.11it/s, loss=0.1811, mae=0.1720, lr=0.001001]
     Training:   0%|                              | 116/401599 [01:44<100:28:16, 1.11it/s, loss=0.1811, mae=0.1720, lr=0.001001]
     Training:   0%|                              | 116/401599 [01:45<100:28:16, 1.11it/s, loss=0.1810, mae=0.1718, lr=0.001001]
     Training:   0%|                              | 117/401599 [01:45<100:28:15, 1.11it/s, loss=0.1810, mae=0.1718, lr=0.001001]
     Training:   0%|                              | 117/401599 [01:46<100:28:15, 1.11it/s, loss=0.1807, mae=0.1715, lr=0.001001]
     Training:   0%|                              | 118/401599 [01:46<99:34:25, 1.12it/s, loss=0.1807, mae=0.1715, lr=0.001001]
     Training:   0%|                              | 118/401599 [01:47<99:34:25, 1.12it/s, loss=0.1806, mae=0.1713, lr=0.001001]
     Training:   0%|                              | 119/401599 [01:47<100:28:14, 1.11it/s, loss=0.1806, mae=0.1713, lr=0.001001]
     Training:   0%|                              | 119/401599 [01:48<100:28:14, 1.11it/s, loss=0.1804, mae=0.1710, lr=0.001001]
     Training:   0%|                              | 120/401599 [01:48<100:28:13, 1.11it/s, loss=0.1804, mae=0.1710, lr=0.001001]
     Training:   0%|                              | 120/401599 [01:49<100:28:13, 1.11it/s, loss=0.1804, mae=0.1710, lr=0.001001]
     Training:   0%|                              | 121/401599 [01:49<100:28:12, 1.11it/s, loss=0.1804, mae=0.1710, lr=0.001001]
     Training:   0%|                              | 121/401599 [01:50<100:28:12, 1.11it/s, loss=0.1804, mae=0.1710, lr=0.001001]
     Training:   0%|                              | 122/401599 [01:50<100:28:11, 1.11it/s, loss=0.1804, mae=0.1710, lr=0.001001]
     Training:   0%|                              | 122/401599 [01:51<100:28:11, 1.11it/s, loss=0.1803, mae=0.1709, lr=0.001001]
     Training:   0%|                              | 123/401599 [01:51<99:34:21, 1.12it/s, loss=0.1803, mae=0.1709, lr=0.001001]
     Training:   0%|                              | 123/401599 [01:51<99:34:21, 1.12it/s, loss=0.1805, mae=0.1711, lr=0.001001]
     Training:   0%|                              | 124/401599 [01:51<99:34:20, 1.12it/s, loss=0.1805, mae=0.1711, lr=0.001001]
     Training:   0%|                              | 124/401599 [01:52<99:34:20, 1.12it/s, loss=0.1804, mae=0.1711, lr=0.001001]
     Training:   0%|                              | 125/401599 [01:52<99:34:19, 1.12it/s, loss=0.1804, mae=0.1711, lr=0.001001]
     Training:   0%|                              | 125/401599 [01:53<99:34:19, 1.12it/s, loss=0.1808, mae=0.1713, lr=0.001001]
     Training:   0%|                              | 126/401599 [01:53<100:28:07, 1.11it/s, loss=0.1808, mae=0.1713, lr=0.001001]
     Training:   0%|                              | 126/401599 [01:54<100:28:07, 1.11it/s, loss=0.1812, mae=0.1717, lr=0.001001]
     Training:   0%|                              | 127/401599 [01:54<99:34:17, 1.12it/s, loss=0.1812, mae=0.1717, lr=0.001001]
     Training:   0%|                              | 127/401599 [01:55<99:34:17, 1.12it/s, loss=0.1812, mae=0.1717, lr=0.001002]
     Training:   0%|                              | 128/401599 [01:55<100:28:06, 1.11it/s, loss=0.1812, mae=0.1717, lr=0.001002]
     Training:   0%|                              | 128/401599 [01:56<100:28:06, 1.11it/s, loss=0.1813, mae=0.1717, lr=0.001002]
     Training:   0%|                              | 129/401599 [01:56<100:28:05, 1.11it/s, loss=0.1813, mae=0.1717, lr=0.001002]
     Training:   0%|                              | 129/401599 [01:57<100:28:05, 1.11it/s, loss=0.1813, mae=0.1717, lr=0.001002]
     Training:   0%|                              | 130/401599 [01:57<100:28:04, 1.11it/s, loss=0.1813, mae=0.1717, lr=0.001002]
     Training:   0%|                              | 130/401599 [01:58<100:28:04, 1.11it/s, loss=0.1812, mae=0.1716, lr=0.001002]
     Training:   0%|                              | 131/401599 [01:58<100:28:03, 1.11it/s, loss=0.1812, mae=0.1716, lr=0.001002]
     Training:   0%|                              | 131/401599 [01:59<100:28:03, 1.11it/s, loss=0.1815, mae=0.1718, lr=0.001002]
     Training:   0%|                              | 132/401599 [01:59<100:28:02, 1.11it/s, loss=0.1815, mae=0.1718, lr=0.001002]
     Training:   0%|                              | 132/401599 [02:00<100:28:02, 1.11it/s, loss=0.1816, mae=0.1719, lr=0.001002]
     Training:   0%|                              | 133/401599 [02:00<100:28:01, 1.11it/s, loss=0.1816, mae=0.1719, lr=0.001002]
     Training:   0%|                              | 133/401599 [02:00<100:28:01, 1.11it/s, loss=0.1818, mae=0.1720, lr=0.001002]
     Training:   0%|                              | 134/401599 [02:00<100:28:00, 1.11it/s, loss=0.1818, mae=0.1720, lr=0.001002]
     Training:   0%|                              | 134/401599 [02:01<100:28:00, 1.11it/s, loss=0.1817, mae=0.1719, lr=0.001002]
     Training:   0%|                              | 135/401599 [02:01<100:27:59, 1.11it/s, loss=0.1817, mae=0.1719, lr=0.001002]
     Training:   0%|                              | 135/401599 [02:02<100:27:59, 1.11it/s, loss=0.1820, mae=0.1721, lr=0.001002]
     Training:   0%|                              | 136/401599 [02:02<100:27:58, 1.11it/s, loss=0.1820, mae=0.1721, lr=0.001002]
     Training:   0%|                              | 136/401599 [02:03<100:27:58, 1.11it/s, loss=0.1818, mae=0.1719, lr=0.001002]
     Training:   0%|                              | 137/401599 [02:03<100:27:57, 1.11it/s, loss=0.1818, mae=0.1719, lr=0.001002]
     Training:   0%|                              | 137/401599 [02:04<100:27:57, 1.11it/s, loss=0.1821, mae=0.1721, lr=0.001002]
     Training:   0%|                              | 138/401599 [02:04<100:27:57, 1.11it/s, loss=0.1821, mae=0.1721, lr=0.001002]
     Training:   0%|                              | 138/401599 [02:05<100:27:57, 1.11it/s, loss=0.1822, mae=0.1722, lr=0.001002]
     Training:   0%|                              | 139/401599 [02:05<100:27:56, 1.11it/s, loss=0.1822, mae=0.1722, lr=0.001002]
     Training:   0%|                              | 139/401599 [02:06<100:27:56, 1.11it/s, loss=0.1820, mae=0.1721, lr=0.001002]
     Training:   0%|                              | 140/401599 [02:06<100:27:55, 1.11it/s, loss=0.1820, mae=0.1721, lr=0.001002]
     Training:   0%|                              | 140/401599 [02:07<100:27:55, 1.11it/s, loss=0.1822, mae=0.1724, lr=0.001002]
     Training:   0%|                              | 141/401599 [02:07<100:27:54, 1.11it/s, loss=0.1822, mae=0.1724, lr=0.001002]
     Training:   0%|                              | 141/401599 [02:08<100:27:54, 1.11it/s, loss=0.1819, mae=0.1721, lr=0.001002]
     Training:   0%|                              | 142/401599 [02:08<100:27:53, 1.11it/s, loss=0.1819, mae=0.1721, lr=0.001002]
     Training:   0%|                              | 142/401599 [02:09<100:27:53, 1.11it/s, loss=0.1821, mae=0.1722, lr=0.001002]
     Training:   0%|                              | 143/401599 [02:09<99:34:03, 1.12it/s, loss=0.1821, mae=0.1722, lr=0.001002]
     Training:   0%|                              | 143/401599 [02:09<99:34:03, 1.12it/s, loss=0.1822, mae=0.1722, lr=0.001003]
     Training:   0%|                              | 144/401599 [02:09<100:27:51, 1.11it/s, loss=0.1822, mae=0.1722, lr=0.001003]
     Training:   0%|                              | 144/401599 [02:10<100:27:51, 1.11it/s, loss=0.1819, mae=0.1720, lr=0.001003]
     Training:   0%|                              | 145/401599 [02:10<99:34:01, 1.12it/s, loss=0.1819, mae=0.1720, lr=0.001003]
     Training:   0%|                              | 145/401599 [02:11<99:34:01, 1.12it/s, loss=0.1821, mae=0.1721, lr=0.001003]
     Training:   0%|                              | 146/401599 [02:11<100:27:49, 1.11it/s, loss=0.1821, mae=0.1721, lr=0.001003]
     Training:   0%|                              | 146/401599 [02:12<100:27:49, 1.11it/s, loss=0.1818, mae=0.1718, lr=0.001003]
     Training:   0%|                              | 147/401599 [02:12<100:27:48, 1.11it/s, loss=0.1818, mae=0.1718, lr=0.001003]
     Training:   0%|                              | 147/401599 [02:13<100:27:48, 1.11it/s, loss=0.1816, mae=0.1716, lr=0.001003]
     Training:   0%|                              | 148/401599 [02:13<99:33:58, 1.12it/s, loss=0.1816, mae=0.1716, lr=0.001003]
     Training:   0%|                              | 148/401599 [02:14<99:33:58, 1.12it/s, loss=0.1815, mae=0.1715, lr=0.001003]
     Training:   0%|                              | 149/401599 [02:14<99:33:57, 1.12it/s, loss=0.1815, mae=0.1715, lr=0.001003]
     Training:   0%|                              | 149/401599 [02:15<99:33:57, 1.12it/s, loss=0.1817, mae=0.1718, lr=0.001003]
     Training:   0%|                              | 150/401599 [02:15<99:33:57, 1.12it/s, loss=0.1817, mae=0.1718, lr=0.001003]
     Training:   0%|                              | 150/401599 [02:16<99:33:57, 1.12it/s, loss=0.1821, mae=0.1721, lr=0.001003]
     Training:   0%|                              | 151/401599 [02:16<99:33:56, 1.12it/s, loss=0.1821, mae=0.1721, lr=0.001003]
     Training:   0%|                              | 151/401599 [02:17<99:33:56, 1.12it/s, loss=0.1820, mae=0.1720, lr=0.001003]
     Training:   0%|                              | 152/401599 [02:17<100:27:44, 1.11it/s, loss=0.1820, mae=0.1720, lr=0.001003]
     Training:   0%|                              | 152/401599 [02:17<100:27:44, 1.11it/s, loss=0.1820, mae=0.1719, lr=0.001003]
     Training:   0%|                              | 153/401599 [02:17<99:33:54, 1.12it/s, loss=0.1820, mae=0.1719, lr=0.001003]
     Training:   0%|                              | 153/401599 [02:18<99:33:54, 1.12it/s, loss=0.1821, mae=0.1720, lr=0.001003]
     Training:   0%|                              | 154/401599 [02:18<100:27:42, 1.11it/s, loss=0.1821, mae=0.1720, lr=0.001003]
     Training:   0%|                              | 154/401599 [02:19<100:27:42, 1.11it/s, loss=0.1819, mae=0.1718, lr=0.001003]
     Training:   0%|                              | 155/401599 [02:19<100:27:41, 1.11it/s, loss=0.1819, mae=0.1718, lr=0.001003]
     Training:   0%|                              | 155/401599 [02:20<100:27:41, 1.11it/s, loss=0.1821, mae=0.1719, lr=0.001003]
     Training:   0%|                              | 156/401599 [02:20<100:27:40, 1.11it/s, loss=0.1821, mae=0.1719, lr=0.001003]
     Training:   0%|                              | 156/401599 [02:21<100:27:40, 1.11it/s, loss=0.1818, mae=0.1716, lr=0.001003]
     Training:   0%|                              | 157/401599 [02:21<100:27:39, 1.11it/s, loss=0.1818, mae=0.1716, lr=0.001003]
     Training:   0%|                              | 157/401599 [02:22<100:27:39, 1.11it/s, loss=0.1818, mae=0.1715, lr=0.001003]
     Training:   0%|                              | 158/401599 [02:22<100:27:39, 1.11it/s, loss=0.1818, mae=0.1715, lr=0.001003]
     Training:   0%|                              | 158/401599 [02:23<100:27:39, 1.11it/s, loss=0.1818, mae=0.1714, lr=0.001003]
     Training:   0%|                              | 159/401599 [02:23<100:27:38, 1.11it/s, loss=0.1818, mae=0.1714, lr=0.001003]
     Training:   0%|                              | 159/401599 [02:24<100:27:38, 1.11it/s, loss=0.1818, mae=0.1714, lr=0.001004]
     Training:   0%|                              | 160/401599 [02:24<100:27:37, 1.11it/s, loss=0.1818, mae=0.1714, lr=0.001004]
     Training:   0%|                              | 160/401599 [02:25<100:27:37, 1.11it/s, loss=0.1816, mae=0.1712, lr=0.001004]
     Training:   0%|                              | 161/401599 [02:25<100:27:36, 1.11it/s, loss=0.1816, mae=0.1712, lr=0.001004]
     Training:   0%|                              | 161/401599 [02:26<100:27:36, 1.11it/s, loss=0.1817, mae=0.1712, lr=0.001004]
     Training:   0%|                              | 162/401599 [02:26<100:27:35, 1.11it/s, loss=0.1817, mae=0.1712, lr=0.001004]
     Training:   0%|                              | 162/401599 [02:26<100:27:35, 1.11it/s, loss=0.1817, mae=0.1712, lr=0.001004]
     Training:   0%|                              | 163/401599 [02:26<100:27:34, 1.11it/s, loss=0.1817, mae=0.1712, lr=0.001004]
     Training:   0%|                              | 163/401599 [02:27<100:27:34, 1.11it/s, loss=0.1818, mae=0.1714, lr=0.001004]
     Training:   0%|                              | 164/401599 [02:27<100:27:33, 1.11it/s, loss=0.1818, mae=0.1714, lr=0.001004]
     Training:   0%|                              | 164/401599 [02:28<100:27:33, 1.11it/s, loss=0.1817, mae=0.1712, lr=0.001004]
     Training:   0%|                              | 165/401599 [02:28<100:27:32, 1.11it/s, loss=0.1817, mae=0.1712, lr=0.001004]
     Training:   0%|                              | 165/401599 [02:29<100:27:32, 1.11it/s, loss=0.1817, mae=0.1713, lr=0.001004]
     Training:   0%|                              | 166/401599 [02:29<100:27:31, 1.11it/s, loss=0.1817, mae=0.1713, lr=0.001004]
     Training:   0%|                              | 166/401599 [02:30<100:27:31, 1.11it/s, loss=0.1820, mae=0.1715, lr=0.001004]
     Training:   0%|                              | 167/401599 [02:30<100:27:30, 1.11it/s, loss=0.1820, mae=0.1715, lr=0.001004]
     Training:   0%|                              | 167/401599 [02:31<100:27:30, 1.11it/s, loss=0.1822, mae=0.1717, lr=0.001004]
     Training:   0%|                              | 168/401599 [02:31<100:27:30, 1.11it/s, loss=0.1822, mae=0.1717, lr=0.001004]
     Training:   0%|                              | 168/401599 [02:32<100:27:30, 1.11it/s, loss=0.1823, mae=0.1717, lr=0.001004]
     Training:   0%|                              | 169/401599 [02:32<100:27:29, 1.11it/s, loss=0.1823, mae=0.1717, lr=0.001004]
     Training:   0%|                              | 169/401599 [02:33<100:27:29, 1.11it/s, loss=0.1823, mae=0.1717, lr=0.001004]
     Training:   0%|                              | 170/401599 [02:33<100:27:28, 1.11it/s, loss=0.1823, mae=0.1717, lr=0.001004]
     Training:   0%|                              | 170/401599 [02:34<100:27:28, 1.11it/s, loss=0.1824, mae=0.1717, lr=0.001004]
     Training:   0%|                              | 171/401599 [02:34<100:27:27, 1.11it/s, loss=0.1824, mae=0.1717, lr=0.001004]
     Training:   0%|                              | 171/401599 [02:35<100:27:27, 1.11it/s, loss=0.1825, mae=0.1718, lr=0.001004]
     Training:   0%|                              | 172/401599 [02:35<100:27:26, 1.11it/s, loss=0.1825, mae=0.1718, lr=0.001004]
     Training:   0%|                              | 172/401599 [02:35<100:27:26, 1.11it/s, loss=0.1829, mae=0.1720, lr=0.001004]
     Training:   0%|                              | 173/401599 [02:35<100:27:25, 1.11it/s, loss=0.1829, mae=0.1720, lr=0.001004]
     Training:   0%|                              | 173/401599 [02:36<100:27:25, 1.11it/s, loss=0.1831, mae=0.1721, lr=0.001004]
     Training:   0%|                              | 174/401599 [02:36<100:27:24, 1.11it/s, loss=0.1831, mae=0.1721, lr=0.001004]
     Training:   0%|                              | 174/401599 [02:37<100:27:24, 1.11it/s, loss=0.1828, mae=0.1718, lr=0.001004]
     Training:   0%|                              | 175/401599 [02:37<100:27:23, 1.11it/s, loss=0.1828, mae=0.1718, lr=0.001004]
     Training:   0%|                              | 175/401599 [02:38<100:27:23, 1.11it/s, loss=0.1829, mae=0.1719, lr=0.001005]
     Training:   0%|                              | 176/401599 [02:38<100:27:22, 1.11it/s, loss=0.1829, mae=0.1719, lr=0.001005]
     Training:   0%|                              | 176/401599 [02:39<100:27:22, 1.11it/s, loss=0.1828, mae=0.1719, lr=0.001005]
     Training:   0%|                              | 177/401599 [02:39<100:27:21, 1.11it/s, loss=0.1828, mae=0.1719, lr=0.001005]
     Training:   0%|                              | 177/401599 [02:40<100:27:21, 1.11it/s, loss=0.1827, mae=0.1719, lr=0.001005]
     Training:   0%|                              | 178/401599 [02:40<100:27:21, 1.11it/s, loss=0.1827, mae=0.1719, lr=0.001005]
     Training:   0%|                              | 178/401599 [02:41<100:27:21, 1.11it/s, loss=0.1829, mae=0.1722, lr=0.001005]
     Training:   0%|                              | 179/401599 [02:41<100:27:20, 1.11it/s, loss=0.1829, mae=0.1722, lr=0.001005]
