
================================================================================
PIXEL-AWARE FRAME SAMPLING
Multi-criteria: frac10 + frac20 + p99 + valid_frac
================================================================================
  Splits        : ['val']
  thr_10/20     : 10.0/20.0 mm/h
  top_ratio     : 0.25  top_prob=0.85  bottom_prob=0.15
  gate: min_frac10=0.0005  min_valid=0.1
  weights: p99=0.3 frac10=0.4 frac20=0.2 valid=0.1
  n_jobs=8  batch_size=500
================================================================================

Skipping split: train
================================================================================
PIXEL-AWARE PRESAMPLE — VAL
================================================================================
  Input       : metadata/val_multihorizon.csv
  Output      : metadata/val_sampled_multihorizon.csv
  thr_10      : 10.0 mm/h  (frac10)
  thr_20      : 20.0 mm/h  (frac20)
  top_ratio   : 0.25  (top 25% by score)
  top_prob    : 0.85  (keep prob for top bucket)
  bottom_prob : 0.15  (keep prob for bottom bucket)
  min_frac10  : 0.0005
  min_valid   : 0.1
  n_jobs      : 8
================================================================================

Loaded 90,449 rows from metadata/val_multihorizon.csv
Filtered to split='val': 90,449 rows
Radar columns: ['radar_path_15', 'radar_path_30', 'radar_path_45', 'radar_path_60']

Computing frame features (90,449 frames, 181 batches)...

Successfully loaded: 90,449 / 90,449 frames
After gate filter: 40,236 frames pass (removed 50,213 speckle/bad-mask frames)

SAMPLING STATISTICS:
--------------------------------------------------------------------------------
  Score threshold   : 0.0792  (top 25%)
  Top bucket        : 10,059 frames  → kept 8,536 (84.9%)
  Bottom bucket     : 30,177 frames  → kept 4,530 (15.0%)
  Gated out         : 50,213 frames (speckle/bad mask)
  Total kept        : 13,066 / 90,449  (14.4%)
  Top ratio (kept)  : 65.3%
--------------------------------------------------------------------------------

  Kept frame stats:
    frac10  mean=0.0099  p50=0.0080  p90=0.0211
    frac20  mean=0.0025  p50=0.0011  p90=0.0066
    p99_mmh mean=9.76  p50=9.24  max=45.34

  Saved → metadata/val_sampled_multihorizon.csv  (13,066 rows)

Skipping split: test

================================================================================
SUMMARY
================================================================================
  val  : 13,066 frames sampled
================================================================================

