
======================================================================
TEST VISUALIZATION — TOP-5 BY p99(x_seq)
  Device      : cuda
  Checkpoint  : CHECKPOINTS_CONVLSTM_PATCH_1KM/best.pth
  Test CSV    : val_patch_128x128_s64_all_sampled.csv
  Horizons    : [15, 30, 45, 60] min
  Top-K       : 5
  Rank by     : p99(x_seq)  (raw mm/h, no log transform)
======================================================================


======================================================================
 SatelliteRadarPatchDataset (PATCH-BASED MULTI-HORIZON)
======================================================================
 Metadata CSV:     val_patch_128x128_s64_all_sampled.csv
 Radar root:       /home/fe/sajib/scratch/weather-data/radar_de
 Satellite root:   /home/fe/sajib/scratch/weather-data/satellite_de_regridded
 Patch size:       128x128 (native 1km/pixel)
 Input frames:     9 × 5min
 Channels:         ['CH7', 'CH9']
 Horizons:         [15, 30, 45, 60] min
 n_horizons:       4
 Radar clip max:   128.0 mm/h
 Transform:        log10(x + 0.001)
  CH7: mean=36.83, std=12.58
  CH9: mean=65.70, std=19.36
======================================================================
