
================================================================================
MULTI-HORIZON TEST EVALUATION
================================================================================
  Checkpoint : CHECKPOINTS_CONVLSTM_CORRECT_CLIP/best.pth
  Output dir : TEST_RESULTS
  Device     : cuda
  Data Unit  : mm/h  |  Clip: 128.0 mm/h
================================================================================

Horizons: [15, 30, 45, 60]

📂 Loading test dataset...

======================================================================
 SatelliteRadarDataset Initialized (MULTI-HORIZON)
======================================================================
Metadata: metadata/test_sampled_multihorizon.csv
Satellite Configuration:
  Ch7: mean=36.83, std=12.58 (no clipping)
  Ch9: mean=65.70, std=19.36 (no clipping)
Radar Configuration:
  Clip: [0, 128.00] mm/hr
  Transform: log10(x + 0.001)
Temporal Configuration:
  History: 45 min
  Cadence: 5 min
  Forecast horizons: [15, 30, 45, 60] min
  n_horizons: 4

Initial samples: 16,926

  → 9 timesteps
  → Satellite: 18 channels
  → Radar history: 9 channels
  → Total input: 27 channels
  → Target: [4, H, W] (one frame per horizon)
======================================================================

✅ Test: 16,926 samples

🏗️  Building model...

📦 Loading: CHECKPOINTS_CONVLSTM_CORRECT_CLIP/best.pth
   Trained epoch : 2
   Best Mean ETS : 0.06243634576535345

================================================================================
RUNNING FULL TEST EVALUATION...
================================================================================

================================================================================
TEST RESULTS
================================================================================
  Test Loss    : 0.380147
  Mean ETS@10 : 0.0693

  Operational @ 10 mm/h:
  Horizon    MAE        RMSE       ETS        CSI        SSIM       PSNR      
  ----------------------------------------------------------------------
  t+15      0.2200     0.4484     0.1364     0.1373     0.9773     46.05     
  t+30      0.2458     0.5160     0.0891     0.0898     0.9707     45.36     
  t+45      0.2831     0.5684     0.0302     0.0304     0.9661     45.05     
  t+60      0.3010     0.6074     0.0215     0.0216     0.9626     44.75      ← PRIMARY

  Extreme @ 40 mm/h:
  Horizon    CSI        BaseRate    
  --------------------------------
  t+15      0.0136     0.000101    
  t+30      0.0088     0.000101    
  t+45      0.0001     0.000101    
  t+60      0.0000     0.000099    

  Results saved: TEST_RESULTS/test_results.json

================================================================================
GENERATING VISUALIZATIONS (4 best storm samples)...
================================================================================
  Visualization saved: TEST_RESULTS/test_visualization.png

================================================================================
TEST COMPLETE
================================================================================

