
================================================================================
MULTI-HORIZON TRAINING — ConvLSTM Direct Multi-Step v3
================================================================================
  Device        : cuda
  Loss Function : hybrid_weighted_mse
  Data Unit     : mm/h  (NO *12 conversion)
  Clip Max      : 128.0 mm/h
  SoftLog eps   : 1.0  (FIX 36)
  LR Scheduler  : cosine_warm_restarts
  Horizons      : [15, 30, 45, 60]
  n_horizons    : 4

================================================================================
TWO-THRESHOLD STRATEGY  [DATA UNIT: mm/h]
================================================================================
  Operational : 5.0 mm/h
  Extreme     : 15.0 mm/h (Manual fallback)
================================================================================


================================================================================
CLIP CONFIGURATION VERIFICATION  [FIX 36: eps=1.0, normalized]
================================================================================
  clip_max          : 128.00 mm/h
  SoftLog eps       : 1.0  (was 0.001)
  LOG_NORM          : 2.1106  (= log10(128.0+1.0))
  Transform range   : [0.0, 1.0]
  ---
  0    mm/h → 0.0000  (was -3.000)
  1    mm/h → 0.1426  (was  0.000)
  5    mm/h → 0.3687
  10   mm/h → 0.4934  ← midpoint ✅  (was 1.000 = 47% of old range)
  20   mm/h → 0.6265
  40   mm/h → 0.7641
  128  mm/h → 1.0000  (was 2.107)
  Artifact threshold: 150.0 mm/h → nan
  NOTE: Data is mm/h — NO *12 conversion applied
================================================================================


📂 Loading datasets...

======================================================================
 SatelliteRadarDataset Initialized (MULTI-HORIZON)
======================================================================
Metadata: metadata/train_sampled_multihorizon.csv
Satellite Configuration:
  Ch7: mean=36.83, std=12.58 (no clipping)
  Ch9: mean=65.70, std=19.36 (no clipping)
Radar Configuration:
  Clip: [0, 128.00] mm/hr
  Transform: log10(x + 0.001)
Temporal Configuration:
  History: 45 min
  Cadence: 5 min
  Forecast horizons: [15, 30, 45, 60] min
  n_horizons: 4

Initial samples: 127,342

  → 9 timesteps
  → Satellite: 18 channels
  → Radar history: 9 channels
  → Total input: 27 channels
  → Target: [4, H, W] (one frame per horizon)
======================================================================


======================================================================
 SatelliteRadarDataset Initialized (MULTI-HORIZON)
======================================================================
Metadata: metadata/val_sampled_multihorizon.csv
Satellite Configuration:
  Ch7: mean=36.83, std=12.58 (no clipping)
  Ch9: mean=65.70, std=19.36 (no clipping)
Radar Configuration:
  Clip: [0, 128.00] mm/hr
  Transform: log10(x + 0.001)
Temporal Configuration:
  History: 45 min
  Cadence: 5 min
  Forecast horizons: [15, 30, 45, 60] min
  n_horizons: 4

Initial samples: 16,940

  → 9 timesteps
  → Satellite: 18 channels
  → Radar history: 9 channels
  → Total input: 27 channels
  → Target: [4, H, W] (one frame per horizon)
======================================================================


✅ Train: 127,342 | Val: 16,940

🏗️  Building Multi-Horizon ConvLSTM Model...
   history_minutes     : 45
   cadence_minutes     : 5
   n_timesteps         : 9
   channels_per_step   : 3
   total input channels: 27  (expected 27)
   output channels     : 4  (one per horizon)
   Parameters          : 9,032,564

================================================================================
MULTI-HORIZON TRAINING — DIRECT MULTI-STEP SUPERVISED LEARNING v3
================================================================================
  Data Unit       : mm/h (NO *12 conversion)
  Clip Max        : 128.0 mm/h
  Artifact Thr    : 150.0 mm/h → nan
  SoftLog eps     : 1.0  (FIX 36: was 0.001)
  SoftLog range   : [0.0, 1.0]  (FIX 36: was [-3, 2.1])
  10 mm/h in log  : 0.493  (FIX 36: midpoint ✅)
  Loss Type       : HYBRID_WEIGHTED_MSE  [log-space loss, mm/h weights]
  Weights         : 5.0mm/h→5.0x  10.0mm/h→20.0x  15.0mm/h→50.0x  (FIX 38)
  Horizons        : [15, 30, 45, 60] min
  Horizon weights : [1.0, 1.0, 1.0, 1.0]  (FIXED)
  Learning Rate   : 1.00e-04
  Batch Size      : 16
  Grad Accum      : 4x (effective: 64)
  LR Scheduler    : cosine_warm_restarts
  Save Best By    : Val Loss (lower = better)
  ETS Report      : 1
  Viz MinRain     : 10.0 mm/h
  Verification    : ETS+CSI@5 mm/h | CSI@15 mm/h (extreme, secondary)
  Mixed Precision : True
================================================================================

✅ Using HybridWeightedMSE [FIX 37+38: correct inverse + higher weights]

✅ AdamW | LR=1.00e-04
  LR Scheduler    : CosineAnnealingWarmRestarts | T_0=3 | eta_min=5.0e-05

✅ Mixed Precision Training ENABLED

Starting from scratch.


================================================================================
EPOCH 1/30
================================================================================
  Horizon weights: [1.0, 1.0, 1.0, 1.0]

  Results (Time: 6195.4s | LR: 8.750000e-05):
    Train Loss [log] : 0.221757
    Val   Loss [log] : 0.222723
    Avg ETS@5mm/h   : 0.1500
    Avg CSI@5mm/h   : 0.1526

  Operational Verification @ 5 mm/h:
  Horizon    MAE(mm/h)    RMSE(mm/h)   ETS        CSI       
  ------------------------------------------------------
  t+15      0.21         0.85         0.2825     0.2865    
  t+30      0.23         0.93         0.1574     0.1603    
  t+45      0.25         0.97         0.1010     0.1032    
  t+60      0.26         1.01         0.0590     0.0605     ← PRIMARY
  AVG        ---          ---          0.1500     0.1526      ← AVG

  Extreme Core @ 15 mm/h (secondary):
  Horizon    CSI        BaseRate    
  --------------------------------
  t+15      0.0073     0.000796    
  t+30      0.0000     0.000798    
  t+45      0.0000     0.000798    
  t+60      0.0000     0.000797    

  Creating visualizations (epoch 1)...
  Visualization saved: VALVIZ_CONVLSTM_CORRECT_CLIP6/epoch_001.png

  ★★★ NEW BEST MODEL! Val Loss=0.2227 | ETS=0.1500 | CSI=0.1526 ★★★

================================================================================
EPOCH 2/30
================================================================================
  Horizon weights: [1.0, 1.0, 1.0, 1.0]

  Results (Time: 6276.3s | LR: 6.250000e-05):
    Train Loss [log] : 0.213405
    Val   Loss [log] : 0.221754
    Avg ETS@5mm/h   : 0.1481
    Avg CSI@5mm/h   : 0.1506
    Loss Change       : -0.000969

  Operational Verification @ 5 mm/h:
  Horizon    MAE(mm/h)    RMSE(mm/h)   ETS        CSI       
  ------------------------------------------------------
  t+15      0.20         0.85         0.2755     0.2792    
  t+30      0.23         0.93         0.1638     0.1667    
  t+45      0.24         0.98         0.0926     0.0945    
  t+60      0.25         1.00         0.0604     0.0619     ← PRIMARY
  AVG        ---          ---          0.1481     0.1506      ← AVG

  Extreme Core @ 15 mm/h (secondary):
  Horizon    CSI        BaseRate    
  --------------------------------
  t+15      0.0109     0.000796    
  t+30      0.0000     0.000798    
  t+45      0.0000     0.000798    
  t+60      0.0000     0.000797    

  Creating visualizations (epoch 2)...
  Visualization saved: VALVIZ_CONVLSTM_CORRECT_CLIP6/epoch_002.png

  ★★★ NEW BEST MODEL! Val Loss=0.2218 | ETS=0.1481 | CSI=0.1506 ★★★

================================================================================
EPOCH 3/30
================================================================================
  Horizon weights: [1.0, 1.0, 1.0, 1.0]

  Results (Time: 6176.8s | LR: 1.000000e-04):
    Train Loss [log] : 0.211214
    Val   Loss [log] : 0.222235
    Avg ETS@5mm/h   : 0.1705
    Avg CSI@5mm/h   : 0.1736
    Loss Change       : +0.000481

  Operational Verification @ 5 mm/h:
  Horizon    MAE(mm/h)    RMSE(mm/h)   ETS        CSI       
  ------------------------------------------------------
  t+15      0.20         0.84         0.2972     0.3012    
  t+30      0.23         0.93         0.1824     0.1858    
  t+45      0.25         0.98         0.1184     0.1211    
  t+60      0.26         1.01         0.0839     0.0862     ← PRIMARY
  AVG        ---          ---          0.1705     0.1736      ← AVG

  Extreme Core @ 15 mm/h (secondary):
  Horizon    CSI        BaseRate    
  --------------------------------
  t+15      0.0236     0.000796    
  t+30      0.0011     0.000798    
  t+45      0.0001     0.000798    
  t+60      0.0000     0.000797    

  Creating visualizations (epoch 3)...
  Visualization saved: VALVIZ_CONVLSTM_CORRECT_CLIP6/epoch_003.png
  No improvement for 1 epoch(s) (best val loss: 0.2218)

================================================================================
EPOCH 4/30
================================================================================
  Horizon weights: [1.0, 1.0, 1.0, 1.0]

  Results (Time: 6203.2s | LR: 8.750000e-05):
    Train Loss [log] : 0.209592
    Val   Loss [log] : 0.223739
    Avg ETS@5mm/h   : 0.1574
    Avg CSI@5mm/h   : 0.1603
    Loss Change       : +0.001504

  Operational Verification @ 5 mm/h:
  Horizon    MAE(mm/h)    RMSE(mm/h)   ETS        CSI       
  ------------------------------------------------------
  t+15      0.20         0.84         0.2979     0.3019    
  t+30      0.23         0.94         0.1589     0.1619    
  t+45      0.25         1.00         0.1033     0.1059    
  t+60      0.27         1.04         0.0697     0.0717     ← PRIMARY
  AVG        ---          ---          0.1574     0.1603      ← AVG

  Extreme Core @ 15 mm/h (secondary):
  Horizon    CSI        BaseRate    
  --------------------------------
  t+15      0.0208     0.000796    
  t+30      0.0012     0.000798    
  t+45      0.0002     0.000798    
  t+60      0.0000     0.000797    

  Creating visualizations (epoch 4)...
  Visualization saved: VALVIZ_CONVLSTM_CORRECT_CLIP6/epoch_004.png
  No improvement for 2 epoch(s) (best val loss: 0.2218)

================================================================================
EPOCH 5/30
================================================================================
  Horizon weights: [1.0, 1.0, 1.0, 1.0]

  Results (Time: 6198.2s | LR: 6.250000e-05):
    Train Loss [log] : 0.207306
    Val   Loss [log] : 0.225110
    Avg ETS@5mm/h   : 0.1657
    Avg CSI@5mm/h   : 0.1690
    Loss Change       : +0.001371

  Operational Verification @ 5 mm/h:
  Horizon    MAE(mm/h)    RMSE(mm/h)   ETS        CSI       
  ------------------------------------------------------
  t+15      0.20         0.84         0.3041     0.3082    
  t+30      0.23         0.94         0.1709     0.1743    
  t+45      0.26         1.01         0.1051     0.1079    
  t+60      0.27         1.05         0.0828     0.0856     ← PRIMARY
  AVG        ---          ---          0.1657     0.1690      ← AVG

  Extreme Core @ 15 mm/h (secondary):
  Horizon    CSI        BaseRate    
  --------------------------------
  t+15      0.0335     0.000796    
  t+30      0.0029     0.000798    
  t+45      0.0010     0.000798    
  t+60      0.0003     0.000797    

  Creating visualizations (epoch 5)...
  Visualization saved: VALVIZ_CONVLSTM_CORRECT_CLIP6/epoch_005.png
  No improvement for 3 epoch(s) (best val loss: 0.2218)

================================================================================
EPOCH 6/30
================================================================================
  Horizon weights: [1.0, 1.0, 1.0, 1.0]

  Results (Time: 6209.6s | LR: 1.000000e-04):
    Train Loss [log] : 0.205377
    Val   Loss [log] : 0.225886
    Avg ETS@5mm/h   : 0.1418
    Avg CSI@5mm/h   : 0.1446
    Loss Change       : +0.000775

  Operational Verification @ 5 mm/h:
  Horizon    MAE(mm/h)    RMSE(mm/h)   ETS        CSI       
  ------------------------------------------------------
  t+15      0.21         0.87         0.2570     0.2604    
  t+30      0.24         0.96         0.1466     0.1496    
  t+45      0.26         1.02         0.0946     0.0971    
  t+60      0.27         1.05         0.0691     0.0713     ← PRIMARY
  AVG        ---          ---          0.1418     0.1446      ← AVG

  Extreme Core @ 15 mm/h (secondary):
  Horizon    CSI        BaseRate    
  --------------------------------
  t+15      0.0230     0.000796    
  t+30      0.0027     0.000798    
  t+45      0.0010     0.000798    
  t+60      0.0002     0.000797    

  Creating visualizations (epoch 6)...
  Visualization saved: VALVIZ_CONVLSTM_CORRECT_CLIP6/epoch_006.png
  No improvement for 4 epoch(s) (best val loss: 0.2218)

================================================================================
EPOCH 7/30
================================================================================
  Horizon weights: [1.0, 1.0, 1.0, 1.0]

  Results (Time: 6207.0s | LR: 8.750000e-05):
    Train Loss [log] : 0.204813
    Val   Loss [log] : 0.226688
    Avg ETS@5mm/h   : 0.1650
    Avg CSI@5mm/h   : 0.1685
    Loss Change       : +0.000803

  Operational Verification @ 5 mm/h:
  Horizon    MAE(mm/h)    RMSE(mm/h)   ETS        CSI       
  ------------------------------------------------------
  t+15      0.21         0.84         0.2898     0.2938    
  t+30      0.24         0.95         0.1606     0.1640    
  t+45      0.26         1.02         0.1169     0.1203    
  t+60      0.27         1.05         0.0926     0.0959     ← PRIMARY
  AVG        ---          ---          0.1650     0.1685      ← AVG

  Extreme Core @ 15 mm/h (secondary):
  Horizon    CSI        BaseRate    
  --------------------------------
  t+15      0.0338     0.000796    
  t+30      0.0054     0.000798    
  t+45      0.0041     0.000798    
  t+60      0.0019     0.000797    

  Creating visualizations (epoch 7)...
  Visualization saved: VALVIZ_CONVLSTM_CORRECT_CLIP6/epoch_007.png
  No improvement for 5 epoch(s) (best val loss: 0.2218)

================================================================================
EPOCH 8/30
================================================================================
  Horizon weights: [1.0, 1.0, 1.0, 1.0]

  Results (Time: 6201.7s | LR: 6.250000e-05):
    Train Loss [log] : 0.203460
    Val   Loss [log] : 0.227009
    Avg ETS@5mm/h   : 0.1507
    Avg CSI@5mm/h   : 0.1538
    Loss Change       : +0.000321

  Operational Verification @ 5 mm/h:
  Horizon    MAE(mm/h)    RMSE(mm/h)   ETS        CSI       
  ------------------------------------------------------
  t+15      0.21         0.85         0.2769     0.2807    
  t+30      0.24         0.96         0.1501     0.1533    
  t+45      0.26         1.03         0.1014     0.1043    
  t+60      0.27         1.06         0.0744     0.0770     ← PRIMARY
  AVG        ---          ---          0.1507     0.1538      ← AVG

  Extreme Core @ 15 mm/h (secondary):
  Horizon    CSI        BaseRate    
  --------------------------------
  t+15      0.0317     0.000796    
  t+30      0.0037     0.000798    
  t+45      0.0020     0.000798    
  t+60      0.0004     0.000797    

  Creating visualizations (epoch 8)...
  Visualization saved: VALVIZ_CONVLSTM_CORRECT_CLIP6/epoch_008.png
  No improvement for 6 epoch(s) (best val loss: 0.2218)

================================================================================
EPOCH 9/30
================================================================================
  Horizon weights: [1.0, 1.0, 1.0, 1.0]

  Results (Time: 7052.0s | LR: 1.000000e-04):
    Train Loss [log] : 0.202200
    Val   Loss [log] : 0.228080
    Avg ETS@5mm/h   : 0.1438
    Avg CSI@5mm/h   : 0.1469
    Loss Change       : +0.001071

  Operational Verification @ 5 mm/h:
  Horizon    MAE(mm/h)    RMSE(mm/h)   ETS        CSI       
  ------------------------------------------------------
  t+15      0.21         0.86         0.2669     0.2706    
  t+30      0.24         0.97         0.1455     0.1486    
  t+45      0.26         1.04         0.0952     0.0981    
  t+60      0.27         1.07         0.0677     0.0702     ← PRIMARY
  AVG        ---          ---          0.1438     0.1469      ← AVG

  Extreme Core @ 15 mm/h (secondary):
  Horizon    CSI        BaseRate    
  --------------------------------
  t+15      0.0341     0.000796    
  t+30      0.0060     0.000798    
  t+45      0.0025     0.000798    
  t+60      0.0009     0.000797    

  Creating visualizations (epoch 9)...
  Visualization saved: VALVIZ_CONVLSTM_CORRECT_CLIP6/epoch_009.png
  No improvement for 7 epoch(s) (best val loss: 0.2218)

================================================================================
⚡ EARLY STOPPING
================================================================================

================================================================================
TRAINING COMPLETE — Best Val Loss: 0.2218
================================================================================


================================================================================
🎉 ALL DONE! 🎉
================================================================================

