
================================================================================
MULTI-HORIZON INFERENCE
================================================================================
Checkpoint : Checkpoints_MultiHorizon_v2_ALL_M/best.pth
Test set   : metadata/test_sampled_multihorizon.csv
Device     : cuda
Output dir : Inference_Results
================================================================================

Horizons   : [15, 30, 45, 60]


======================================================================
 SatelliteRadarDataset Initialized (MULTI-HORIZON)
======================================================================
Metadata: metadata/test_sampled_multihorizon.csv
Satellite Configuration:
  Ch7: mean=35.92, std=13.95 (no clipping)
  Ch9: mean=63.75, std=21.39 (no clipping)
Radar Configuration:
  Clip: [0, 400.00] mm/hr
  Transform: log10(x + 0.001)
Temporal Configuration:
  History: 60 min
  Cadence: 5 min
  Forecast horizons: [15, 30, 45, 60] min
  n_horizons: 4

Initial samples: 30,901

  → 12 timesteps
  → Satellite: 24 channels
  → Radar history: 12 channels
  → Total input: 36 channels
  → Target: [4, H, W] (one frame per horizon)
======================================================================

Test set   : 30,901 samples

Metadata   : loaded — columns: ['split', 'reference_time', 'radar_time_15', 'radar_path_15', 'radar_time_30', 'radar_path_30', 'radar_time_45', 'radar_path_45', 'radar_time_60', 'radar_path_60', 'valid_cells', 'nan_cells', 'nan_ratio', 'all_nan', 'max(x)', 'sum(x)', 'sum(x**2)', 'log(sum(x))', 'log(sum(x**2))', 'p95(x)', 'p99(x)']

Building model...
  n_timesteps       : 12
  channels_per_step : 3
  total input ch    : 36
  n_horizons        : 4

Loading checkpoint: Checkpoints_MultiHorizon_v2_ALL_M/best.pth
  Detected DataParallel checkpoint — stripping 'module.' prefix
  Epoch saved        : 2
  Mean ETS@15 (val)  : 0.4258644892163649
  Parameters         : 9,032,564


  Scanning all batches to find top-20 by P99...
  (Running heap — max 20 batches in memory at once)
  Top-20 batches found.
  P99 range: 116.9 – 181.3 mm/h

Running full metrics pass over test set...

================================================================================
INFERENCE RESULTS — TEST SET  (30,901 samples)
================================================================================

  Regression Metrics (log space):
  Horizon    MAE          RMSE        
  ------------------------------------
  t+15      0.1717       0.4208      
  t+30      0.2179       0.5010      
  t+45      0.2586       0.5597      
  t+60      0.3002       0.6044       ← PRIMARY

  Operational Verification @ 15 mm/h:
  Horizon    ETS        CSI        BaseRate     Hits       FA         Miss      
  ------------------------------------------------------------------------
  t+15      0.5496     0.5656     0.042206     9453563    4592740    2668346   
  t+30      0.4765     0.4941     0.042327     8609260    5267098    3547109   
  t+45      0.4245     0.4427     0.042416     7756526    5336447    4426706   
  t+60      0.3828     0.4012     0.042470     7010776    5271896    5190688    ← PRIMARY

  Extreme Core @ 80 mm/h:
  Horizon    ETS        CSI        BaseRate     Hits       FA         Miss      
  ------------------------------------------------------------------------
  t+15      0.2628     0.2649     0.004435     542539     774080     731090    
  t+30      0.1852     0.1870     0.004449     345309     569321     932405    
  t+45      0.1233     0.1247     0.004453     206039     373789     1072896   
  t+60      0.0792     0.0801     0.004458     121397     234480     1159353   

================================================================================

  Metrics saved → Inference_Results/test_metrics.csv

  Saving 5 visualization images (4 batches each)...
  Saved → Inference_Results/top20_image_01.png
  Saved → Inference_Results/top20_image_02.png
  Saved → Inference_Results/top20_image_03.png
  Saved → Inference_Results/top20_image_04.png
  Saved → Inference_Results/top20_image_05.png
  All 5 images saved.

================================================================================
INFERENCE COMPLETE
Output: Inference_Results/
  test_metrics.csv
  top20_image_01.png
  top20_image_02.png
  top20_image_03.png
  top20_image_04.png
  top20_image_05.png
================================================================================

