     Training:   1%|▍                             | 6239/401599 [1:32:12<97:11:16, 1.13it/s, loss=0.1878, mae=0.1770, lr=0.002845]
     Training:   1%|▍                             | 6240/401599 [1:32:12<97:11:15, 1.13it/s, loss=0.1878, mae=0.1770, lr=0.002845]
     Training:   1%|▍                             | 6240/401599 [1:32:13<97:11:15, 1.13it/s, loss=0.1878, mae=0.1770, lr=0.002845]
     Training:   1%|▍                             | 6241/401599 [1:32:13<97:11:14, 1.13it/s, loss=0.1878, mae=0.1770, lr=0.002845]
     Training:   1%|▍                             | 6241/401599 [1:32:13<97:11:14, 1.13it/s, loss=0.1878, mae=0.1770, lr=0.002845]
     Training:   1%|▍                             | 6242/401599 [1:32:13<97:11:13, 1.13it/s, loss=0.1878, mae=0.1770, lr=0.002845]
     Training:   1%|▍                             | 6242/401599 [1:32:14<97:11:13, 1.13it/s, loss=0.1878, mae=0.1770, lr=0.002845]
     Training:   1%|▍                             | 6243/401599 [1:32:14<97:11:13, 1.13it/s, loss=0.1878, mae=0.1770, lr=0.002845]
     Training:   1%|▍                             | 6243/401599 [1:32:15<97:11:13, 1.13it/s, loss=0.1878, mae=0.1770, lr=0.002845]
     Training:   1%|▍                             | 6244/401599 [1:32:15<97:11:12, 1.13it/s, loss=0.1878, mae=0.1770, lr=0.002845]
     Training:   1%|▍                             | 6244/401599 [1:32:16<97:11:12, 1.13it/s, loss=0.1878, mae=0.1770, lr=0.002845]
     Training:   1%|▍                             | 6245/401599 [1:32:16<97:11:11, 1.13it/s, loss=0.1878, mae=0.1770, lr=0.002845]
     Training:   1%|▍                             | 6245/401599 [1:32:17<97:11:11, 1.13it/s, loss=0.1878, mae=0.1770, lr=0.002845]
     Training:   1%|▍                             | 6246/401599 [1:32:17<97:11:10, 1.13it/s, loss=0.1878, mae=0.1770, lr=0.002845]
     Training:   1%|▍                             | 6246/401599 [1:32:18<97:11:10, 1.13it/s, loss=0.1878, mae=0.1770, lr=0.002845]
     Training:   1%|▍                             | 6247/401599 [1:32:18<97:11:09, 1.13it/s, loss=0.1878, mae=0.1770, lr=0.002845]
     Training:   1%|▍                             | 6247/401599 [1:32:19<97:11:09, 1.13it/s, loss=0.1878, mae=0.1770, lr=0.002846]
     Training:   1%|▍                             | 6248/401599 [1:32:19<97:11:08, 1.13it/s, loss=0.1878, mae=0.1770, lr=0.002846]
     Training:   1%|▍                             | 6248/401599 [1:32:20<97:11:08, 1.13it/s, loss=0.1878, mae=0.1770, lr=0.002846]
     Training:   1%|▍                             | 6249/401599 [1:32:20<97:11:07, 1.13it/s, loss=0.1878, mae=0.1770, lr=0.002846]
     Training:   1%|▍                             | 6249/401599 [1:32:20<97:11:07, 1.13it/s, loss=0.1877, mae=0.1770, lr=0.002846]
     Training:   1%|▍                             | 6250/401599 [1:32:20<97:11:06, 1.13it/s, loss=0.1877, mae=0.1770, lr=0.002846]
     Training:   1%|▍                             | 6250/401599 [1:32:21<97:11:06, 1.13it/s, loss=0.1877, mae=0.1770, lr=0.002846]
     Training:   1%|▍                             | 6251/401599 [1:32:21<97:11:05, 1.13it/s, loss=0.1877, mae=0.1770, lr=0.002846]
     Training:   1%|▍                             | 6251/401599 [1:32:22<97:11:05, 1.13it/s, loss=0.1877, mae=0.1770, lr=0.002846]
     Training:   1%|▍                             | 6252/401599 [1:32:22<97:11:05, 1.13it/s, loss=0.1877, mae=0.1770, lr=0.002846]
     Training:   1%|▍                             | 6252/401599 [1:32:23<97:11:05, 1.13it/s, loss=0.1877, mae=0.1770, lr=0.002846]
     Training:   1%|▍                             | 6253/401599 [1:32:23<97:11:04, 1.13it/s, loss=0.1877, mae=0.1770, lr=0.002846]
     Training:   1%|▍                             | 6253/401599 [1:32:24<97:11:04, 1.13it/s, loss=0.1877, mae=0.1770, lr=0.002846]
     Training:   1%|▍                             | 6254/401599 [1:32:24<97:11:03, 1.13it/s, loss=0.1877, mae=0.1770, lr=0.002846]
     Training:   1%|▍                             | 6254/401599 [1:32:25<97:11:03, 1.13it/s, loss=0.1877, mae=0.1770, lr=0.002846]
     Training:   1%|▍                             | 6255/401599 [1:32:25<97:11:02, 1.13it/s, loss=0.1877, mae=0.1770, lr=0.002846]
     Training:   1%|▍                             | 6255/401599 [1:32:26<97:11:02, 1.13it/s, loss=0.1878, mae=0.1770, lr=0.002846]
     Training:   1%|▍                             | 6256/401599 [1:32:26<97:11:01, 1.13it/s, loss=0.1878, mae=0.1770, lr=0.002846]
     Training:   1%|▍                             | 6256/401599 [1:32:27<97:11:01, 1.13it/s, loss=0.1878, mae=0.1770, lr=0.002846]
     Training:   1%|▍                             | 6257/401599 [1:32:27<97:11:00, 1.13it/s, loss=0.1878, mae=0.1770, lr=0.002846]
     Training:   1%|▍                             | 6257/401599 [1:32:28<97:11:00, 1.13it/s, loss=0.1878, mae=0.1770, lr=0.002846]
     Training:   1%|▍                             | 6258/401599 [1:32:28<97:10:59, 1.13it/s, loss=0.1878, mae=0.1770, lr=0.002846]
     Training:   1%|▍                             | 6258/401599 [1:32:28<97:10:59, 1.13it/s, loss=0.1878, mae=0.1770, lr=0.002846]
     Training:   1%|▍                             | 6259/401599 [1:32:28<97:10:58, 1.13it/s, loss=0.1878, mae=0.1770, lr=0.002846]
     Training:   1%|▍                             | 6259/401599 [1:32:29<97:10:58, 1.13it/s, loss=0.1878, mae=0.1770, lr=0.002846]
     Training:   1%|▍                             | 6260/401599 [1:32:29<97:10:58, 1.13it/s, loss=0.1878, mae=0.1770, lr=0.002846]
     Training:   1%|▍                             | 6260/401599 [1:32:30<97:10:58, 1.13it/s, loss=0.1878, mae=0.1770, lr=0.002846]
     Training:   1%|▍                             | 6261/401599 [1:32:30<97:10:57, 1.13it/s, loss=0.1878, mae=0.1770, lr=0.002846]
     Training:   1%|▍                             | 6261/401599 [1:32:31<97:10:57, 1.13it/s, loss=0.1878, mae=0.1770, lr=0.002846]
     Training:   1%|▍                             | 6262/401599 [1:32:31<97:10:56, 1.13it/s, loss=0.1878, mae=0.1770, lr=0.002846]
     Training:   1%|▍                             | 6262/401599 [1:32:32<97:10:56, 1.13it/s, loss=0.1878, mae=0.1770, lr=0.002846]
     Training:   1%|▍                             | 6263/401599 [1:32:32<97:10:55, 1.13it/s, loss=0.1878, mae=0.1770, lr=0.002846]
     Training:   1%|▍                             | 6263/401599 [1:32:33<97:10:55, 1.13it/s, loss=0.1878, mae=0.1771, lr=0.002847]
     Training:   1%|▍                             | 6264/401599 [1:32:33<97:10:54, 1.13it/s, loss=0.1878, mae=0.1771, lr=0.002847]
     Training:   1%|▍                             | 6264/401599 [1:32:34<97:10:54, 1.13it/s, loss=0.1878, mae=0.1771, lr=0.002847]
     Training:   1%|▍                             | 6265/401599 [1:32:34<97:10:53, 1.13it/s, loss=0.1878, mae=0.1771, lr=0.002847]
     Training:   1%|▍                             | 6265/401599 [1:32:35<97:10:53, 1.13it/s, loss=0.1878, mae=0.1771, lr=0.002847]
     Training:   1%|▍                             | 6266/401599 [1:32:35<97:10:52, 1.13it/s, loss=0.1878, mae=0.1771, lr=0.002847]
     Training:   1%|▍                             | 6266/401599 [1:32:36<97:10:52, 1.13it/s, loss=0.1878, mae=0.1771, lr=0.002847]
     Training:   1%|▍                             | 6267/401599 [1:32:36<97:10:51, 1.13it/s, loss=0.1878, mae=0.1771, lr=0.002847]
     Training:   1%|▍                             | 6267/401599 [1:32:36<97:10:51, 1.13it/s, loss=0.1878, mae=0.1771, lr=0.002847]
     Training:   1%|▍                             | 6268/401599 [1:32:36<97:10:50, 1.13it/s, loss=0.1878, mae=0.1771, lr=0.002847]
     Training:   1%|▍                             | 6268/401599 [1:32:37<97:10:50, 1.13it/s, loss=0.1878, mae=0.1771, lr=0.002847]
     Training:   1%|▍                             | 6269/401599 [1:32:37<97:10:50, 1.13it/s, loss=0.1878, mae=0.1771, lr=0.002847]
     Training:   1%|▍                             | 6269/401599 [1:32:38<97:10:50, 1.13it/s, loss=0.1878, mae=0.1771, lr=0.002847]
     Training:   1%|▍                             | 6270/401599 [1:32:38<97:10:49, 1.13it/s, loss=0.1878, mae=0.1771, lr=0.002847]
     Training:   1%|▍                             | 6270/401599 [1:32:39<97:10:49, 1.13it/s, loss=0.1878, mae=0.1771, lr=0.002847]
     Training:   1%|▍                             | 6271/401599 [1:32:39<97:10:48, 1.13it/s, loss=0.1878, mae=0.1771, lr=0.002847]
     Training:   1%|▍                             | 6271/401599 [1:32:40<97:10:48, 1.13it/s, loss=0.1878, mae=0.1771, lr=0.002847]
     Training:   1%|▍                             | 6272/401599 [1:32:40<97:10:47, 1.13it/s, loss=0.1878, mae=0.1771, lr=0.002847]
     Training:   1%|▍                             | 6272/401599 [1:32:41<97:10:47, 1.13it/s, loss=0.1878, mae=0.1771, lr=0.002847]
     Training:   1%|▍                             | 6273/401599 [1:32:41<97:10:46, 1.13it/s, loss=0.1878, mae=0.1771, lr=0.002847]
     Training:   1%|▍                             | 6273/401599 [1:32:42<97:10:46, 1.13it/s, loss=0.1878, mae=0.1771, lr=0.002847]
     Training:   1%|▍                             | 6274/401599 [1:32:42<97:10:45, 1.13it/s, loss=0.1878, mae=0.1771, lr=0.002847]
     Training:   1%|▍                             | 6274/401599 [1:32:43<97:10:45, 1.13it/s, loss=0.1878, mae=0.1771, lr=0.002847]
     Training:   1%|▍                             | 6275/401599 [1:32:43<97:10:44, 1.13it/s, loss=0.1878, mae=0.1771, lr=0.002847]
     Training:   1%|▍                             | 6275/401599 [1:32:43<97:10:44, 1.13it/s, loss=0.1878, mae=0.1771, lr=0.002847]
     Training:   1%|▍                             | 6276/401599 [1:32:43<97:10:43, 1.13it/s, loss=0.1878, mae=0.1771, lr=0.002847]
     Training:   1%|▍                             | 6276/401599 [1:32:44<97:10:43, 1.13it/s, loss=0.1878, mae=0.1771, lr=0.002847]
     Training:   1%|▍                             | 6277/401599 [1:32:44<97:10:42, 1.13it/s, loss=0.1878, mae=0.1771, lr=0.002847]
     Training:   1%|▍                             | 6277/401599 [1:32:45<97:10:42, 1.13it/s, loss=0.1878, mae=0.1771, lr=0.002847]
     Training:   1%|▍                             | 6278/401599 [1:32:45<97:10:42, 1.13it/s, loss=0.1878, mae=0.1771, lr=0.002847]
     Training:   1%|▍                             | 6278/401599 [1:32:46<97:10:42, 1.13it/s, loss=0.1878, mae=0.1771, lr=0.002847]
     Training:   1%|▍                             | 6279/401599 [1:32:46<97:10:41, 1.13it/s, loss=0.1878, mae=0.1771, lr=0.002847]
     Training:   1%|▍                             | 6279/401599 [1:32:47<97:10:41, 1.13it/s, loss=0.1878, mae=0.1771, lr=0.002848]
     Training:   1%|▍                             | 6280/401599 [1:32:47<97:10:40, 1.13it/s, loss=0.1878, mae=0.1771, lr=0.002848]
     Training:   1%|▍                             | 6280/401599 [1:32:48<97:10:40, 1.13it/s, loss=0.1878, mae=0.1771, lr=0.002848]
     Training:   1%|▍                             | 6281/401599 [1:32:48<97:10:39, 1.13it/s, loss=0.1878, mae=0.1771, lr=0.002848]
     Training:   1%|▍                             | 6281/401599 [1:32:49<97:10:39, 1.13it/s, loss=0.1878, mae=0.1771, lr=0.002848]
     Training:   1%|▍                             | 6282/401599 [1:32:49<97:10:38, 1.13it/s, loss=0.1878, mae=0.1771, lr=0.002848]
     Training:   1%|▍                             | 6282/401599 [1:32:50<97:10:38, 1.13it/s, loss=0.1878, mae=0.1771, lr=0.002848]
     Training:   1%|▍                             | 6283/401599 [1:32:50<97:10:37, 1.13it/s, loss=0.1878, mae=0.1771, lr=0.002848]
     Training:   1%|▍                             | 6283/401599 [1:32:51<97:10:37, 1.13it/s, loss=0.1878, mae=0.1771, lr=0.002848]
     Training:   1%|▍                             | 6284/401599 [1:32:51<97:10:36, 1.13it/s, loss=0.1878, mae=0.1771, lr=0.002848]
     Training:   1%|▍                             | 6284/401599 [1:32:51<97:10:36, 1.13it/s, loss=0.1878, mae=0.1771, lr=0.002848]
     Training:   1%|▍                             | 6285/401599 [1:32:51<97:10:35, 1.13it/s, loss=0.1878, mae=0.1771, lr=0.002848]
     Training:   1%|▍                             | 6285/401599 [1:32:52<97:10:35, 1.13it/s, loss=0.1878, mae=0.1771, lr=0.002848]
     Training:   1%|▍                             | 6286/401599 [1:32:52<97:10:35, 1.13it/s, loss=0.1878, mae=0.1771, lr=0.002848]
     Training:   1%|▍                             | 6286/401599 [1:32:53<97:10:35, 1.13it/s, loss=0.1878, mae=0.1771, lr=0.002848]
     Training:   1%|▍                             | 6287/401599 [1:32:53<97:10:34, 1.13it/s, loss=0.1878, mae=0.1771, lr=0.002848]
     Training:   1%|▍                             | 6287/401599 [1:32:54<97:10:34, 1.13it/s, loss=0.1878, mae=0.1771, lr=0.002849]
     Training:   1%|▍                             | 6288/401599 [1:32:54<97:10:33, 1.13it/s, loss=0.1878, mae=0.1771, lr=0.002849]
     Training:   1%|▍                             | 6288/401599 [1:32:55<97:10:33, 1.13it/s, loss=0.1878, mae=0.1771, lr=0.002849]
     Training:   1%|▍                             | 6289/401599 [1:32:55<97:10:32, 1.13it/s, loss=0.1878, mae=0.1771, lr=0.002849]
     Training:   1%|▍                             | 6289/401599 [1:32:56<97:10:32, 1.13it/s, loss=0.1878, mae=0.1770, lr=0.002849]
     Training:   1%|▍                             | 6290/401599 [1:32:56<97:10:31, 1.13it/s, loss=0.1878, mae=0.1770, lr=0.002849]
     Training:   1%|▍                             | 6290/401599 [1:32:57<97:10:31, 1.13it/s, loss=0.1878, mae=0.1771, lr=0.002849]
     Training:   1%|▍                             | 6291/401599 [1:32:57<97:10:30, 1.13it/s, loss=0.1878, mae=0.1771, lr=0.002849]
     Training:   1%|▍                             | 6291/401599 [1:32:58<97:10:30, 1.13it/s, loss=0.1878, mae=0.1770, lr=0.002849]
     Training:   1%|▍                             | 6292/401599 [1:32:58<97:10:29, 1.13it/s, loss=0.1878, mae=0.1770, lr=0.002849]
     Training:   1%|▍                             | 6292/401599 [1:32:59<97:10:29, 1.13it/s, loss=0.1878, mae=0.1770, lr=0.002849]
     Training:   1%|▍                             | 6293/401599 [1:32:59<97:10:28, 1.13it/s, loss=0.1878, mae=0.1770, lr=0.002849]
     Training:   1%|▍                             | 6293/401599 [1:32:59<97:10:28, 1.13it/s, loss=0.1878, mae=0.1770, lr=0.002849]
     Training:   1%|▍                             | 6294/401599 [1:32:59<97:10:27, 1.13it/s, loss=0.1878, mae=0.1770, lr=0.002849]
     Training:   1%|▍                             | 6294/401599 [1:33:00<97:10:27, 1.13it/s, loss=0.1877, mae=0.1770, lr=0.002849]
     Training:   1%|▍                             | 6295/401599 [1:33:00<97:10:27, 1.13it/s, loss=0.1877, mae=0.1770, lr=0.002849]
     Training:   1%|▍                             | 6295/401599 [1:33:01<97:10:27, 1.13it/s, loss=0.1877, mae=0.1770, lr=0.002849]
     Training:   1%|▍                             | 6296/401599 [1:33:01<97:10:26, 1.13it/s, loss=0.1877, mae=0.1770, lr=0.002849]
     Training:   1%|▍                             | 6296/401599 [1:33:02<97:10:26, 1.13it/s, loss=0.1877, mae=0.1770, lr=0.002849]
     Training:   1%|▍                             | 6297/401599 [1:33:02<97:10:25, 1.13it/s, loss=0.1877, mae=0.1770, lr=0.002849]
     Training:   1%|▍                             | 6297/401599 [1:33:03<97:10:25, 1.13it/s, loss=0.1877, mae=0.1770, lr=0.002849]
     Training:   1%|▍                             | 6298/401599 [1:33:03<97:10:24, 1.13it/s, loss=0.1877, mae=0.1770, lr=0.002849]
     Training:   1%|▍                             | 6298/401599 [1:33:04<97:10:24, 1.13it/s, loss=0.1877, mae=0.1770, lr=0.002849]
     Training:   1%|▍                             | 6299/401599 [1:33:04<97:10:23, 1.13it/s, loss=0.1877, mae=0.1770, lr=0.002849]
     Training:   1%|▍                             | 6299/401599 [1:33:05<97:10:23, 1.13it/s, loss=0.1877, mae=0.1770, lr=0.002849]
     Training:   1%|▍                             | 6300/401599 [1:33:05<97:10:22, 1.13it/s, loss=0.1877, mae=0.1770, lr=0.002849]
     Training:   1%|▍                             | 6300/401599 [1:33:06<97:10:22, 1.13it/s, loss=0.1877, mae=0.1770, lr=0.002849]
     Training:   1%|▍                             | 6301/401599 [1:33:06<97:10:21, 1.13it/s, loss=0.1877, mae=0.1770, lr=0.002849]
     Training:   1%|▍                             | 6301/401599 [1:33:07<97:10:21, 1.13it/s, loss=0.1877, mae=0.1770, lr=0.002849]
     Training:   1%|▍                             | 6302/401599 [1:33:07<97:10:20, 1.13it/s, loss=0.1877, mae=0.1770, lr=0.002849]
     Training:   1%|▍                             | 6302/401599 [1:33:07<97:10:20, 1.13it/s, loss=0.1877, mae=0.1770, lr=0.002849]
     Training:   1%|▍                             | 6303/401599 [1:33:07<97:10:19, 1.13it/s, loss=0.1877, mae=0.1770, lr=0.002849]
     Training:   1%|▍                             | 6303/401599 [1:33:08<97:10:19, 1.13it/s, loss=0.1877, mae=0.1770, lr=0.002850]
     Training:   1%|▍                             | 6304/401599 [1:33:08<97:10:19, 1.13it/s, loss=0.1877, mae=0.1770, lr=0.002850]
     Training:   1%|▍                             | 6304/401599 [1:33:09<97:10:19, 1.13it/s, loss=0.1877, mae=0.1770, lr=0.002850]
     Training:   1%|▍                             | 6305/401599 [1:33:09<97:10:18, 1.13it/s, loss=0.1877, mae=0.1770, lr=0.002850]
     Training:   1%|▍                             | 6305/401599 [1:33:10<97:10:18, 1.13it/s, loss=0.1877, mae=0.1770, lr=0.002850]
     Training:   1%|▍                             | 6306/401599 [1:33:10<97:10:17, 1.13it/s, loss=0.1877, mae=0.1770, lr=0.002850]
     Training:   1%|▍                             | 6306/401599 [1:33:11<97:10:17, 1.13it/s, loss=0.1877, mae=0.1770, lr=0.002850]
     Training:   1%|▍                             | 6307/401599 [1:33:11<97:10:16, 1.13it/s, loss=0.1877, mae=0.1770, lr=0.002850]
     Training:   1%|▍                             | 6307/401599 [1:33:12<97:10:16, 1.13it/s, loss=0.1877, mae=0.1770, lr=0.002850]
     Training:   1%|▍                             | 6308/401599 [1:33:12<97:10:15, 1.13it/s, loss=0.1877, mae=0.1770, lr=0.002850]
     Training:   1%|▍                             | 6308/401599 [1:33:13<97:10:15, 1.13it/s, loss=0.1877, mae=0.1770, lr=0.002850]
     Training:   1%|▍                             | 6309/401599 [1:33:13<97:10:14, 1.13it/s, loss=0.1877, mae=0.1770, lr=0.002850]
     Training:   1%|▍                             | 6309/401599 [1:33:14<97:10:14, 1.13it/s, loss=0.1877, mae=0.1770, lr=0.002850]
     Training:   1%|▍                             | 6310/401599 [1:33:14<97:10:13, 1.13it/s, loss=0.1877, mae=0.1770, lr=0.002850]
     Training:   1%|▍                             | 6310/401599 [1:33:14<97:10:13, 1.13it/s, loss=0.1877, mae=0.1770, lr=0.002850]
     Training:   1%|▍                             | 6311/401599 [1:33:14<97:10:12, 1.13it/s, loss=0.1877, mae=0.1770, lr=0.002850]
     Training:   1%|▍                             | 6311/401599 [1:33:15<97:10:12, 1.13it/s, loss=0.1877, mae=0.1770, lr=0.002851]
     Training:   1%|▍                             | 6312/401599 [1:33:15<97:10:12, 1.13it/s, loss=0.1877, mae=0.1770, lr=0.002851]
     Training:   1%|▍                             | 6312/401599 [1:33:16<97:10:12, 1.13it/s, loss=0.1877, mae=0.1770, lr=0.002851]
     Training:   1%|▍                             | 6313/401599 [1:33:16<97:10:11, 1.13it/s, loss=0.1877, mae=0.1770, lr=0.002851]
     Training:   1%|▍                             | 6313/401599 [1:33:17<97:10:11, 1.13it/s, loss=0.1877, mae=0.1770, lr=0.002851]
     Training:   1%|▍                             | 6314/401599 [1:33:17<97:10:10, 1.13it/s, loss=0.1877, mae=0.1770, lr=0.002851]
     Training:   1%|▍                             | 6314/401599 [1:33:18<97:10:10, 1.13it/s, loss=0.1877, mae=0.1770, lr=0.002851]
     Training:   1%|▍                             | 6315/401599 [1:33:18<97:10:09, 1.13it/s, loss=0.1877, mae=0.1770, lr=0.002851]
     Training:   1%|▍                             | 6315/401599 [1:33:19<97:10:09, 1.13it/s, loss=0.1877, mae=0.1770, lr=0.002851]
     Training:   1%|▍                             | 6316/401599 [1:33:19<97:10:08, 1.13it/s, loss=0.1877, mae=0.1770, lr=0.002851]
     Training:   1%|▍                             | 6316/401599 [1:33:20<97:10:08, 1.13it/s, loss=0.1877, mae=0.1770, lr=0.002851]
     Training:   1%|▍                             | 6317/401599 [1:33:20<97:10:07, 1.13it/s, loss=0.1877, mae=0.1770, lr=0.002851]
     Training:   1%|▍                             | 6317/401599 [1:33:21<97:10:07, 1.13it/s, loss=0.1877, mae=0.1770, lr=0.002851]
     Training:   1%|▍                             | 6318/401599 [1:33:21<97:10:06, 1.13it/s, loss=0.1877, mae=0.1770, lr=0.002851]
     Training:   1%|▍                             | 6318/401599 [1:33:22<97:10:06, 1.13it/s, loss=0.1877, mae=0.1770, lr=0.002851]
     Training:   1%|▍                             | 6319/401599 [1:33:22<97:10:05, 1.13it/s, loss=0.1877, mae=0.1770, lr=0.002851]
     Training:   1%|▍                             | 6319/401599 [1:33:22<97:10:05, 1.13it/s, loss=0.1877, mae=0.1770, lr=0.002851]
     Training:   1%|▍                             | 6320/401599 [1:33:22<97:10:04, 1.13it/s, loss=0.1877, mae=0.1770, lr=0.002851]
   Validating:   0%|                              | 0/99173 [00:00<?, ?it/s]
   Validating:   0%|                              | 0/99173 [00:01<?, ?it/s, loss=0.1274, mae=0.1246]
   Validating:   0%|                              | 1/99173 [00:01<39:07:04, 1.42s/it, loss=0.1274, mae=0.1246]
   Validating:   0%|                              | 1/99173 [00:01<39:07:04, 1.42s/it, loss=0.1807, mae=0.1799]
   Validating:   0%|                              | 2/99173 [00:01<24:09:52, 1.14it/s, loss=0.1807, mae=0.1799]
   Validating:   0%|                              | 2/99173 [00:02<24:09:52, 1.14it/s, loss=0.2001, mae=0.2028]
   Validating:   0%|                              | 3/99173 [00:02<19:32:13, 1.41it/s, loss=0.2001, mae=0.2028]
   Validating:   0%|                              | 3/99173 [00:02<19:32:13, 1.41it/s, loss=0.2287, mae=0.2304]
   Validating:   0%|                              | 4/99173 [00:02<17:13:01, 1.60it/s, loss=0.2287, mae=0.2304]
   Validating:   0%|                              | 4/99173 [00:03<17:13:01, 1.60it/s, loss=0.2407, mae=0.2513]
   Validating:   0%|                              | 5/99173 [00:03<16:00:56, 1.72it/s, loss=0.2407, mae=0.2513]
   Validating:   0%|                              | 5/99173 [00:03<16:00:56, 1.72it/s, loss=0.2530, mae=0.2599]
   Validating:   0%|                              | 6/99173 [00:03<15:18:13, 1.80it/s, loss=0.2530, mae=0.2599]
   Validating:   0%|                              | 6/99173 [00:04<15:18:13, 1.80it/s, loss=0.2649, mae=0.2700]
   Validating:   0%|                              | 7/99173 [00:04<14:48:35, 1.86it/s, loss=0.2649, mae=0.2700]
   Validating:   0%|                              | 7/99173 [00:04<14:48:35, 1.86it/s, loss=0.3030, mae=0.2934]
   Validating:   0%|                              | 8/99173 [00:04<14:29:52, 1.90it/s, loss=0.3030, mae=0.2934]
   Validating:   0%|                              | 8/99173 [00:05<14:29:52, 1.90it/s, loss=0.2844, mae=0.2815]
   Validating:   0%|                              | 9/99173 [00:05<14:20:48, 1.92it/s, loss=0.2844, mae=0.2815]
   Validating:   0%|                              | 9/99173 [00:05<14:20:48, 1.92it/s, loss=0.2905, mae=0.2849]
   Validating:   0%|                              | 10/99173 [00:05<14:11:55, 1.94it/s, loss=0.2905, mae=0.2849]
   Validating:   0%|                              | 10/99173 [00:06<14:11:55, 1.94it/s, loss=0.3177, mae=0.3029]
   Validating:   0%|                              | 11/99173 [00:06<14:03:13, 1.96it/s, loss=0.3177, mae=0.3029]
   Validating:   0%|                              | 11/99173 [00:06<14:03:13, 1.96it/s, loss=0.2873, mae=0.2863]
   Validating:   0%|                              | 12/99173 [00:06<13:58:56, 1.97it/s, loss=0.2873, mae=0.2863]
   Validating:   0%|                              | 12/99173 [00:07<13:58:56, 1.97it/s, loss=0.1764, mae=0.1713]
   Validating:   0%|                              | 13/99173 [00:07<13:58:55, 1.97it/s, loss=0.1764, mae=0.1713]
   Validating:   0%|                              | 13/99173 [00:07<13:58:55, 1.97it/s, loss=0.1109, mae=0.1124]
   Validating:   0%|                              | 14/99173 [00:07<13:54:40, 1.98it/s, loss=0.1109, mae=0.1124]
   Validating:   0%|                              | 14/99173 [00:08<13:54:40, 1.98it/s, loss=0.0360, mae=0.0444]
   Validating:   0%|                              | 15/99173 [00:08<13:54:40, 1.98it/s, loss=0.0360, mae=0.0444]
   Validating:   0%|                              | 15/99173 [00:08<13:54:40, 1.98it/s, loss=0.0065, mae=0.0188]
   Validating:   0%|                              | 16/99173 [00:08<13:54:39, 1.98it/s, loss=0.0065, mae=0.0188]
   Validating:   0%|                              | 16/99173 [00:09<13:54:39, 1.98it/s, loss=0.0032, mae=0.0224]
   Validating:   0%|                              | 17/99173 [00:09<13:54:39, 1.98it/s, loss=0.0032, mae=0.0224]
   Validating:   0%|                              | 17/99173 [00:09<13:54:39, 1.98it/s, loss=0.0426, mae=0.0490]
   Validating:   0%|                              | 18/99173 [00:09<13:54:38, 1.98it/s, loss=0.0426, mae=0.0490]
   Validating:   0%|                              | 18/99173 [00:10<13:54:38, 1.98it/s, loss=0.1583, mae=0.1475]
   Validating:   0%|                              | 19/99173 [00:10<13:50:26, 1.99it/s, loss=0.1583, mae=0.1475]
   Validating:   0%|                              | 19/99173 [00:10<13:50:26, 1.99it/s, loss=0.1214, mae=0.1197]
   Validating:   0%|                              | 20/99173 [00:10<13:50:26, 1.99it/s, loss=0.1214, mae=0.1197]
   Validating:   0%|                              | 20/99173 [00:11<13:50:26, 1.99it/s, loss=0.3212, mae=0.2928]
   Validating:   0%|                              | 21/99173 [00:11<13:50:25, 1.99it/s, loss=0.3212, mae=0.2928]
   Validating:   0%|                              | 21/99173 [00:11<13:50:25, 1.99it/s, loss=0.2619, mae=0.2568]
   Validating:   0%|                              | 22/99173 [00:11<13:50:25, 1.99it/s, loss=0.2619, mae=0.2568]
   Validating:   0%|                              | 22/99173 [00:12<13:50:25, 1.99it/s, loss=0.2508, mae=0.2490]
   Validating:   0%|                              | 23/99173 [00:12<13:50:24, 1.99it/s, loss=0.2508, mae=0.2490]
   Validating:   0%|                              | 23/99173 [00:12<13:50:24, 1.99it/s, loss=0.2353, mae=0.2394]
   Validating:   0%|                              | 24/99173 [00:12<13:50:24, 1.99it/s, loss=0.2353, mae=0.2394]
   Validating:   0%|                              | 24/99173 [00:13<13:50:24, 1.99it/s, loss=0.2245, mae=0.2260]
   Validating:   0%|                              | 25/99173 [00:13<13:50:23, 1.99it/s, loss=0.2245, mae=0.2260]
   Validating:   0%|                              | 25/99173 [00:13<13:50:23, 1.99it/s, loss=0.2561, mae=0.2417]
   Validating:   0%|                              | 26/99173 [00:13<13:50:23, 1.99it/s, loss=0.2561, mae=0.2417]
   Validating:   0%|                              | 26/99173 [00:14<13:50:23, 1.99it/s, loss=0.2663, mae=0.2522]
   Validating:   0%|                              | 27/99173 [00:14<13:50:22, 1.99it/s, loss=0.2663, mae=0.2522]
   Validating:   0%|                              | 27/99173 [00:15<13:50:22, 1.99it/s, loss=0.2467, mae=0.2401]
   Validating:   0%|                              | 28/99173 [00:15<13:50:22, 1.99it/s, loss=0.2467, mae=0.2401]
   Validating:   0%|                              | 28/99173 [00:15<13:50:22, 1.99it/s, loss=0.2335, mae=0.2198]
   Validating:   0%|                              | 29/99173 [00:15<13:50:21, 1.99it/s, loss=0.2335, mae=0.2198]
   Validating:   0%|                              | 29/99173 [00:16<13:50:21, 1.99it/s, loss=0.2409, mae=0.2271]
   Validating:   0%|                              | 30/99173 [00:16<13:50:21, 1.99it/s, loss=0.2409, mae=0.2271]
   Validating:   0%|                              | 30/99173 [00:16<13:50:21, 1.99it/s, loss=0.2771, mae=0.2521]
   Validating:   0%|                              | 31/99173 [00:16<13:50:20, 1.99it/s, loss=0.2771, mae=0.2521]
   Validating:   0%|                              | 31/99173 [00:17<13:50:20, 1.99it/s, loss=0.2173, mae=0.2015]
   Validating:   0%|                              | 32/99173 [00:17<13:50:20, 1.99it/s, loss=0.2173, mae=0.2015]
   Validating:   0%|                              | 32/99173 [00:17<13:50:20, 1.99it/s, loss=0.1744, mae=0.1749]
   Validating:   0%|                              | 33/99173 [00:17<13:50:19, 1.99it/s, loss=0.1744, mae=0.1749]
   Validating:   0%|                              | 33/99173 [00:18<13:50:19, 1.99it/s, loss=0.0747, mae=0.0766]
   Validating:   0%|                              | 34/99173 [00:18<13:50:19, 1.99it/s, loss=0.0747, mae=0.0766]
   Validating:   0%|                              | 34/99173 [00:18<13:50:19, 1.99it/s, loss=0.0059, mae=0.0168]
   Validating:   0%|                              | 35/99173 [00:18<13:50:18, 1.99it/s, loss=0.0059, mae=0.0168]
   Validating:   0%|                              | 35/99173 [00:19<13:50:18, 1.99it/s, loss=0.1859, mae=0.1686]
   Validating:   0%|                              | 36/99173 [00:19<13:50:18, 1.99it/s, loss=0.1859, mae=0.1686]
   Validating:   0%|                              | 36/99173 [00:19<13:50:18, 1.99it/s, loss=0.2378, mae=0.2092]
   Validating:   0%|                              | 37/99173 [00:19<13:50:17, 1.99it/s, loss=0.2378, mae=0.2092]
   Validating:   0%|                              | 37/99173 [00:20<13:50:17, 1.99it/s, loss=0.2465, mae=0.2095]
   Validating:   0%|                              | 38/99173 [00:20<13:50:17, 1.99it/s, loss=0.2465, mae=0.2095]
   Validating:   0%|                              | 38/99173 [00:20<13:50:17, 1.99it/s, loss=0.2726, mae=0.2284]
   Validating:   0%|                              | 39/99173 [00:20<13:50:16, 1.99it/s, loss=0.2726, mae=0.2284]
   Validating:   0%|                              | 39/99173 [00:21<13:50:16, 1.99it/s, loss=0.2789, mae=0.2320]
   Validating:   0%|                              | 40/99173 [00:21<13:50:16, 1.99it/s, loss=0.2789, mae=0.2320]
   Validating:   0%|                              | 40/99173 [00:21<13:50:16, 1.99it/s, loss=0.2612, mae=0.2221]
   Validating:   0%|                              | 41/99173 [00:21<13:50:15, 1.99it/s, loss=0.2612, mae=0.2221]
   Validating:   0%|                              | 41/99173 [00:22<13:50:15, 1.99it/s, loss=0.2383, mae=0.2075]
   Validating:   0%|                              | 42/99173 [00:22<13:50:15, 1.99it/s, loss=0.2383, mae=0.2075]
   Validating:   0%|                              | 42/99173 [00:22<13:50:15, 1.99it/s, loss=0.2196, mae=0.1913]
   Validating:   0%|                              | 43/99173 [00:22<13:50:14, 1.99it/s, loss=0.2196, mae=0.1913]
   Validating:   0%|                              | 43/99173 [00:23<13:50:14, 1.99it/s, loss=0.2357, mae=0.2023]
   Validating:   0%|                              | 44/99173 [00:23<13:50:14, 1.99it/s, loss=0.2357, mae=0.2023]
   Validating:   0%|                              | 44/99173 [00:23<13:50:14, 1.99it/s, loss=0.2258, mae=0.2004]
   Validating:   0%|                              | 45/99173 [00:23<13:50:13, 1.99it/s, loss=0.2258, mae=0.2004]
   Validating:   0%|                              | 45/99173 [00:24<13:50:13, 1.99it/s, loss=0.2440, mae=0.2125]
   Validating:   0%|                              | 46/99173 [00:24<13:50:13, 1.99it/s, loss=0.2440, mae=0.2125]
   Validating:   0%|                              | 46/99173 [00:24<13:50:13, 1.99it/s, loss=0.2598, mae=0.2241]
   Validating:   0%|                              | 47/99173 [00:24<13:50:12, 1.99it/s, loss=0.2598, mae=0.2241]
   Validating:   0%|                              | 47/99173 [00:25<13:50:12, 1.99it/s, loss=0.2738, mae=0.2345]
   Validating:   0%|                              | 48/99173 [00:25<13:50:12, 1.99it/s, loss=0.2738, mae=0.2345]
   Validating:   0%|                              | 48/99173 [00:25<13:50:12, 1.99it/s, loss=0.2509, mae=0.2343]
   Validating:   0%|                              | 49/99173 [00:25<13:50:11, 1.99it/s, loss=0.2509, mae=0.2343]
   Validating:   0%|                              | 49/99173 [00:26<13:50:11, 1.99it/s, loss=0.2605, mae=0.2301]
   Validating:   0%|                              | 50/99173 [00:26<13:50:11, 1.99it/s, loss=0.2605, mae=0.2301]
   Validating:   0%|                              | 50/99173 [00:26<13:50:11, 1.99it/s, loss=0.1926, mae=0.1844]
   Validating:   0%|                              | 51/99173 [00:26<13:50:10, 1.99it/s, loss=0.1926, mae=0.1844]
   Validating:   0%|                              | 51/99173 [00:27<13:50:10, 1.99it/s, loss=0.1985, mae=0.1829]
   Validating:   0%|                              | 52/99173 [00:27<13:50:10, 1.99it/s, loss=0.1985, mae=0.1829]
   Validating:   0%|                              | 52/99173 [00:27<13:50:10, 1.99it/s, loss=0.2177, mae=0.1944]
   Validating:   0%|                              | 53/99173 [00:27<13:50:09, 1.99it/s, loss=0.2177, mae=0.1944]
   Validating:   0%|                              | 53/99173 [00:28<13:50:09, 1.99it/s, loss=0.1912, mae=0.1748]
   Validating:   0%|                              | 54/99173 [00:28<13:50:09, 1.99it/s, loss=0.1912, mae=0.1748]
   Validating:   0%|                              | 54/99173 [00:28<13:50:09, 1.99it/s, loss=0.1956, mae=0.1801]
   Validating:   0%|                              | 55/99173 [00:28<13:50:08, 1.99it/s, loss=0.1956, mae=0.1801]
   Validating:   0%|                              | 55/99173 [00:29<13:50:08, 1.99it/s, loss=0.1985, mae=0.1856]
   Validating:   0%|                              | 56/99173 [00:29<13:50:08, 1.99it/s, loss=0.1985, mae=0.1856]
   Validating:   0%|                              | 56/99173 [00:29<13:50:08, 1.99it/s, loss=0.2220, mae=0.2120]
   Validating:   0%|                              | 57/99173 [00:29<13:50:07, 1.99it/s, loss=0.2220, mae=0.2120]
   Validating:   0%|                              | 57/99173 [00:30<13:50:07, 1.99it/s, loss=0.2375, mae=0.2171]
   Validating:   0%|                              | 58/99173 [00:30<13:50:07, 1.99it/s, loss=0.2375, mae=0.2171]
   Validating:   0%|                              | 58/99173 [00:30<13:50:07, 1.99it/s, loss=0.2482, mae=0.2081]
   Validating:   0%|                              | 59/99173 [00:30<13:50:06, 1.99it/s, loss=0.2482, mae=0.2081]
   Validating:   0%|                              | 59/99173 [00:31<13:50:06, 1.99it/s, loss=0.2491, mae=0.2093]
   Validating:   0%|                              | 60/99173 [00:31<13:50:06, 1.99it/s, loss=0.2491, mae=0.2093]
   Validating:   0%|                              | 60/99173 [00:31<13:50:06, 1.99it/s, loss=0.2083, mae=0.1787]
   Validating:   0%|                              | 61/99173 [00:31<13:50:05, 1.99it/s, loss=0.2083, mae=0.1787]
   Validating:   0%|                              | 61/99173 [00:32<13:50:05, 1.99it/s, loss=0.1770, mae=0.1542]
   Validating:   0%|                              | 62/99173 [00:32<13:50:05, 1.99it/s, loss=0.1770, mae=0.1542]
   Validating:   0%|                              | 62/99173 [00:32<13:50:05, 1.99it/s, loss=0.1851, mae=0.1529]
   Validating:   0%|                              | 63/99173 [00:32<13:50:04, 1.99it/s, loss=0.1851, mae=0.1529]
   Validating:   0%|                              | 63/99173 [00:33<13:50:04, 1.99it/s, loss=0.1976, mae=0.1624]
   Validating:   0%|                              | 64/99173 [00:33<13:50:04, 1.99it/s, loss=0.1976, mae=0.1624]
   Validating:   0%|                              | 64/99173 [00:33<13:50:04, 1.99it/s, loss=0.2396, mae=0.1900]
   Validating:   0%|                              | 65/99173 [00:33<13:50:03, 1.99it/s, loss=0.2396, mae=0.1900]
   Validating:   0%|                              | 65/99173 [00:34<13:50:03, 1.99it/s, loss=0.2540, mae=0.2061]
   Validating:   0%|                              | 66/99173 [00:34<13:50:03, 1.99it/s, loss=0.2540, mae=0.2061]
   Validating:   0%|                              | 66/99173 [00:34<13:50:03, 1.99it/s, loss=0.1688, mae=0.1474]
   Validating:   0%|                              | 67/99173 [00:34<13:50:02, 1.99it/s, loss=0.1688, mae=0.1474]
   Validating:   0%|                              | 67/99173 [00:35<13:50:02, 1.99it/s, loss=0.1115, mae=0.1018]
   Validating:   0%|                              | 68/99173 [00:35<13:50:02, 1.99it/s, loss=0.1115, mae=0.1018]
   Validating:   0%|                              | 68/99173 [00:35<13:50:02, 1.99it/s, loss=0.1196, mae=0.1083]
   Validating:   0%|                              | 69/99173 [00:35<13:50:01, 1.99it/s, loss=0.1196, mae=0.1083]
   Validating:   0%|                              | 69/99173 [00:36<13:50:01, 1.99it/s, loss=0.1200, mae=0.1122]
   Validating:   0%|                              | 70/99173 [00:36<13:50:01, 1.99it/s, loss=0.1200, mae=0.1122]
   Validating:   0%|                              | 70/99173 [00:36<13:50:01, 1.99it/s, loss=0.1156, mae=0.1106]
   Validating:   0%|                              | 71/99173 [00:36<13:50:00, 1.99it/s, loss=0.1156, mae=0.1106]
   Validating:   0%|                              | 71/99173 [00:37<13:50:00, 1.99it/s, loss=0.0993, mae=0.0969]
   Validating:   0%|                              | 72/99173 [00:37<13:49:59, 1.99it/s, loss=0.0993, mae=0.0969]
   Validating:   0%|                              | 72/99173 [00:37<13:49:59, 1.99it/s, loss=0.0851, mae=0.0840]
   Validating:   0%|                              | 73/99173 [00:37<13:49:59, 1.99it/s, loss=0.0851, mae=0.0840]
   Validating:   0%|                              | 73/99173 [00:38<13:49:59, 1.99it/s, loss=0.0804, mae=0.0805]
   Validating:   0%|                              | 74/99173 [00:38<13:49:58, 1.99it/s, loss=0.0804, mae=0.0805]
   Validating:   0%|                              | 74/99173 [00:38<13:49:58, 1.99it/s, loss=0.1348, mae=0.1276]
   Validating:   0%|                              | 75/99173 [00:38<13:49:58, 1.99it/s, loss=0.1348, mae=0.1276]
   Validating:   0%|                              | 75/99173 [00:39<13:49:58, 1.99it/s, loss=0.1181, mae=0.1227]
   Validating:   0%|                              | 76/99173 [00:39<13:49:57, 1.99it/s, loss=0.1181, mae=0.1227]
   Validating:   0%|                              | 76/99173 [00:39<13:49:57, 1.99it/s, loss=0.1507, mae=0.1416]
   Validating:   0%|                              | 77/99173 [00:39<13:49:57, 1.99it/s, loss=0.1507, mae=0.1416]
   Validating:   0%|                              | 77/99173 [00:40<13:49:57, 1.99it/s, loss=0.2015, mae=0.1868]
   Validating:   0%|                              | 78/99173 [00:40<13:49:56, 1.99it/s, loss=0.2015, mae=0.1868]
   Validating:   0%|                              | 78/99173 [00:40<13:49:56, 1.99it/s, loss=0.2611, mae=0.2309]
   Validating:   0%|                              | 79/99173 [00:40<13:49:56, 1.99it/s, loss=0.2611, mae=0.2309]
   Validating:   0%|                              | 79/99173 [00:41<13:49:56, 1.99it/s, loss=0.3152, mae=0.2697]
   Validating:   0%|                              | 80/99173 [00:41<13:49:55, 1.99it/s, loss=0.3152, mae=0.2697]
   Validating:   0%|                              | 80/99173 [00:41<13:49:55, 1.99it/s, loss=0.3476, mae=0.3002]
   Validating:   0%|                              | 81/99173 [00:41<13:49:55, 1.99it/s, loss=0.3476, mae=0.3002]
   Validating:   0%|                              | 81/99173 [00:42<13:49:55, 1.99it/s, loss=0.3457, mae=0.3046]
   Validating:   0%|                              | 82/99173 [00:42<13:49:54, 1.99it/s, loss=0.3457, mae=0.3046]
   Validating:   0%|                              | 82/99173 [00:42<13:49:54, 1.99it/s, loss=0.3465, mae=0.3053]
   Validating:   0%|                              | 83/99173 [00:42<13:49:54, 1.99it/s, loss=0.3465, mae=0.3053]
   Validating:   0%|                              | 83/99173 [00:43<13:49:54, 1.99it/s, loss=0.3719, mae=0.3242]
   Validating:   0%|                              | 84/99173 [00:43<13:49:53, 1.99it/s, loss=0.3719, mae=0.3242]
   Validating:   0%|                              | 84/99173 [00:43<13:49:53, 1.99it/s, loss=0.3984, mae=0.3390]
   Validating:   0%|                              | 85/99173 [00:43<13:49:53, 1.99it/s, loss=0.3984, mae=0.3390]
   Validating:   0%|                              | 85/99173 [00:44<13:49:53, 1.99it/s, loss=0.4276, mae=0.3391]
   Validating:   0%|                              | 86/99173 [00:44<13:54:04, 1.98it/s, loss=0.4276, mae=0.3391]
   Validating:   0%|                              | 86/99173 [00:44<13:54:04, 1.98it/s, loss=0.2962, mae=0.2645]
   Validating:   0%|                              | 87/99173 [00:44<13:49:52, 1.99it/s, loss=0.2962, mae=0.2645]
   Validating:   0%|                              | 87/99173 [00:45<13:49:52, 1.99it/s, loss=0.2564, mae=0.2277]
   Validating:   0%|                              | 88/99173 [00:45<13:49:51, 1.99it/s, loss=0.2564, mae=0.2277]
   Validating:   0%|                              | 88/99173 [00:45<13:49:51, 1.99it/s, loss=0.2174, mae=0.1917]
   Validating:   0%|                              | 89/99173 [00:45<13:49:51, 1.99it/s, loss=0.2174, mae=0.1917]
   Validating:   0%|                              | 89/99173 [00:46<13:49:51, 1.99it/s, loss=0.1811, mae=0.1627]
   Validating:   0%|                              | 90/99173 [00:46<13:49:50, 1.99it/s, loss=0.1811, mae=0.1627]
   Validating:   0%|                              | 90/99173 [00:46<13:49:50, 1.99it/s, loss=0.0221, mae=0.0352]
   Validating:   0%|                              | 91/99173 [00:46<13:49:50, 1.99it/s, loss=0.0221, mae=0.0352]
   Validating:   0%|                              | 91/99173 [00:47<13:49:50, 1.99it/s, loss=0.0027, mae=0.0165]
   Validating:   0%|                              | 92/99173 [00:47<13:49:49, 1.99it/s, loss=0.0027, mae=0.0165]
   Validating:   0%|                              | 92/99173 [00:47<13:49:49, 1.99it/s, loss=0.0327, mae=0.0434]
   Validating:   0%|                              | 93/99173 [00:47<13:49:49, 1.99it/s, loss=0.0327, mae=0.0434]
   Validating:   0%|                              | 93/99173 [00:48<13:49:49, 1.99it/s, loss=0.0157, mae=0.0286]
   Validating:   0%|                              | 94/99173 [00:48<13:49:48, 1.99it/s, loss=0.0157, mae=0.0286]
   Validating:   0%|                              | 94/99173 [00:48<13:49:48, 1.99it/s, loss=0.0098, mae=0.0267]
   Validating:   0%|                              | 95/99173 [00:48<13:53:59, 1.98it/s, loss=0.0098, mae=0.0267]
   Validating:   0%|                              | 95/99173 [00:49<13:53:59, 1.98it/s, loss=0.0934, mae=0.1025]
   Validating:   0%|                              | 96/99173 [00:49<13:49:47, 1.99it/s, loss=0.0934, mae=0.1025]
   Validating:   0%|                              | 96/99173 [00:49<13:49:47, 1.99it/s, loss=0.0044, mae=0.0241]
   Validating:   0%|                              | 97/99173 [00:49<13:49:47, 1.99it/s, loss=0.0044, mae=0.0241]
   Validating:   0%|                              | 97/99173 [00:50<13:49:47, 1.99it/s, loss=0.0418, mae=0.0488]
   Validating:   0%|                              | 98/99173 [00:50<13:49:46, 1.99it/s, loss=0.0418, mae=0.0488]
   Validating:   0%|                              | 98/99173 [00:50<13:49:46, 1.99it/s, loss=0.0790, mae=0.0875]
   Validating:   0%|                              | 99/99173 [00:50<13:49:46, 1.99it/s, loss=0.0790, mae=0.0875]
   Validating:   0%|                              | 99/99173 [00:51<13:49:46, 1.99it/s, loss=0.1062, mae=0.1141]
   Validating:   0%|                              | 100/99173 [00:51<13:49:45, 1.99it/s, loss=0.1062, mae=0.1141]
   Validating:   0%|                              | 100/99173 [00:51<13:49:45, 1.99it/s, loss=0.0948, mae=0.1046]
   Validating:   0%|                              | 101/99173 [00:51<13:49:45, 1.99it/s, loss=0.0948, mae=0.1046]
   Validating:   0%|                              | 101/99173 [00:52<13:49:45, 1.99it/s, loss=0.1123, mae=0.1138]
   Validating:   0%|                              | 102/99173 [00:52<13:49:44, 1.99it/s, loss=0.1123, mae=0.1138]
   Validating:   0%|                              | 102/99173 [00:52<13:49:44, 1.99it/s, loss=0.1116, mae=0.1105]
   Validating:   0%|                              | 103/99173 [00:52<13:49:44, 1.99it/s, loss=0.1116, mae=0.1105]
   Validating:   0%|                              | 103/99173 [00:53<13:49:44, 1.99it/s, loss=0.1195, mae=0.1174]
   Validating:   0%|                              | 104/99173 [00:53<13:49:43, 1.99it/s, loss=0.1195, mae=0.1174]
   Validating:   0%|                              | 104/99173 [00:53<13:49:43, 1.99it/s, loss=0.1041, mae=0.1059]
   Validating:   0%|                              | 105/99173 [00:53<13:49:43, 1.99it/s, loss=0.1041, mae=0.1059]
   Validating:   0%|                              | 105/99173 [00:54<13:49:43, 1.99it/s, loss=0.0138, mae=0.0264]
   Validating:   0%|                              | 106/99173 [00:54<13:49:42, 1.99it/s, loss=0.0138, mae=0.0264]
   Validating:   0%|                              | 106/99173 [00:54<13:49:42, 1.99it/s, loss=0.0824, mae=0.0812]
   Validating:   0%|                              | 107/99173 [00:54<13:49:42, 1.99it/s, loss=0.0824, mae=0.0812]
   Validating:   0%|                              | 107/99173 [00:55<13:49:42, 1.99it/s, loss=0.1739, mae=0.1550]
   Validating:   0%|                              | 108/99173 [00:55<13:49:41, 1.99it/s, loss=0.1739, mae=0.1550]
   Validating:   0%|                              | 108/99173 [00:55<13:49:41, 1.99it/s, loss=0.1832, mae=0.1669]
   Validating:   0%|                              | 109/99173 [00:55<13:49:41, 1.99it/s, loss=0.1832, mae=0.1669]
   Validating:   0%|                              | 109/99173 [00:56<13:49:41, 1.99it/s, loss=0.1840, mae=0.1709]
   Validating:   0%|                              | 110/99173 [00:56<13:49:40, 1.99it/s, loss=0.1840, mae=0.1709]
   Validating:   0%|                              | 110/99173 [00:56<13:49:40, 1.99it/s, loss=0.1882, mae=0.1759]
   Validating:   0%|                              | 111/99173 [00:56<13:49:40, 1.99it/s, loss=0.1882, mae=0.1759]
   Validating:   0%|                              | 111/99173 [00:57<13:49:40, 1.99it/s, loss=0.1793, mae=0.1672]
   Validating:   0%|                              | 112/99173 [00:57<13:49:39, 1.99it/s, loss=0.1793, mae=0.1672]
   Validating:   0%|                              | 112/99173 [00:57<13:49:39, 1.99it/s, loss=0.1645, mae=0.1571]
   Validating:   0%|                              | 113/99173 [00:57<13:49:39, 1.99it/s, loss=0.1645, mae=0.1571]
   Validating:   0%|                              | 113/99173 [00:58<13:49:39, 1.99it/s, loss=0.1577, mae=0.1535]
   Validating:   0%|                              | 114/99173 [00:58<13:49:38, 1.99it/s, loss=0.1577, mae=0.1535]
   Validating:   0%|                              | 114/99173 [00:58<13:49:38, 1.99it/s, loss=0.1531, mae=0.1465]
   Validating:   0%|                              | 115/99173 [00:58<13:49:38, 1.99it/s, loss=0.1531, mae=0.1465]
   Validating:   0%|                              | 115/99173 [00:59<13:49:38, 1.99it/s, loss=0.1349, mae=0.1345]
   Validating:   0%|                              | 116/99173 [00:59<13:49:37, 1.99it/s, loss=0.1349, mae=0.1345]
   Validating:   0%|                              | 116/99173 [00:59<13:49:37, 1.99it/s, loss=0.1404, mae=0.1352]
   Validating:   0%|                              | 117/99173 [00:59<13:49:37, 1.99it/s, loss=0.1404, mae=0.1352]
   Validating:   0%|                              | 117/99173 [01:00<13:49:37, 1.99it/s, loss=0.1508, mae=0.1427]
   Validating:   0%|                              | 118/99173 [01:00<13:49:36, 1.99it/s, loss=0.1508, mae=0.1427]
   Validating:   0%|                              | 118/99173 [01:00<13:49:36, 1.99it/s, loss=0.1349, mae=0.1344]
   Validating:   0%|                              | 119/99173 [01:00<13:49:36, 1.99it/s, loss=0.1349, mae=0.1344]
   Validating:   0%|                              | 119/99173 [01:01<13:49:36, 1.99it/s, loss=0.1381, mae=0.1356]
   Validating:   0%|                              | 120/99173 [01:01<13:49:35, 1.99it/s, loss=0.1381, mae=0.1356]
   Validating:   0%|                              | 120/99173 [01:01<13:49:35, 1.99it/s, loss=0.1406, mae=0.1361]
   Validating:   0%|                              | 121/99173 [01:01<13:49:35, 1.99it/s, loss=0.1406, mae=0.1361]
   Validating:   0%|                              | 121/99173 [01:02<13:49:35, 1.99it/s, loss=0.1785, mae=0.1652]
   Validating:   0%|                              | 122/99173 [01:02<13:49:34, 1.99it/s, loss=0.1785, mae=0.1652]
   Validating:   0%|                              | 122/99173 [01:02<13:49:34, 1.99it/s, loss=0.1540, mae=0.1486]
   Validating:   0%|                              | 123/99173 [01:02<13:49:34, 1.99it/s, loss=0.1540, mae=0.1486]
   Validating:   0%|                              | 123/99173 [01:03<13:49:34, 1.99it/s, loss=0.1449, mae=0.1402]
   Validating:   0%|                              | 124/99173 [01:03<13:49:33, 1.99it/s, loss=0.1449, mae=0.1402]
   Validating:   0%|                              | 124/99173 [01:03<13:49:33, 1.99it/s, loss=0.1357, mae=0.1329]
   Validating:   0%|                              | 125/99173 [01:03<13:49:33, 1.99it/s, loss=0.1357, mae=0.1329]
   Validating:   0%|                              | 125/99173 [01:04<13:49:33, 1.99it/s, loss=0.1213, mae=0.1219]
   Validating:   0%|                              | 126/99173 [01:04<13:49:32, 1.99it/s, loss=0.1213, mae=0.1219]
   Validating:   0%|                              | 126/99173 [01:04<13:49:32, 1.99it/s, loss=0.0651, mae=0.0726]
   Validating:   0%|                              | 127/99173 [01:04<13:49:32, 1.99it/s, loss=0.0651, mae=0.0726]
   Validating:   0%|                              | 127/99173 [01:05<13:49:32, 1.99it/s, loss=0.0812, mae=0.0889]
   Validating:   0%|                              | 128/99173 [01:05<13:49:31, 1.99it/s, loss=0.0812, mae=0.0889]
   Validating:   0%|                              | 128/99173 [01:05<13:49:31, 1.99it/s, loss=0.0866, mae=0.0954]
   Validating:   0%|                              | 129/99173 [01:05<13:49:31, 1.99it/s, loss=0.0866, mae=0.0954]
   Validating:   0%|                              | 129/99173 [01:06<13:49:31, 1.99it/s, loss=0.0901, mae=0.1005]
   Validating:   0%|                              | 130/99173 [01:06<13:49:30, 1.99it/s, loss=0.0901, mae=0.1005]
   Validating:   0%|                              | 130/99173 [01:06<13:49:30, 1.99it/s, loss=0.1141, mae=0.1210]
   Validating:   0%|                              | 131/99173 [01:06<13:49:30, 1.99it/s, loss=0.1141, mae=0.1210]
   Validating:   0%|                              | 131/99173 [01:07<13:49:30, 1.99it/s, loss=0.1139, mae=0.1191]
   Validating:   0%|                              | 132/99173 [01:07<13:49:29, 1.99it/s, loss=0.1139, mae=0.1191]
   Validating:   0%|                              | 132/99173 [01:07<13:49:29, 1.99it/s, loss=0.1082, mae=0.1122]
   Validating:   0%|                              | 133/99173 [01:07<13:49:29, 1.99it/s, loss=0.1082, mae=0.1122]
   Validating:   0%|                              | 133/99173 [01:08<13:49:29, 1.99it/s, loss=0.2088, mae=0.2012]
   Validating:   0%|                              | 134/99173 [01:08<13:49:28, 1.99it/s, loss=0.2088, mae=0.2012]
   Validating:   0%|                              | 134/99173 [01:08<13:49:28, 1.99it/s, loss=0.1605, mae=0.1691]
   Validating:   0%|                              | 135/99173 [01:08<13:49:28, 1.99it/s, loss=0.1605, mae=0.1691]
   Validating:   0%|                              | 135/99173 [01:09<13:49:28, 1.99it/s, loss=0.1687, mae=0.1677]
   Validating:   0%|                              | 136/99173 [01:09<13:49:27, 1.99it/s, loss=0.1687, mae=0.1677]
   Validating:   0%|                              | 136/99173 [01:09<13:49:27, 1.99it/s, loss=0.1350, mae=0.1409]
   Validating:   0%|                              | 137/99173 [01:09<13:49:27, 1.99it/s, loss=0.1350, mae=0.1409]
   Validating:   0%|                              | 137/99173 [01:10<13:49:27, 1.99it/s, loss=0.1126, mae=0.1209]
   Validating:   0%|                              | 138/99173 [01:10<13:49:26, 1.99it/s, loss=0.1126, mae=0.1209]
   Validating:   0%|                              | 138/99173 [01:10<13:49:26, 1.99it/s, loss=0.1152, mae=0.1200]
   Validating:   0%|                              | 139/99173 [01:10<13:49:26, 1.99it/s, loss=0.1152, mae=0.1200]
   Validating:   0%|                              | 139/99173 [01:11<13:49:26, 1.99it/s, loss=0.0996, mae=0.1076]
   Validating:   0%|                              | 140/99173 [01:11<13:49:25, 1.99it/s, loss=0.0996, mae=0.1076]
   Validating:   0%|                              | 140/99173 [01:11<13:49:25, 1.99it/s, loss=0.0861, mae=0.0921]
   Validating:   0%|                              | 141/99173 [01:11<13:49:25, 1.99it/s, loss=0.0861, mae=0.0921]
   Validating:   0%|                              | 141/99173 [01:12<13:49:25, 1.99it/s, loss=0.0716, mae=0.0737]
   Validating:   0%|                              | 142/99173 [01:12<13:49:24, 1.99it/s, loss=0.0716, mae=0.0737]
   Validating:   0%|                              | 142/99173 [01:12<13:49:24, 1.99it/s, loss=0.0706, mae=0.0711]
   Validating:   0%|                              | 143/99173 [01:12<13:49:24, 1.99it/s, loss=0.0706, mae=0.0711]
   Validating:   0%|                              | 143/99173 [01:13<13:49:24, 1.99it/s, loss=0.0580, mae=0.0615]
   Validating:   0%|                              | 144/99173 [01:13<13:49:23, 1.99it/s, loss=0.0580, mae=0.0615]
   Validating:   0%|                              | 144/99173 [01:13<13:49:23, 1.99it/s, loss=0.1604, mae=0.1555]
   Validating:   0%|                              | 145/99173 [01:13<13:49:23, 1.99it/s, loss=0.1604, mae=0.1555]
   Validating:   0%|                              | 145/99173 [01:14<13:49:23, 1.99it/s, loss=0.2204, mae=0.2054]
   Validating:   0%|                              | 146/99173 [01:14<13:49:22, 1.99it/s, loss=0.2204, mae=0.2054]
   Validating:   0%|                              | 146/99173 [01:14<13:49:22, 1.99it/s, loss=0.2526, mae=0.2293]
   Validating:   0%|                              | 147/99173 [01:14<13:49:22, 1.99it/s, loss=0.2526, mae=0.2293]
   Validating:   0%|                              | 147/99173 [01:15<13:49:22, 1.99it/s, loss=0.2249, mae=0.2131]
   Validating:   0%|                              | 148/99173 [01:15<13:49:21, 1.99it/s, loss=0.2249, mae=0.2131]
   Validating:   0%|                              | 148/99173 [01:15<13:49:21, 1.99it/s, loss=0.2360, mae=0.2116]
   Validating:   0%|                              | 149/99173 [01:15<13:49:21, 1.99it/s, loss=0.2360, mae=0.2116]
   Validating:   0%|                              | 149/99173 [01:16<13:49:21, 1.99it/s, loss=0.2479, mae=0.2236]
   Validating:   0%|                              | 150/99173 [01:16<13:49:20, 1.99it/s, loss=0.2479, mae=0.2236]
   Validating:   0%|                              | 150/99173 [01:16<13:49:20, 1.99it/s, loss=0.2580, mae=0.2297]
   Validating:   0%|                              | 151/99173 [01:16<13:49:20, 1.99it/s, loss=0.2580, mae=0.2297]
   Validating:   0%|                              | 151/99173 [01:17<13:49:20, 1.99it/s, loss=0.2846, mae=0.2509]
   Validating:   0%|                              | 152/99173 [01:17<13:49:19, 1.99it/s, loss=0.2846, mae=0.2509]
   Validating:   0%|                              | 152/99173 [01:17<13:49:19, 1.99it/s, loss=0.3052, mae=0.2646]
   Validating:   0%|                              | 153/99173 [01:17<13:49:19, 1.99it/s, loss=0.3052, mae=0.2646]
   Validating:   0%|                              | 153/99173 [01:18<13:49:19, 1.99it/s, loss=0.2898, mae=0.2559]
   Validating:   0%|                              | 154/99173 [01:18<13:49:18, 1.99it/s, loss=0.2898, mae=0.2559]
   Validating:   0%|                              | 154/99173 [01:18<13:49:18, 1.99it/s, loss=0.2998, mae=0.2568]
   Validating:   0%|                              | 155/99173 [01:18<13:49:18, 1.99it/s, loss=0.2998, mae=0.2568]
   Validating:   0%|                              | 155/99173 [01:19<13:49:18, 1.99it/s, loss=0.2756, mae=0.2437]
   Validating:   0%|                              | 156/99173 [01:19<13:49:17, 1.99it/s, loss=0.2756, mae=0.2437]
   Validating:   0%|                              | 156/99173 [01:19<13:49:17, 1.99it/s, loss=0.2759, mae=0.2416]
   Validating:   0%|                              | 157/99173 [01:19<13:49:17, 1.99it/s, loss=0.2759, mae=0.2416]
   Validating:   0%|                              | 157/99173 [01:20<13:49:17, 1.99it/s, loss=0.2694, mae=0.2386]
   Validating:   0%|                              | 158/99173 [01:20<13:49:16, 1.99it/s, loss=0.2694, mae=0.2386]
   Validating:   0%|                              | 158/99173 [01:20<13:49:16, 1.99it/s, loss=0.2423, mae=0.2226]
   Validating:   0%|                              | 159/99173 [01:20<13:49:16, 1.99it/s, loss=0.2423, mae=0.2226]
   Validating:   0%|                              | 159/99173 [01:21<13:49:16, 1.99it/s, loss=0.2381, mae=0.2167]
   Validating:   0%|                              | 160/99173 [01:21<13:49:15, 1.99it/s, loss=0.2381, mae=0.2167]
   Validating:   0%|                              | 160/99173 [01:21<13:49:15, 1.99it/s, loss=0.1744, mae=0.1632]
   Validating:   0%|                              | 161/99173 [01:21<13:49:15, 1.99it/s, loss=0.1744, mae=0.1632]
   Validating:   0%|                              | 161/99173 [01:22<13:49:15, 1.99it/s, loss=0.3027, mae=0.2637]
   Validating:   0%|                              | 162/99173 [01:22<13:49:14, 1.99it/s, loss=0.3027, mae=0.2637]
   Validating:   0%|                              | 162/99173 [01:22<13:49:14, 1.99it/s, loss=0.3513, mae=0.3077]
   Validating:   0%|                              | 163/99173 [01:22<13:49:14, 1.99it/s, loss=0.3513, mae=0.3077]
   Validating:   0%|                              | 163/99173 [01:23<13:49:14, 1.99it/s, loss=0.3384, mae=0.2948]
   Validating:   0%|                              | 164/99173 [01:23<13:49:13, 1.99it/s, loss=0.3384, mae=0.2948]
   Validating:   0%|                              | 164/99173 [01:23<13:49:13, 1.99it/s, loss=0.3319, mae=0.2902]
   Validating:   0%|                              | 165/99173 [01:23<13:49:13, 1.99it/s, loss=0.3319, mae=0.2902]
   Validating:   0%|                              | 165/99173 [01:24<13:49:13, 1.99it/s, loss=0.3385, mae=0.2903]
   Validating:   0%|                              | 166/99173 [01:24<13:49:12, 1.99it/s, loss=0.3385, mae=0.2903]
   Validating:   0%|                              | 166/99173 [01:24<13:49:12, 1.99it/s, loss=0.3179, mae=0.2801]
   Validating:   0%|                              | 167/99173 [01:24<13:49:12, 1.99it/s, loss=0.3179, mae=0.2801]
   Validating:   0%|                              | 167/99173 [01:25<13:49:12, 1.99it/s, loss=0.2906, mae=0.2611]
   Validating:   0%|                              | 168/99173 [01:25<13:49:11, 1.99it/s, loss=0.2906, mae=0.2611]
   Validating:   0%|                              | 168/99173 [01:25<13:49:11, 1.99it/s, loss=0.2832, mae=0.2531]
   Validating:   0%|                              | 169/99173 [01:25<13:49:11, 1.99it/s, loss=0.2832, mae=0.2531]
   Validating:   0%|                              | 169/99173 [01:26<13:49:11, 1.99it/s, loss=0.2695, mae=0.2393]
   Validating:   0%|                              | 170/99173 [01:26<13:49:10, 1.99it/s, loss=0.2695, mae=0.2393]
   Validating:   0%|                              | 170/99173 [01:26<13:49:10, 1.99it/s, loss=0.1410, mae=0.1344]
   Validating:   0%|                              | 171/99173 [01:26<13:49:10, 1.99it/s, loss=0.1410, mae=0.1344]
   Validating:   0%|                              | 171/99173 [01:27<13:49:10, 1.99it/s, loss=0.1785, mae=0.1643]
   Validating:   0%|                              | 172/99173 [01:27<13:49:09, 1.99it/s, loss=0.1785, mae=0.1643]
   Validating:   0%|                              | 172/99173 [01:27<13:49:09, 1.99it/s, loss=0.0544, mae=0.0592]
   Validating:   0%|                              | 173/99173 [01:27<13:49:09, 1.99it/s, loss=0.0544, mae=0.0592]
   Validating:   0%|                              | 173/99173 [01:28<13:49:09, 1.99it/s, loss=0.1069, mae=0.1091]
   Validating:   0%|                              | 174/99173 [01:28<13:49:08, 1.99it/s, loss=0.1069, mae=0.1091]
   Validating:   0%|                              | 174/99173 [01:28<13:49:08, 1.99it/s, loss=0.1486, mae=0.1466]
   Validating:   0%|                              | 175/99173 [01:28<13:49:08, 1.99it/s, loss=0.1486, mae=0.1466]
   Validating:   0%|                              | 175/99173 [01:29<13:49:08, 1.99it/s, loss=0.1948, mae=0.1763]
   Validating:   0%|                              | 176/99173 [01:29<13:49:07, 1.99it/s, loss=0.1948, mae=0.1763]
   Validating:   0%|                              | 176/99173 [01:29<13:49:07, 1.99it/s, loss=0.2289, mae=0.2106]
   Validating:   0%|                              | 177/99173 [01:29<13:49:07, 1.99it/s, loss=0.2289, mae=0.2106]
   Validating:   0%|                              | 177/99173 [01:30<13:49:07, 1.99it/s, loss=0.2364, mae=0.2273]
   Validating:   0%|                              | 178/99173 [01:30<13:49:06, 1.99it/s, loss=0.2364, mae=0.2273]
   Validating:   0%|                              | 178/99173 [01:30<13:49:06, 1.99it/s, loss=0.2344, mae=0.2276]
   Validating:   0%|                              | 179/99173 [01:30<13:49:06, 1.99it/s, loss=0.2344, mae=0.2276]
   Validating:   0%|                              | 179/99173 [01:31<13:49:06, 1.99it/s, loss=0.2351, mae=0.2303]
   Validating:   0%|                              | 180/99173 [01:31<13:49:05, 1.99it/s, loss=0.2351, mae=0.2303]
   Validating:   0%|                              | 180/99173 [01:31<13:49:05, 1.99it/s, loss=0.2619, mae=0.2555]
   Validating:   0%|                              | 181/99173 [01:31<13:49:05, 1.99it/s, loss=0.2619, mae=0.2555]
   Validating:   0%|                              | 181/99173 [01:32<13:49:05, 1.99it/s, loss=0.3045, mae=0.2881]
   Validating:   0%|                              | 182/99173 [01:32<13:49:04, 1.99it/s, loss=0.3045, mae=0.2881]
   Validating:   0%|                              | 182/99173 [01:32<13:49:04, 1.99it/s, loss=0.3314, mae=0.3073]
   Validating:   0%|                              | 183/99173 [01:32<13:49:04, 1.99it/s, loss=0.3314, mae=0.3073]
   Validating:   0%|                              | 183/99173 [01:33<13:49:04, 1.99it/s, loss=0.3456, mae=0.3133]
   Validating:   0%|                              | 184/99173 [01:33<13:49:03, 1.99it/s, loss=0.3456, mae=0.3133]
   Validating:   0%|                              | 184/99173 [01:34<13:49:03, 1.99it/s, loss=0.3414, mae=0.3111]
   Validating:   0%|                              | 185/99173 [01:34<13:49:03, 1.99it/s, loss=0.3414, mae=0.3111]
   Validating:   0%|                              | 185/99173 [01:34<13:49:03, 1.99it/s, loss=0.3529, mae=0.3199]
   Validating:   0%|                              | 186/99173 [01:34<13:49:02, 1.99it/s, loss=0.3529, mae=0.3199]
   Validating:   0%|                              | 186/99173 [01:35<13:49:02, 1.99it/s, loss=0.3764, mae=0.3299]
   Validating:   0%|                              | 187/99173 [01:35<13:49:02, 1.99it/s, loss=0.3764, mae=0.3299]
   Validating:   0%|                              | 187/99173 [01:35<13:49:02, 1.99it/s, loss=0.3396, mae=0.3010]
   Validating:   0%|                              | 188/99173 [01:35<13:53:12, 1.98it/s, loss=0.3396, mae=0.3010]
   Validating:   0%|                              | 188/99173 [01:36<13:53:12, 1.98it/s, loss=0.2865, mae=0.2641]
   Validating:   0%|                              | 189/99173 [01:36<13:49:01, 1.99it/s, loss=0.2865, mae=0.2641]
   Validating:   0%|                              | 189/99173 [01:36<13:49:01, 1.99it/s, loss=0.2583, mae=0.2415]
   Validating:   0%|                              | 190/99173 [01:36<13:49:00, 1.99it/s, loss=0.2583, mae=0.2415]
   Validating:   0%|                              | 190/99173 [01:37<13:49:00, 1.99it/s, loss=0.2610, mae=0.2401]
   Validating:   0%|                              | 191/99173 [01:37<13:49:00, 1.99it/s, loss=0.2610, mae=0.2401]
   Validating:   0%|                              | 191/99173 [01:37<13:49:00, 1.99it/s, loss=0.2417, mae=0.2277]
   Validating:   0%|                              | 192/99173 [01:37<13:48:59, 1.99it/s, loss=0.2417, mae=0.2277]
   Validating:   0%|                              | 192/99173 [01:38<13:48:59, 1.99it/s, loss=0.1926, mae=0.1906]
   Validating:   0%|                              | 193/99173 [01:38<13:48:59, 1.99it/s, loss=0.1926, mae=0.1906]
   Validating:   0%|                              | 193/99173 [01:38<13:48:59, 1.99it/s, loss=0.1523, mae=0.1580]
   Validating:   0%|                              | 194/99173 [01:38<13:48:58, 1.99it/s, loss=0.1523, mae=0.1580]
   Validating:   0%|                              | 194/99173 [01:39<13:48:58, 1.99it/s, loss=0.1362, mae=0.1422]
   Validating:   0%|                              | 195/99173 [01:39<13:48:58, 1.99it/s, loss=0.1362, mae=0.1422]
   Validating:   0%|                              | 195/99173 [01:39<13:48:58, 1.99it/s, loss=0.1266, mae=0.1294]
   Validating:   0%|                              | 196/99173 [01:39<13:48:57, 1.99it/s, loss=0.1266, mae=0.1294]
   Validating:   0%|                              | 196/99173 [01:40<13:48:57, 1.99it/s, loss=0.0978, mae=0.1035]
   Validating:   0%|                              | 197/99173 [01:40<13:48:57, 1.99it/s, loss=0.0978, mae=0.1035]
   Validating:   0%|                              | 197/99173 [01:40<13:48:57, 1.99it/s, loss=0.2014, mae=0.1862]
   Validating:   0%|                              | 198/99173 [01:40<13:48:56, 1.99it/s, loss=0.2014, mae=0.1862]
   Validating:   0%|                              | 198/99173 [01:41<13:48:56, 1.99it/s, loss=0.1498, mae=0.1466]
   Validating:   0%|                              | 199/99173 [01:41<13:48:56, 1.99it/s, loss=0.1498, mae=0.1466]
   Validating:   0%|                              | 199/99173 [01:41<13:48:56, 1.99it/s, loss=0.1579, mae=0.1567]
   Validating:   0%|                              | 200/99173 [01:41<13:48:55, 1.99it/s, loss=0.1579, mae=0.1567]
   Validating:   0%|                              | 200/99173 [01:42<13:48:55, 1.99it/s, loss=0.1789, mae=0.1799]
   Validating:   0%|                              | 201/99173 [01:42<13:48:55, 1.99it/s, loss=0.1789, mae=0.1799]
   Validating:   0%|                              | 201/99173 [01:42<13:48:55, 1.99it/s, loss=0.2019, mae=0.1995]
   Validating:   0%|                              | 202/99173 [01:42<13:48:54, 1.99it/s, loss=0.2019, mae=0.1995]
   Validating:   0%|                              | 202/99173 [01:43<13:48:54, 1.99it/s, loss=0.2176, mae=0.2150]
   Validating:   0%|                              | 203/99173 [01:43<13:48:54, 1.99it/s, loss=0.2176, mae=0.2150]
   Validating:   0%|                              | 203/99173 [01:43<13:48:54, 1.99it/s, loss=0.2656, mae=0.2533]
   Validating:   0%|                              | 204/99173 [01:43<13:48:53, 1.99it/s, loss=0.2656, mae=0.2533]
   Validating:   0%|                              | 204/99173 [01:44<13:48:53, 1.99it/s, loss=0.2855, mae=0.2775]
   Validating:   0%|                              | 205/99173 [01:44<13:48:53, 1.99it/s, loss=0.2855, mae=0.2775]
   Validating:   0%|                              | 205/99173 [01:44<13:48:53, 1.99it/s, loss=0.3143, mae=0.2994]
   Validating:   0%|                              | 206/99173 [01:44<13:48:52, 1.99it/s, loss=0.3143, mae=0.2994]
   Validating:   0%|                              | 206/99173 [01:45<13:48:52, 1.99it/s, loss=0.3487, mae=0.3280]
   Validating:   0%|                              | 207/99173 [01:45<13:48:52, 1.99it/s, loss=0.3487, mae=0.3280]
   Validating:   0%|                              | 207/99173 [01:45<13:48:52, 1.99it/s, loss=0.3656, mae=0.3395]
   Validating:   0%|                              | 208/99173 [01:45<13:48:51, 1.99it/s, loss=0.3656, mae=0.3395]
   Validating:   0%|                              | 208/99173 [01:46<13:48:51, 1.99it/s, loss=0.3837, mae=0.3492]
   Validating:   0%|                              | 209/99173 [01:46<13:48:51, 1.99it/s, loss=0.3837, mae=0.3492]
   Validating:   0%|                              | 209/99173 [01:46<13:48:51, 1.99it/s, loss=0.3789, mae=0.3446]
   Validating:   0%|                              | 210/99173 [01:46<13:48:50, 1.99it/s, loss=0.3789, mae=0.3446]
   Validating:   0%|                              | 210/99173 [01:47<13:48:50, 1.99it/s, loss=0.3876, mae=0.3417]
   Validating:   0%|                              | 211/99173 [01:47<13:48:50, 1.99it/s, loss=0.3876, mae=0.3417]
   Validating:   0%|                              | 211/99173 [01:47<13:48:50, 1.99it/s, loss=0.3503, mae=0.3141]
   Validating:   0%|                              | 212/99173 [01:47<13:48:49, 1.99it/s, loss=0.3503, mae=0.3141]
   Validating:   0%|                              | 212/99173 [01:48<13:48:49, 1.99it/s, loss=0.3051, mae=0.2713]
   Validating:   0%|                              | 213/99173 [01:48<13:48:49, 1.99it/s, loss=0.3051, mae=0.2713]
   Validating:   0%|                              | 213/99173 [01:48<13:48:49, 1.99it/s, loss=0.2787, mae=0.2453]
   Validating:   0%|                              | 214/99173 [01:48<13:48:48, 1.99it/s, loss=0.2787, mae=0.2453]
   Validating:   0%|                              | 214/99173 [01:49<13:48:48, 1.99it/s, loss=0.2385, mae=0.2091]
   Validating:   0%|                              | 215/99173 [01:49<13:48:48, 1.99it/s, loss=0.2385, mae=0.2091]
   Validating:   0%|                              | 215/99173 [01:49<13:48:48, 1.99it/s, loss=0.1956, mae=0.1789]
   Validating:   0%|                              | 216/99173 [01:49<13:48:47, 1.99it/s, loss=0.1956, mae=0.1789]
   Validating:   0%|                              | 216/99173 [01:50<13:48:47, 1.99it/s, loss=0.1153, mae=0.1113]
   Validating:   0%|                              | 217/99173 [01:50<13:48:47, 1.99it/s, loss=0.1153, mae=0.1113]
   Validating:   0%|                              | 217/99173 [01:50<13:48:47, 1.99it/s, loss=0.1541, mae=0.1411]
   Validating:   0%|                              | 218/99173 [01:50<13:48:46, 1.99it/s, loss=0.1541, mae=0.1411]
   Validating:   0%|                              | 218/99173 [01:51<13:48:46, 1.99it/s, loss=0.2092, mae=0.1825]
   Validating:   0%|                              | 219/99173 [01:51<13:48:46, 1.99it/s, loss=0.2092, mae=0.1825]
   Validating:   0%|                              | 219/99173 [01:51<13:48:46, 1.99it/s, loss=0.2391, mae=0.2079]
   Validating:   0%|                              | 220/99173 [01:51<13:48:45, 1.99it/s, loss=0.2391, mae=0.2079]
