     Training:   1%|▍                             | 6288/401599 [1:33:55<98:55:36, 1.11it/s, loss=0.3465, mae=0.2738, lr=0.000252]
     Training:   1%|▍                             | 6289/401599 [1:33:55<98:55:35, 1.11it/s, loss=0.3465, mae=0.2738, lr=0.000252]
     Training:   1%|▍                             | 6289/401599 [1:33:56<98:55:35, 1.11it/s, loss=0.3465, mae=0.2738, lr=0.000252]
     Training:   1%|▍                             | 6290/401599 [1:33:56<98:55:34, 1.11it/s, loss=0.3465, mae=0.2738, lr=0.000252]
     Training:   1%|▍                             | 6290/401599 [1:33:57<98:55:34, 1.11it/s, loss=0.3465, mae=0.2738, lr=0.000252]
     Training:   1%|▍                             | 6291/401599 [1:33:57<98:02:34, 1.12it/s, loss=0.3465, mae=0.2738, lr=0.000252]
     Training:   1%|▍                             | 6291/401599 [1:33:58<98:02:34, 1.12it/s, loss=0.3465, mae=0.2738, lr=0.000252]
     Training:   1%|▍                             | 6292/401599 [1:33:58<98:02:33, 1.12it/s, loss=0.3465, mae=0.2738, lr=0.000252]
     Training:   1%|▍                             | 6292/401599 [1:33:59<98:02:33, 1.12it/s, loss=0.3465, mae=0.2737, lr=0.000252]
     Training:   1%|▍                             | 6293/401599 [1:33:59<98:02:32, 1.12it/s, loss=0.3465, mae=0.2737, lr=0.000252]
     Training:   1%|▍                             | 6293/401599 [1:34:00<98:02:32, 1.12it/s, loss=0.3464, mae=0.2737, lr=0.000252]
     Training:   1%|▍                             | 6294/401599 [1:34:00<98:55:31, 1.11it/s, loss=0.3464, mae=0.2737, lr=0.000252]
     Training:   1%|▍                             | 6294/401599 [1:34:01<98:55:31, 1.11it/s, loss=0.3464, mae=0.2737, lr=0.000252]
     Training:   1%|▍                             | 6295/401599 [1:34:01<98:55:30, 1.11it/s, loss=0.3464, mae=0.2737, lr=0.000252]
     Training:   1%|▍                             | 6295/401599 [1:34:01<98:55:30, 1.11it/s, loss=0.3464, mae=0.2737, lr=0.000252]
     Training:   1%|▍                             | 6296/401599 [1:34:01<98:55:29, 1.11it/s, loss=0.3464, mae=0.2737, lr=0.000252]
     Training:   1%|▍                             | 6296/401599 [1:34:02<98:55:29, 1.11it/s, loss=0.3464, mae=0.2737, lr=0.000252]
     Training:   1%|▍                             | 6297/401599 [1:34:02<98:55:28, 1.11it/s, loss=0.3464, mae=0.2737, lr=0.000252]
     Training:   1%|▍                             | 6297/401599 [1:34:03<98:55:28, 1.11it/s, loss=0.3464, mae=0.2737, lr=0.000252]
     Training:   1%|▍                             | 6298/401599 [1:34:03<98:55:27, 1.11it/s, loss=0.3464, mae=0.2737, lr=0.000252]
     Training:   1%|▍                             | 6298/401599 [1:34:04<98:55:27, 1.11it/s, loss=0.3463, mae=0.2737, lr=0.000252]
     Training:   1%|▍                             | 6299/401599 [1:34:04<98:55:26, 1.11it/s, loss=0.3463, mae=0.2737, lr=0.000252]
     Training:   1%|▍                             | 6299/401599 [1:34:05<98:55:26, 1.11it/s, loss=0.3463, mae=0.2737, lr=0.000252]
     Training:   1%|▍                             | 6300/401599 [1:34:05<98:55:25, 1.11it/s, loss=0.3463, mae=0.2737, lr=0.000252]
     Training:   1%|▍                             | 6300/401599 [1:34:06<98:55:25, 1.11it/s, loss=0.3463, mae=0.2737, lr=0.000252]
     Training:   1%|▍                             | 6301/401599 [1:34:06<98:55:24, 1.11it/s, loss=0.3463, mae=0.2737, lr=0.000252]
     Training:   1%|▍                             | 6301/401599 [1:34:07<98:55:24, 1.11it/s, loss=0.3463, mae=0.2736, lr=0.000252]
     Training:   1%|▍                             | 6302/401599 [1:34:07<98:02:24, 1.12it/s, loss=0.3463, mae=0.2736, lr=0.000252]
     Training:   1%|▍                             | 6302/401599 [1:34:08<98:02:24, 1.12it/s, loss=0.3462, mae=0.2736, lr=0.000252]
     Training:   1%|▍                             | 6303/401599 [1:34:08<98:55:23, 1.11it/s, loss=0.3462, mae=0.2736, lr=0.000252]
     Training:   1%|▍                             | 6303/401599 [1:34:09<98:55:23, 1.11it/s, loss=0.3462, mae=0.2736, lr=0.000252]
     Training:   1%|▍                             | 6304/401599 [1:34:09<98:02:22, 1.12it/s, loss=0.3462, mae=0.2736, lr=0.000252]
     Training:   1%|▍                             | 6304/401599 [1:34:10<98:02:22, 1.12it/s, loss=0.3462, mae=0.2736, lr=0.000252]
     Training:   1%|▍                             | 6305/401599 [1:34:10<98:02:21, 1.12it/s, loss=0.3462, mae=0.2736, lr=0.000252]
     Training:   1%|▍                             | 6305/401599 [1:34:10<98:02:21, 1.12it/s, loss=0.3462, mae=0.2736, lr=0.000252]
     Training:   1%|▍                             | 6306/401599 [1:34:10<98:02:20, 1.12it/s, loss=0.3462, mae=0.2736, lr=0.000252]
     Training:   1%|▍                             | 6306/401599 [1:34:11<98:02:20, 1.12it/s, loss=0.3461, mae=0.2735, lr=0.000252]
     Training:   1%|▍                             | 6307/401599 [1:34:11<98:02:19, 1.12it/s, loss=0.3461, mae=0.2735, lr=0.000252]
     Training:   1%|▍                             | 6307/401599 [1:34:12<98:02:19, 1.12it/s, loss=0.3461, mae=0.2735, lr=0.000252]
     Training:   1%|▍                             | 6308/401599 [1:34:12<98:55:18, 1.11it/s, loss=0.3461, mae=0.2735, lr=0.000252]
     Training:   1%|▍                             | 6308/401599 [1:34:13<98:55:18, 1.11it/s, loss=0.3461, mae=0.2735, lr=0.000252]
     Training:   1%|▍                             | 6309/401599 [1:34:13<98:02:17, 1.12it/s, loss=0.3461, mae=0.2735, lr=0.000252]
     Training:   1%|▍                             | 6309/401599 [1:34:14<98:02:17, 1.12it/s, loss=0.3461, mae=0.2735, lr=0.000252]
     Training:   1%|▍                             | 6310/401599 [1:34:14<98:02:17, 1.12it/s, loss=0.3461, mae=0.2735, lr=0.000252]
     Training:   1%|▍                             | 6310/401599 [1:34:15<98:02:17, 1.12it/s, loss=0.3461, mae=0.2735, lr=0.000252]
     Training:   1%|▍                             | 6311/401599 [1:34:15<98:02:16, 1.12it/s, loss=0.3461, mae=0.2735, lr=0.000252]
     Training:   1%|▍                             | 6311/401599 [1:34:16<98:02:16, 1.12it/s, loss=0.3460, mae=0.2735, lr=0.000252]
     Training:   1%|▍                             | 6312/401599 [1:34:16<98:55:14, 1.11it/s, loss=0.3460, mae=0.2735, lr=0.000252]
     Training:   1%|▍                             | 6312/401599 [1:34:17<98:55:14, 1.11it/s, loss=0.3460, mae=0.2735, lr=0.000252]
     Training:   1%|▍                             | 6313/401599 [1:34:17<98:02:14, 1.12it/s, loss=0.3460, mae=0.2735, lr=0.000252]
     Training:   1%|▍                             | 6313/401599 [1:34:18<98:02:14, 1.12it/s, loss=0.3460, mae=0.2735, lr=0.000252]
     Training:   1%|▍                             | 6314/401599 [1:34:18<98:55:13, 1.11it/s, loss=0.3460, mae=0.2735, lr=0.000252]
     Training:   1%|▍                             | 6314/401599 [1:34:18<98:55:13, 1.11it/s, loss=0.3460, mae=0.2734, lr=0.000252]
     Training:   1%|▍                             | 6315/401599 [1:34:18<98:02:12, 1.12it/s, loss=0.3460, mae=0.2734, lr=0.000252]
     Training:   1%|▍                             | 6315/401599 [1:34:19<98:02:12, 1.12it/s, loss=0.3459, mae=0.2734, lr=0.000252]
     Training:   1%|▍                             | 6316/401599 [1:34:19<98:02:11, 1.12it/s, loss=0.3459, mae=0.2734, lr=0.000252]
     Training:   1%|▍                             | 6316/401599 [1:34:20<98:02:11, 1.12it/s, loss=0.3459, mae=0.2734, lr=0.000252]
     Training:   1%|▍                             | 6317/401599 [1:34:20<98:02:10, 1.12it/s, loss=0.3459, mae=0.2734, lr=0.000252]
     Training:   1%|▍                             | 6317/401599 [1:34:21<98:02:10, 1.12it/s, loss=0.3459, mae=0.2734, lr=0.000252]
     Training:   1%|▍                             | 6318/401599 [1:34:21<98:02:09, 1.12it/s, loss=0.3459, mae=0.2734, lr=0.000252]
     Training:   1%|▍                             | 6318/401599 [1:34:22<98:02:09, 1.12it/s, loss=0.3459, mae=0.2734, lr=0.000252]
     Training:   1%|▍                             | 6319/401599 [1:34:22<98:55:08, 1.11it/s, loss=0.3459, mae=0.2734, lr=0.000252]
     Training:   1%|▍                             | 6319/401599 [1:34:23<98:55:08, 1.11it/s, loss=0.3459, mae=0.2734, lr=0.000252]
     Training:   1%|▍                             | 6320/401599 [1:34:23<98:55:07, 1.11it/s, loss=0.3459, mae=0.2734, lr=0.000252]
   Validating:   0%|                              | 0/99173 [00:00<?, ?it/s]
   Validating:   0%|                              | 0/99173 [00:02<?, ?it/s, loss=0.1394, mae=0.1305]
   Validating:   0%|                              | 1/99173 [00:02<60:52:50, 2.21s/it, loss=0.1394, mae=0.1305]
   Validating:   0%|                              | 1/99173 [00:02<60:52:50, 2.21s/it, loss=0.1962, mae=0.1901]
   Validating:   0%|                              | 2/99173 [00:02<33:19:57, 1.21s/it, loss=0.1962, mae=0.1901]
   Validating:   0%|                              | 2/99173 [00:03<33:19:57, 1.21s/it, loss=0.2163, mae=0.2141]
   Validating:   0%|                              | 3/99173 [00:03<24:35:45, 1.12it/s, loss=0.2163, mae=0.2141]
   Validating:   0%|                              | 3/99173 [00:03<24:35:45, 1.12it/s, loss=0.2360, mae=0.2376]
   Validating:   0%|                              | 4/99173 [00:03<20:24:19, 1.35it/s, loss=0.2360, mae=0.2376]
   Validating:   0%|                              | 4/99173 [00:04<20:24:19, 1.35it/s, loss=0.2548, mae=0.2624]
   Validating:   0%|                              | 5/99173 [00:04<18:14:34, 1.51it/s, loss=0.2548, mae=0.2624]
   Validating:   0%|                              | 5/99173 [00:04<18:14:34, 1.51it/s, loss=0.2600, mae=0.2672]
   Validating:   0%|                              | 6/99173 [00:04<16:47:48, 1.64it/s, loss=0.2600, mae=0.2672]
   Validating:   0%|                              | 6/99173 [00:05<16:47:48, 1.64it/s, loss=0.2805, mae=0.2800]
   Validating:   0%|                              | 7/99173 [00:05<15:55:21, 1.73it/s, loss=0.2805, mae=0.2800]
   Validating:   0%|                              | 7/99173 [00:05<15:55:21, 1.73it/s, loss=0.3276, mae=0.3087]
   Validating:   0%|                              | 8/99173 [00:05<15:23:19, 1.79it/s, loss=0.3276, mae=0.3087]
   Validating:   0%|                              | 8/99173 [00:06<15:23:19, 1.79it/s, loss=0.3021, mae=0.2936]
   Validating:   0%|                              | 9/99173 [00:06<14:58:13, 1.84it/s, loss=0.3021, mae=0.2936]
   Validating:   0%|                              | 9/99173 [00:06<14:58:13, 1.84it/s, loss=0.3057, mae=0.2963]
   Validating:   0%|                              | 10/99173 [00:06<14:43:48, 1.87it/s, loss=0.3057, mae=0.2963]
   Validating:   0%|                              | 10/99173 [00:07<14:43:48, 1.87it/s, loss=0.3432, mae=0.3200]
   Validating:   0%|                              | 11/99173 [00:07<14:29:51, 1.90it/s, loss=0.3432, mae=0.3200]
   Validating:   0%|                              | 11/99173 [00:07<14:29:51, 1.90it/s, loss=0.3128, mae=0.3042]
   Validating:   0%|                              | 12/99173 [00:07<14:25:17, 1.91it/s, loss=0.3128, mae=0.3042]
   Validating:   0%|                              | 12/99173 [00:08<14:25:17, 1.91it/s, loss=0.1964, mae=0.1806]
   Validating:   0%|                              | 13/99173 [00:08<14:16:18, 1.93it/s, loss=0.1964, mae=0.1806]
   Validating:   0%|                              | 13/99173 [00:08<14:16:18, 1.93it/s, loss=0.1215, mae=0.1139]
   Validating:   0%|                              | 14/99173 [00:08<14:16:18, 1.93it/s, loss=0.1215, mae=0.1139]
   Validating:   0%|                              | 14/99173 [00:09<14:16:18, 1.93it/s, loss=0.0383, mae=0.0441]
   Validating:   0%|                              | 15/99173 [00:09<14:11:52, 1.94it/s, loss=0.0383, mae=0.0441]
   Validating:   0%|                              | 15/99173 [00:09<14:11:52, 1.94it/s, loss=0.0076, mae=0.0238]
   Validating:   0%|                              | 16/99173 [00:09<14:11:52, 1.94it/s, loss=0.0076, mae=0.0238]
   Validating:   0%|                              | 16/99173 [00:10<14:11:52, 1.94it/s, loss=0.0110, mae=0.0347]
   Validating:   0%|                              | 17/99173 [00:10<14:07:29, 1.95it/s, loss=0.0110, mae=0.0347]
   Validating:   0%|                              | 17/99173 [00:10<14:07:29, 1.95it/s, loss=0.0492, mae=0.0538]
   Validating:   0%|                              | 18/99173 [00:10<14:11:51, 1.94it/s, loss=0.0492, mae=0.0538]
   Validating:   0%|                              | 18/99173 [00:11<14:11:51, 1.94it/s, loss=0.1764, mae=0.1545]
   Validating:   0%|                              | 19/99173 [00:11<14:07:28, 1.95it/s, loss=0.1764, mae=0.1545]
   Validating:   0%|                              | 19/99173 [00:11<14:07:28, 1.95it/s, loss=0.1310, mae=0.1213]
   Validating:   0%|                              | 20/99173 [00:11<14:07:28, 1.95it/s, loss=0.1310, mae=0.1213]
   Validating:   0%|                              | 20/99173 [00:12<14:07:28, 1.95it/s, loss=0.3632, mae=0.3130]
   Validating:   0%|                              | 21/99173 [00:12<14:07:27, 1.95it/s, loss=0.3632, mae=0.3130]
   Validating:   0%|                              | 21/99173 [00:12<14:07:27, 1.95it/s, loss=0.2982, mae=0.2795]
   Validating:   0%|                              | 22/99173 [00:12<14:07:27, 1.95it/s, loss=0.2982, mae=0.2795]
   Validating:   0%|                              | 22/99173 [00:13<14:07:27, 1.95it/s, loss=0.2702, mae=0.2655]
   Validating:   0%|                              | 23/99173 [00:13<14:07:26, 1.95it/s, loss=0.2702, mae=0.2655]
   Validating:   0%|                              | 23/99173 [00:13<14:07:26, 1.95it/s, loss=0.2538, mae=0.2563]
   Validating:   0%|                              | 24/99173 [00:14<14:07:26, 1.95it/s, loss=0.2538, mae=0.2563]
   Validating:   0%|                              | 24/99173 [00:14<14:07:26, 1.95it/s, loss=0.2397, mae=0.2418]
   Validating:   0%|                              | 25/99173 [00:14<14:07:25, 1.95it/s, loss=0.2397, mae=0.2418]
   Validating:   0%|                              | 25/99173 [00:15<14:07:25, 1.95it/s, loss=0.2742, mae=0.2586]
   Validating:   0%|                              | 26/99173 [00:15<14:07:25, 1.95it/s, loss=0.2742, mae=0.2586]
   Validating:   0%|                              | 26/99173 [00:15<14:07:25, 1.95it/s, loss=0.2884, mae=0.2678]
   Validating:   0%|                              | 27/99173 [00:15<14:07:24, 1.95it/s, loss=0.2884, mae=0.2678]
   Validating:   0%|                              | 27/99173 [00:16<14:07:24, 1.95it/s, loss=0.2700, mae=0.2560]
   Validating:   0%|                              | 28/99173 [00:16<14:07:24, 1.95it/s, loss=0.2700, mae=0.2560]
   Validating:   0%|                              | 28/99173 [00:16<14:07:24, 1.95it/s, loss=0.2534, mae=0.2366]
   Validating:   0%|                              | 29/99173 [00:16<14:07:23, 1.95it/s, loss=0.2534, mae=0.2366]
   Validating:   0%|                              | 29/99173 [00:17<14:07:23, 1.95it/s, loss=0.2612, mae=0.2418]
   Validating:   0%|                              | 30/99173 [00:17<14:07:23, 1.95it/s, loss=0.2612, mae=0.2418]
   Validating:   0%|                              | 30/99173 [00:17<14:07:23, 1.95it/s, loss=0.3022, mae=0.2648]
   Validating:   0%|                              | 31/99173 [00:17<14:07:22, 1.95it/s, loss=0.3022, mae=0.2648]
   Validating:   0%|                              | 31/99173 [00:18<14:07:22, 1.95it/s, loss=0.2368, mae=0.2059]
   Validating:   0%|                              | 32/99173 [00:18<14:07:22, 1.95it/s, loss=0.2368, mae=0.2059]
   Validating:   0%|                              | 32/99173 [00:18<14:07:22, 1.95it/s, loss=0.1938, mae=0.1749]
   Validating:   0%|                              | 33/99173 [00:18<14:07:21, 1.95it/s, loss=0.1938, mae=0.1749]
   Validating:   0%|                              | 33/99173 [00:19<14:07:21, 1.95it/s, loss=0.0798, mae=0.0769]
   Validating:   0%|                              | 34/99173 [00:19<14:07:21, 1.95it/s, loss=0.0798, mae=0.0769]
   Validating:   0%|                              | 34/99173 [00:19<14:07:21, 1.95it/s, loss=0.0065, mae=0.0161]
   Validating:   0%|                              | 35/99173 [00:19<14:07:20, 1.95it/s, loss=0.0065, mae=0.0161]
   Validating:   0%|                              | 35/99173 [00:20<14:07:20, 1.95it/s, loss=0.2048, mae=0.1694]
   Validating:   0%|                              | 36/99173 [00:20<14:07:19, 1.95it/s, loss=0.2048, mae=0.1694]
   Validating:   0%|                              | 36/99173 [00:20<14:07:19, 1.95it/s, loss=0.2614, mae=0.2143]
   Validating:   0%|                              | 37/99173 [00:20<14:07:19, 1.95it/s, loss=0.2614, mae=0.2143]
   Validating:   0%|                              | 37/99173 [00:21<14:07:19, 1.95it/s, loss=0.2642, mae=0.2131]
   Validating:   0%|                              | 38/99173 [00:21<14:07:18, 1.95it/s, loss=0.2642, mae=0.2131]
   Validating:   0%|                              | 38/99173 [00:21<14:07:18, 1.95it/s, loss=0.2928, mae=0.2401]
   Validating:   0%|                              | 39/99173 [00:21<14:07:18, 1.95it/s, loss=0.2928, mae=0.2401]
   Validating:   0%|                              | 39/99173 [00:22<14:07:18, 1.95it/s, loss=0.3057, mae=0.2474]
   Validating:   0%|                              | 40/99173 [00:22<14:07:17, 1.95it/s, loss=0.3057, mae=0.2474]
   Validating:   0%|                              | 40/99173 [00:22<14:07:17, 1.95it/s, loss=0.2826, mae=0.2382]
   Validating:   0%|                              | 41/99173 [00:22<14:07:17, 1.95it/s, loss=0.2826, mae=0.2382]
   Validating:   0%|                              | 41/99173 [00:23<14:07:17, 1.95it/s, loss=0.2645, mae=0.2260]
   Validating:   0%|                              | 42/99173 [00:23<14:07:16, 1.95it/s, loss=0.2645, mae=0.2260]
   Validating:   0%|                              | 42/99173 [00:23<14:07:16, 1.95it/s, loss=0.2445, mae=0.2080]
   Validating:   0%|                              | 43/99173 [00:23<14:07:16, 1.95it/s, loss=0.2445, mae=0.2080]
   Validating:   0%|                              | 43/99173 [00:24<14:07:16, 1.95it/s, loss=0.2540, mae=0.2141]
   Validating:   0%|                              | 44/99173 [00:24<14:07:15, 1.95it/s, loss=0.2540, mae=0.2141]
   Validating:   0%|                              | 44/99173 [00:24<14:07:15, 1.95it/s, loss=0.2486, mae=0.2131]
   Validating:   0%|                              | 45/99173 [00:24<14:07:15, 1.95it/s, loss=0.2486, mae=0.2131]
   Validating:   0%|                              | 45/99173 [00:25<14:07:15, 1.95it/s, loss=0.2945, mae=0.2389]
   Validating:   0%|                              | 46/99173 [00:25<14:07:14, 1.95it/s, loss=0.2945, mae=0.2389]
   Validating:   0%|                              | 46/99173 [00:25<14:07:14, 1.95it/s, loss=0.3009, mae=0.2474]
   Validating:   0%|                              | 47/99173 [00:25<14:07:14, 1.95it/s, loss=0.3009, mae=0.2474]
   Validating:   0%|                              | 47/99173 [00:26<14:07:14, 1.95it/s, loss=0.2812, mae=0.2441]
   Validating:   0%|                              | 48/99173 [00:26<14:07:13, 1.95it/s, loss=0.2812, mae=0.2441]
   Validating:   0%|                              | 48/99173 [00:26<14:07:13, 1.95it/s, loss=0.2675, mae=0.2453]
   Validating:   0%|                              | 49/99173 [00:26<14:07:13, 1.95it/s, loss=0.2675, mae=0.2453]
   Validating:   0%|                              | 49/99173 [00:27<14:07:13, 1.95it/s, loss=0.2724, mae=0.2415]
   Validating:   0%|                              | 50/99173 [00:27<14:07:12, 1.95it/s, loss=0.2724, mae=0.2415]
   Validating:   0%|                              | 50/99173 [00:27<14:07:12, 1.95it/s, loss=0.2025, mae=0.1970]
   Validating:   0%|                              | 51/99173 [00:27<14:07:12, 1.95it/s, loss=0.2025, mae=0.1970]
   Validating:   0%|                              | 51/99173 [00:28<14:07:12, 1.95it/s, loss=0.2134, mae=0.1958]
   Validating:   0%|                              | 52/99173 [00:28<14:07:11, 1.95it/s, loss=0.2134, mae=0.1958]
   Validating:   0%|                              | 52/99173 [00:28<14:07:11, 1.95it/s, loss=0.2312, mae=0.2056]
   Validating:   0%|                              | 53/99173 [00:28<14:07:11, 1.95it/s, loss=0.2312, mae=0.2056]
   Validating:   0%|                              | 53/99173 [00:29<14:07:11, 1.95it/s, loss=0.2109, mae=0.1868]
   Validating:   0%|                              | 54/99173 [00:29<14:07:10, 1.95it/s, loss=0.2109, mae=0.1868]
   Validating:   0%|                              | 54/99173 [00:29<14:07:10, 1.95it/s, loss=0.2182, mae=0.1920]
   Validating:   0%|                              | 55/99173 [00:29<14:07:10, 1.95it/s, loss=0.2182, mae=0.1920]
   Validating:   0%|                              | 55/99173 [00:30<14:07:10, 1.95it/s, loss=0.2112, mae=0.1901]
   Validating:   0%|                              | 56/99173 [00:30<14:07:09, 1.95it/s, loss=0.2112, mae=0.1901]
   Validating:   0%|                              | 56/99173 [00:30<14:07:09, 1.95it/s, loss=0.2323, mae=0.2160]
   Validating:   0%|                              | 57/99173 [00:30<14:07:09, 1.95it/s, loss=0.2323, mae=0.2160]
   Validating:   0%|                              | 57/99173 [00:31<14:07:09, 1.95it/s, loss=0.2608, mae=0.2243]
   Validating:   0%|                              | 58/99173 [00:31<14:11:30, 1.94it/s, loss=0.2608, mae=0.2243]
   Validating:   0%|                              | 58/99173 [00:31<14:11:30, 1.94it/s, loss=0.2602, mae=0.2134]
   Validating:   0%|                              | 59/99173 [00:31<14:11:30, 1.94it/s, loss=0.2602, mae=0.2134]
   Validating:   0%|                              | 59/99173 [00:32<14:11:30, 1.94it/s, loss=0.2765, mae=0.2192]
   Validating:   0%|                              | 60/99173 [00:32<14:07:07, 1.95it/s, loss=0.2765, mae=0.2192]
   Validating:   0%|                              | 60/99173 [00:32<14:07:07, 1.95it/s, loss=0.2412, mae=0.1936]
   Validating:   0%|                              | 61/99173 [00:32<14:07:07, 1.95it/s, loss=0.2412, mae=0.1936]
   Validating:   0%|                              | 61/99173 [00:33<14:07:07, 1.95it/s, loss=0.2111, mae=0.1676]
   Validating:   0%|                              | 62/99173 [00:33<14:07:06, 1.95it/s, loss=0.2111, mae=0.1676]
   Validating:   0%|                              | 62/99173 [00:33<14:07:06, 1.95it/s, loss=0.2158, mae=0.1685]
   Validating:   0%|                              | 63/99173 [00:34<14:07:06, 1.95it/s, loss=0.2158, mae=0.1685]
   Validating:   0%|                              | 63/99173 [00:34<14:07:06, 1.95it/s, loss=0.2274, mae=0.1763]
   Validating:   0%|                              | 64/99173 [00:34<14:07:05, 1.95it/s, loss=0.2274, mae=0.1763]
   Validating:   0%|                              | 64/99173 [00:35<14:07:05, 1.95it/s, loss=0.2775, mae=0.2103]
   Validating:   0%|                              | 65/99173 [00:35<14:07:05, 1.95it/s, loss=0.2775, mae=0.2103]
   Validating:   0%|                              | 65/99173 [00:35<14:07:05, 1.95it/s, loss=0.2939, mae=0.2299]
   Validating:   0%|                              | 66/99173 [00:35<14:07:04, 1.95it/s, loss=0.2939, mae=0.2299]
   Validating:   0%|                              | 66/99173 [00:36<14:07:04, 1.95it/s, loss=0.1909, mae=0.1577]
   Validating:   0%|                              | 67/99173 [00:36<14:07:04, 1.95it/s, loss=0.1909, mae=0.1577]
   Validating:   0%|                              | 67/99173 [00:36<14:07:04, 1.95it/s, loss=0.1230, mae=0.1032]
   Validating:   0%|                              | 68/99173 [00:36<14:07:03, 1.95it/s, loss=0.1230, mae=0.1032]
   Validating:   0%|                              | 68/99173 [00:37<14:07:03, 1.95it/s, loss=0.1273, mae=0.1088]
   Validating:   0%|                              | 69/99173 [00:37<14:07:03, 1.95it/s, loss=0.1273, mae=0.1088]
   Validating:   0%|                              | 69/99173 [00:37<14:07:03, 1.95it/s, loss=0.1289, mae=0.1124]
   Validating:   0%|                              | 70/99173 [00:37<14:07:02, 1.95it/s, loss=0.1289, mae=0.1124]
   Validating:   0%|                              | 70/99173 [00:38<14:07:02, 1.95it/s, loss=0.1261, mae=0.1132]
   Validating:   0%|                              | 71/99173 [00:38<14:07:02, 1.95it/s, loss=0.1261, mae=0.1132]
   Validating:   0%|                              | 71/99173 [00:38<14:07:02, 1.95it/s, loss=0.1080, mae=0.0976]
   Validating:   0%|                              | 72/99173 [00:38<14:07:01, 1.95it/s, loss=0.1080, mae=0.0976]
   Validating:   0%|                              | 72/99173 [00:39<14:07:01, 1.95it/s, loss=0.0934, mae=0.0853]
   Validating:   0%|                              | 73/99173 [00:39<14:07:01, 1.95it/s, loss=0.0934, mae=0.0853]
   Validating:   0%|                              | 73/99173 [00:39<14:07:01, 1.95it/s, loss=0.0888, mae=0.0816]
   Validating:   0%|                              | 74/99173 [00:39<14:07:00, 1.95it/s, loss=0.0888, mae=0.0816]
   Validating:   0%|                              | 74/99173 [00:40<14:07:00, 1.95it/s, loss=0.1446, mae=0.1220]
   Validating:   0%|                              | 75/99173 [00:40<14:06:59, 1.95it/s, loss=0.1446, mae=0.1220]
   Validating:   0%|                              | 75/99173 [00:40<14:06:59, 1.95it/s, loss=0.1223, mae=0.1202]
   Validating:   0%|                              | 76/99173 [00:40<14:06:59, 1.95it/s, loss=0.1223, mae=0.1202]
   Validating:   0%|                              | 76/99173 [00:41<14:06:59, 1.95it/s, loss=0.1552, mae=0.1407]
   Validating:   0%|                              | 77/99173 [00:41<14:06:58, 1.95it/s, loss=0.1552, mae=0.1407]
   Validating:   0%|                              | 77/99173 [00:41<14:06:58, 1.95it/s, loss=0.2119, mae=0.1900]
   Validating:   0%|                              | 78/99173 [00:41<14:06:58, 1.95it/s, loss=0.2119, mae=0.1900]
   Validating:   0%|                              | 78/99173 [00:42<14:06:58, 1.95it/s, loss=0.2781, mae=0.2399]
   Validating:   0%|                              | 79/99173 [00:42<14:06:57, 1.95it/s, loss=0.2781, mae=0.2399]
   Validating:   0%|                              | 79/99173 [00:42<14:06:57, 1.95it/s, loss=0.3345, mae=0.2832]
   Validating:   0%|                              | 80/99173 [00:42<14:06:57, 1.95it/s, loss=0.3345, mae=0.2832]
   Validating:   0%|                              | 80/99173 [00:43<14:06:57, 1.95it/s, loss=0.3613, mae=0.3119]
   Validating:   0%|                              | 81/99173 [00:43<14:06:56, 1.95it/s, loss=0.3613, mae=0.3119]
   Validating:   0%|                              | 81/99173 [00:43<14:06:56, 1.95it/s, loss=0.3707, mae=0.3251]
   Validating:   0%|                              | 82/99173 [00:43<14:06:56, 1.95it/s, loss=0.3707, mae=0.3251]
   Validating:   0%|                              | 82/99173 [00:44<14:06:56, 1.95it/s, loss=0.3661, mae=0.3189]
   Validating:   0%|                              | 83/99173 [00:44<14:06:55, 1.95it/s, loss=0.3661, mae=0.3189]
   Validating:   0%|                              | 83/99173 [00:44<14:06:55, 1.95it/s, loss=0.3968, mae=0.3432]
   Validating:   0%|                              | 84/99173 [00:44<14:06:55, 1.95it/s, loss=0.3968, mae=0.3432]
   Validating:   0%|                              | 84/99173 [00:45<14:06:55, 1.95it/s, loss=0.4304, mae=0.3655]
   Validating:   0%|                              | 85/99173 [00:45<14:06:54, 1.95it/s, loss=0.4304, mae=0.3655]
   Validating:   0%|                              | 85/99173 [00:45<14:06:54, 1.95it/s, loss=0.4344, mae=0.3570]
   Validating:   0%|                              | 86/99173 [00:45<14:06:54, 1.95it/s, loss=0.4344, mae=0.3570]
   Validating:   0%|                              | 86/99173 [00:46<14:06:54, 1.95it/s, loss=0.3283, mae=0.2853]
   Validating:   0%|                              | 87/99173 [00:46<14:11:15, 1.94it/s, loss=0.3283, mae=0.2853]
   Validating:   0%|                              | 87/99173 [00:46<14:11:15, 1.94it/s, loss=0.2873, mae=0.2422]
   Validating:   0%|                              | 88/99173 [00:46<14:06:53, 1.95it/s, loss=0.2873, mae=0.2422]
   Validating:   0%|                              | 88/99173 [00:47<14:06:53, 1.95it/s, loss=0.2380, mae=0.1975]
   Validating:   0%|                              | 89/99173 [00:47<14:06:52, 1.95it/s, loss=0.2380, mae=0.1975]
   Validating:   0%|                              | 89/99173 [00:47<14:06:52, 1.95it/s, loss=0.1981, mae=0.1654]
   Validating:   0%|                              | 90/99173 [00:47<14:06:52, 1.95it/s, loss=0.1981, mae=0.1654]
   Validating:   0%|                              | 90/99173 [00:48<14:06:52, 1.95it/s, loss=0.0238, mae=0.0368]
   Validating:   0%|                              | 91/99173 [00:48<14:06:51, 1.95it/s, loss=0.0238, mae=0.0368]
   Validating:   0%|                              | 91/99173 [00:48<14:06:51, 1.95it/s, loss=0.0032, mae=0.0157]
   Validating:   0%|                              | 92/99173 [00:48<14:06:51, 1.95it/s, loss=0.0032, mae=0.0157]
   Validating:   0%|                              | 92/99173 [00:49<14:06:51, 1.95it/s, loss=0.0356, mae=0.0416]
   Validating:   0%|                              | 93/99173 [00:49<14:06:50, 1.95it/s, loss=0.0356, mae=0.0416]
   Validating:   0%|                              | 93/99173 [00:49<14:06:50, 1.95it/s, loss=0.0175, mae=0.0255]
   Validating:   0%|                              | 94/99173 [00:49<14:06:50, 1.95it/s, loss=0.0175, mae=0.0255]
   Validating:   0%|                              | 94/99173 [00:50<14:06:50, 1.95it/s, loss=0.0106, mae=0.0249]
   Validating:   0%|                              | 95/99173 [00:50<14:06:49, 1.95it/s, loss=0.0106, mae=0.0249]
   Validating:   0%|                              | 95/99173 [00:50<14:06:49, 1.95it/s, loss=0.1007, mae=0.1063]
   Validating:   0%|                              | 96/99173 [00:50<14:06:49, 1.95it/s, loss=0.1007, mae=0.1063]
   Validating:   0%|                              | 96/99173 [00:51<14:06:49, 1.95it/s, loss=0.0051, mae=0.0254]
   Validating:   0%|                              | 97/99173 [00:51<14:06:48, 1.95it/s, loss=0.0051, mae=0.0254]
   Validating:   0%|                              | 97/99173 [00:51<14:06:48, 1.95it/s, loss=0.0458, mae=0.0491]
   Validating:   0%|                              | 98/99173 [00:51<14:06:48, 1.95it/s, loss=0.0458, mae=0.0491]
   Validating:   0%|                              | 98/99173 [00:52<14:06:48, 1.95it/s, loss=0.0861, mae=0.0889]
   Validating:   0%|                              | 99/99173 [00:52<14:06:47, 1.95it/s, loss=0.0861, mae=0.0889]
   Validating:   0%|                              | 99/99173 [00:52<14:06:47, 1.95it/s, loss=0.1145, mae=0.1189]
   Validating:   0%|                              | 100/99173 [00:52<14:06:47, 1.95it/s, loss=0.1145, mae=0.1189]
   Validating:   0%|                              | 100/99173 [00:53<14:06:47, 1.95it/s, loss=0.1045, mae=0.1092]
   Validating:   0%|                              | 101/99173 [00:53<14:06:46, 1.95it/s, loss=0.1045, mae=0.1092]
   Validating:   0%|                              | 101/99173 [00:53<14:06:46, 1.95it/s, loss=0.1261, mae=0.1189]
   Validating:   0%|                              | 102/99173 [00:53<14:06:46, 1.95it/s, loss=0.1261, mae=0.1189]
   Validating:   0%|                              | 102/99173 [00:54<14:06:46, 1.95it/s, loss=0.1238, mae=0.1133]
   Validating:   0%|                              | 103/99173 [00:54<14:06:45, 1.95it/s, loss=0.1238, mae=0.1133]
   Validating:   0%|                              | 103/99173 [00:55<14:06:45, 1.95it/s, loss=0.1385, mae=0.1226]
   Validating:   0%|                              | 104/99173 [00:55<14:06:45, 1.95it/s, loss=0.1385, mae=0.1226]
   Validating:   0%|                              | 104/99173 [00:55<14:06:45, 1.95it/s, loss=0.1208, mae=0.1090]
   Validating:   0%|                              | 105/99173 [00:55<14:06:44, 1.95it/s, loss=0.1208, mae=0.1090]
   Validating:   0%|                              | 105/99173 [00:56<14:06:44, 1.95it/s, loss=0.0156, mae=0.0242]
   Validating:   0%|                              | 106/99173 [00:56<14:06:44, 1.95it/s, loss=0.0156, mae=0.0242]
   Validating:   0%|                              | 106/99173 [00:56<14:06:44, 1.95it/s, loss=0.0910, mae=0.0831]
   Validating:   0%|                              | 107/99173 [00:56<14:06:43, 1.95it/s, loss=0.0910, mae=0.0831]
   Validating:   0%|                              | 107/99173 [00:57<14:06:43, 1.95it/s, loss=0.1896, mae=0.1644]
   Validating:   0%|                              | 108/99173 [00:57<14:06:43, 1.95it/s, loss=0.1896, mae=0.1644]
   Validating:   0%|                              | 108/99173 [00:57<14:06:43, 1.95it/s, loss=0.1998, mae=0.1780]
   Validating:   0%|                              | 109/99173 [00:57<14:02:23, 1.96it/s, loss=0.1998, mae=0.1780]
   Validating:   0%|                              | 109/99173 [00:58<14:02:23, 1.96it/s, loss=0.2035, mae=0.1840]
   Validating:   0%|                              | 110/99173 [00:58<14:06:42, 1.95it/s, loss=0.2035, mae=0.1840]
   Validating:   0%|                              | 110/99173 [00:58<14:06:42, 1.95it/s, loss=0.2086, mae=0.1891]
   Validating:   0%|                              | 111/99173 [00:58<14:06:41, 1.95it/s, loss=0.2086, mae=0.1891]
   Validating:   0%|                              | 111/99173 [00:59<14:06:41, 1.95it/s, loss=0.1975, mae=0.1790]
   Validating:   0%|                              | 112/99173 [00:59<14:06:41, 1.95it/s, loss=0.1975, mae=0.1790]
   Validating:   0%|                              | 112/99173 [00:59<14:06:41, 1.95it/s, loss=0.1810, mae=0.1667]
   Validating:   0%|                              | 113/99173 [00:59<14:06:40, 1.95it/s, loss=0.1810, mae=0.1667]
   Validating:   0%|                              | 113/99173 [01:00<14:06:40, 1.95it/s, loss=0.1750, mae=0.1616]
   Validating:   0%|                              | 114/99173 [01:00<14:06:39, 1.95it/s, loss=0.1750, mae=0.1616]
   Validating:   0%|                              | 114/99173 [01:00<14:06:39, 1.95it/s, loss=0.1653, mae=0.1521]
   Validating:   0%|                              | 115/99173 [01:00<14:02:20, 1.96it/s, loss=0.1653, mae=0.1521]
   Validating:   0%|                              | 115/99173 [01:01<14:02:20, 1.96it/s, loss=0.1484, mae=0.1381]
   Validating:   0%|                              | 116/99173 [01:01<14:06:38, 1.95it/s, loss=0.1484, mae=0.1381]
   Validating:   0%|                              | 116/99173 [01:01<14:06:38, 1.95it/s, loss=0.1533, mae=0.1362]
   Validating:   0%|                              | 117/99173 [01:01<14:06:38, 1.95it/s, loss=0.1533, mae=0.1362]
   Validating:   0%|                              | 117/99173 [01:02<14:06:38, 1.95it/s, loss=0.1644, mae=0.1452]
   Validating:   0%|                              | 118/99173 [01:02<14:06:37, 1.95it/s, loss=0.1644, mae=0.1452]
   Validating:   0%|                              | 118/99173 [01:02<14:06:37, 1.95it/s, loss=0.1481, mae=0.1370]
   Validating:   0%|                              | 119/99173 [01:02<14:06:37, 1.95it/s, loss=0.1481, mae=0.1370]
   Validating:   0%|                              | 119/99173 [01:03<14:06:37, 1.95it/s, loss=0.1568, mae=0.1397]
   Validating:   0%|                              | 120/99173 [01:03<14:06:36, 1.95it/s, loss=0.1568, mae=0.1397]
   Validating:   0%|                              | 120/99173 [01:03<14:06:36, 1.95it/s, loss=0.1587, mae=0.1396]
   Validating:   0%|                              | 121/99173 [01:03<14:02:17, 1.96it/s, loss=0.1587, mae=0.1396]
   Validating:   0%|                              | 121/99173 [01:04<14:02:17, 1.96it/s, loss=0.1985, mae=0.1703]
   Validating:   0%|                              | 122/99173 [01:04<14:06:35, 1.95it/s, loss=0.1985, mae=0.1703]
   Validating:   0%|                              | 122/99173 [01:04<14:06:35, 1.95it/s, loss=0.1710, mae=0.1520]
   Validating:   0%|                              | 123/99173 [01:04<14:02:16, 1.96it/s, loss=0.1710, mae=0.1520]
   Validating:   0%|                              | 123/99173 [01:05<14:02:16, 1.96it/s, loss=0.1622, mae=0.1412]
   Validating:   0%|                              | 124/99173 [01:05<14:06:34, 1.95it/s, loss=0.1622, mae=0.1412]
   Validating:   0%|                              | 124/99173 [01:05<14:06:34, 1.95it/s, loss=0.1512, mae=0.1321]
   Validating:   0%|                              | 125/99173 [01:05<14:02:15, 1.96it/s, loss=0.1512, mae=0.1321]
   Validating:   0%|                              | 125/99173 [01:06<14:02:15, 1.96it/s, loss=0.1347, mae=0.1186]
   Validating:   0%|                              | 126/99173 [01:06<14:06:33, 1.95it/s, loss=0.1347, mae=0.1186]
   Validating:   0%|                              | 126/99173 [01:06<14:06:33, 1.95it/s, loss=0.0706, mae=0.0699]
   Validating:   0%|                              | 127/99173 [01:06<14:06:33, 1.95it/s, loss=0.0706, mae=0.0699]
   Validating:   0%|                              | 127/99173 [01:07<14:06:33, 1.95it/s, loss=0.0893, mae=0.0873]
   Validating:   0%|                              | 128/99173 [01:07<14:06:32, 1.95it/s, loss=0.0893, mae=0.0873]
   Validating:   0%|                              | 128/99173 [01:07<14:06:32, 1.95it/s, loss=0.0922, mae=0.0932]
   Validating:   0%|                              | 129/99173 [01:07<14:06:32, 1.95it/s, loss=0.0922, mae=0.0932]
   Validating:   0%|                              | 129/99173 [01:08<14:06:32, 1.95it/s, loss=0.0969, mae=0.1004]
   Validating:   0%|                              | 130/99173 [01:08<14:06:31, 1.95it/s, loss=0.0969, mae=0.1004]
   Validating:   0%|                              | 130/99173 [01:08<14:06:31, 1.95it/s, loss=0.1262, mae=0.1219]
   Validating:   0%|                              | 131/99173 [01:08<14:06:31, 1.95it/s, loss=0.1262, mae=0.1219]
   Validating:   0%|                              | 131/99173 [01:09<14:06:31, 1.95it/s, loss=0.1302, mae=0.1192]
   Validating:   0%|                              | 132/99173 [01:09<14:06:30, 1.95it/s, loss=0.1302, mae=0.1192]
   Validating:   0%|                              | 132/99173 [01:09<14:06:30, 1.95it/s, loss=0.1164, mae=0.1090]
   Validating:   0%|                              | 133/99173 [01:09<14:02:11, 1.96it/s, loss=0.1164, mae=0.1090]
   Validating:   0%|                              | 133/99173 [01:10<14:02:11, 1.96it/s, loss=0.2248, mae=0.1986]
   Validating:   0%|                              | 134/99173 [01:10<14:06:29, 1.95it/s, loss=0.2248, mae=0.1986]
   Validating:   0%|                              | 134/99173 [01:10<14:06:29, 1.95it/s, loss=0.1746, mae=0.1671]
   Validating:   0%|                              | 135/99173 [01:10<14:06:29, 1.95it/s, loss=0.1746, mae=0.1671]
   Validating:   0%|                              | 135/99173 [01:11<14:06:29, 1.95it/s, loss=0.1849, mae=0.1662]
   Validating:   0%|                              | 136/99173 [01:11<14:06:28, 1.95it/s, loss=0.1849, mae=0.1662]
   Validating:   0%|                              | 136/99173 [01:11<14:06:28, 1.95it/s, loss=0.1480, mae=0.1393]
   Validating:   0%|                              | 137/99173 [01:11<14:06:28, 1.95it/s, loss=0.1480, mae=0.1393]
   Validating:   0%|                              | 137/99173 [01:12<14:06:28, 1.95it/s, loss=0.1214, mae=0.1168]
   Validating:   0%|                              | 138/99173 [01:12<14:06:27, 1.95it/s, loss=0.1214, mae=0.1168]
   Validating:   0%|                              | 138/99173 [01:12<14:06:27, 1.95it/s, loss=0.1255, mae=0.1148]
   Validating:   0%|                              | 139/99173 [01:12<14:06:27, 1.95it/s, loss=0.1255, mae=0.1148]
   Validating:   0%|                              | 139/99173 [01:13<14:06:27, 1.95it/s, loss=0.1077, mae=0.1016]
   Validating:   0%|                              | 140/99173 [01:13<14:06:26, 1.95it/s, loss=0.1077, mae=0.1016]
   Validating:   0%|                              | 140/99173 [01:13<14:06:26, 1.95it/s, loss=0.0952, mae=0.0875]
   Validating:   0%|                              | 141/99173 [01:13<14:06:26, 1.95it/s, loss=0.0952, mae=0.0875]
   Validating:   0%|                              | 141/99173 [01:14<14:06:26, 1.95it/s, loss=0.0801, mae=0.0698]
   Validating:   0%|                              | 142/99173 [01:14<14:06:25, 1.95it/s, loss=0.0801, mae=0.0698]
   Validating:   0%|                              | 142/99173 [01:14<14:06:25, 1.95it/s, loss=0.0784, mae=0.0665]
   Validating:   0%|                              | 143/99173 [01:14<14:06:25, 1.95it/s, loss=0.0784, mae=0.0665]
   Validating:   0%|                              | 143/99173 [01:15<14:06:25, 1.95it/s, loss=0.0629, mae=0.0558]
   Validating:   0%|                              | 144/99173 [01:15<14:06:24, 1.95it/s, loss=0.0629, mae=0.0558]
   Validating:   0%|                              | 144/99173 [01:16<14:06:24, 1.95it/s, loss=0.1666, mae=0.1534]
   Validating:   0%|                              | 145/99173 [01:16<14:06:24, 1.95it/s, loss=0.1666, mae=0.1534]
   Validating:   0%|                              | 145/99173 [01:16<14:06:24, 1.95it/s, loss=0.2393, mae=0.2113]
   Validating:   0%|                              | 146/99173 [01:16<14:06:23, 1.95it/s, loss=0.2393, mae=0.2113]
   Validating:   0%|                              | 146/99173 [01:17<14:06:23, 1.95it/s, loss=0.2736, mae=0.2349]
   Validating:   0%|                              | 147/99173 [01:17<14:06:23, 1.95it/s, loss=0.2736, mae=0.2349]
   Validating:   0%|                              | 147/99173 [01:17<14:06:23, 1.95it/s, loss=0.2395, mae=0.2173]
   Validating:   0%|                              | 148/99173 [01:17<14:06:22, 1.95it/s, loss=0.2395, mae=0.2173]
   Validating:   0%|                              | 148/99173 [01:18<14:06:22, 1.95it/s, loss=0.2487, mae=0.2164]
   Validating:   0%|                              | 149/99173 [01:18<14:02:02, 1.96it/s, loss=0.2487, mae=0.2164]
   Validating:   0%|                              | 149/99173 [01:18<14:02:02, 1.96it/s, loss=0.2641, mae=0.2312]
   Validating:   0%|                              | 150/99173 [01:18<14:06:21, 1.95it/s, loss=0.2641, mae=0.2312]
   Validating:   0%|                              | 150/99173 [01:19<14:06:21, 1.95it/s, loss=0.2727, mae=0.2412]
   Validating:   0%|                              | 151/99173 [01:19<14:06:21, 1.95it/s, loss=0.2727, mae=0.2412]
   Validating:   0%|                              | 151/99173 [01:19<14:06:21, 1.95it/s, loss=0.3103, mae=0.2717]
   Validating:   0%|                              | 152/99173 [01:19<14:06:20, 1.95it/s, loss=0.3103, mae=0.2717]
   Validating:   0%|                              | 152/99173 [01:20<14:06:20, 1.95it/s, loss=0.3369, mae=0.2942]
   Validating:   0%|                              | 153/99173 [01:20<14:06:19, 1.95it/s, loss=0.3369, mae=0.2942]
   Validating:   0%|                              | 153/99173 [01:20<14:06:19, 1.95it/s, loss=0.3220, mae=0.2868]
   Validating:   0%|                              | 154/99173 [01:20<14:06:19, 1.95it/s, loss=0.3220, mae=0.2868]
   Validating:   0%|                              | 154/99173 [01:21<14:06:19, 1.95it/s, loss=0.3339, mae=0.2889]
   Validating:   0%|                              | 155/99173 [01:21<14:01:59, 1.96it/s, loss=0.3339, mae=0.2889]
   Validating:   0%|                              | 155/99173 [01:21<14:01:59, 1.96it/s, loss=0.3049, mae=0.2721]
   Validating:   0%|                              | 156/99173 [01:21<14:06:18, 1.95it/s, loss=0.3049, mae=0.2721]
   Validating:   0%|                              | 156/99173 [01:22<14:06:18, 1.95it/s, loss=0.3146, mae=0.2729]
   Validating:   0%|                              | 157/99173 [01:22<14:01:58, 1.96it/s, loss=0.3146, mae=0.2729]
   Validating:   0%|                              | 157/99173 [01:22<14:01:58, 1.96it/s, loss=0.3030, mae=0.2644]
   Validating:   0%|                              | 158/99173 [01:22<14:01:58, 1.96it/s, loss=0.3030, mae=0.2644]
   Validating:   0%|                              | 158/99173 [01:23<14:01:58, 1.96it/s, loss=0.2741, mae=0.2462]
   Validating:   0%|                              | 159/99173 [01:23<14:01:57, 1.96it/s, loss=0.2741, mae=0.2462]
   Validating:   0%|                              | 159/99173 [01:23<14:01:57, 1.96it/s, loss=0.2671, mae=0.2403]
   Validating:   0%|                              | 160/99173 [01:23<14:01:57, 1.96it/s, loss=0.2671, mae=0.2403]
   Validating:   0%|                              | 160/99173 [01:24<14:01:57, 1.96it/s, loss=0.2121, mae=0.1829]
   Validating:   0%|                              | 161/99173 [01:24<14:01:56, 1.96it/s, loss=0.2121, mae=0.1829]
   Validating:   0%|                              | 161/99173 [01:24<14:01:56, 1.96it/s, loss=0.3225, mae=0.2793]
   Validating:   0%|                              | 162/99173 [01:24<14:06:15, 1.95it/s, loss=0.3225, mae=0.2793]
   Validating:   0%|                              | 162/99173 [01:25<14:06:15, 1.95it/s, loss=0.3865, mae=0.3339]
   Validating:   0%|                              | 163/99173 [01:25<14:06:14, 1.95it/s, loss=0.3865, mae=0.3339]
   Validating:   0%|                              | 163/99173 [01:25<14:06:14, 1.95it/s, loss=0.3716, mae=0.3233]
   Validating:   0%|                              | 164/99173 [01:25<14:01:55, 1.96it/s, loss=0.3716, mae=0.3233]
   Validating:   0%|                              | 164/99173 [01:26<14:01:55, 1.96it/s, loss=0.3768, mae=0.3251]
   Validating:   0%|                              | 165/99173 [01:26<14:06:13, 1.95it/s, loss=0.3768, mae=0.3251]
   Validating:   0%|                              | 165/99173 [01:26<14:06:13, 1.95it/s, loss=0.3737, mae=0.3222]
   Validating:   0%|                              | 166/99173 [01:26<14:01:54, 1.96it/s, loss=0.3737, mae=0.3222]
   Validating:   0%|                              | 166/99173 [01:27<14:01:54, 1.96it/s, loss=0.3532, mae=0.3117]
   Validating:   0%|                              | 167/99173 [01:27<14:01:53, 1.96it/s, loss=0.3532, mae=0.3117]
   Validating:   0%|                              | 167/99173 [01:27<14:01:53, 1.96it/s, loss=0.3270, mae=0.2900]
   Validating:   0%|                              | 168/99173 [01:27<14:01:53, 1.96it/s, loss=0.3270, mae=0.2900]
   Validating:   0%|                              | 168/99173 [01:28<14:01:53, 1.96it/s, loss=0.3187, mae=0.2786]
   Validating:   0%|                              | 169/99173 [01:28<14:01:52, 1.96it/s, loss=0.3187, mae=0.2786]
   Validating:   0%|                              | 169/99173 [01:28<14:01:52, 1.96it/s, loss=0.3032, mae=0.2648]
   Validating:   0%|                              | 170/99173 [01:28<14:01:52, 1.96it/s, loss=0.3032, mae=0.2648]
   Validating:   0%|                              | 170/99173 [01:29<14:01:52, 1.96it/s, loss=0.1569, mae=0.1422]
   Validating:   0%|                              | 171/99173 [01:29<14:01:51, 1.96it/s, loss=0.1569, mae=0.1422]
   Validating:   0%|                              | 171/99173 [01:29<14:01:51, 1.96it/s, loss=0.2002, mae=0.1734]
   Validating:   0%|                              | 172/99173 [01:29<14:01:51, 1.96it/s, loss=0.2002, mae=0.1734]
   Validating:   0%|                              | 172/99173 [01:30<14:01:51, 1.96it/s, loss=0.0625, mae=0.0630]
   Validating:   0%|                              | 173/99173 [01:30<14:01:50, 1.96it/s, loss=0.0625, mae=0.0630]
   Validating:   0%|                              | 173/99173 [01:30<14:01:50, 1.96it/s, loss=0.1335, mae=0.1215]
   Validating:   0%|                              | 174/99173 [01:30<14:01:50, 1.96it/s, loss=0.1335, mae=0.1215]
   Validating:   0%|                              | 174/99173 [01:31<14:01:50, 1.96it/s, loss=0.1615, mae=0.1540]
   Validating:   0%|                              | 175/99173 [01:31<14:06:08, 1.95it/s, loss=0.1615, mae=0.1540]
   Validating:   0%|                              | 175/99173 [01:31<14:06:08, 1.95it/s, loss=0.2059, mae=0.1852]
   Validating:   0%|                              | 176/99173 [01:31<14:06:08, 1.95it/s, loss=0.2059, mae=0.1852]
   Validating:   0%|                              | 176/99173 [01:32<14:06:08, 1.95it/s, loss=0.2426, mae=0.2204]
   Validating:   0%|                              | 177/99173 [01:32<14:06:07, 1.95it/s, loss=0.2426, mae=0.2204]
   Validating:   0%|                              | 177/99173 [01:32<14:06:07, 1.95it/s, loss=0.2886, mae=0.2577]
   Validating:   0%|                              | 178/99173 [01:32<14:06:07, 1.95it/s, loss=0.2886, mae=0.2577]
   Validating:   0%|                              | 178/99173 [01:33<14:06:07, 1.95it/s, loss=0.2468, mae=0.2458]
   Validating:   0%|                              | 179/99173 [01:33<14:06:06, 1.95it/s, loss=0.2468, mae=0.2458]
   Validating:   0%|                              | 179/99173 [01:33<14:06:06, 1.95it/s, loss=0.2540, mae=0.2517]
   Validating:   0%|                              | 180/99173 [01:33<14:06:06, 1.95it/s, loss=0.2540, mae=0.2517]
   Validating:   0%|                              | 180/99173 [01:34<14:06:06, 1.95it/s, loss=0.2810, mae=0.2760]
   Validating:   0%|                              | 181/99173 [01:34<14:06:05, 1.95it/s, loss=0.2810, mae=0.2760]
   Validating:   0%|                              | 181/99173 [01:34<14:06:05, 1.95it/s, loss=0.3308, mae=0.3171]
   Validating:   0%|                              | 182/99173 [01:34<14:06:05, 1.95it/s, loss=0.3308, mae=0.3171]
   Validating:   0%|                              | 182/99173 [01:35<14:06:05, 1.95it/s, loss=0.3566, mae=0.3343]
   Validating:   0%|                              | 183/99173 [01:35<14:06:04, 1.95it/s, loss=0.3566, mae=0.3343]
   Validating:   0%|                              | 183/99173 [01:35<14:06:04, 1.95it/s, loss=0.3750, mae=0.3401]
   Validating:   0%|                              | 184/99173 [01:35<14:06:04, 1.95it/s, loss=0.3750, mae=0.3401]
   Validating:   0%|                              | 184/99173 [01:36<14:06:04, 1.95it/s, loss=0.3650, mae=0.3349]
   Validating:   0%|                              | 185/99173 [01:36<14:06:03, 1.95it/s, loss=0.3650, mae=0.3349]
   Validating:   0%|                              | 185/99173 [01:36<14:06:03, 1.95it/s, loss=0.4085, mae=0.3583]
   Validating:   0%|                              | 186/99173 [01:36<14:06:03, 1.95it/s, loss=0.4085, mae=0.3583]
   Validating:   0%|                              | 186/99173 [01:37<14:06:03, 1.95it/s, loss=0.4018, mae=0.3578]
   Validating:   0%|                              | 187/99173 [01:37<14:06:02, 1.95it/s, loss=0.4018, mae=0.3578]
   Validating:   0%|                              | 187/99173 [01:38<14:06:02, 1.95it/s, loss=0.3635, mae=0.3283]
   Validating:   0%|                              | 188/99173 [01:38<14:06:02, 1.95it/s, loss=0.3635, mae=0.3283]
   Validating:   0%|                              | 188/99173 [01:38<14:06:02, 1.95it/s, loss=0.3069, mae=0.2873]
   Validating:   0%|                              | 189/99173 [01:38<14:10:23, 1.94it/s, loss=0.3069, mae=0.2873]
   Validating:   0%|                              | 189/99173 [01:39<14:10:23, 1.94it/s, loss=0.2802, mae=0.2631]
   Validating:   0%|                              | 190/99173 [01:39<14:06:01, 1.95it/s, loss=0.2802, mae=0.2631]
   Validating:   0%|                              | 190/99173 [01:39<14:06:01, 1.95it/s, loss=0.2798, mae=0.2584]
   Validating:   0%|                              | 191/99173 [01:39<14:06:00, 1.95it/s, loss=0.2798, mae=0.2584]
   Validating:   0%|                              | 191/99173 [01:40<14:06:00, 1.95it/s, loss=0.2592, mae=0.2459]
   Validating:   0%|                              | 192/99173 [01:40<14:05:59, 1.95it/s, loss=0.2592, mae=0.2459]
   Validating:   0%|                              | 192/99173 [01:40<14:05:59, 1.95it/s, loss=0.2111, mae=0.2072]
   Validating:   0%|                              | 193/99173 [01:40<14:05:59, 1.95it/s, loss=0.2111, mae=0.2072]
   Validating:   0%|                              | 193/99173 [01:41<14:05:59, 1.95it/s, loss=0.1718, mae=0.1723]
   Validating:   0%|                              | 194/99173 [01:41<14:05:58, 1.95it/s, loss=0.1718, mae=0.1723]
   Validating:   0%|                              | 194/99173 [01:41<14:05:58, 1.95it/s, loss=0.1613, mae=0.1548]
   Validating:   0%|                              | 195/99173 [01:41<14:05:58, 1.95it/s, loss=0.1613, mae=0.1548]
   Validating:   0%|                              | 195/99173 [01:42<14:05:58, 1.95it/s, loss=0.1481, mae=0.1393]
   Validating:   0%|                              | 196/99173 [01:42<14:05:57, 1.95it/s, loss=0.1481, mae=0.1393]
   Validating:   0%|                              | 196/99173 [01:42<14:05:57, 1.95it/s, loss=0.1128, mae=0.1102]
   Validating:   0%|                              | 197/99173 [01:42<14:05:57, 1.95it/s, loss=0.1128, mae=0.1102]
   Validating:   0%|                              | 197/99173 [01:43<14:05:57, 1.95it/s, loss=0.2160, mae=0.1925]
   Validating:   0%|                              | 198/99173 [01:43<14:05:56, 1.95it/s, loss=0.2160, mae=0.1925]
   Validating:   0%|                              | 198/99173 [01:43<14:05:56, 1.95it/s, loss=0.1601, mae=0.1478]
   Validating:   0%|                              | 199/99173 [01:43<14:10:18, 1.94it/s, loss=0.1601, mae=0.1478]
   Validating:   0%|                              | 199/99173 [01:44<14:10:18, 1.94it/s, loss=0.1682, mae=0.1593]
   Validating:   0%|                              | 200/99173 [01:44<14:05:55, 1.95it/s, loss=0.1682, mae=0.1593]
   Validating:   0%|                              | 200/99173 [01:44<14:05:55, 1.95it/s, loss=0.1914, mae=0.1839]
   Validating:   0%|                              | 201/99173 [01:44<14:05:55, 1.95it/s, loss=0.1914, mae=0.1839]
   Validating:   0%|                              | 201/99173 [01:45<14:05:55, 1.95it/s, loss=0.2104, mae=0.2010]
   Validating:   0%|                              | 202/99173 [01:45<14:05:54, 1.95it/s, loss=0.2104, mae=0.2010]
   Validating:   0%|                              | 202/99173 [01:45<14:05:54, 1.95it/s, loss=0.2343, mae=0.2215]
   Validating:   0%|                              | 203/99173 [01:45<14:05:54, 1.95it/s, loss=0.2343, mae=0.2215]
   Validating:   0%|                              | 203/99173 [01:46<14:05:54, 1.95it/s, loss=0.2834, mae=0.2625]
   Validating:   0%|                              | 204/99173 [01:46<14:05:53, 1.95it/s, loss=0.2834, mae=0.2625]
   Validating:   0%|                              | 204/99173 [01:46<14:05:53, 1.95it/s, loss=0.2992, mae=0.2865]
   Validating:   0%|                              | 205/99173 [01:46<14:05:53, 1.95it/s, loss=0.2992, mae=0.2865]
   Validating:   0%|                              | 205/99173 [01:47<14:05:53, 1.95it/s, loss=0.3302, mae=0.3127]
   Validating:   0%|                              | 206/99173 [01:47<14:05:52, 1.95it/s, loss=0.3302, mae=0.3127]
   Validating:   0%|                              | 206/99173 [01:47<14:05:52, 1.95it/s, loss=0.3702, mae=0.3441]
   Validating:   0%|                              | 207/99173 [01:47<14:05:52, 1.95it/s, loss=0.3702, mae=0.3441]
   Validating:   0%|                              | 207/99173 [01:48<14:05:52, 1.95it/s, loss=0.3835, mae=0.3572]
   Validating:   0%|                              | 208/99173 [01:48<14:05:51, 1.95it/s, loss=0.3835, mae=0.3572]
   Validating:   0%|                              | 208/99173 [01:48<14:05:51, 1.95it/s, loss=0.4231, mae=0.3763]
   Validating:   0%|                              | 209/99173 [01:48<14:05:51, 1.95it/s, loss=0.4231, mae=0.3763]
   Validating:   0%|                              | 209/99173 [01:49<14:05:51, 1.95it/s, loss=0.4119, mae=0.3709]
   Validating:   0%|                              | 210/99173 [01:49<14:01:31, 1.96it/s, loss=0.4119, mae=0.3709]
   Validating:   0%|                              | 210/99173 [01:49<14:01:31, 1.96it/s, loss=0.4129, mae=0.3672]
   Validating:   0%|                              | 211/99173 [01:49<14:05:50, 1.95it/s, loss=0.4129, mae=0.3672]
   Validating:   0%|                              | 211/99173 [01:50<14:05:50, 1.95it/s, loss=0.3841, mae=0.3433]
   Validating:   0%|                              | 212/99173 [01:50<14:01:30, 1.96it/s, loss=0.3841, mae=0.3433]
   Validating:   0%|                              | 212/99173 [01:50<14:01:30, 1.96it/s, loss=0.3375, mae=0.2991]
   Validating:   0%|                              | 213/99173 [01:50<14:01:30, 1.96it/s, loss=0.3375, mae=0.2991]
   Validating:   0%|                              | 213/99173 [01:51<14:01:30, 1.96it/s, loss=0.3061, mae=0.2693]
   Validating:   0%|                              | 214/99173 [01:51<14:01:29, 1.96it/s, loss=0.3061, mae=0.2693]
   Validating:   0%|                              | 214/99173 [01:51<14:01:29, 1.96it/s, loss=0.2602, mae=0.2283]
   Validating:   0%|                              | 215/99173 [01:51<14:05:48, 1.95it/s, loss=0.2602, mae=0.2283]
   Validating:   0%|                              | 215/99173 [01:52<14:05:48, 1.95it/s, loss=0.2140, mae=0.1926]
   Validating:   0%|                              | 216/99173 [01:52<14:01:28, 1.96it/s, loss=0.2140, mae=0.1926]
   Validating:   0%|                              | 216/99173 [01:52<14:01:28, 1.96it/s, loss=0.1280, mae=0.1163]
   Validating:   0%|                              | 217/99173 [01:52<14:05:47, 1.95it/s, loss=0.1280, mae=0.1163]
   Validating:   0%|                              | 217/99173 [01:53<14:05:47, 1.95it/s, loss=0.1664, mae=0.1451]
   Validating:   0%|                              | 218/99173 [01:53<14:05:46, 1.95it/s, loss=0.1664, mae=0.1451]
   Validating:   0%|                              | 218/99173 [01:53<14:05:46, 1.95it/s, loss=0.2201, mae=0.1883]
   Validating:   0%|                              | 219/99173 [01:53<14:05:46, 1.95it/s, loss=0.2201, mae=0.1883]
   Validating:   0%|                              | 219/99173 [01:54<14:05:46, 1.95it/s, loss=0.2508, mae=0.2168]
   Validating:   0%|                              | 220/99173 [01:54<14:01:26, 1.96it/s, loss=0.2508, mae=0.2168]
   Validating:   0%|                              | 220/99173 [01:54<14:01:26, 1.96it/s, loss=0.2259, mae=0.2046]
   Validating:   0%|                              | 221/99173 [01:54<14:05:45, 1.95it/s, loss=0.2259, mae=0.2046]
   Validating:   0%|                              | 221/99173 [01:55<14:05:45, 1.95it/s, loss=0.2196, mae=0.1928]
   Validating:   0%|                              | 222/99173 [01:55<14:05:44, 1.95it/s, loss=0.2196, mae=0.1928]
   Validating:   0%|                              | 222/99173 [01:55<14:05:44, 1.95it/s, loss=0.2025, mae=0.1773]
   Validating:   0%|                              | 223/99173 [01:55<14:01:25, 1.96it/s, loss=0.2025, mae=0.1773]
   Validating:   0%|                              | 223/99173 [01:56<14:01:25, 1.96it/s, loss=0.1477, mae=0.1285]
   Validating:   0%|                              | 224/99173 [01:56<14:05:43, 1.95it/s, loss=0.1477, mae=0.1285]
   Validating:   0%|                              | 224/99173 [01:56<14:05:43, 1.95it/s, loss=0.0103, mae=0.0144]
   Validating:   0%|                              | 225/99173 [01:56<14:05:43, 1.95it/s, loss=0.0103, mae=0.0144]
   Validating:   0%|                              | 225/99173 [01:57<14:05:43, 1.95it/s, loss=0.0611, mae=0.0561]
   Validating:   0%|                              | 226/99173 [01:57<14:05:42, 1.95it/s, loss=0.0611, mae=0.0561]
   Validating:   0%|                              | 226/99173 [01:57<14:05:42, 1.95it/s, loss=0.1202, mae=0.1108]
   Validating:   0%|                              | 227/99173 [01:57<14:01:23, 1.96it/s, loss=0.1202, mae=0.1108]
   Validating:   0%|                              | 227/99173 [01:58<14:01:23, 1.96it/s, loss=0.0326, mae=0.0393]
   Validating:   0%|                              | 228/99173 [01:58<14:05:41, 1.95it/s, loss=0.0326, mae=0.0393]
   Validating:   0%|                              | 228/99173 [01:59<14:05:41, 1.95it/s, loss=0.0005, mae=0.0092]
   Validating:   0%|                              | 229/99173 [01:59<14:05:41, 1.95it/s, loss=0.0005, mae=0.0092]
   Validating:   0%|                              | 229/99173 [01:59<14:05:41, 1.95it/s, loss=0.1756, mae=0.1460]
   Validating:   0%|                              | 230/99173 [01:59<14:05:40, 1.95it/s, loss=0.1756, mae=0.1460]
   Validating:   0%|                              | 230/99173 [02:00<14:05:40, 1.95it/s, loss=0.1628, mae=0.1310]
   Validating:   0%|                              | 231/99173 [02:00<14:05:39, 1.95it/s, loss=0.1628, mae=0.1310]
   Validating:   0%|                              | 231/99173 [02:00<14:05:39, 1.95it/s, loss=0.1609, mae=0.1287]
   Validating:   0%|                              | 232/99173 [02:00<14:05:39, 1.95it/s, loss=0.1609, mae=0.1287]
   Validating:   0%|                              | 232/99173 [02:01<14:05:39, 1.95it/s, loss=0.1515, mae=0.1267]
   Validating:   0%|                              | 233/99173 [02:01<14:01:20, 1.96it/s, loss=0.1515, mae=0.1267]
   Validating:   0%|                              | 233/99173 [02:01<14:01:20, 1.96it/s, loss=0.1582, mae=0.1363]
   Validating:   0%|                              | 234/99173 [02:01<14:05:38, 1.95it/s, loss=0.1582, mae=0.1363]
   Validating:   0%|                              | 234/99173 [02:02<14:05:38, 1.95it/s, loss=0.1800, mae=0.1528]
   Validating:   0%|                              | 235/99173 [02:02<14:05:37, 1.95it/s, loss=0.1800, mae=0.1528]
   Validating:   0%|                              | 235/99173 [02:02<14:05:37, 1.95it/s, loss=0.1897, mae=0.1635]
   Validating:   0%|                              | 236/99173 [02:02<14:05:37, 1.95it/s, loss=0.1897, mae=0.1635]
   Validating:   0%|                              | 236/99173 [02:03<14:05:37, 1.95it/s, loss=0.1755, mae=0.1602]
   Validating:   0%|                              | 237/99173 [02:03<14:05:36, 1.95it/s, loss=0.1755, mae=0.1602]
   Validating:   0%|                              | 237/99173 [02:03<14:05:36, 1.95it/s, loss=0.1869, mae=0.1700]
   Validating:   0%|                              | 238/99173 [02:03<14:01:17, 1.96it/s, loss=0.1869, mae=0.1700]
   Validating:   0%|                              | 238/99173 [02:04<14:01:17, 1.96it/s, loss=0.2194, mae=0.1999]
   Validating:   0%|                              | 239/99173 [02:04<14:01:17, 1.96it/s, loss=0.2194, mae=0.1999]
   Validating:   0%|                              | 239/99173 [02:04<14:01:17, 1.96it/s, loss=0.2426, mae=0.2211]
   Validating:   0%|                              | 240/99173 [02:04<14:05:35, 1.95it/s, loss=0.2426, mae=0.2211]
   Validating:   0%|                              | 240/99173 [02:05<14:05:35, 1.95it/s, loss=0.2909, mae=0.2608]
   Validating:   0%|                              | 241/99173 [02:05<14:05:34, 1.95it/s, loss=0.2909, mae=0.2608]
   Validating:   0%|                              | 241/99173 [02:05<14:05:34, 1.95it/s, loss=0.3131, mae=0.2817]
   Validating:   0%|                              | 242/99173 [02:05<14:05:34, 1.95it/s, loss=0.3131, mae=0.2817]
   Validating:   0%|                              | 242/99173 [02:06<14:05:34, 1.95it/s, loss=0.3129, mae=0.2807]
   Validating:   0%|                              | 243/99173 [02:06<14:09:55, 1.94it/s, loss=0.3129, mae=0.2807]
   Validating:   0%|                              | 243/99173 [02:06<14:09:55, 1.94it/s, loss=0.3231, mae=0.2873]
   Validating:   0%|                              | 244/99173 [02:06<14:09:54, 1.94it/s, loss=0.3231, mae=0.2873]
   Validating:   0%|                              | 244/99173 [02:07<14:09:54, 1.94it/s, loss=0.3040, mae=0.2751]
   Validating:   0%|                              | 245/99173 [02:07<14:05:32, 1.95it/s, loss=0.3040, mae=0.2751]
   Validating:   0%|                              | 245/99173 [02:07<14:05:32, 1.95it/s, loss=0.2964, mae=0.2659]
   Validating:   0%|                              | 246/99173 [02:07<14:05:32, 1.95it/s, loss=0.2964, mae=0.2659]
   Validating:   0%|                              | 246/99173 [02:08<14:05:32, 1.95it/s, loss=0.2885, mae=0.2582]
   Validating:   0%|                              | 247/99173 [02:08<14:05:31, 1.95it/s, loss=0.2885, mae=0.2582]
   Validating:   0%|                              | 247/99173 [02:08<14:05:31, 1.95it/s, loss=0.2768, mae=0.2459]
   Validating:   0%|                              | 248/99173 [02:08<14:05:31, 1.95it/s, loss=0.2768, mae=0.2459]
   Validating:   0%|                              | 248/99173 [02:09<14:05:31, 1.95it/s, loss=0.2776, mae=0.2478]
   Validating:   0%|                              | 249/99173 [02:09<14:05:30, 1.95it/s, loss=0.2776, mae=0.2478]
   Validating:   0%|                              | 249/99173 [02:09<14:05:30, 1.95it/s, loss=0.3082, mae=0.2683]
   Validating:   0%|                              | 250/99173 [02:09<14:05:30, 1.95it/s, loss=0.3082, mae=0.2683]
   Validating:   0%|                              | 250/99173 [02:10<14:05:30, 1.95it/s, loss=0.3067, mae=0.2613]
   Validating:   0%|                              | 251/99173 [02:10<14:05:29, 1.95it/s, loss=0.3067, mae=0.2613]
   Validating:   0%|                              | 251/99173 [02:10<14:05:29, 1.95it/s, loss=0.2812, mae=0.2472]
   Validating:   0%|                              | 252/99173 [02:10<14:05:29, 1.95it/s, loss=0.2812, mae=0.2472]
   Validating:   0%|                              | 252/99173 [02:11<14:05:29, 1.95it/s, loss=0.2562, mae=0.2299]
   Validating:   0%|                              | 253/99173 [02:11<14:05:28, 1.95it/s, loss=0.2562, mae=0.2299]
   Validating:   0%|                              | 253/99173 [02:11<14:05:28, 1.95it/s, loss=0.2291, mae=0.2181]
   Validating:   0%|                              | 254/99173 [02:11<14:05:28, 1.95it/s, loss=0.2291, mae=0.2181]
   Validating:   0%|                              | 254/99173 [02:12<14:05:28, 1.95it/s, loss=0.2183, mae=0.2013]
   Validating:   0%|                              | 255/99173 [02:12<14:05:27, 1.95it/s, loss=0.2183, mae=0.2013]
   Validating:   0%|                              | 255/99173 [02:12<14:05:27, 1.95it/s, loss=0.2089, mae=0.1824]
   Validating:   0%|                              | 256/99173 [02:12<14:05:27, 1.95it/s, loss=0.2089, mae=0.1824]
   Validating:   0%|                              | 256/99173 [02:13<14:05:27, 1.95it/s, loss=0.1844, mae=0.1657]
   Validating:   0%|                              | 257/99173 [02:13<14:05:26, 1.95it/s, loss=0.1844, mae=0.1657]
   Validating:   0%|                              | 257/99173 [02:13<14:05:26, 1.95it/s, loss=0.1968, mae=0.1752]
   Validating:   0%|                              | 258/99173 [02:13<14:05:26, 1.95it/s, loss=0.1968, mae=0.1752]
   Validating:   0%|                              | 258/99173 [02:14<14:05:26, 1.95it/s, loss=0.2065, mae=0.1841]
   Validating:   0%|                              | 259/99173 [02:14<14:05:25, 1.95it/s, loss=0.2065, mae=0.1841]
   Validating:   0%|                              | 259/99173 [02:14<14:05:25, 1.95it/s, loss=0.2113, mae=0.1894]
   Validating:   0%|                              | 260/99173 [02:14<14:05:25, 1.95it/s, loss=0.2113, mae=0.1894]
   Validating:   0%|                              | 260/99173 [02:15<14:05:25, 1.95it/s, loss=0.2301, mae=0.2043]
   Validating:   0%|                              | 261/99173 [02:15<14:05:24, 1.95it/s, loss=0.2301, mae=0.2043]
   Validating:   0%|                              | 261/99173 [02:15<14:05:24, 1.95it/s, loss=0.2943, mae=0.2508]
   Validating:   0%|                              | 262/99173 [02:15<14:05:24, 1.95it/s, loss=0.2943, mae=0.2508]
   Validating:   0%|                              | 262/99173 [02:16<14:05:24, 1.95it/s, loss=0.3339, mae=0.2817]
   Validating:   0%|                              | 263/99173 [02:16<14:05:23, 1.95it/s, loss=0.3339, mae=0.2817]
   Validating:   0%|                              | 263/99173 [02:16<14:05:23, 1.95it/s, loss=0.3333, mae=0.2818]
   Validating:   0%|                              | 264/99173 [02:16<14:05:23, 1.95it/s, loss=0.3333, mae=0.2818]
   Validating:   0%|                              | 264/99173 [02:17<14:05:23, 1.95it/s, loss=0.3250, mae=0.2787]
   Validating:   0%|                              | 265/99173 [02:17<14:05:22, 1.95it/s, loss=0.3250, mae=0.2787]
   Validating:   0%|                              | 265/99173 [02:17<14:05:22, 1.95it/s, loss=0.3006, mae=0.2681]
   Validating:   0%|                              | 266/99173 [02:17<14:05:22, 1.95it/s, loss=0.3006, mae=0.2681]
   Validating:   0%|                              | 266/99173 [02:18<14:05:22, 1.95it/s, loss=0.3190, mae=0.2706]
   Validating:   0%|                              | 267/99173 [02:18<14:05:21, 1.95it/s, loss=0.3190, mae=0.2706]
   Validating:   0%|                              | 267/99173 [02:18<14:05:21, 1.95it/s, loss=0.3030, mae=0.2630]
   Validating:   0%|                              | 268/99173 [02:19<14:05:21, 1.95it/s, loss=0.3030, mae=0.2630]
   Validating:   0%|                              | 268/99173 [02:19<14:05:21, 1.95it/s, loss=0.2683, mae=0.2387]
   Validating:   0%|                              | 269/99173 [02:19<14:05:20, 1.95it/s, loss=0.2683, mae=0.2387]
   Validating:   0%|                              | 269/99173 [02:20<14:05:20, 1.95it/s, loss=0.2666, mae=0.2334]
   Validating:   0%|                              | 270/99173 [02:20<14:05:19, 1.95it/s, loss=0.2666, mae=0.2334]
   Validating:   0%|                              | 270/99173 [02:20<14:05:19, 1.95it/s, loss=0.2380, mae=0.2129]
   Validating:   0%|                              | 271/99173 [02:20<14:05:19, 1.95it/s, loss=0.2380, mae=0.2129]
   Validating:   0%|                              | 271/99173 [02:21<14:05:19, 1.95it/s, loss=0.2141, mae=0.1945]
   Validating:   0%|                              | 272/99173 [02:21<14:05:18, 1.95it/s, loss=0.2141, mae=0.1945]
   Validating:   0%|                              | 272/99173 [02:21<14:05:18, 1.95it/s, loss=0.2000, mae=0.1812]
   Validating:   0%|                              | 273/99173 [02:21<14:05:18, 1.95it/s, loss=0.2000, mae=0.1812]
   Validating:   0%|                              | 273/99173 [02:22<14:05:18, 1.95it/s, loss=0.1871, mae=0.1686]
   Validating:   0%|                              | 274/99173 [02:22<14:05:17, 1.95it/s, loss=0.1871, mae=0.1686]
   Validating:   0%|                              | 274/99173 [02:22<14:05:17, 1.95it/s, loss=0.2439, mae=0.2133]
   Validating:   0%|                              | 275/99173 [02:22<14:05:17, 1.95it/s, loss=0.2439, mae=0.2133]
   Validating:   0%|                              | 275/99173 [02:23<14:05:17, 1.95it/s, loss=0.3570, mae=0.3091]
   Validating:   0%|                              | 276/99173 [02:23<14:05:16, 1.95it/s, loss=0.3570, mae=0.3091]
   Validating:   0%|                              | 276/99173 [02:23<14:05:16, 1.95it/s, loss=0.3449, mae=0.3008]
   Validating:   0%|                              | 277/99173 [02:23<14:05:16, 1.95it/s, loss=0.3449, mae=0.3008]
   Validating:   0%|                              | 277/99173 [02:24<14:05:16, 1.95it/s, loss=0.3286, mae=0.2891]
   Validating:   0%|                              | 278/99173 [02:24<14:05:15, 1.95it/s, loss=0.3286, mae=0.2891]
   Validating:   0%|                              | 278/99173 [02:24<14:05:15, 1.95it/s, loss=0.3233, mae=0.2801]
   Validating:   0%|                              | 279/99173 [02:24<14:05:15, 1.95it/s, loss=0.3233, mae=0.2801]
   Validating:   0%|                              | 279/99173 [02:25<14:05:15, 1.95it/s, loss=0.2699, mae=0.2411]
   Validating:   0%|                              | 280/99173 [02:25<14:05:14, 1.95it/s, loss=0.2699, mae=0.2411]
   Validating:   0%|                              | 280/99173 [02:25<14:05:14, 1.95it/s, loss=0.2285, mae=0.2023]
   Validating:   0%|                              | 281/99173 [02:25<14:05:14, 1.95it/s, loss=0.2285, mae=0.2023]
   Validating:   0%|                              | 281/99173 [02:26<14:05:14, 1.95it/s, loss=0.3802, mae=0.3256]
   Validating:   0%|                              | 282/99173 [02:26<14:00:55, 1.96it/s, loss=0.3802, mae=0.3256]
   Validating:   0%|                              | 282/99173 [02:26<14:00:55, 1.96it/s, loss=0.4016, mae=0.3413]
   Validating:   0%|                              | 283/99173 [02:26<14:05:13, 1.95it/s, loss=0.4016, mae=0.3413]
   Validating:   0%|                              | 283/99173 [02:27<14:05:13, 1.95it/s, loss=0.5222, mae=0.4048]
   Validating:   0%|                              | 284/99173 [02:27<14:05:12, 1.95it/s, loss=0.5222, mae=0.4048]
   Validating:   0%|                              | 284/99173 [02:27<14:05:12, 1.95it/s, loss=0.4931, mae=0.4163]
   Validating:   0%|                              | 285/99173 [02:27<14:05:12, 1.95it/s, loss=0.4931, mae=0.4163]
   Validating:   0%|                              | 285/99173 [02:28<14:05:12, 1.95it/s, loss=0.4701, mae=0.4113]
   Validating:   0%|                              | 286/99173 [02:28<14:05:11, 1.95it/s, loss=0.4701, mae=0.4113]
   Validating:   0%|                              | 286/99173 [02:28<14:05:11, 1.95it/s, loss=0.4902, mae=0.4236]
   Validating:   0%|                              | 287/99173 [02:28<14:05:11, 1.95it/s, loss=0.4902, mae=0.4236]
   Validating:   0%|                              | 287/99173 [02:29<14:05:11, 1.95it/s, loss=0.4655, mae=0.4093]
   Validating:   0%|                              | 288/99173 [02:29<14:05:10, 1.95it/s, loss=0.4655, mae=0.4093]
   Validating:   0%|                              | 288/99173 [02:29<14:05:10, 1.95it/s, loss=0.3920, mae=0.3682]
   Validating:   0%|                              | 289/99173 [02:29<14:05:10, 1.95it/s, loss=0.3920, mae=0.3682]
   Validating:   0%|                              | 289/99173 [02:30<14:05:10, 1.95it/s, loss=0.3839, mae=0.3536]
   Validating:   0%|                              | 290/99173 [02:30<14:05:09, 1.95it/s, loss=0.3839, mae=0.3536]
   Validating:   0%|                              | 290/99173 [02:30<14:05:09, 1.95it/s, loss=0.3915, mae=0.3623]
   Validating:   0%|                              | 291/99173 [02:30<14:05:09, 1.95it/s, loss=0.3915, mae=0.3623]
   Validating:   0%|                              | 291/99173 [02:31<14:05:09, 1.95it/s, loss=0.4223, mae=0.3853]
   Validating:   0%|                              | 292/99173 [02:31<14:05:08, 1.95it/s, loss=0.4223, mae=0.3853]
   Validating:   0%|                              | 292/99173 [02:31<14:05:08, 1.95it/s, loss=0.4704, mae=0.4168]
   Validating:   0%|                              | 293/99173 [02:31<14:05:08, 1.95it/s, loss=0.4704, mae=0.4168]
   Validating:   0%|                              | 293/99173 [02:32<14:05:08, 1.95it/s, loss=0.4227, mae=0.3855]
   Validating:   0%|                              | 294/99173 [02:32<14:05:07, 1.95it/s, loss=0.4227, mae=0.3855]
   Validating:   0%|                              | 294/99173 [02:32<14:05:07, 1.95it/s, loss=0.3922, mae=0.3644]
   Validating:   0%|                              | 295/99173 [02:32<14:05:07, 1.95it/s, loss=0.3922, mae=0.3644]
