
================================================================================
MULTI-HORIZON TRAINING — ConvLSTM Direct Multi-Step v2
================================================================================
Device        : cuda
Loss Function : masked_mse
Horizons      : [15, 30, 45, 60]
n_horizons    : 4

================================================================================
TWO-THRESHOLD STRATEGY
================================================================================
Operational: 15.0 mm/h | Extreme: 50.0 mm/h (Manual fallback)
================================================================================


================================================================================
CLIP CONFIGURATION VERIFICATION
================================================================================
  clip_max          : 33.3300 mm/5min = 399.96 mm/h
  log space max     : 1.5228
  15 mm/h in log    : 0.0973  (6.4% of range)
  80 mm/h in log    : 0.8240  (54.1% of range)
  Wasted log range  : 0.0000
  clip_max is CORRECT ✅ — no wasted log range
================================================================================


📂 Loading datasets...

======================================================================
 SatelliteRadarDataset Initialized (MULTI-HORIZON)
======================================================================
Metadata: metadata/train_sampled_multihorizon.csv
Satellite Configuration:
  Ch7: mean=36.83, std=12.58 (no clipping)
  Ch9: mean=65.70, std=19.36 (no clipping)
Radar Configuration:
  Clip: [0, 33.33] mm/hr
  Transform: log10(x + 0.001)
Temporal Configuration:
  History: 45 min
  Cadence: 5 min
  Forecast horizons: [15, 30, 45, 60] min
  n_horizons: 4

Initial samples: 127,349

  → 9 timesteps
  → Satellite: 18 channels
  → Radar history: 9 channels
  → Total input: 27 channels
  → Target: [4, H, W] (one frame per horizon)
======================================================================


======================================================================
 SatelliteRadarDataset Initialized (MULTI-HORIZON)
======================================================================
Metadata: metadata/val_sampled_multihorizon.csv
Satellite Configuration:
  Ch7: mean=36.83, std=12.58 (no clipping)
  Ch9: mean=65.70, std=19.36 (no clipping)
Radar Configuration:
  Clip: [0, 33.33] mm/hr
  Transform: log10(x + 0.001)
Temporal Configuration:
  History: 45 min
  Cadence: 5 min
  Forecast horizons: [15, 30, 45, 60] min
  n_horizons: 4

Initial samples: 16,940

  → 9 timesteps
  → Satellite: 18 channels
  → Radar history: 9 channels
  → Total input: 27 channels
  → Target: [4, H, W] (one frame per horizon)
======================================================================


✅ Train: 127,349 | Val: 16,940

🏗️  Building Multi-Horizon ConvLSTM Model...
   history_minutes     : 45
   cadence_minutes     : 5
   n_timesteps         : 9
   channels_per_step   : 3  (2 sat + 1 radar)
   total input channels: 27  (expected 27)
   output channels     : 4  (one per horizon)
   Parameters          : 4,035,952

================================================================================
MULTI-HORIZON TRAINING — DIRECT MULTI-STEP SUPERVISED LEARNING v2
================================================================================
Model           : ConvLSTM Encoder-Decoder
Loss Type       : MASKED_MSE
Horizons        : [15, 30, 45, 60] min
Horizon weights : [0.4, 0.8, 1.0, 2.0]  (FIXED throughout training)
Learning Rate   : 1.00e-04
Batch Size      : 32
Grad Accum      : 2x (effective: 64)
Checkpoint      : Mean ETS@15 mm/h across all horizons
Verification    : ETS+CSI@15 mm/h | CSI@50 mm/h (extreme, secondary)
Mixed Precision : True
================================================================================

✅ Using MaskedMSE

✅ AdamW | LR=1.00e-04
✅ ReduceLROnPlateau Scheduler ENABLED (monitoring Mean ETS)

✅ Mixed Precision Training ENABLED


================================================================================
EPOCH 1/10
================================================================================
  Horizon weights: [0.4, 0.8, 1.0, 2.0]

  Results (Time: 4470.6s | LR: 1.000000e-04):
    Train Loss    : 0.641869
    Val   Loss    : 0.450386
    Mean ETS@15 : 0.2857

  ★★★ NEW BEST MODEL! Mean ETS = 0.2857 ★★★

================================================================================
EPOCH 2/10
================================================================================
  Horizon weights: [0.4, 0.8, 1.0, 2.0]

  Results (Time: 4533.2s | LR: 1.000000e-04):
    Train Loss    : 0.337955
    Val   Loss    : 0.448963
    Mean ETS@15 : 0.3097
    ETS Change: +0.0240

  ★★★ NEW BEST MODEL! Mean ETS = 0.3097 ★★★

================================================================================
EPOCH 3/10
================================================================================
  Horizon weights: [0.4, 0.8, 1.0, 2.0]

  Results (Time: 4720.4s | LR: 1.000000e-04):
    Train Loss    : 0.317364
    Val   Loss    : 0.456636
    Mean ETS@15 : 0.3120
    ETS Change: +0.0023

  ★★★ NEW BEST MODEL! Mean ETS = 0.3120 ★★★

================================================================================
EPOCH 4/10
================================================================================
  Horizon weights: [0.4, 0.8, 1.0, 2.0]

  Results (Time: 7641.7s | LR: 1.000000e-04):
    Train Loss    : 0.304047
    Val   Loss    : 0.458809
    Mean ETS@15 : 0.3184
    ETS Change: +0.0064

  ★★★ NEW BEST MODEL! Mean ETS = 0.3184 ★★★

================================================================================
EPOCH 5/10
================================================================================
  Horizon weights: [0.4, 0.8, 1.0, 2.0]

  Results (Time: 8002.3s | LR: 1.000000e-04):
    Train Loss    : 0.294695
    Val   Loss    : 0.464702
    Mean ETS@15 : 0.3264
    ETS Change: +0.0081

  ★★★ NEW BEST MODEL! Mean ETS = 0.3264 ★★★

================================================================================
EPOCH 6/10
================================================================================
  Horizon weights: [0.4, 0.8, 1.0, 2.0]

  Results (Time: 6822.1s | LR: 1.000000e-04):
    Train Loss    : 0.287799
    Val   Loss    : 0.467137
    Mean ETS@15 : 0.3190
    ETS Change: -0.0074
  No improvement for 1 epoch(s) (best: 0.3264)

================================================================================
EPOCH 7/10
================================================================================
  Horizon weights: [0.4, 0.8, 1.0, 2.0]

  Results (Time: 7478.9s | LR: 5.000000e-05):
    Train Loss    : 0.282219
    Val   Loss    : 0.469361
    Mean ETS@15 : 0.3208
    ETS Change: +0.0017
  No improvement for 2 epoch(s) (best: 0.3264)

================================================================================
EPOCH 8/10
================================================================================
  Horizon weights: [0.4, 0.8, 1.0, 2.0]

  Results (Time: 6127.8s | LR: 5.000000e-05):
    Train Loss    : 0.273261
    Val   Loss    : 0.477074
    Mean ETS@15 : 0.3167
    ETS Change: -0.0041
  No improvement for 3 epoch(s) (best: 0.3264)

================================================================================
⚡ EARLY STOPPING
================================================================================

================================================================================
TRAINING COMPLETE — Best Mean ETS: 0.3264
================================================================================


================================================================================
🎉 ALL DONE! 🎉
================================================================================

