
================================================================================
MULTI-HORIZON TRAINING — SmaAt-UNet Direct Multi-Step v2
================================================================================
  Device        : cuda
  Loss Function : hybrid_weighted_mse
  Data Unit     : mm/h  (NO *12 conversion)
  Clip Max      : 128.0 mm/h
  Horizons      : [15, 30, 45, 60]
  n_horizons    : 4

================================================================================
TWO-THRESHOLD STRATEGY  [DATA UNIT: mm/h]
================================================================================
  Operational : 10.0 mm/h
  Extreme     : 50.0 mm/h (Manual fallback)
================================================================================


================================================================================
CLIP CONFIGURATION VERIFICATION  [DATA UNIT: mm/h]
================================================================================
  clip_max          : 128.00 mm/h
  log space max     : 2.1072
  15  mm/h in log   : 1.1761  (55.8% of range)
  80  mm/h in log   : 1.9031  (90.3% of range)
  128 mm/h in log   : 2.1072  (100.0% of range)
  Artifact threshold: 150.0 mm/h → nan
  NOTE: Data is mm/h — NO *12 conversion applied
================================================================================


📂 Loading datasets...

======================================================================
 SatelliteRadarDataset Initialized (MULTI-HORIZON)
======================================================================
Metadata: metadata/train_sampled_multihorizon.csv
Satellite Configuration:
  Ch7: mean=36.83, std=12.58 (no clipping)
  Ch9: mean=65.70, std=19.36 (no clipping)
Radar Configuration:
  Clip: [0, 128.00] mm/hr
  Transform: log10(x + 0.001)
Temporal Configuration:
  History: 45 min
  Cadence: 5 min
  Forecast horizons: [15, 30, 45, 60] min
  n_horizons: 4

Initial samples: 127,342

  → 9 timesteps
  → Satellite: 18 channels
  → Radar history: 9 channels
  → Total input: 27 channels
  → Target: [4, H, W] (one frame per horizon)
======================================================================


======================================================================
 SatelliteRadarDataset Initialized (MULTI-HORIZON)
======================================================================
Metadata: metadata/val_sampled_multihorizon.csv
Satellite Configuration:
  Ch7: mean=36.83, std=12.58 (no clipping)
  Ch9: mean=65.70, std=19.36 (no clipping)
Radar Configuration:
  Clip: [0, 128.00] mm/hr
  Transform: log10(x + 0.001)
Temporal Configuration:
  History: 45 min
  Cadence: 5 min
  Forecast horizons: [15, 30, 45, 60] min
  n_horizons: 4

Initial samples: 16,940

  → 9 timesteps
  → Satellite: 18 channels
  → Radar history: 9 channels
  → Total input: 27 channels
  → Target: [4, H, W] (one frame per horizon)
======================================================================


✅ Train: 127,342 | Val: 16,940

🏗️  Building Multi-Horizon SmaAt-UNet Model...
   history_minutes     : 45
   cadence_minutes     : 5
   n_timesteps         : 9
   channels_per_step   : 3  (2 sat + 1 radar)
   total input channels: 27  (expected 27)
   output channels     : 4  (one per horizon)
   Parameters          : 9,032,564

================================================================================
MULTI-HORIZON TRAINING — DIRECT MULTI-STEP SUPERVISED LEARNING v2
================================================================================
  Data Unit       : mm/h (NO *12 conversion)
  Clip Max        : 128.0 mm/h
  Artifact Thr    : 150.0 mm/h → nan
  Loss Type       : HYBRID_WEIGHTED_MSE
  Horizons        : [15, 30, 45, 60] min
  Horizon weights : [0.4, 0.8, 1.0, 2.0]  (FIXED)
  Learning Rate   : 1.00e-04
  Batch Size      : 16
  Grad Accum      : 4x (effective: 64)
  Checkpoint      : Mean ETS@10 mm/h across all horizons
  Verification    : ETS+CSI@10 mm/h | CSI@50 mm/h (extreme, secondary)
  Mixed Precision : True
================================================================================

✅ Using HybridWeightedMSE

✅ AdamW | LR=1.00e-04
✅ ReduceLROnPlateau Scheduler ENABLED (monitoring Mean ETS)

✅ Mixed Precision Training ENABLED

Starting from scratch.


================================================================================
EPOCH 1/10
================================================================================
  Horizon weights: [0.4, 0.8, 1.0, 2.0]

  Results (Time: 11312.8s | LR: 1.000000e-04):
    Train Loss    : 0.563674
    Val   Loss    : 0.448082
    Mean ETS@10 : 0.0339

  Operational Verification @ 10 mm/h:
  Horizon    MAE        RMSE       ETS        CSI       
  --------------------------------------------------
  t+15      0.2460     0.4971     0.0662     0.0666    
  t+30      0.2939     0.5688     0.0553     0.0557    
  t+45      0.3323     0.6215     0.0070     0.0071    
  t+60      0.3653     0.6605     0.0073     0.0073     ← PRIMARY

  Extreme Core @ 50 mm/h (secondary):
  Horizon    CSI        BaseRate    
  --------------------------------
  t+15      0.0042     0.000041    
  t+30      0.0042     0.000041    
  t+45      0.0000     0.000041    
  t+60      0.0000     0.000040    

  Creating visualizations (epoch 1)...
  Visualization saved: VALVIZ_CONVLSTM_CORRECT_CLIP/epoch_001.png

  ★★★ NEW BEST MODEL! Mean ETS = 0.0339 ★★★

================================================================================
EPOCH 2/10
================================================================================
  Horizon weights: [0.4, 0.8, 1.0, 2.0]

  Results (Time: 10777.2s | LR: 1.000000e-04):
    Train Loss    : 0.348472
    Val   Loss    : 0.446501
    Mean ETS@10 : 0.0624
    ETS Change    : +0.0285

  Operational Verification @ 10 mm/h:
  Horizon    MAE        RMSE       ETS        CSI       
  --------------------------------------------------
  t+15      0.2467     0.4845     0.1288     0.1295    
  t+30      0.2832     0.5615     0.0798     0.0804    
  t+45      0.3271     0.6201     0.0247     0.0249    
  t+60      0.3503     0.6634     0.0165     0.0166     ← PRIMARY

  Extreme Core @ 50 mm/h (secondary):
  Horizon    CSI        BaseRate    
  --------------------------------
  t+15      0.0160     0.000041    
  t+30      0.0066     0.000041    
  t+45      0.0000     0.000041    
  t+60      0.0000     0.000040    

  Creating visualizations (epoch 2)...
  Visualization saved: VALVIZ_CONVLSTM_CORRECT_CLIP/epoch_002.png

  ★★★ NEW BEST MODEL! Mean ETS = 0.0624 ★★★

================================================================================
EPOCH 3/10
================================================================================
  Horizon weights: [0.4, 0.8, 1.0, 2.0]

  Results (Time: 10689.4s | LR: 1.000000e-04):
    Train Loss    : 0.328687
    Val   Loss    : 0.453481
    Mean ETS@10 : 0.0414
    ETS Change    : -0.0210

  Operational Verification @ 10 mm/h:
  Horizon    MAE        RMSE       ETS        CSI       
  --------------------------------------------------
  t+15      0.2225     0.4742     0.0959     0.0963    
  t+30      0.2763     0.5598     0.0467     0.0470    
  t+45      0.3166     0.6232     0.0132     0.0132    
  t+60      0.3514     0.6711     0.0100     0.0101     ← PRIMARY

  Extreme Core @ 50 mm/h (secondary):
  Horizon    CSI        BaseRate    
  --------------------------------
  t+15      0.0012     0.000041    
  t+30      0.0003     0.000041    
  t+45      0.0000     0.000041    
  t+60      0.0000     0.000040    

  Creating visualizations (epoch 3)...
  Visualization saved: VALVIZ_CONVLSTM_CORRECT_CLIP/epoch_003.png
  No improvement for 1 epoch(s) (best: 0.0624)

================================================================================
EPOCH 4/10
================================================================================
  Horizon weights: [0.4, 0.8, 1.0, 2.0]

  Results (Time: 10683.0s | LR: 1.000000e-04):
    Train Loss    : 0.312594
    Val   Loss    : 0.465311
    Mean ETS@10 : 0.0628
    ETS Change    : +0.0213

  Operational Verification @ 10 mm/h:
  Horizon    MAE        RMSE       ETS        CSI       
  --------------------------------------------------
  t+15      0.2119     0.4707     0.1359     0.1365    
  t+30      0.2643     0.5623     0.0749     0.0754    
  t+45      0.3074     0.6312     0.0247     0.0249    
  t+60      0.3440     0.6813     0.0156     0.0157     ← PRIMARY

  Extreme Core @ 50 mm/h (secondary):
  Horizon    CSI        BaseRate    
  --------------------------------
  t+15      0.0061     0.000041    
  t+30      0.0023     0.000041    
  t+45      0.0000     0.000041    
  t+60      0.0000     0.000040    

  Creating visualizations (epoch 4)...
  Visualization saved: VALVIZ_CONVLSTM_CORRECT_CLIP/epoch_004.png

  ★★★ NEW BEST MODEL! Mean ETS = 0.0628 ★★★

================================================================================
EPOCH 5/10
================================================================================
  Horizon weights: [0.4, 0.8, 1.0, 2.0]

  Results (Time: 10703.3s | LR: 1.000000e-04):
    Train Loss    : 0.299903
    Val   Loss    : 0.479188
    Mean ETS@10 : 0.0606
    ETS Change    : -0.0021

  Operational Verification @ 10 mm/h:
  Horizon    MAE        RMSE       ETS        CSI       
  --------------------------------------------------
  t+15      0.2117     0.4689     0.1438     0.1445    
  t+30      0.2698     0.5656     0.0645     0.0649    
  t+45      0.3213     0.6405     0.0216     0.0217    
  t+60      0.3547     0.6952     0.0126     0.0127     ← PRIMARY

  Extreme Core @ 50 mm/h (secondary):
  Horizon    CSI        BaseRate    
  --------------------------------
  t+15      0.0062     0.000041    
  t+30      0.0005     0.000041    
  t+45      0.0000     0.000041    
  t+60      0.0000     0.000040    

  Creating visualizations (epoch 5)...
  Visualization saved: VALVIZ_CONVLSTM_CORRECT_CLIP/epoch_005.png
  No improvement for 1 epoch(s) (best: 0.0628)

================================================================================
EPOCH 6/10
================================================================================
  Horizon weights: [0.4, 0.8, 1.0, 2.0]

  Results (Time: 10699.9s | LR: 1.000000e-04):
    Train Loss    : 0.289844
    Val   Loss    : 0.489202
    Mean ETS@10 : 0.0681
    ETS Change    : +0.0075

  Operational Verification @ 10 mm/h:
  Horizon    MAE        RMSE       ETS        CSI       
  --------------------------------------------------
  t+15      0.2097     0.4677     0.1488     0.1496    
  t+30      0.2702     0.5691     0.0732     0.0737    
  t+45      0.3195     0.6476     0.0294     0.0296    
  t+60      0.3602     0.7049     0.0208     0.0210     ← PRIMARY

  Extreme Core @ 50 mm/h (secondary):
  Horizon    CSI        BaseRate    
  --------------------------------
  t+15      0.0056     0.000041    
  t+30      0.0005     0.000041    
  t+45      0.0000     0.000041    
  t+60      0.0000     0.000040    

  Creating visualizations (epoch 6)...
  Visualization saved: VALVIZ_CONVLSTM_CORRECT_CLIP/epoch_006.png

  ★★★ NEW BEST MODEL! Mean ETS = 0.0681 ★★★

================================================================================
EPOCH 7/10
================================================================================
  Horizon weights: [0.4, 0.8, 1.0, 2.0]

  Results (Time: 10705.1s | LR: 1.000000e-04):
    Train Loss    : 0.281745
    Val   Loss    : 0.484515
    Mean ETS@10 : 0.0614
    ETS Change    : -0.0067

  Operational Verification @ 10 mm/h:
  Horizon    MAE        RMSE       ETS        CSI       
  --------------------------------------------------
  t+15      0.2065     0.4656     0.1401     0.1407    
  t+30      0.2702     0.5664     0.0599     0.0602    
  t+45      0.3152     0.6430     0.0243     0.0245    
  t+60      0.3502     0.7001     0.0212     0.0214     ← PRIMARY

  Extreme Core @ 50 mm/h (secondary):
  Horizon    CSI        BaseRate    
  --------------------------------
  t+15      0.0076     0.000041    
  t+30      0.0005     0.000041    
  t+45      0.0000     0.000041    
  t+60      0.0000     0.000040    

  Creating visualizations (epoch 7)...
  Visualization saved: VALVIZ_CONVLSTM_CORRECT_CLIP/epoch_007.png
  No improvement for 1 epoch(s) (best: 0.0681)

================================================================================
EPOCH 8/10
================================================================================
  Horizon weights: [0.4, 0.8, 1.0, 2.0]

  Results (Time: 10720.8s | LR: 1.000000e-04):
    Train Loss    : 0.275071
    Val   Loss    : 0.495118
    Mean ETS@10 : 0.0624
    ETS Change    : +0.0010

  Operational Verification @ 10 mm/h:
  Horizon    MAE        RMSE       ETS        CSI       
  --------------------------------------------------
  t+15      0.2058     0.4652     0.1432     0.1438    
  t+30      0.2640     0.5701     0.0631     0.0635    
  t+45      0.3161     0.6504     0.0243     0.0245    
  t+60      0.3516     0.7093     0.0191     0.0193     ← PRIMARY

  Extreme Core @ 50 mm/h (secondary):
  Horizon    CSI        BaseRate    
  --------------------------------
  t+15      0.0055     0.000041    
  t+30      0.0008     0.000041    
  t+45      0.0000     0.000041    
  t+60      0.0000     0.000040    

  Creating visualizations (epoch 8)...
  Visualization saved: VALVIZ_CONVLSTM_CORRECT_CLIP/epoch_008.png
  No improvement for 2 epoch(s) (best: 0.0681)

================================================================================
EPOCH 9/10
================================================================================
  Horizon weights: [0.4, 0.8, 1.0, 2.0]

  Results (Time: 10687.3s | LR: 5.000000e-05):
    Train Loss    : 0.269384
    Val   Loss    : 0.496697
    Mean ETS@10 : 0.0641
    ETS Change    : +0.0017

  Operational Verification @ 10 mm/h:
  Horizon    MAE        RMSE       ETS        CSI       
  --------------------------------------------------
  t+15      0.2079     0.4644     0.1495     0.1502    
  t+30      0.2681     0.5705     0.0627     0.0631    
  t+45      0.3149     0.6518     0.0243     0.0245    
  t+60      0.3520     0.7102     0.0200     0.0202     ← PRIMARY

  Extreme Core @ 50 mm/h (secondary):
  Horizon    CSI        BaseRate    
  --------------------------------
  t+15      0.0093     0.000041    
  t+30      0.0011     0.000041    
  t+45      0.0000     0.000041    
  t+60      0.0000     0.000040    

  Creating visualizations (epoch 9)...
  Visualization saved: VALVIZ_CONVLSTM_CORRECT_CLIP/epoch_009.png
  No improvement for 3 epoch(s) (best: 0.0681)

================================================================================
EPOCH 10/10
================================================================================
  Horizon weights: [0.4, 0.8, 1.0, 2.0]

  Results (Time: 10713.0s | LR: 5.000000e-05):
    Train Loss    : 0.259472
    Val   Loss    : 0.507853
    Mean ETS@10 : 0.0591
    ETS Change    : -0.0051

  Operational Verification @ 10 mm/h:
  Horizon    MAE        RMSE       ETS        CSI       
  --------------------------------------------------
  t+15      0.2055     0.4643     0.1332     0.1337    
  t+30      0.2673     0.5741     0.0578     0.0581    
  t+45      0.3195     0.6585     0.0258     0.0260    
  t+60      0.3519     0.7188     0.0195     0.0196     ← PRIMARY

  Extreme Core @ 50 mm/h (secondary):
  Horizon    CSI        BaseRate    
  --------------------------------
  t+15      0.0052     0.000041    
  t+30      0.0002     0.000041    
  t+45      0.0000     0.000041    
  t+60      0.0000     0.000040    

  Creating visualizations (epoch 10)...
  Visualization saved: VALVIZ_CONVLSTM_CORRECT_CLIP/epoch_010.png
  No improvement for 4 epoch(s) (best: 0.0681)

================================================================================
⚡ EARLY STOPPING
================================================================================

================================================================================
TRAINING COMPLETE — Best Mean ETS: 0.0681
================================================================================


================================================================================
🎉 ALL DONE! 🎉
================================================================================

