
================================================================================
MULTI-HORIZON TRAINING v4 — ConvLSTM Direct Multi-Step
================================================================================
  Device        : cuda
  Loss Function : hybrid_weighted_mse
  FIX 39        : 4-threshold weighted MSE
  FIX 40        : Dark theme visualization
  FIX 41        : zerovalue=0.02 + L_rain/L_zero split
  LR Scheduler  : cosine_annealing
  Horizons      : [15, 30, 45, 60]

================================================================================
TWO-THRESHOLD STRATEGY  [DATA UNIT: mm/h]
================================================================================
  Operational : 10.0 mm/h
  Extreme     : 20.0 mm/h (Manual fallback)
================================================================================


================================================================================
CLIP CONFIGURATION VERIFICATION  [eps=1.0, normalized, zerovalue=0.02]
================================================================================
  clip_max      : 128.00 mm/h
  SoftLog eps   : 1.0
  LOG_NORM      : 2.1106
  ZEROVALUE     : 0.02  (FIX 41)
  0    mm/h → 0.0041  (mapped to 0.02)
  2    mm/h → 0.2261  ← weight_threshold_1
  5    mm/h → 0.3687  ← weight_threshold_2 / ETS
  10   mm/h → 0.4934  ← weight_threshold_3
  20   mm/h → 0.6265  ← weight_threshold_4
  128  mm/h → 1.0000
================================================================================


📂 Loading datasets...

======================================================================
 SatelliteRadarDataset Initialized (MULTI-HORIZON)
======================================================================
Metadata: metadata/train_sampled_multihorizon.csv
Satellite Configuration:
  Ch7: mean=36.83, std=12.58 (no clipping)
  Ch9: mean=65.70, std=19.36 (no clipping)
Radar Configuration:
  Clip: [0, 128.00] mm/hr
  Transform: log10(x + 0.001)
Temporal Configuration:
  History: 45 min
  Cadence: 5 min
  Forecast horizons: [15, 30, 45, 60] min
  n_horizons: 4

Initial samples: 127,342

  → 9 timesteps
  → Satellite: 18 channels
  → Radar history: 9 channels
  → Total input: 27 channels
  → Target: [4, H, W] (one frame per horizon)
======================================================================


======================================================================
 SatelliteRadarDataset Initialized (MULTI-HORIZON)
======================================================================
Metadata: metadata/val_sampled_multihorizon.csv
Satellite Configuration:
  Ch7: mean=36.83, std=12.58 (no clipping)
  Ch9: mean=65.70, std=19.36 (no clipping)
Radar Configuration:
  Clip: [0, 128.00] mm/hr
  Transform: log10(x + 0.001)
Temporal Configuration:
  History: 45 min
  Cadence: 5 min
  Forecast horizons: [15, 30, 45, 60] min
  n_horizons: 4

Initial samples: 16,940

  → 9 timesteps
  → Satellite: 18 channels
  → Radar history: 9 channels
  → Total input: 27 channels
  → Target: [4, H, W] (one frame per horizon)
======================================================================


✅ Train: 127,342 | Val: 16,940

🏗️  Building Model...
   Parameters: 9,032,564

================================================================================
MULTI-HORIZON TRAINING v4 — 4-THRESHOLD WEIGHTED MSE
================================================================================
  Loss Type       : HYBRID_WEIGHTED_MSE
  FIX 39 Weights  : 2.0mm/h→2.0x  5.0mm/h→5.0x  10.0mm/h→15.0x  20.0mm/h→30.0x
  FIX 41 Zero     : L_rain + 0.05 * L_zero  (zerovalue=0.02)
  ETS@            : 5 mm/h
  Extreme@        : 15 mm/h
  Horizons        : [15, 30, 45, 60] min
  LR Scheduler    : cosine_annealing
  Mixed Precision : True
================================================================================

✅ HybridWeightedMSE [4 thresholds + L_rain/L_zero split — FIX 39+41]

✅ AdamW | LR=1.00e-04
✅ Mixed Precision ENABLED


================================================================================
EPOCH 1/30
================================================================================
  Horizon weights: [1.0, 1.0, 1.0, 1.0]

  Results (Time: 7073.4s | LR: 9.975349e-05):
    Train Loss [log] : 0.037973
    Val   Loss [log] : 0.038099
    Avg ETS@5mm/h   : 0.1621
    Avg CSI@5mm/h   : 0.1708

  Operational Verification @ 5 mm/h:
  Horizon    MAE(mm/h)    RMSE(mm/h)   ETS        CSI       
  ------------------------------------------------------
  t+15      0.52         1.10         0.2801     0.2873    
  t+30      0.85         1.46         0.1725     0.1809    
  t+45      1.08         1.69         0.1162     0.1254    
  t+60      1.36         1.97         0.0795     0.0895     ← PRIMARY
  AVG        ---          ---          0.1621     0.1708      ← AVG

  Extreme Core @ 15 mm/h (secondary):
  Horizon    CSI        BaseRate    
  --------------------------------
  t+15      0.1597     0.000796    
  t+30      0.0984     0.000798    
  t+45      0.0693     0.000798    
  t+60      0.0546     0.000797    

  Creating visualizations (epoch 1)...
  Visualization saved: VALVIZ_CONVLSTM_CORRECT_CLIP6_COSINE_4W_ST/epoch_001.png

  ★★★ NEW BEST MODEL! Val Loss=0.0381 | ETS=0.1621 | CSI=0.1708 ★★★

================================================================================
EPOCH 2/30
================================================================================
  Horizon weights: [1.0, 1.0, 1.0, 1.0]

  Results (Time: 7118.3s | LR: 9.901664e-05):
    Train Loss [log] : 0.031428
    Val   Loss [log] : 0.036028
    Avg ETS@5mm/h   : 0.1864
    Avg CSI@5mm/h   : 0.1943
    Loss Change       : -0.002071

  Operational Verification @ 5 mm/h:
  Horizon    MAE(mm/h)    RMSE(mm/h)   ETS        CSI       
  ------------------------------------------------------
  t+15      0.37         0.95         0.3132     0.3197    
  t+30      0.61         1.25         0.1935     0.2014    
  t+45      0.78         1.44         0.1364     0.1449    
  t+60      0.96         1.61         0.1023     0.1114     ← PRIMARY
  AVG        ---          ---          0.1864     0.1943      ← AVG

  Extreme Core @ 15 mm/h (secondary):
  Horizon    CSI        BaseRate    
  --------------------------------
  t+15      0.1800     0.000796    
  t+30      0.1067     0.000798    
  t+45      0.0727     0.000798    
  t+60      0.0554     0.000797    

  Creating visualizations (epoch 2)...
  Visualization saved: VALVIZ_CONVLSTM_CORRECT_CLIP6_COSINE_4W_ST/epoch_002.png

  ★★★ NEW BEST MODEL! Val Loss=0.0360 | ETS=0.1864 | CSI=0.1943 ★★★

================================================================================
EPOCH 3/30
================================================================================
  Horizon weights: [1.0, 1.0, 1.0, 1.0]

  Results (Time: 6314.8s | LR: 9.779754e-05):
    Train Loss [log] : 0.029374
    Val   Loss [log] : 0.035876
    Avg ETS@5mm/h   : 0.1947
    Avg CSI@5mm/h   : 0.2025
    Loss Change       : -0.000152

  Operational Verification @ 5 mm/h:
  Horizon    MAE(mm/h)    RMSE(mm/h)   ETS        CSI       
  ------------------------------------------------------
  t+15      0.36         0.95         0.3156     0.3223    
  t+30      0.56         1.22         0.2046     0.2124    
  t+45      0.69         1.38         0.1476     0.1559    
  t+60      0.82         1.51         0.1108     0.1194     ← PRIMARY
  AVG        ---          ---          0.1947     0.2025      ← AVG

  Extreme Core @ 15 mm/h (secondary):
  Horizon    CSI        BaseRate    
  --------------------------------
  t+15      0.1832     0.000796    
  t+30      0.1030     0.000798    
  t+45      0.0668     0.000798    
  t+60      0.0465     0.000797    

  Creating visualizations (epoch 3)...
  Visualization saved: VALVIZ_CONVLSTM_CORRECT_CLIP6_COSINE_4W_ST/epoch_003.png

  ★★★ NEW BEST MODEL! Val Loss=0.0359 | ETS=0.1947 | CSI=0.2025 ★★★

================================================================================
EPOCH 4/30
================================================================================
  Horizon weights: [1.0, 1.0, 1.0, 1.0]

  Results (Time: 6163.4s | LR: 9.610955e-05):
    Train Loss [log] : 0.027238
    Val   Loss [log] : 0.037847
    Avg ETS@5mm/h   : 0.1974
    Avg CSI@5mm/h   : 0.2047
    Loss Change       : +0.001971

  Operational Verification @ 5 mm/h:
  Horizon    MAE(mm/h)    RMSE(mm/h)   ETS        CSI       
  ------------------------------------------------------
  t+15      0.35         0.92         0.3223     0.3287    
  t+30      0.52         1.17         0.2108     0.2182    
  t+45      0.64         1.31         0.1471     0.1546    
  t+60      0.77         1.46         0.1093     0.1173     ← PRIMARY
  AVG        ---          ---          0.1974     0.2047      ← AVG

  Extreme Core @ 15 mm/h (secondary):
  Horizon    CSI        BaseRate    
  --------------------------------
  t+15      0.1764     0.000796    
  t+30      0.0844     0.000798    
  t+45      0.0466     0.000798    
  t+60      0.0336     0.000797    

  Creating visualizations (epoch 4)...
  Visualization saved: VALVIZ_CONVLSTM_CORRECT_CLIP6_COSINE_4W_ST/epoch_004.png
  No improvement for 1 epoch(s) (best: 0.0359)

================================================================================
EPOCH 5/30
================================================================================
  Horizon weights: [1.0, 1.0, 1.0, 1.0]

  Results (Time: 5957.8s | LR: 9.397114e-05):
    Train Loss [log] : 0.025449
    Val   Loss [log] : 0.038715
    Avg ETS@5mm/h   : 0.1920
    Avg CSI@5mm/h   : 0.1988
    Loss Change       : +0.000869

  Operational Verification @ 5 mm/h:
  Horizon    MAE(mm/h)    RMSE(mm/h)   ETS        CSI       
  ------------------------------------------------------
  t+15      0.32         0.89         0.3151     0.3213    
  t+30      0.46         1.10         0.2034     0.2101    
  t+45      0.56         1.23         0.1439     0.1509    
  t+60      0.65         1.34         0.1056     0.1129     ← PRIMARY
  AVG        ---          ---          0.1920     0.1988      ← AVG

  Extreme Core @ 15 mm/h (secondary):
  Horizon    CSI        BaseRate    
  --------------------------------
  t+15      0.1648     0.000796    
  t+30      0.0769     0.000798    
  t+45      0.0484     0.000798    
  t+60      0.0352     0.000797    

  Creating visualizations (epoch 5)...
  Visualization saved: VALVIZ_CONVLSTM_CORRECT_CLIP6_COSINE_4W_ST/epoch_005.png
  No improvement for 2 epoch(s) (best: 0.0359)

================================================================================
EPOCH 6/30
================================================================================
  Horizon weights: [1.0, 1.0, 1.0, 1.0]

  Results (Time: 6168.1s | LR: 9.140576e-05):
    Train Loss [log] : 0.024123
    Val   Loss [log] : 0.039985
    Avg ETS@5mm/h   : 0.1991
    Avg CSI@5mm/h   : 0.2059
    Loss Change       : +0.001270

  Operational Verification @ 5 mm/h:
  Horizon    MAE(mm/h)    RMSE(mm/h)   ETS        CSI       
  ------------------------------------------------------
  t+15      0.31         0.87         0.3251     0.3311    
  t+30      0.44         1.07         0.2102     0.2168    
  t+45      0.54         1.21         0.1476     0.1545    
  t+60      0.65         1.35         0.1137     0.1212     ← PRIMARY
  AVG        ---          ---          0.1991     0.2059      ← AVG

  Extreme Core @ 15 mm/h (secondary):
  Horizon    CSI        BaseRate    
  --------------------------------
  t+15      0.1661     0.000796    
  t+30      0.0741     0.000798    
  t+45      0.0440     0.000798    
  t+60      0.0332     0.000797    

  Creating visualizations (epoch 6)...
  Visualization saved: VALVIZ_CONVLSTM_CORRECT_CLIP6_COSINE_4W_ST/epoch_006.png
  No improvement for 3 epoch(s) (best: 0.0359)

================================================================================
EPOCH 7/30
================================================================================
  Horizon weights: [1.0, 1.0, 1.0, 1.0]

  Results (Time: 6036.6s | LR: 8.844152e-05):
    Train Loss [log] : 0.023080
    Val   Loss [log] : 0.041107
    Avg ETS@5mm/h   : 0.1901
    Avg CSI@5mm/h   : 0.1968
    Loss Change       : +0.001122

  Operational Verification @ 5 mm/h:
  Horizon    MAE(mm/h)    RMSE(mm/h)   ETS        CSI       
  ------------------------------------------------------
  t+15      0.31         0.89         0.3210     0.3272    
  t+30      0.45         1.08         0.1992     0.2057    
  t+45      0.54         1.21         0.1384     0.1451    
  t+60      0.64         1.35         0.1019     0.1091     ← PRIMARY
  AVG        ---          ---          0.1901     0.1968      ← AVG

  Extreme Core @ 15 mm/h (secondary):
  Horizon    CSI        BaseRate    
  --------------------------------
  t+15      0.1595     0.000796    
  t+30      0.0668     0.000798    
  t+45      0.0391     0.000798    
  t+60      0.0298     0.000797    

  Creating visualizations (epoch 7)...
  Visualization saved: VALVIZ_CONVLSTM_CORRECT_CLIP6_COSINE_4W_ST/epoch_007.png
  No improvement for 4 epoch(s) (best: 0.0359)

================================================================================
EPOCH 8/30
================================================================================
  Horizon weights: [1.0, 1.0, 1.0, 1.0]
