     Training:   1%|▍                             | 6277/401599 [1:33:56<98:02:46, 1.12it/s, loss=0.1961, mae=0.1793, lr=0.000406]
     Training:   1%|▍                             | 6278/401599 [1:33:56<98:55:45, 1.11it/s, loss=0.1961, mae=0.1793, lr=0.000406]
     Training:   1%|▍                             | 6278/401599 [1:33:57<98:55:45, 1.11it/s, loss=0.1961, mae=0.1793, lr=0.000406]
     Training:   1%|▍                             | 6279/401599 [1:33:57<98:02:44, 1.12it/s, loss=0.1961, mae=0.1793, lr=0.000406]
     Training:   1%|▍                             | 6279/401599 [1:33:58<98:02:44, 1.12it/s, loss=0.1961, mae=0.1792, lr=0.000406]
     Training:   1%|▍                             | 6280/401599 [1:33:58<98:55:43, 1.11it/s, loss=0.1961, mae=0.1792, lr=0.000406]
     Training:   1%|▍                             | 6280/401599 [1:33:59<98:55:43, 1.11it/s, loss=0.1961, mae=0.1792, lr=0.000406]
     Training:   1%|▍                             | 6281/401599 [1:33:59<98:55:42, 1.11it/s, loss=0.1961, mae=0.1792, lr=0.000406]
     Training:   1%|▍                             | 6281/401599 [1:34:00<98:55:42, 1.11it/s, loss=0.1961, mae=0.1792, lr=0.000406]
     Training:   1%|▍                             | 6282/401599 [1:34:00<98:55:41, 1.11it/s, loss=0.1961, mae=0.1792, lr=0.000406]
     Training:   1%|▍                             | 6282/401599 [1:34:01<98:55:41, 1.11it/s, loss=0.1961, mae=0.1792, lr=0.000406]
     Training:   1%|▍                             | 6283/401599 [1:34:01<98:02:41, 1.12it/s, loss=0.1961, mae=0.1792, lr=0.000406]
     Training:   1%|▍                             | 6283/401599 [1:34:02<98:02:41, 1.12it/s, loss=0.1961, mae=0.1792, lr=0.000406]
     Training:   1%|▍                             | 6284/401599 [1:34:02<98:55:40, 1.11it/s, loss=0.1961, mae=0.1792, lr=0.000406]
     Training:   1%|▍                             | 6284/401599 [1:34:02<98:55:40, 1.11it/s, loss=0.1961, mae=0.1792, lr=0.000406]
     Training:   1%|▍                             | 6285/401599 [1:34:02<98:55:39, 1.11it/s, loss=0.1961, mae=0.1792, lr=0.000406]
     Training:   1%|▍                             | 6285/401599 [1:34:03<98:55:39, 1.11it/s, loss=0.1961, mae=0.1792, lr=0.000406]
     Training:   1%|▍                             | 6286/401599 [1:34:03<98:55:38, 1.11it/s, loss=0.1961, mae=0.1792, lr=0.000406]
     Training:   1%|▍                             | 6286/401599 [1:34:04<98:55:38, 1.11it/s, loss=0.1961, mae=0.1792, lr=0.000406]
     Training:   1%|▍                             | 6287/401599 [1:34:04<98:55:37, 1.11it/s, loss=0.1961, mae=0.1792, lr=0.000406]
     Training:   1%|▍                             | 6287/401599 [1:34:05<98:55:37, 1.11it/s, loss=0.1960, mae=0.1792, lr=0.000406]
     Training:   1%|▍                             | 6288/401599 [1:34:05<98:55:36, 1.11it/s, loss=0.1960, mae=0.1792, lr=0.000406]
     Training:   1%|▍                             | 6288/401599 [1:34:06<98:55:36, 1.11it/s, loss=0.1960, mae=0.1792, lr=0.000406]
     Training:   1%|▍                             | 6289/401599 [1:34:06<98:55:35, 1.11it/s, loss=0.1960, mae=0.1792, lr=0.000406]
     Training:   1%|▍                             | 6289/401599 [1:34:07<98:55:35, 1.11it/s, loss=0.1960, mae=0.1792, lr=0.000406]
     Training:   1%|▍                             | 6290/401599 [1:34:07<98:02:34, 1.12it/s, loss=0.1960, mae=0.1792, lr=0.000406]
     Training:   1%|▍                             | 6290/401599 [1:34:08<98:02:34, 1.12it/s, loss=0.1960, mae=0.1792, lr=0.000406]
     Training:   1%|▍                             | 6291/401599 [1:34:08<98:55:33, 1.11it/s, loss=0.1960, mae=0.1792, lr=0.000406]
     Training:   1%|▍                             | 6291/401599 [1:34:09<98:55:33, 1.11it/s, loss=0.1960, mae=0.1792, lr=0.000406]
     Training:   1%|▍                             | 6292/401599 [1:34:09<98:55:32, 1.11it/s, loss=0.1960, mae=0.1792, lr=0.000406]
     Training:   1%|▍                             | 6292/401599 [1:34:10<98:55:32, 1.11it/s, loss=0.1960, mae=0.1792, lr=0.000406]
     Training:   1%|▍                             | 6293/401599 [1:34:10<98:02:32, 1.12it/s, loss=0.1960, mae=0.1792, lr=0.000406]
     Training:   1%|▍                             | 6293/401599 [1:34:11<98:02:32, 1.12it/s, loss=0.1961, mae=0.1792, lr=0.000406]
     Training:   1%|▍                             | 6294/401599 [1:34:11<98:55:31, 1.11it/s, loss=0.1961, mae=0.1792, lr=0.000406]
     Training:   1%|▍                             | 6294/401599 [1:34:11<98:55:31, 1.11it/s, loss=0.1961, mae=0.1792, lr=0.000406]
     Training:   1%|▍                             | 6295/401599 [1:34:11<98:55:30, 1.11it/s, loss=0.1961, mae=0.1792, lr=0.000406]
     Training:   1%|▍                             | 6295/401599 [1:34:12<98:55:30, 1.11it/s, loss=0.1960, mae=0.1792, lr=0.000407]
     Training:   1%|▍                             | 6296/401599 [1:34:12<98:02:29, 1.12it/s, loss=0.1960, mae=0.1792, lr=0.000407]
     Training:   1%|▍                             | 6296/401599 [1:34:13<98:02:29, 1.12it/s, loss=0.1960, mae=0.1792, lr=0.000407]
     Training:   1%|▍                             | 6297/401599 [1:34:13<98:02:28, 1.12it/s, loss=0.1960, mae=0.1792, lr=0.000407]
     Training:   1%|▍                             | 6297/401599 [1:34:14<98:02:28, 1.12it/s, loss=0.1960, mae=0.1792, lr=0.000407]
     Training:   1%|▍                             | 6298/401599 [1:34:14<98:55:27, 1.11it/s, loss=0.1960, mae=0.1792, lr=0.000407]
     Training:   1%|▍                             | 6298/401599 [1:34:15<98:55:27, 1.11it/s, loss=0.1960, mae=0.1792, lr=0.000407]
     Training:   1%|▍                             | 6299/401599 [1:34:15<98:55:26, 1.11it/s, loss=0.1960, mae=0.1792, lr=0.000407]
     Training:   1%|▍                             | 6299/401599 [1:34:16<98:55:26, 1.11it/s, loss=0.1961, mae=0.1792, lr=0.000407]
     Training:   1%|▍                             | 6300/401599 [1:34:16<98:02:26, 1.12it/s, loss=0.1961, mae=0.1792, lr=0.000407]
     Training:   1%|▍                             | 6300/401599 [1:34:17<98:02:26, 1.12it/s, loss=0.1961, mae=0.1792, lr=0.000407]
     Training:   1%|▍                             | 6301/401599 [1:34:17<98:55:24, 1.11it/s, loss=0.1961, mae=0.1792, lr=0.000407]
     Training:   1%|▍                             | 6301/401599 [1:34:18<98:55:24, 1.11it/s, loss=0.1961, mae=0.1792, lr=0.000407]
     Training:   1%|▍                             | 6302/401599 [1:34:18<98:55:23, 1.11it/s, loss=0.1961, mae=0.1792, lr=0.000407]
     Training:   1%|▍                             | 6302/401599 [1:34:19<98:55:23, 1.11it/s, loss=0.1960, mae=0.1792, lr=0.000407]
     Training:   1%|▍                             | 6303/401599 [1:34:19<98:02:23, 1.12it/s, loss=0.1960, mae=0.1792, lr=0.000407]
     Training:   1%|▍                             | 6303/401599 [1:34:19<98:02:23, 1.12it/s, loss=0.1960, mae=0.1792, lr=0.000407]
     Training:   1%|▍                             | 6304/401599 [1:34:19<98:02:22, 1.12it/s, loss=0.1960, mae=0.1792, lr=0.000407]
     Training:   1%|▍                             | 6304/401599 [1:34:20<98:02:22, 1.12it/s, loss=0.1960, mae=0.1792, lr=0.000407]
     Training:   1%|▍                             | 6305/401599 [1:34:20<98:02:21, 1.12it/s, loss=0.1960, mae=0.1792, lr=0.000407]
     Training:   1%|▍                             | 6305/401599 [1:34:21<98:02:21, 1.12it/s, loss=0.1960, mae=0.1792, lr=0.000407]
     Training:   1%|▍                             | 6306/401599 [1:34:21<98:55:20, 1.11it/s, loss=0.1960, mae=0.1792, lr=0.000407]
     Training:   1%|▍                             | 6306/401599 [1:34:22<98:55:20, 1.11it/s, loss=0.1960, mae=0.1792, lr=0.000407]
     Training:   1%|▍                             | 6307/401599 [1:34:22<98:55:19, 1.11it/s, loss=0.1960, mae=0.1792, lr=0.000407]
     Training:   1%|▍                             | 6307/401599 [1:34:23<98:55:19, 1.11it/s, loss=0.1960, mae=0.1792, lr=0.000407]
     Training:   1%|▍                             | 6308/401599 [1:34:23<98:55:18, 1.11it/s, loss=0.1960, mae=0.1792, lr=0.000407]
     Training:   1%|▍                             | 6308/401599 [1:34:24<98:55:18, 1.11it/s, loss=0.1960, mae=0.1792, lr=0.000407]
     Training:   1%|▍                             | 6309/401599 [1:34:24<98:02:17, 1.12it/s, loss=0.1960, mae=0.1792, lr=0.000407]
     Training:   1%|▍                             | 6309/401599 [1:34:25<98:02:17, 1.12it/s, loss=0.1960, mae=0.1792, lr=0.000407]
     Training:   1%|▍                             | 6310/401599 [1:34:25<98:55:16, 1.11it/s, loss=0.1960, mae=0.1792, lr=0.000407]
     Training:   1%|▍                             | 6310/401599 [1:34:26<98:55:16, 1.11it/s, loss=0.1960, mae=0.1792, lr=0.000407]
     Training:   1%|▍                             | 6311/401599 [1:34:26<98:55:15, 1.11it/s, loss=0.1960, mae=0.1792, lr=0.000407]
     Training:   1%|▍                             | 6311/401599 [1:34:27<98:55:15, 1.11it/s, loss=0.1960, mae=0.1792, lr=0.000407]
     Training:   1%|▍                             | 6312/401599 [1:34:27<98:55:14, 1.11it/s, loss=0.1960, mae=0.1792, lr=0.000407]
     Training:   1%|▍                             | 6312/401599 [1:34:28<98:55:14, 1.11it/s, loss=0.1960, mae=0.1792, lr=0.000407]
     Training:   1%|▍                             | 6313/401599 [1:34:28<98:55:14, 1.11it/s, loss=0.1960, mae=0.1792, lr=0.000407]
     Training:   1%|▍                             | 6313/401599 [1:34:28<98:55:14, 1.11it/s, loss=0.1960, mae=0.1792, lr=0.000407]
     Training:   1%|▍                             | 6314/401599 [1:34:28<98:55:13, 1.11it/s, loss=0.1960, mae=0.1792, lr=0.000407]
     Training:   1%|▍                             | 6314/401599 [1:34:29<98:55:13, 1.11it/s, loss=0.1960, mae=0.1792, lr=0.000407]
     Training:   1%|▍                             | 6315/401599 [1:34:29<98:55:12, 1.11it/s, loss=0.1960, mae=0.1792, lr=0.000407]
     Training:   1%|▍                             | 6315/401599 [1:34:30<98:55:12, 1.11it/s, loss=0.1960, mae=0.1792, lr=0.000407]
     Training:   1%|▍                             | 6316/401599 [1:34:30<98:55:11, 1.11it/s, loss=0.1960, mae=0.1792, lr=0.000407]
     Training:   1%|▍                             | 6316/401599 [1:34:31<98:55:11, 1.11it/s, loss=0.1960, mae=0.1792, lr=0.000407]
     Training:   1%|▍                             | 6317/401599 [1:34:31<98:55:10, 1.11it/s, loss=0.1960, mae=0.1792, lr=0.000407]
     Training:   1%|▍                             | 6317/401599 [1:34:32<98:55:10, 1.11it/s, loss=0.1960, mae=0.1792, lr=0.000407]
     Training:   1%|▍                             | 6318/401599 [1:34:32<98:02:09, 1.12it/s, loss=0.1960, mae=0.1792, lr=0.000407]
     Training:   1%|▍                             | 6318/401599 [1:34:33<98:02:09, 1.12it/s, loss=0.1960, mae=0.1792, lr=0.000407]
     Training:   1%|▍                             | 6319/401599 [1:34:33<98:55:08, 1.11it/s, loss=0.1960, mae=0.1792, lr=0.000407]
     Training:   1%|▍                             | 6319/401599 [1:34:34<98:55:08, 1.11it/s, loss=0.1960, mae=0.1792, lr=0.000408]
     Training:   1%|▍                             | 6320/401599 [1:34:34<98:55:07, 1.11it/s, loss=0.1960, mae=0.1792, lr=0.000408]
   Validating:   0%|                              | 0/99173 [00:00<?, ?it/s]
   Validating:   0%|                              | 0/99173 [00:01<?, ?it/s, loss=0.1274, mae=0.1256]
   Validating:   0%|                              | 1/99173 [00:01<38:00:57, 1.38s/it, loss=0.1274, mae=0.1256]
   Validating:   0%|                              | 1/99173 [00:01<38:00:57, 1.38s/it, loss=0.1764, mae=0.1859]
   Validating:   0%|                              | 2/99173 [00:01<23:57:16, 1.15it/s, loss=0.1764, mae=0.1859]
   Validating:   0%|                              | 2/99173 [00:02<23:57:16, 1.15it/s, loss=0.1993, mae=0.2108]
   Validating:   0%|                              | 3/99173 [00:02<19:23:58, 1.42it/s, loss=0.1993, mae=0.2108]
   Validating:   0%|                              | 3/99173 [00:02<19:23:58, 1.42it/s, loss=0.2193, mae=0.2354]
   Validating:   0%|                              | 4/99173 [00:02<17:19:30, 1.59it/s, loss=0.2193, mae=0.2354]
   Validating:   0%|                              | 4/99173 [00:03<17:19:30, 1.59it/s, loss=0.2345, mae=0.2566]
   Validating:   0%|                              | 5/99173 [00:03<16:06:33, 1.71it/s, loss=0.2345, mae=0.2566]
   Validating:   0%|                              | 5/99173 [00:03<16:06:33, 1.71it/s, loss=0.2437, mae=0.2654]
   Validating:   0%|                              | 6/99173 [00:03<15:28:32, 1.78it/s, loss=0.2437, mae=0.2654]
   Validating:   0%|                              | 6/99173 [00:04<15:28:32, 1.78it/s, loss=0.2550, mae=0.2725]
   Validating:   0%|                              | 7/99173 [00:04<15:03:09, 1.83it/s, loss=0.2550, mae=0.2725]
   Validating:   0%|                              | 7/99173 [00:04<15:03:09, 1.83it/s, loss=0.3037, mae=0.3002]
   Validating:   0%|                              | 8/99173 [00:04<14:43:49, 1.87it/s, loss=0.3037, mae=0.3002]
   Validating:   0%|                              | 8/99173 [00:05<14:43:49, 1.87it/s, loss=0.2794, mae=0.2883]
   Validating:   0%|                              | 9/99173 [00:05<14:34:28, 1.89it/s, loss=0.2794, mae=0.2883]
   Validating:   0%|                              | 9/99173 [00:05<14:34:28, 1.89it/s, loss=0.2853, mae=0.2917]
   Validating:   0%|                              | 10/99173 [00:05<14:25:18, 1.91it/s, loss=0.2853, mae=0.2917]
   Validating:   0%|                              | 10/99173 [00:06<14:25:18, 1.91it/s, loss=0.3109, mae=0.3099]
   Validating:   0%|                              | 11/99173 [00:06<14:20:47, 1.92it/s, loss=0.3109, mae=0.3099]
   Validating:   0%|                              | 11/99173 [00:07<14:20:47, 1.92it/s, loss=0.2875, mae=0.2975]
   Validating:   0%|                              | 12/99173 [00:07<14:16:19, 1.93it/s, loss=0.2875, mae=0.2975]
   Validating:   0%|                              | 12/99173 [00:07<14:16:19, 1.93it/s, loss=0.1768, mae=0.1739]
   Validating:   0%|                              | 13/99173 [00:07<14:11:53, 1.94it/s, loss=0.1768, mae=0.1739]
   Validating:   0%|                              | 13/99173 [00:08<14:11:53, 1.94it/s, loss=0.1115, mae=0.1107]
   Validating:   0%|                              | 14/99173 [00:08<14:11:53, 1.94it/s, loss=0.1115, mae=0.1107]
   Validating:   0%|                              | 14/99173 [00:08<14:11:53, 1.94it/s, loss=0.0355, mae=0.0388]
   Validating:   0%|                              | 15/99173 [00:08<14:11:52, 1.94it/s, loss=0.0355, mae=0.0388]
   Validating:   0%|                              | 15/99173 [00:09<14:11:52, 1.94it/s, loss=0.0064, mae=0.0096]
   Validating:   0%|                              | 16/99173 [00:09<14:07:30, 1.95it/s, loss=0.0064, mae=0.0096]
   Validating:   0%|                              | 16/99173 [00:09<14:07:30, 1.95it/s, loss=0.0021, mae=0.0083]
   Validating:   0%|                              | 17/99173 [00:09<14:07:29, 1.95it/s, loss=0.0021, mae=0.0083]
   Validating:   0%|                              | 17/99173 [00:10<14:07:29, 1.95it/s, loss=0.0429, mae=0.0447]
   Validating:   0%|                              | 18/99173 [00:10<14:07:29, 1.95it/s, loss=0.0429, mae=0.0447]
   Validating:   0%|                              | 18/99173 [00:10<14:07:29, 1.95it/s, loss=0.1565, mae=0.1463]
   Validating:   0%|                              | 19/99173 [00:10<14:07:28, 1.95it/s, loss=0.1565, mae=0.1463]
   Validating:   0%|                              | 19/99173 [00:11<14:07:28, 1.95it/s, loss=0.1215, mae=0.1198]
   Validating:   0%|                              | 20/99173 [00:11<14:07:28, 1.95it/s, loss=0.1215, mae=0.1198]
   Validating:   0%|                              | 20/99173 [00:11<14:07:28, 1.95it/s, loss=0.3304, mae=0.3059]
   Validating:   0%|                              | 21/99173 [00:11<14:07:27, 1.95it/s, loss=0.3304, mae=0.3059]
   Validating:   0%|                              | 21/99173 [00:12<14:07:27, 1.95it/s, loss=0.2640, mae=0.2684]
   Validating:   0%|                              | 22/99173 [00:12<14:07:27, 1.95it/s, loss=0.2640, mae=0.2684]
   Validating:   0%|                              | 22/99173 [00:12<14:07:27, 1.95it/s, loss=0.2555, mae=0.2636]
   Validating:   0%|                              | 23/99173 [00:12<14:07:26, 1.95it/s, loss=0.2555, mae=0.2636]
   Validating:   0%|                              | 23/99173 [00:13<14:07:26, 1.95it/s, loss=0.2366, mae=0.2528]
   Validating:   0%|                              | 24/99173 [00:13<14:07:26, 1.95it/s, loss=0.2366, mae=0.2528]
   Validating:   0%|                              | 24/99173 [00:13<14:07:26, 1.95it/s, loss=0.2231, mae=0.2381]
   Validating:   0%|                              | 25/99173 [00:13<14:07:25, 1.95it/s, loss=0.2231, mae=0.2381]
   Validating:   0%|                              | 25/99173 [00:14<14:07:25, 1.95it/s, loss=0.2567, mae=0.2540]
   Validating:   0%|                              | 26/99173 [00:14<14:07:25, 1.95it/s, loss=0.2567, mae=0.2540]
   Validating:   0%|                              | 26/99173 [00:14<14:07:25, 1.95it/s, loss=0.2661, mae=0.2623]
   Validating:   0%|                              | 27/99173 [00:14<14:07:24, 1.95it/s, loss=0.2661, mae=0.2623]
   Validating:   0%|                              | 27/99173 [00:15<14:07:24, 1.95it/s, loss=0.2511, mae=0.2525]
   Validating:   0%|                              | 28/99173 [00:15<14:07:24, 1.95it/s, loss=0.2511, mae=0.2525]
   Validating:   0%|                              | 28/99173 [00:15<14:07:24, 1.95it/s, loss=0.2342, mae=0.2306]
   Validating:   0%|                              | 29/99173 [00:15<14:07:23, 1.95it/s, loss=0.2342, mae=0.2306]
   Validating:   0%|                              | 29/99173 [00:16<14:07:23, 1.95it/s, loss=0.2418, mae=0.2376]
   Validating:   0%|                              | 30/99173 [00:16<14:07:23, 1.95it/s, loss=0.2418, mae=0.2376]
   Validating:   0%|                              | 30/99173 [00:16<14:07:23, 1.95it/s, loss=0.2796, mae=0.2625]
   Validating:   0%|                              | 31/99173 [00:16<14:07:22, 1.95it/s, loss=0.2796, mae=0.2625]
   Validating:   0%|                              | 31/99173 [00:17<14:07:22, 1.95it/s, loss=0.2147, mae=0.2013]
   Validating:   0%|                              | 32/99173 [00:17<14:07:22, 1.95it/s, loss=0.2147, mae=0.2013]
   Validating:   0%|                              | 32/99173 [00:17<14:07:22, 1.95it/s, loss=0.1742, mae=0.1721]
   Validating:   0%|                              | 33/99173 [00:17<14:07:21, 1.95it/s, loss=0.1742, mae=0.1721]
   Validating:   0%|                              | 33/99173 [00:18<14:07:21, 1.95it/s, loss=0.0721, mae=0.0700]
   Validating:   0%|                              | 34/99173 [00:18<14:07:21, 1.95it/s, loss=0.0721, mae=0.0700]
   Validating:   0%|                              | 34/99173 [00:18<14:07:21, 1.95it/s, loss=0.0059, mae=0.0092]
   Validating:   0%|                              | 35/99173 [00:18<14:03:01, 1.96it/s, loss=0.0059, mae=0.0092]
   Validating:   0%|                              | 35/99173 [00:19<14:03:01, 1.96it/s, loss=0.1867, mae=0.1663]
   Validating:   0%|                              | 36/99173 [00:19<14:03:00, 1.96it/s, loss=0.1867, mae=0.1663]
   Validating:   0%|                              | 36/99173 [00:19<14:03:00, 1.96it/s, loss=0.2363, mae=0.2085]
   Validating:   0%|                              | 37/99173 [00:19<14:03:00, 1.96it/s, loss=0.2363, mae=0.2085]
   Validating:   0%|                              | 37/99173 [00:20<14:03:00, 1.96it/s, loss=0.2443, mae=0.2113]
   Validating:   0%|                              | 38/99173 [00:20<14:02:59, 1.96it/s, loss=0.2443, mae=0.2113]
   Validating:   0%|                              | 38/99173 [00:20<14:02:59, 1.96it/s, loss=0.2722, mae=0.2365]
   Validating:   0%|                              | 39/99173 [00:20<14:02:59, 1.96it/s, loss=0.2722, mae=0.2365]
   Validating:   0%|                              | 39/99173 [00:21<14:02:59, 1.96it/s, loss=0.2782, mae=0.2403]
   Validating:   0%|                              | 40/99173 [00:21<14:07:17, 1.95it/s, loss=0.2782, mae=0.2403]
   Validating:   0%|                              | 40/99173 [00:21<14:07:17, 1.95it/s, loss=0.2607, mae=0.2312]
   Validating:   0%|                              | 41/99173 [00:21<14:07:17, 1.95it/s, loss=0.2607, mae=0.2312]
   Validating:   0%|                              | 41/99173 [00:22<14:07:17, 1.95it/s, loss=0.2390, mae=0.2167]
   Validating:   0%|                              | 42/99173 [00:22<14:07:16, 1.95it/s, loss=0.2390, mae=0.2167]
   Validating:   0%|                              | 42/99173 [00:22<14:07:16, 1.95it/s, loss=0.2198, mae=0.1971]
   Validating:   0%|                              | 43/99173 [00:22<14:02:57, 1.96it/s, loss=0.2198, mae=0.1971]
   Validating:   0%|                              | 43/99173 [00:23<14:02:57, 1.96it/s, loss=0.2331, mae=0.2051]
   Validating:   0%|                              | 44/99173 [00:23<14:02:56, 1.96it/s, loss=0.2331, mae=0.2051]
   Validating:   0%|                              | 44/99173 [00:23<14:02:56, 1.96it/s, loss=0.2276, mae=0.2061]
   Validating:   0%|                              | 45/99173 [00:23<14:02:56, 1.96it/s, loss=0.2276, mae=0.2061]
   Validating:   0%|                              | 45/99173 [00:24<14:02:56, 1.96it/s, loss=0.2463, mae=0.2227]
   Validating:   0%|                              | 46/99173 [00:24<14:02:55, 1.96it/s, loss=0.2463, mae=0.2227]
   Validating:   0%|                              | 46/99173 [00:24<14:02:55, 1.96it/s, loss=0.2586, mae=0.2316]
   Validating:   0%|                              | 47/99173 [00:24<14:02:54, 1.96it/s, loss=0.2586, mae=0.2316]
   Validating:   0%|                              | 47/99173 [00:25<14:02:54, 1.96it/s, loss=0.2708, mae=0.2408]
   Validating:   0%|                              | 48/99173 [00:25<14:07:13, 1.95it/s, loss=0.2708, mae=0.2408]
   Validating:   0%|                              | 48/99173 [00:25<14:07:13, 1.95it/s, loss=0.2525, mae=0.2425]
   Validating:   0%|                              | 49/99173 [00:25<14:02:53, 1.96it/s, loss=0.2525, mae=0.2425]
   Validating:   0%|                              | 49/99173 [00:26<14:02:53, 1.96it/s, loss=0.2617, mae=0.2408]
   Validating:   0%|                              | 50/99173 [00:26<14:07:12, 1.95it/s, loss=0.2617, mae=0.2408]
   Validating:   0%|                              | 50/99173 [00:26<14:07:12, 1.95it/s, loss=0.1919, mae=0.1948]
   Validating:   0%|                              | 51/99173 [00:26<14:02:52, 1.96it/s, loss=0.1919, mae=0.1948]
   Validating:   0%|                              | 51/99173 [00:27<14:02:52, 1.96it/s, loss=0.1962, mae=0.1905]
   Validating:   0%|                              | 52/99173 [00:27<14:07:11, 1.95it/s, loss=0.1962, mae=0.1905]
   Validating:   0%|                              | 52/99173 [00:27<14:07:11, 1.95it/s, loss=0.2144, mae=0.2003]
   Validating:   0%|                              | 53/99173 [00:27<14:02:51, 1.96it/s, loss=0.2144, mae=0.2003]
   Validating:   0%|                              | 53/99173 [00:28<14:02:51, 1.96it/s, loss=0.1896, mae=0.1782]
   Validating:   0%|                              | 54/99173 [00:28<14:02:51, 1.96it/s, loss=0.1896, mae=0.1782]
   Validating:   0%|                              | 54/99173 [00:29<14:02:51, 1.96it/s, loss=0.1915, mae=0.1812]
   Validating:   0%|                              | 55/99173 [00:29<14:02:50, 1.96it/s, loss=0.1915, mae=0.1812]
   Validating:   0%|                              | 55/99173 [00:29<14:02:50, 1.96it/s, loss=0.1925, mae=0.1870]
   Validating:   0%|                              | 56/99173 [00:29<14:07:09, 1.95it/s, loss=0.1925, mae=0.1870]
   Validating:   0%|                              | 56/99173 [00:30<14:07:09, 1.95it/s, loss=0.2204, mae=0.2171]
   Validating:   0%|                              | 57/99173 [00:30<14:02:49, 1.96it/s, loss=0.2204, mae=0.2171]
   Validating:   0%|                              | 57/99173 [00:30<14:02:49, 1.96it/s, loss=0.2365, mae=0.2187]
   Validating:   0%|                              | 58/99173 [00:30<14:07:08, 1.95it/s, loss=0.2365, mae=0.2187]
   Validating:   0%|                              | 58/99173 [00:31<14:07:08, 1.95it/s, loss=0.2393, mae=0.2060]
   Validating:   0%|                              | 59/99173 [00:31<14:07:08, 1.95it/s, loss=0.2393, mae=0.2060]
   Validating:   0%|                              | 59/99173 [00:31<14:07:08, 1.95it/s, loss=0.2508, mae=0.2107]
   Validating:   0%|                              | 60/99173 [00:31<14:07:07, 1.95it/s, loss=0.2508, mae=0.2107]
   Validating:   0%|                              | 60/99173 [00:32<14:07:07, 1.95it/s, loss=0.2118, mae=0.1822]
   Validating:   0%|                              | 61/99173 [00:32<14:07:07, 1.95it/s, loss=0.2118, mae=0.1822]
   Validating:   0%|                              | 61/99173 [00:32<14:07:07, 1.95it/s, loss=0.1793, mae=0.1552]
   Validating:   0%|                              | 62/99173 [00:32<14:07:06, 1.95it/s, loss=0.1793, mae=0.1552]
   Validating:   0%|                              | 62/99173 [00:33<14:07:06, 1.95it/s, loss=0.1863, mae=0.1553]
   Validating:   0%|                              | 63/99173 [00:33<14:07:06, 1.95it/s, loss=0.1863, mae=0.1553]
   Validating:   0%|                              | 63/99173 [00:33<14:07:06, 1.95it/s, loss=0.1962, mae=0.1622]
   Validating:   0%|                              | 64/99173 [00:33<14:07:05, 1.95it/s, loss=0.1962, mae=0.1622]
   Validating:   0%|                              | 64/99173 [00:34<14:07:05, 1.95it/s, loss=0.2364, mae=0.1934]
   Validating:   0%|                              | 65/99173 [00:34<14:07:05, 1.95it/s, loss=0.2364, mae=0.1934]
   Validating:   0%|                              | 65/99173 [00:34<14:07:05, 1.95it/s, loss=0.2527, mae=0.2146]
   Validating:   0%|                              | 66/99173 [00:34<14:07:04, 1.95it/s, loss=0.2527, mae=0.2146]
   Validating:   0%|                              | 66/99173 [00:35<14:07:04, 1.95it/s, loss=0.1664, mae=0.1471]
   Validating:   0%|                              | 67/99173 [00:35<14:07:04, 1.95it/s, loss=0.1664, mae=0.1471]
   Validating:   0%|                              | 67/99173 [00:35<14:07:04, 1.95it/s, loss=0.1078, mae=0.0940]
   Validating:   0%|                              | 68/99173 [00:35<14:07:03, 1.95it/s, loss=0.1078, mae=0.0940]
   Validating:   0%|                              | 68/99173 [00:36<14:07:03, 1.95it/s, loss=0.1142, mae=0.1001]
   Validating:   0%|                              | 69/99173 [00:36<14:07:03, 1.95it/s, loss=0.1142, mae=0.1001]
   Validating:   0%|                              | 69/99173 [00:36<14:07:03, 1.95it/s, loss=0.1166, mae=0.1033]
   Validating:   0%|                              | 70/99173 [00:36<14:07:02, 1.95it/s, loss=0.1166, mae=0.1033]
   Validating:   0%|                              | 70/99173 [00:37<14:07:02, 1.95it/s, loss=0.1150, mae=0.1027]
   Validating:   0%|                              | 71/99173 [00:37<14:07:02, 1.95it/s, loss=0.1150, mae=0.1027]
   Validating:   0%|                              | 71/99173 [00:37<14:07:02, 1.95it/s, loss=0.0967, mae=0.0872]
   Validating:   0%|                              | 72/99173 [00:37<14:07:01, 1.95it/s, loss=0.0967, mae=0.0872]
   Validating:   0%|                              | 72/99173 [00:38<14:07:01, 1.95it/s, loss=0.0841, mae=0.0743]
   Validating:   0%|                              | 73/99173 [00:38<14:02:41, 1.96it/s, loss=0.0841, mae=0.0743]
   Validating:   0%|                              | 73/99173 [00:38<14:02:41, 1.96it/s, loss=0.0812, mae=0.0722]
   Validating:   0%|                              | 74/99173 [00:38<14:02:41, 1.96it/s, loss=0.0812, mae=0.0722]
   Validating:   0%|                              | 74/99173 [00:39<14:02:41, 1.96it/s, loss=0.1302, mae=0.1163]
   Validating:   0%|                              | 75/99173 [00:39<14:02:40, 1.96it/s, loss=0.1302, mae=0.1163]
   Validating:   0%|                              | 75/99173 [00:39<14:02:40, 1.96it/s, loss=0.1120, mae=0.1163]
   Validating:   0%|                              | 76/99173 [00:39<14:02:40, 1.96it/s, loss=0.1120, mae=0.1163]
   Validating:   0%|                              | 76/99173 [00:40<14:02:40, 1.96it/s, loss=0.1433, mae=0.1379]
   Validating:   0%|                              | 77/99173 [00:40<14:02:39, 1.96it/s, loss=0.1433, mae=0.1379]
   Validating:   0%|                              | 77/99173 [00:40<14:02:39, 1.96it/s, loss=0.1931, mae=0.1838]
   Validating:   0%|                              | 78/99173 [00:40<14:02:39, 1.96it/s, loss=0.1931, mae=0.1838]
   Validating:   0%|                              | 78/99173 [00:41<14:02:39, 1.96it/s, loss=0.2520, mae=0.2296]
   Validating:   0%|                              | 79/99173 [00:41<14:02:38, 1.96it/s, loss=0.2520, mae=0.2296]
   Validating:   0%|                              | 79/99173 [00:41<14:02:38, 1.96it/s, loss=0.3070, mae=0.2725]
   Validating:   0%|                              | 80/99173 [00:41<14:02:38, 1.96it/s, loss=0.3070, mae=0.2725]
   Validating:   0%|                              | 80/99173 [00:42<14:02:38, 1.96it/s, loss=0.3297, mae=0.2991]
   Validating:   0%|                              | 81/99173 [00:42<14:02:37, 1.96it/s, loss=0.3297, mae=0.2991]
   Validating:   0%|                              | 81/99173 [00:42<14:02:37, 1.96it/s, loss=0.3359, mae=0.3115]
   Validating:   0%|                              | 82/99173 [00:42<14:02:37, 1.96it/s, loss=0.3359, mae=0.3115]
   Validating:   0%|                              | 82/99173 [00:43<14:02:37, 1.96it/s, loss=0.3352, mae=0.3091]
   Validating:   0%|                              | 83/99173 [00:43<14:02:36, 1.96it/s, loss=0.3352, mae=0.3091]
   Validating:   0%|                              | 83/99173 [00:43<14:02:36, 1.96it/s, loss=0.3592, mae=0.3292]
   Validating:   0%|                              | 84/99173 [00:43<14:06:55, 1.95it/s, loss=0.3592, mae=0.3292]
   Validating:   0%|                              | 84/99173 [00:44<14:06:55, 1.95it/s, loss=0.3884, mae=0.3492]
   Validating:   0%|                              | 85/99173 [00:44<14:06:54, 1.95it/s, loss=0.3884, mae=0.3492]
   Validating:   0%|                              | 85/99173 [00:44<14:06:54, 1.95it/s, loss=0.3977, mae=0.3435]
   Validating:   0%|                              | 86/99173 [00:44<14:06:54, 1.95it/s, loss=0.3977, mae=0.3435]
   Validating:   0%|                              | 86/99173 [00:45<14:06:54, 1.95it/s, loss=0.2928, mae=0.2731]
   Validating:   0%|                              | 87/99173 [00:45<14:02:34, 1.96it/s, loss=0.2928, mae=0.2731]
   Validating:   0%|                              | 87/99173 [00:45<14:02:34, 1.96it/s, loss=0.2567, mae=0.2316]
   Validating:   0%|                              | 88/99173 [00:45<14:02:34, 1.96it/s, loss=0.2567, mae=0.2316]
   Validating:   0%|                              | 88/99173 [00:46<14:02:34, 1.96it/s, loss=0.2162, mae=0.1899]
   Validating:   0%|                              | 89/99173 [00:46<14:02:33, 1.96it/s, loss=0.2162, mae=0.1899]
   Validating:   0%|                              | 89/99173 [00:46<14:02:33, 1.96it/s, loss=0.1804, mae=0.1558]
   Validating:   0%|                              | 90/99173 [00:46<14:02:33, 1.96it/s, loss=0.1804, mae=0.1558]
   Validating:   0%|                              | 90/99173 [00:47<14:02:33, 1.96it/s, loss=0.0217, mae=0.0204]
   Validating:   0%|                              | 91/99173 [00:47<14:02:32, 1.96it/s, loss=0.0217, mae=0.0204]
   Validating:   0%|                              | 91/99173 [00:47<14:02:32, 1.96it/s, loss=0.0025, mae=0.0062]
   Validating:   0%|                              | 92/99173 [00:47<14:02:32, 1.96it/s, loss=0.0025, mae=0.0062]
   Validating:   0%|                              | 92/99173 [00:48<14:02:32, 1.96it/s, loss=0.0326, mae=0.0366]
   Validating:   0%|                              | 93/99173 [00:48<14:02:31, 1.96it/s, loss=0.0326, mae=0.0366]
   Validating:   0%|                              | 93/99173 [00:48<14:02:31, 1.96it/s, loss=0.0159, mae=0.0194]
   Validating:   0%|                              | 94/99173 [00:48<14:02:31, 1.96it/s, loss=0.0159, mae=0.0194]
   Validating:   0%|                              | 94/99173 [00:49<14:02:31, 1.96it/s, loss=0.0095, mae=0.0117]
   Validating:   0%|                              | 95/99173 [00:49<14:02:30, 1.96it/s, loss=0.0095, mae=0.0117]
   Validating:   0%|                              | 95/99173 [00:49<14:02:30, 1.96it/s, loss=0.0938, mae=0.0968]
   Validating:   0%|                              | 96/99173 [00:49<14:06:49, 1.95it/s, loss=0.0938, mae=0.0968]
   Validating:   0%|                              | 96/99173 [00:50<14:06:49, 1.95it/s, loss=0.0043, mae=0.0090]
   Validating:   0%|                              | 97/99173 [00:50<14:02:29, 1.96it/s, loss=0.0043, mae=0.0090]
   Validating:   0%|                              | 97/99173 [00:51<14:02:29, 1.96it/s, loss=0.0426, mae=0.0444]
   Validating:   0%|                              | 98/99173 [00:51<14:06:48, 1.95it/s, loss=0.0426, mae=0.0444]
   Validating:   0%|                              | 98/99173 [00:51<14:06:48, 1.95it/s, loss=0.0790, mae=0.0843]
   Validating:   0%|                              | 99/99173 [00:51<14:02:28, 1.96it/s, loss=0.0790, mae=0.0843]
   Validating:   0%|                              | 99/99173 [00:52<14:02:28, 1.96it/s, loss=0.1043, mae=0.1127]
   Validating:   0%|                              | 100/99173 [00:52<14:06:47, 1.95it/s, loss=0.1043, mae=0.1127]
   Validating:   0%|                              | 100/99173 [00:52<14:06:47, 1.95it/s, loss=0.0943, mae=0.1022]
   Validating:   0%|                              | 101/99173 [00:52<14:02:27, 1.96it/s, loss=0.0943, mae=0.1022]
   Validating:   0%|                              | 101/99173 [00:53<14:02:27, 1.96it/s, loss=0.1127, mae=0.1109]
   Validating:   0%|                              | 102/99173 [00:53<14:06:46, 1.95it/s, loss=0.1127, mae=0.1109]
   Validating:   0%|                              | 102/99173 [00:53<14:06:46, 1.95it/s, loss=0.1112, mae=0.1052]
   Validating:   0%|                              | 103/99173 [00:53<14:02:26, 1.96it/s, loss=0.1112, mae=0.1052]
   Validating:   0%|                              | 103/99173 [00:54<14:02:26, 1.96it/s, loss=0.1191, mae=0.1117]
   Validating:   0%|                              | 104/99173 [00:54<14:02:25, 1.96it/s, loss=0.1191, mae=0.1117]
   Validating:   0%|                              | 104/99173 [00:54<14:02:25, 1.96it/s, loss=0.1031, mae=0.0970]
   Validating:   0%|                              | 105/99173 [00:54<14:02:25, 1.96it/s, loss=0.1031, mae=0.0970]
   Validating:   0%|                              | 105/99173 [00:55<14:02:25, 1.96it/s, loss=0.0138, mae=0.0161]
   Validating:   0%|                              | 106/99173 [00:55<14:02:24, 1.96it/s, loss=0.0138, mae=0.0161]
   Validating:   0%|                              | 106/99173 [00:55<14:02:24, 1.96it/s, loss=0.0820, mae=0.0727]
   Validating:   0%|                              | 107/99173 [00:55<14:02:24, 1.96it/s, loss=0.0820, mae=0.0727]
   Validating:   0%|                              | 107/99173 [00:56<14:02:24, 1.96it/s, loss=0.1718, mae=0.1480]
   Validating:   0%|                              | 108/99173 [00:56<14:02:23, 1.96it/s, loss=0.1718, mae=0.1480]
   Validating:   0%|                              | 108/99173 [00:56<14:02:23, 1.96it/s, loss=0.1791, mae=0.1595]
   Validating:   0%|                              | 109/99173 [00:56<14:02:23, 1.96it/s, loss=0.1791, mae=0.1595]
   Validating:   0%|                              | 109/99173 [00:57<14:02:23, 1.96it/s, loss=0.1796, mae=0.1636]
   Validating:   0%|                              | 110/99173 [00:57<14:02:22, 1.96it/s, loss=0.1796, mae=0.1636]
   Validating:   0%|                              | 110/99173 [00:57<14:02:22, 1.96it/s, loss=0.1852, mae=0.1697]
   Validating:   0%|                              | 111/99173 [00:57<14:02:22, 1.96it/s, loss=0.1852, mae=0.1697]
   Validating:   0%|                              | 111/99173 [00:58<14:02:22, 1.96it/s, loss=0.1763, mae=0.1613]
   Validating:   0%|                              | 112/99173 [00:58<14:02:21, 1.96it/s, loss=0.1763, mae=0.1613]
   Validating:   0%|                              | 112/99173 [00:58<14:02:21, 1.96it/s, loss=0.1615, mae=0.1499]
   Validating:   0%|                              | 113/99173 [00:58<14:06:40, 1.95it/s, loss=0.1615, mae=0.1499]
   Validating:   0%|                              | 113/99173 [00:59<14:06:40, 1.95it/s, loss=0.1574, mae=0.1466]
   Validating:   0%|                              | 114/99173 [00:59<14:06:39, 1.95it/s, loss=0.1574, mae=0.1466]
   Validating:   0%|                              | 114/99173 [00:59<14:06:39, 1.95it/s, loss=0.1510, mae=0.1392]
   Validating:   0%|                              | 115/99173 [00:59<14:06:39, 1.95it/s, loss=0.1510, mae=0.1392]
   Validating:   0%|                              | 115/99173 [01:00<14:06:39, 1.95it/s, loss=0.1354, mae=0.1274]
   Validating:   0%|                              | 116/99173 [01:00<14:02:19, 1.96it/s, loss=0.1354, mae=0.1274]
   Validating:   0%|                              | 116/99173 [01:00<14:02:19, 1.96it/s, loss=0.1392, mae=0.1266]
   Validating:   0%|                              | 117/99173 [01:00<14:02:19, 1.96it/s, loss=0.1392, mae=0.1266]
   Validating:   0%|                              | 117/99173 [01:01<14:02:19, 1.96it/s, loss=0.1525, mae=0.1368]
   Validating:   0%|                              | 118/99173 [01:01<14:02:18, 1.96it/s, loss=0.1525, mae=0.1368]
   Validating:   0%|                              | 118/99173 [01:01<14:02:18, 1.96it/s, loss=0.1348, mae=0.1275]
   Validating:   0%|                              | 119/99173 [01:01<14:02:18, 1.96it/s, loss=0.1348, mae=0.1275]
   Validating:   0%|                              | 119/99173 [01:02<14:02:18, 1.96it/s, loss=0.1382, mae=0.1287]
   Validating:   0%|                              | 120/99173 [01:02<14:02:17, 1.96it/s, loss=0.1382, mae=0.1287]
   Validating:   0%|                              | 120/99173 [01:02<14:02:17, 1.96it/s, loss=0.1429, mae=0.1304]
   Validating:   0%|                              | 121/99173 [01:02<14:06:36, 1.95it/s, loss=0.1429, mae=0.1304]
   Validating:   0%|                              | 121/99173 [01:03<14:06:36, 1.95it/s, loss=0.1785, mae=0.1582]
   Validating:   0%|                              | 122/99173 [01:03<14:06:35, 1.95it/s, loss=0.1785, mae=0.1582]
   Validating:   0%|                              | 122/99173 [01:03<14:06:35, 1.95it/s, loss=0.1549, mae=0.1409]
   Validating:   0%|                              | 123/99173 [01:03<14:06:35, 1.95it/s, loss=0.1549, mae=0.1409]
   Validating:   0%|                              | 123/99173 [01:04<14:06:35, 1.95it/s, loss=0.1449, mae=0.1312]
   Validating:   0%|                              | 124/99173 [01:04<14:02:15, 1.96it/s, loss=0.1449, mae=0.1312]
   Validating:   0%|                              | 124/99173 [01:04<14:02:15, 1.96it/s, loss=0.1354, mae=0.1226]
   Validating:   0%|                              | 125/99173 [01:04<14:02:15, 1.96it/s, loss=0.1354, mae=0.1226]
   Validating:   0%|                              | 125/99173 [01:05<14:02:15, 1.96it/s, loss=0.1204, mae=0.1104]
   Validating:   0%|                              | 126/99173 [01:05<14:02:14, 1.96it/s, loss=0.1204, mae=0.1104]
   Validating:   0%|                              | 126/99173 [01:05<14:02:14, 1.96it/s, loss=0.0645, mae=0.0638]
   Validating:   0%|                              | 127/99173 [01:05<14:02:14, 1.96it/s, loss=0.0645, mae=0.0638]
   Validating:   0%|                              | 127/99173 [01:06<14:02:14, 1.96it/s, loss=0.0810, mae=0.0853]
   Validating:   0%|                              | 128/99173 [01:06<14:02:13, 1.96it/s, loss=0.0810, mae=0.0853]
   Validating:   0%|                              | 128/99173 [01:06<14:02:13, 1.96it/s, loss=0.0860, mae=0.0909]
   Validating:   0%|                              | 129/99173 [01:06<14:02:13, 1.96it/s, loss=0.0860, mae=0.0909]
   Validating:   0%|                              | 129/99173 [01:07<14:02:13, 1.96it/s, loss=0.0892, mae=0.0959]
   Validating:   0%|                              | 130/99173 [01:07<14:02:12, 1.96it/s, loss=0.0892, mae=0.0959]
   Validating:   0%|                              | 130/99173 [01:07<14:02:12, 1.96it/s, loss=0.1146, mae=0.1147]
   Validating:   0%|                              | 131/99173 [01:07<14:02:12, 1.96it/s, loss=0.1146, mae=0.1147]
   Validating:   0%|                              | 131/99173 [01:08<14:02:12, 1.96it/s, loss=0.1156, mae=0.1118]
   Validating:   0%|                              | 132/99173 [01:08<14:02:11, 1.96it/s, loss=0.1156, mae=0.1118]
   Validating:   0%|                              | 132/99173 [01:08<14:02:11, 1.96it/s, loss=0.1084, mae=0.1049]
   Validating:   0%|                              | 133/99173 [01:08<14:02:11, 1.96it/s, loss=0.1084, mae=0.1049]
   Validating:   0%|                              | 133/99173 [01:09<14:02:11, 1.96it/s, loss=0.2096, mae=0.1968]
   Validating:   0%|                              | 134/99173 [01:09<14:02:10, 1.96it/s, loss=0.2096, mae=0.1968]
   Validating:   0%|                              | 134/99173 [01:09<14:02:10, 1.96it/s, loss=0.1620, mae=0.1651]
   Validating:   0%|                              | 135/99173 [01:09<14:02:10, 1.96it/s, loss=0.1620, mae=0.1651]
   Validating:   0%|                              | 135/99173 [01:10<14:02:10, 1.96it/s, loss=0.1692, mae=0.1635]
   Validating:   0%|                              | 136/99173 [01:10<14:02:09, 1.96it/s, loss=0.1692, mae=0.1635]
   Validating:   0%|                              | 136/99173 [01:10<14:02:09, 1.96it/s, loss=0.1347, mae=0.1364]
   Validating:   0%|                              | 137/99173 [01:10<14:02:09, 1.96it/s, loss=0.1347, mae=0.1364]
   Validating:   0%|                              | 137/99173 [01:11<14:02:09, 1.96it/s, loss=0.1125, mae=0.1155]
   Validating:   0%|                              | 138/99173 [01:11<14:02:08, 1.96it/s, loss=0.1125, mae=0.1155]
   Validating:   0%|                              | 138/99173 [01:11<14:02:08, 1.96it/s, loss=0.1145, mae=0.1137]
   Validating:   0%|                              | 139/99173 [01:11<14:02:08, 1.96it/s, loss=0.1145, mae=0.1137]
   Validating:   0%|                              | 139/99173 [01:12<14:02:08, 1.96it/s, loss=0.0999, mae=0.1004]
   Validating:   0%|                              | 140/99173 [01:12<14:02:07, 1.96it/s, loss=0.0999, mae=0.1004]
   Validating:   0%|                              | 140/99173 [01:12<14:02:07, 1.96it/s, loss=0.0861, mae=0.0846]
   Validating:   0%|                              | 141/99173 [01:12<14:02:07, 1.96it/s, loss=0.0861, mae=0.0846]
   Validating:   0%|                              | 141/99173 [01:13<14:02:07, 1.96it/s, loss=0.0709, mae=0.0665]
   Validating:   0%|                              | 142/99173 [01:13<14:02:06, 1.96it/s, loss=0.0709, mae=0.0665]
   Validating:   0%|                              | 142/99173 [01:14<14:02:06, 1.96it/s, loss=0.0691, mae=0.0630]
   Validating:   0%|                              | 143/99173 [01:14<14:06:25, 1.95it/s, loss=0.0691, mae=0.0630]
   Validating:   0%|                              | 143/99173 [01:14<14:06:25, 1.95it/s, loss=0.0564, mae=0.0532]
   Validating:   0%|                              | 144/99173 [01:14<14:02:05, 1.96it/s, loss=0.0564, mae=0.0532]
   Validating:   0%|                              | 144/99173 [01:15<14:02:05, 1.96it/s, loss=0.1585, mae=0.1527]
   Validating:   0%|                              | 145/99173 [01:15<14:06:24, 1.95it/s, loss=0.1585, mae=0.1527]
   Validating:   0%|                              | 145/99173 [01:15<14:06:24, 1.95it/s, loss=0.2176, mae=0.2040]
   Validating:   0%|                              | 146/99173 [01:15<14:10:45, 1.94it/s, loss=0.2176, mae=0.2040]
   Validating:   0%|                              | 146/99173 [01:16<14:10:45, 1.94it/s, loss=0.2513, mae=0.2287]
   Validating:   0%|                              | 147/99173 [01:16<14:10:44, 1.94it/s, loss=0.2513, mae=0.2287]
   Validating:   0%|                              | 147/99173 [01:16<14:10:44, 1.94it/s, loss=0.2228, mae=0.2133]
   Validating:   0%|                              | 148/99173 [01:16<14:06:22, 1.95it/s, loss=0.2228, mae=0.2133]
   Validating:   0%|                              | 148/99173 [01:17<14:06:22, 1.95it/s, loss=0.2322, mae=0.2112]
   Validating:   0%|                              | 149/99173 [01:17<14:06:22, 1.95it/s, loss=0.2322, mae=0.2112]
   Validating:   0%|                              | 149/99173 [01:17<14:06:22, 1.95it/s, loss=0.2442, mae=0.2250]
   Validating:   0%|                              | 150/99173 [01:17<14:06:21, 1.95it/s, loss=0.2442, mae=0.2250]
   Validating:   0%|                              | 150/99173 [01:18<14:06:21, 1.95it/s, loss=0.2523, mae=0.2337]
   Validating:   0%|                              | 151/99173 [01:18<14:06:21, 1.95it/s, loss=0.2523, mae=0.2337]
   Validating:   0%|                              | 151/99173 [01:18<14:06:21, 1.95it/s, loss=0.2826, mae=0.2581]
   Validating:   0%|                              | 152/99173 [01:18<14:06:20, 1.95it/s, loss=0.2826, mae=0.2581]
   Validating:   0%|                              | 152/99173 [01:19<14:06:20, 1.95it/s, loss=0.3043, mae=0.2762]
   Validating:   0%|                              | 153/99173 [01:19<14:06:19, 1.95it/s, loss=0.3043, mae=0.2762]
   Validating:   0%|                              | 153/99173 [01:19<14:06:19, 1.95it/s, loss=0.2903, mae=0.2691]
   Validating:   0%|                              | 154/99173 [01:19<14:10:41, 1.94it/s, loss=0.2903, mae=0.2691]
   Validating:   0%|                              | 154/99173 [01:20<14:10:41, 1.94it/s, loss=0.2984, mae=0.2696]
   Validating:   0%|                              | 155/99173 [01:20<14:10:40, 1.94it/s, loss=0.2984, mae=0.2696]
   Validating:   0%|                              | 155/99173 [01:20<14:10:40, 1.94it/s, loss=0.2721, mae=0.2550]
   Validating:   0%|                              | 156/99173 [01:20<14:19:31, 1.92it/s, loss=0.2721, mae=0.2550]
   Validating:   0%|                              | 156/99173 [01:21<14:19:31, 1.92it/s, loss=0.2772, mae=0.2535]
   Validating:   0%|                              | 157/99173 [01:21<14:19:31, 1.92it/s, loss=0.2772, mae=0.2535]
   Validating:   0%|                              | 157/99173 [01:21<14:19:31, 1.92it/s, loss=0.2687, mae=0.2466]
   Validating:   0%|                              | 158/99173 [01:21<14:15:03, 1.93it/s, loss=0.2687, mae=0.2466]
   Validating:   0%|                              | 158/99173 [01:22<14:15:03, 1.93it/s, loss=0.2432, mae=0.2296]
   Validating:   0%|                              | 159/99173 [01:22<14:10:38, 1.94it/s, loss=0.2432, mae=0.2296]
   Validating:   0%|                              | 159/99173 [01:22<14:10:38, 1.94it/s, loss=0.2381, mae=0.2278]
   Validating:   0%|                              | 160/99173 [01:22<14:10:38, 1.94it/s, loss=0.2381, mae=0.2278]
   Validating:   0%|                              | 160/99173 [01:23<14:10:38, 1.94it/s, loss=0.1800, mae=0.1662]
   Validating:   0%|                              | 161/99173 [01:23<14:10:37, 1.94it/s, loss=0.1800, mae=0.1662]
   Validating:   0%|                              | 161/99173 [01:23<14:10:37, 1.94it/s, loss=0.2943, mae=0.2661]
   Validating:   0%|                              | 162/99173 [01:23<14:06:15, 1.95it/s, loss=0.2943, mae=0.2661]
   Validating:   0%|                              | 162/99173 [01:24<14:06:15, 1.95it/s, loss=0.3494, mae=0.3183]
   Validating:   0%|                              | 163/99173 [01:24<14:06:14, 1.95it/s, loss=0.3494, mae=0.3183]
   Validating:   0%|                              | 163/99173 [01:24<14:06:14, 1.95it/s, loss=0.3289, mae=0.3053]
   Validating:   0%|                              | 164/99173 [01:24<14:06:14, 1.95it/s, loss=0.3289, mae=0.3053]
   Validating:   0%|                              | 164/99173 [01:25<14:06:14, 1.95it/s, loss=0.3293, mae=0.3066]
   Validating:   0%|                              | 165/99173 [01:25<14:06:13, 1.95it/s, loss=0.3293, mae=0.3066]
   Validating:   0%|                              | 165/99173 [01:25<14:06:13, 1.95it/s, loss=0.3277, mae=0.3035]
   Validating:   0%|                              | 166/99173 [01:25<14:06:13, 1.95it/s, loss=0.3277, mae=0.3035]
   Validating:   0%|                              | 166/99173 [01:26<14:06:13, 1.95it/s, loss=0.3118, mae=0.2936]
   Validating:   0%|                              | 167/99173 [01:26<14:06:12, 1.95it/s, loss=0.3118, mae=0.2936]
   Validating:   0%|                              | 167/99173 [01:26<14:06:12, 1.95it/s, loss=0.2856, mae=0.2720]
   Validating:   0%|                              | 168/99173 [01:26<14:06:12, 1.95it/s, loss=0.2856, mae=0.2720]
   Validating:   0%|                              | 168/99173 [01:27<14:06:12, 1.95it/s, loss=0.2796, mae=0.2614]
   Validating:   0%|                              | 169/99173 [01:27<14:06:11, 1.95it/s, loss=0.2796, mae=0.2614]
   Validating:   0%|                              | 169/99173 [01:27<14:06:11, 1.95it/s, loss=0.2658, mae=0.2456]
   Validating:   0%|                              | 170/99173 [01:27<14:06:11, 1.95it/s, loss=0.2658, mae=0.2456]
   Validating:   0%|                              | 170/99173 [01:28<14:06:11, 1.95it/s, loss=0.1376, mae=0.1316]
   Validating:   0%|                              | 171/99173 [01:28<14:01:51, 1.96it/s, loss=0.1376, mae=0.1316]
   Validating:   0%|                              | 171/99173 [01:28<14:01:51, 1.96it/s, loss=0.1817, mae=0.1648]
   Validating:   0%|                              | 172/99173 [01:28<14:06:10, 1.95it/s, loss=0.1817, mae=0.1648]
   Validating:   0%|                              | 172/99173 [01:29<14:06:10, 1.95it/s, loss=0.0541, mae=0.0575]
   Validating:   0%|                              | 173/99173 [01:29<14:06:09, 1.95it/s, loss=0.0541, mae=0.0575]
   Validating:   0%|                              | 173/99173 [01:29<14:06:09, 1.95it/s, loss=0.1148, mae=0.1105]
   Validating:   0%|                              | 174/99173 [01:29<14:06:09, 1.95it/s, loss=0.1148, mae=0.1105]
   Validating:   0%|                              | 174/99173 [01:30<14:06:09, 1.95it/s, loss=0.1484, mae=0.1491]
   Validating:   0%|                              | 175/99173 [01:30<14:06:08, 1.95it/s, loss=0.1484, mae=0.1491]
   Validating:   0%|                              | 175/99173 [01:30<14:06:08, 1.95it/s, loss=0.1914, mae=0.1779]
   Validating:   0%|                              | 176/99173 [01:30<14:06:08, 1.95it/s, loss=0.1914, mae=0.1779]
   Validating:   0%|                              | 176/99173 [01:31<14:06:08, 1.95it/s, loss=0.2254, mae=0.2120]
   Validating:   0%|                              | 177/99173 [01:31<14:06:07, 1.95it/s, loss=0.2254, mae=0.2120]
   Validating:   0%|                              | 177/99173 [01:31<14:06:07, 1.95it/s, loss=0.2508, mae=0.2397]
   Validating:   0%|                              | 178/99173 [01:31<14:06:07, 1.95it/s, loss=0.2508, mae=0.2397]
   Validating:   0%|                              | 178/99173 [01:32<14:06:07, 1.95it/s, loss=0.2325, mae=0.2332]
   Validating:   0%|                              | 179/99173 [01:32<14:06:06, 1.95it/s, loss=0.2325, mae=0.2332]
   Validating:   0%|                              | 179/99173 [01:33<14:06:06, 1.95it/s, loss=0.2343, mae=0.2360]
   Validating:   0%|                              | 180/99173 [01:33<14:06:06, 1.95it/s, loss=0.2343, mae=0.2360]
   Validating:   0%|                              | 180/99173 [01:33<14:06:06, 1.95it/s, loss=0.2655, mae=0.2626]
   Validating:   0%|                              | 181/99173 [01:33<14:01:46, 1.96it/s, loss=0.2655, mae=0.2626]
   Validating:   0%|                              | 181/99173 [01:34<14:01:46, 1.96it/s, loss=0.3005, mae=0.2978]
   Validating:   0%|                              | 182/99173 [01:34<14:06:05, 1.95it/s, loss=0.3005, mae=0.2978]
   Validating:   0%|                              | 182/99173 [01:34<14:06:05, 1.95it/s, loss=0.3303, mae=0.3180]
   Validating:   0%|                              | 183/99173 [01:34<14:06:04, 1.95it/s, loss=0.3303, mae=0.3180]
   Validating:   0%|                              | 183/99173 [01:35<14:06:04, 1.95it/s, loss=0.3455, mae=0.3231]
   Validating:   0%|                              | 184/99173 [01:35<14:06:04, 1.95it/s, loss=0.3455, mae=0.3231]
   Validating:   0%|                              | 184/99173 [01:35<14:06:04, 1.95it/s, loss=0.3399, mae=0.3210]
   Validating:   0%|                              | 185/99173 [01:35<14:06:03, 1.95it/s, loss=0.3399, mae=0.3210]
   Validating:   0%|                              | 185/99173 [01:36<14:06:03, 1.95it/s, loss=0.3619, mae=0.3385]
   Validating:   0%|                              | 186/99173 [01:36<14:06:03, 1.95it/s, loss=0.3619, mae=0.3385]
   Validating:   0%|                              | 186/99173 [01:36<14:06:03, 1.95it/s, loss=0.3766, mae=0.3441]
   Validating:   0%|                              | 187/99173 [01:36<14:01:43, 1.96it/s, loss=0.3766, mae=0.3441]
   Validating:   0%|                              | 187/99173 [01:37<14:01:43, 1.96it/s, loss=0.3426, mae=0.3142]
   Validating:   0%|                              | 188/99173 [01:37<14:06:02, 1.95it/s, loss=0.3426, mae=0.3142]
   Validating:   0%|                              | 188/99173 [01:37<14:06:02, 1.95it/s, loss=0.2853, mae=0.2733]
   Validating:   0%|                              | 189/99173 [01:37<14:06:01, 1.95it/s, loss=0.2853, mae=0.2733]
   Validating:   0%|                              | 189/99173 [01:38<14:06:01, 1.95it/s, loss=0.2585, mae=0.2481]
   Validating:   0%|                              | 190/99173 [01:38<14:06:01, 1.95it/s, loss=0.2585, mae=0.2481]
   Validating:   0%|                              | 190/99173 [01:38<14:06:01, 1.95it/s, loss=0.2606, mae=0.2456]
   Validating:   0%|                              | 191/99173 [01:38<14:06:00, 1.95it/s, loss=0.2606, mae=0.2456]
   Validating:   0%|                              | 191/99173 [01:39<14:06:00, 1.95it/s, loss=0.2385, mae=0.2323]
   Validating:   0%|                              | 192/99173 [01:39<14:05:59, 1.95it/s, loss=0.2385, mae=0.2323]
   Validating:   0%|                              | 192/99173 [01:39<14:05:59, 1.95it/s, loss=0.1920, mae=0.1952]
   Validating:   0%|                              | 193/99173 [01:39<14:05:59, 1.95it/s, loss=0.1920, mae=0.1952]
   Validating:   0%|                              | 193/99173 [01:40<14:05:59, 1.95it/s, loss=0.1572, mae=0.1619]
   Validating:   0%|                              | 194/99173 [01:40<14:05:58, 1.95it/s, loss=0.1572, mae=0.1619]
   Validating:   0%|                              | 194/99173 [01:40<14:05:58, 1.95it/s, loss=0.1393, mae=0.1443]
   Validating:   0%|                              | 195/99173 [01:40<14:05:58, 1.95it/s, loss=0.1393, mae=0.1443]
   Validating:   0%|                              | 195/99173 [01:41<14:05:58, 1.95it/s, loss=0.1284, mae=0.1305]
   Validating:   0%|                              | 196/99173 [01:41<14:05:57, 1.95it/s, loss=0.1284, mae=0.1305]
   Validating:   0%|                              | 196/99173 [01:41<14:05:57, 1.95it/s, loss=0.1002, mae=0.1036]
   Validating:   0%|                              | 197/99173 [01:41<14:05:57, 1.95it/s, loss=0.1002, mae=0.1036]
   Validating:   0%|                              | 197/99173 [01:42<14:05:57, 1.95it/s, loss=0.2014, mae=0.1871]
   Validating:   0%|                              | 198/99173 [01:42<14:05:56, 1.95it/s, loss=0.2014, mae=0.1871]
   Validating:   0%|                              | 198/99173 [01:42<14:05:56, 1.95it/s, loss=0.1484, mae=0.1440]
   Validating:   0%|                              | 199/99173 [01:42<14:05:56, 1.95it/s, loss=0.1484, mae=0.1440]
   Validating:   0%|                              | 199/99173 [01:43<14:05:56, 1.95it/s, loss=0.1570, mae=0.1580]
   Validating:   0%|                              | 200/99173 [01:43<14:14:41, 1.93it/s, loss=0.1570, mae=0.1580]
   Validating:   0%|                              | 200/99173 [01:43<14:14:41, 1.93it/s, loss=0.1786, mae=0.1818]
   Validating:   0%|                              | 201/99173 [01:43<14:10:16, 1.94it/s, loss=0.1786, mae=0.1818]
   Validating:   0%|                              | 201/99173 [01:44<14:10:16, 1.94it/s, loss=0.1983, mae=0.1980]
   Validating:   0%|                              | 202/99173 [01:44<14:10:16, 1.94it/s, loss=0.1983, mae=0.1980]
   Validating:   0%|                              | 202/99173 [01:44<14:10:16, 1.94it/s, loss=0.2198, mae=0.2176]
   Validating:   0%|                              | 203/99173 [01:44<14:05:54, 1.95it/s, loss=0.2198, mae=0.2176]
   Validating:   0%|                              | 203/99173 [01:45<14:05:54, 1.95it/s, loss=0.2629, mae=0.2558]
   Validating:   0%|                              | 204/99173 [01:45<14:05:53, 1.95it/s, loss=0.2629, mae=0.2558]
   Validating:   0%|                              | 204/99173 [01:45<14:05:53, 1.95it/s, loss=0.2827, mae=0.2808]
   Validating:   0%|                              | 205/99173 [01:45<14:05:53, 1.95it/s, loss=0.2827, mae=0.2808]
   Validating:   0%|                              | 205/99173 [01:46<14:05:53, 1.95it/s, loss=0.3119, mae=0.3054]
   Validating:   0%|                              | 206/99173 [01:46<14:10:14, 1.94it/s, loss=0.3119, mae=0.3054]
   Validating:   0%|                              | 206/99173 [01:46<14:10:14, 1.94it/s, loss=0.3495, mae=0.3369]
   Validating:   0%|                              | 207/99173 [01:46<14:05:52, 1.95it/s, loss=0.3495, mae=0.3369]
   Validating:   0%|                              | 207/99173 [01:47<14:05:52, 1.95it/s, loss=0.3597, mae=0.3476]
   Validating:   0%|                              | 208/99173 [01:47<14:05:51, 1.95it/s, loss=0.3597, mae=0.3476]
   Validating:   0%|                              | 208/99173 [01:47<14:05:51, 1.95it/s, loss=0.3869, mae=0.3627]
   Validating:   0%|                              | 209/99173 [01:47<14:05:51, 1.95it/s, loss=0.3869, mae=0.3627]
   Validating:   0%|                              | 209/99173 [01:48<14:05:51, 1.95it/s, loss=0.3801, mae=0.3601]
   Validating:   0%|                              | 210/99173 [01:48<14:05:50, 1.95it/s, loss=0.3801, mae=0.3601]
   Validating:   0%|                              | 210/99173 [01:48<14:05:50, 1.95it/s, loss=0.3822, mae=0.3564]
   Validating:   0%|                              | 211/99173 [01:48<14:05:50, 1.95it/s, loss=0.3822, mae=0.3564]
   Validating:   0%|                              | 211/99173 [01:49<14:05:50, 1.95it/s, loss=0.3512, mae=0.3310]
   Validating:   0%|                              | 212/99173 [01:49<14:05:49, 1.95it/s, loss=0.3512, mae=0.3310]
   Validating:   0%|                              | 212/99173 [01:49<14:05:49, 1.95it/s, loss=0.3080, mae=0.2878]
   Validating:   0%|                              | 213/99173 [01:49<14:05:49, 1.95it/s, loss=0.3080, mae=0.2878]
   Validating:   0%|                              | 213/99173 [01:50<14:05:49, 1.95it/s, loss=0.2755, mae=0.2560]
   Validating:   0%|                              | 214/99173 [01:50<14:05:48, 1.95it/s, loss=0.2755, mae=0.2560]
   Validating:   0%|                              | 214/99173 [01:50<14:05:48, 1.95it/s, loss=0.2375, mae=0.2183]
   Validating:   0%|                              | 215/99173 [01:50<14:01:29, 1.96it/s, loss=0.2375, mae=0.2183]
   Validating:   0%|                              | 215/99173 [01:51<14:01:29, 1.96it/s, loss=0.1921, mae=0.1824]
   Validating:   0%|                              | 216/99173 [01:51<14:01:28, 1.96it/s, loss=0.1921, mae=0.1824]
   Validating:   0%|                              | 216/99173 [01:51<14:01:28, 1.96it/s, loss=0.1133, mae=0.1100]
   Validating:   0%|                              | 217/99173 [01:51<14:05:47, 1.95it/s, loss=0.1133, mae=0.1100]
   Validating:   0%|                              | 217/99173 [01:52<14:05:47, 1.95it/s, loss=0.1524, mae=0.1393]
   Validating:   0%|                              | 218/99173 [01:52<14:05:46, 1.95it/s, loss=0.1524, mae=0.1393]
   Validating:   0%|                              | 218/99173 [01:53<14:05:46, 1.95it/s, loss=0.2041, mae=0.1837]
   Validating:   0%|                              | 219/99173 [01:53<14:05:46, 1.95it/s, loss=0.2041, mae=0.1837]
   Validating:   0%|                              | 219/99173 [01:53<14:05:46, 1.95it/s, loss=0.2341, mae=0.2102]
   Validating:   0%|                              | 220/99173 [01:53<14:05:45, 1.95it/s, loss=0.2341, mae=0.2102]
   Validating:   0%|                              | 220/99173 [01:54<14:05:45, 1.95it/s, loss=0.2108, mae=0.1971]
   Validating:   0%|                              | 221/99173 [01:54<14:05:45, 1.95it/s, loss=0.2108, mae=0.1971]
   Validating:   0%|                              | 221/99173 [01:54<14:05:45, 1.95it/s, loss=0.2004, mae=0.1834]
   Validating:   0%|                              | 222/99173 [01:54<14:05:44, 1.95it/s, loss=0.2004, mae=0.1834]
   Validating:   0%|                              | 222/99173 [01:55<14:05:44, 1.95it/s, loss=0.1862, mae=0.1683]
   Validating:   0%|                              | 223/99173 [01:55<14:05:44, 1.95it/s, loss=0.1862, mae=0.1683]
   Validating:   0%|                              | 223/99173 [01:55<14:05:44, 1.95it/s, loss=0.1310, mae=0.1208]
   Validating:   0%|                              | 224/99173 [01:55<14:05:43, 1.95it/s, loss=0.1310, mae=0.1208]
   Validating:   0%|                              | 224/99173 [01:56<14:05:43, 1.95it/s, loss=0.0093, mae=0.0129]
   Validating:   0%|                              | 225/99173 [01:56<14:05:43, 1.95it/s, loss=0.0093, mae=0.0129]
   Validating:   0%|                              | 225/99173 [01:56<14:05:43, 1.95it/s, loss=0.0561, mae=0.0521]
   Validating:   0%|                              | 226/99173 [01:56<14:05:42, 1.95it/s, loss=0.0561, mae=0.0521]
   Validating:   0%|                              | 226/99173 [01:57<14:05:42, 1.95it/s, loss=0.1121, mae=0.1037]
   Validating:   0%|                              | 227/99173 [01:57<14:01:23, 1.96it/s, loss=0.1121, mae=0.1037]
   Validating:   0%|                              | 227/99173 [01:57<14:01:23, 1.96it/s, loss=0.0301, mae=0.0337]
   Validating:   0%|                              | 228/99173 [01:57<14:05:41, 1.95it/s, loss=0.0301, mae=0.0337]
   Validating:   0%|                              | 228/99173 [01:58<14:05:41, 1.95it/s, loss=0.0004, mae=0.0054]
   Validating:   0%|                              | 229/99173 [01:58<14:05:41, 1.95it/s, loss=0.0004, mae=0.0054]
   Validating:   0%|                              | 229/99173 [01:58<14:05:41, 1.95it/s, loss=0.1512, mae=0.1353]
   Validating:   0%|                              | 230/99173 [01:58<14:05:40, 1.95it/s, loss=0.1512, mae=0.1353]
   Validating:   0%|                              | 230/99173 [01:59<14:05:40, 1.95it/s, loss=0.1421, mae=0.1221]
   Validating:   0%|                              | 231/99173 [01:59<14:05:39, 1.95it/s, loss=0.1421, mae=0.1221]
   Validating:   0%|                              | 231/99173 [01:59<14:05:39, 1.95it/s, loss=0.1470, mae=0.1229]
   Validating:   0%|                              | 232/99173 [01:59<14:10:01, 1.94it/s, loss=0.1470, mae=0.1229]
   Validating:   0%|                              | 232/99173 [02:00<14:10:01, 1.94it/s, loss=0.1393, mae=0.1221]
   Validating:   0%|                              | 233/99173 [02:00<14:10:00, 1.94it/s, loss=0.1393, mae=0.1221]
   Validating:   0%|                              | 233/99173 [02:00<14:10:00, 1.94it/s, loss=0.1444, mae=0.1279]
   Validating:   0%|                              | 234/99173 [02:00<14:09:59, 1.94it/s, loss=0.1444, mae=0.1279]
   Validating:   0%|                              | 234/99173 [02:01<14:09:59, 1.94it/s, loss=0.1625, mae=0.1398]
   Validating:   0%|                              | 235/99173 [02:01<14:05:37, 1.95it/s, loss=0.1625, mae=0.1398]
   Validating:   0%|                              | 235/99173 [02:01<14:05:37, 1.95it/s, loss=0.1719, mae=0.1501]
   Validating:   0%|                              | 236/99173 [02:01<14:05:37, 1.95it/s, loss=0.1719, mae=0.1501]
   Validating:   0%|                              | 236/99173 [02:02<14:05:37, 1.95it/s, loss=0.1609, mae=0.1482]
   Validating:   0%|                              | 237/99173 [02:02<14:05:36, 1.95it/s, loss=0.1609, mae=0.1482]
   Validating:   0%|                              | 237/99173 [02:02<14:05:36, 1.95it/s, loss=0.1698, mae=0.1575]
   Validating:   0%|                              | 238/99173 [02:02<14:05:36, 1.95it/s, loss=0.1698, mae=0.1575]
   Validating:   0%|                              | 238/99173 [02:03<14:05:36, 1.95it/s, loss=0.2012, mae=0.1843]
   Validating:   0%|                              | 239/99173 [02:03<14:09:57, 1.94it/s, loss=0.2012, mae=0.1843]
   Validating:   0%|                              | 239/99173 [02:03<14:09:57, 1.94it/s, loss=0.2280, mae=0.2070]
   Validating:   0%|                              | 240/99173 [02:03<14:09:56, 1.94it/s, loss=0.2280, mae=0.2070]
   Validating:   0%|                              | 240/99173 [02:04<14:09:56, 1.94it/s, loss=0.2700, mae=0.2447]
   Validating:   0%|                              | 241/99173 [02:04<14:05:34, 1.95it/s, loss=0.2700, mae=0.2447]
   Validating:   0%|                              | 241/99173 [02:04<14:05:34, 1.95it/s, loss=0.2899, mae=0.2645]
   Validating:   0%|                              | 242/99173 [02:04<14:05:34, 1.95it/s, loss=0.2899, mae=0.2645]
   Validating:   0%|                              | 242/99173 [02:05<14:05:34, 1.95it/s, loss=0.2911, mae=0.2666]
   Validating:   0%|                              | 243/99173 [02:05<14:05:33, 1.95it/s, loss=0.2911, mae=0.2666]
   Validating:   0%|                              | 243/99173 [02:05<14:05:33, 1.95it/s, loss=0.2978, mae=0.2726]
   Validating:   0%|                              | 244/99173 [02:05<14:05:33, 1.95it/s, loss=0.2978, mae=0.2726]
   Validating:   0%|                              | 244/99173 [02:06<14:05:33, 1.95it/s, loss=0.2808, mae=0.2628]
   Validating:   0%|                              | 245/99173 [02:06<14:05:32, 1.95it/s, loss=0.2808, mae=0.2628]
   Validating:   0%|                              | 245/99173 [02:06<14:05:32, 1.95it/s, loss=0.2748, mae=0.2562]
   Validating:   0%|                              | 246/99173 [02:06<14:05:32, 1.95it/s, loss=0.2748, mae=0.2562]
   Validating:   0%|                              | 246/99173 [02:07<14:05:32, 1.95it/s, loss=0.2680, mae=0.2494]
   Validating:   0%|                              | 247/99173 [02:07<14:05:31, 1.95it/s, loss=0.2680, mae=0.2494]
   Validating:   0%|                              | 247/99173 [02:07<14:05:31, 1.95it/s, loss=0.2535, mae=0.2359]
   Validating:   0%|                              | 248/99173 [02:07<14:05:31, 1.95it/s, loss=0.2535, mae=0.2359]
   Validating:   0%|                              | 248/99173 [02:08<14:05:31, 1.95it/s, loss=0.2537, mae=0.2384]
   Validating:   0%|                              | 249/99173 [02:08<14:09:52, 1.94it/s, loss=0.2537, mae=0.2384]
   Validating:   0%|                              | 249/99173 [02:08<14:09:52, 1.94it/s, loss=0.2875, mae=0.2593]
   Validating:   0%|                              | 250/99173 [02:08<14:05:30, 1.95it/s, loss=0.2875, mae=0.2593]
   Validating:   0%|                              | 250/99173 [02:09<14:05:30, 1.95it/s, loss=0.2874, mae=0.2525]
   Validating:   0%|                              | 251/99173 [02:09<14:05:29, 1.95it/s, loss=0.2874, mae=0.2525]
   Validating:   0%|                              | 251/99173 [02:09<14:05:29, 1.95it/s, loss=0.2628, mae=0.2404]
   Validating:   0%|                              | 252/99173 [02:09<14:05:29, 1.95it/s, loss=0.2628, mae=0.2404]
   Validating:   0%|                              | 252/99173 [02:10<14:05:29, 1.95it/s, loss=0.2385, mae=0.2244]
   Validating:   0%|                              | 253/99173 [02:10<14:05:28, 1.95it/s, loss=0.2385, mae=0.2244]
   Validating:   0%|                              | 253/99173 [02:10<14:05:28, 1.95it/s, loss=0.2112, mae=0.2105]
   Validating:   0%|                              | 254/99173 [02:10<14:05:28, 1.95it/s, loss=0.2112, mae=0.2105]
   Validating:   0%|                              | 254/99173 [02:11<14:05:28, 1.95it/s, loss=0.2022, mae=0.1964]
   Validating:   0%|                              | 255/99173 [02:11<14:05:27, 1.95it/s, loss=0.2022, mae=0.1964]
   Validating:   0%|                              | 255/99173 [02:11<14:05:27, 1.95it/s, loss=0.1872, mae=0.1732]
   Validating:   0%|                              | 256/99173 [02:11<14:05:27, 1.95it/s, loss=0.1872, mae=0.1732]
   Validating:   0%|                              | 256/99173 [02:12<14:05:27, 1.95it/s, loss=0.1688, mae=0.1581]
   Validating:   0%|                              | 257/99173 [02:12<14:09:48, 1.94it/s, loss=0.1688, mae=0.1581]
   Validating:   0%|                              | 257/99173 [02:13<14:09:48, 1.94it/s, loss=0.1801, mae=0.1677]
   Validating:   0%|                              | 258/99173 [02:13<14:05:26, 1.95it/s, loss=0.1801, mae=0.1677]
   Validating:   0%|                              | 258/99173 [02:13<14:05:26, 1.95it/s, loss=0.1856, mae=0.1739]
   Validating:   0%|                              | 259/99173 [02:13<14:05:25, 1.95it/s, loss=0.1856, mae=0.1739]
   Validating:   0%|                              | 259/99173 [02:14<14:05:25, 1.95it/s, loss=0.1885, mae=0.1788]
   Validating:   0%|                              | 260/99173 [02:14<14:05:25, 1.95it/s, loss=0.1885, mae=0.1788]
   Validating:   0%|                              | 260/99173 [02:14<14:05:25, 1.95it/s, loss=0.2079, mae=0.1930]
   Validating:   0%|                              | 261/99173 [02:14<14:05:24, 1.95it/s, loss=0.2079, mae=0.1930]
   Validating:   0%|                              | 261/99173 [02:15<14:05:24, 1.95it/s, loss=0.2682, mae=0.2364]
   Validating:   0%|                              | 262/99173 [02:15<14:05:24, 1.95it/s, loss=0.2682, mae=0.2364]
   Validating:   0%|                              | 262/99173 [02:15<14:05:24, 1.95it/s, loss=0.2966, mae=0.2640]
   Validating:   0%|                              | 263/99173 [02:15<14:05:23, 1.95it/s, loss=0.2966, mae=0.2640]
   Validating:   0%|                              | 263/99173 [02:16<14:05:23, 1.95it/s, loss=0.2932, mae=0.2618]
   Validating:   0%|                              | 264/99173 [02:16<14:05:23, 1.95it/s, loss=0.2932, mae=0.2618]
   Validating:   0%|                              | 264/99173 [02:16<14:05:23, 1.95it/s, loss=0.2866, mae=0.2571]
   Validating:   0%|                              | 265/99173 [02:16<14:05:22, 1.95it/s, loss=0.2866, mae=0.2571]
   Validating:   0%|                              | 265/99173 [02:17<14:05:22, 1.95it/s, loss=0.2636, mae=0.2470]
   Validating:   0%|                              | 266/99173 [02:17<14:05:22, 1.95it/s, loss=0.2636, mae=0.2470]
   Validating:   0%|                              | 266/99173 [02:17<14:05:22, 1.95it/s, loss=0.2815, mae=0.2500]
   Validating:   0%|                              | 267/99173 [02:17<14:05:21, 1.95it/s, loss=0.2815, mae=0.2500]
   Validating:   0%|                              | 267/99173 [02:18<14:05:21, 1.95it/s, loss=0.2656, mae=0.2418]
   Validating:   0%|                              | 268/99173 [02:18<14:01:02, 1.96it/s, loss=0.2656, mae=0.2418]
   Validating:   0%|                              | 268/99173 [02:18<14:01:02, 1.96it/s, loss=0.2339, mae=0.2185]
   Validating:   0%|                              | 269/99173 [02:18<14:05:20, 1.95it/s, loss=0.2339, mae=0.2185]
   Validating:   0%|                              | 269/99173 [02:19<14:05:20, 1.95it/s, loss=0.2325, mae=0.2135]
   Validating:   0%|                              | 270/99173 [02:19<14:05:19, 1.95it/s, loss=0.2325, mae=0.2135]
   Validating:   0%|                              | 270/99173 [02:19<14:05:19, 1.95it/s, loss=0.2095, mae=0.1961]
   Validating:   0%|                              | 271/99173 [02:19<14:05:19, 1.95it/s, loss=0.2095, mae=0.1961]
   Validating:   0%|                              | 271/99173 [02:20<14:05:19, 1.95it/s, loss=0.1879, mae=0.1795]
   Validating:   0%|                              | 272/99173 [02:20<14:05:18, 1.95it/s, loss=0.1879, mae=0.1795]
   Validating:   0%|                              | 272/99173 [02:20<14:05:18, 1.95it/s, loss=0.1756, mae=0.1678]
   Validating:   0%|                              | 273/99173 [02:20<14:09:39, 1.94it/s, loss=0.1756, mae=0.1678]
   Validating:   0%|                              | 273/99173 [02:21<14:09:39, 1.94it/s, loss=0.1660, mae=0.1579]
   Validating:   0%|                              | 274/99173 [02:21<14:09:39, 1.94it/s, loss=0.1660, mae=0.1579]
   Validating:   0%|                              | 274/99173 [02:21<14:09:39, 1.94it/s, loss=0.2178, mae=0.1986]
   Validating:   0%|                              | 275/99173 [02:21<14:09:38, 1.94it/s, loss=0.2178, mae=0.1986]
   Validating:   0%|                              | 275/99173 [02:22<14:09:38, 1.94it/s, loss=0.3185, mae=0.2860]
   Validating:   0%|                              | 276/99173 [02:22<14:05:16, 1.95it/s, loss=0.3185, mae=0.2860]
   Validating:   0%|                              | 276/99173 [02:22<14:05:16, 1.95it/s, loss=0.3070, mae=0.2776]
   Validating:   0%|                              | 277/99173 [02:22<14:09:37, 1.94it/s, loss=0.3070, mae=0.2776]
   Validating:   0%|                              | 277/99173 [02:23<14:09:37, 1.94it/s, loss=0.2921, mae=0.2662]
   Validating:   0%|                              | 278/99173 [02:23<14:09:37, 1.94it/s, loss=0.2921, mae=0.2662]
   Validating:   0%|                              | 278/99173 [02:23<14:09:37, 1.94it/s, loss=0.2797, mae=0.2557]
   Validating:   0%|                              | 279/99173 [02:23<14:09:36, 1.94it/s, loss=0.2797, mae=0.2557]
