
================================================================================
MULTI-HORIZON TRAINING — SmaAt-UNet Direct Multi-Step v2
================================================================================
  Device        : cuda
  Loss Function : hybrid_weighted_mse
  Data Unit     : mm/h  (NO *12 conversion)
  Clip Max      : 128.0 mm/h
  Horizons      : [15, 30, 45, 60]
  n_horizons    : 4

================================================================================
TWO-THRESHOLD STRATEGY  [DATA UNIT: mm/h]
================================================================================
  Operational : 10.0 mm/h
  Extreme     : 50.0 mm/h (Manual fallback)
================================================================================


================================================================================
CLIP CONFIGURATION VERIFICATION  [DATA UNIT: mm/h]
================================================================================
  clip_max          : 128.00 mm/h
  log space max     : 2.1072
  15  mm/h in log   : 1.1761  (55.8% of range)
  80  mm/h in log   : 1.9031  (90.3% of range)
  128 mm/h in log   : 2.1072  (100.0% of range)
  Artifact threshold: 150.0 mm/h → nan
  NOTE: Data is mm/h — NO *12 conversion applied
================================================================================


📂 Loading datasets...

======================================================================
 SatelliteRadarDataset Initialized (MULTI-HORIZON)
======================================================================
Metadata: metadata/train_sampled_multihorizon.csv
Satellite Configuration:
  Ch7: mean=36.83, std=12.58 (no clipping)
  Ch9: mean=65.70, std=19.36 (no clipping)
Radar Configuration:
  Clip: [0, 128.00] mm/hr
  Transform: log10(x + 0.001)
Temporal Configuration:
  History: 45 min
  Cadence: 5 min
  Forecast horizons: [15, 30, 45, 60] min
  n_horizons: 4

Initial samples: 127,342

  → 9 timesteps
  → Satellite: 18 channels
  → Radar history: 9 channels
  → Total input: 27 channels
  → Target: [4, H, W] (one frame per horizon)
======================================================================


======================================================================
 SatelliteRadarDataset Initialized (MULTI-HORIZON)
======================================================================
Metadata: metadata/val_sampled_multihorizon.csv
Satellite Configuration:
  Ch7: mean=36.83, std=12.58 (no clipping)
  Ch9: mean=65.70, std=19.36 (no clipping)
Radar Configuration:
  Clip: [0, 128.00] mm/hr
  Transform: log10(x + 0.001)
Temporal Configuration:
  History: 45 min
  Cadence: 5 min
  Forecast horizons: [15, 30, 45, 60] min
  n_horizons: 4

Initial samples: 16,940

  → 9 timesteps
  → Satellite: 18 channels
  → Radar history: 9 channels
  → Total input: 27 channels
  → Target: [4, H, W] (one frame per horizon)
======================================================================


✅ Train: 127,342 | Val: 16,940

🏗️  Building Multi-Horizon SmaAt-UNet Model...
   history_minutes     : 45
   cadence_minutes     : 5
   n_timesteps         : 9
   channels_per_step   : 3  (2 sat + 1 radar)
   total input channels: 27  (expected 27)
   output channels     : 4  (one per horizon)
   Using 2 GPUs!
   Parameters          : 9,032,564

================================================================================
MULTI-HORIZON TRAINING — DIRECT MULTI-STEP SUPERVISED LEARNING v2
================================================================================
  Data Unit       : mm/h (NO *12 conversion)
  Clip Max        : 128.0 mm/h
  Artifact Thr    : 150.0 mm/h → nan
  Loss Type       : HYBRID_WEIGHTED_MSE
  Horizons        : [15, 30, 45, 60] min
  Horizon weights : [0.4, 0.8, 1.0, 2.0]  (FIXED)
  Learning Rate   : 1.00e-04
  Batch Size      : 16
  Grad Accum      : 4x (effective: 64)
  Checkpoint      : Mean ETS@10 mm/h across all horizons
  Verification    : ETS+CSI@10 mm/h | CSI@50 mm/h (extreme, secondary)
  Mixed Precision : True
================================================================================

✅ Using HybridWeightedMSE

✅ AdamW | LR=1.00e-04
✅ ReduceLROnPlateau Scheduler ENABLED (monitoring Mean ETS)

✅ Mixed Precision Training ENABLED

Starting from scratch.


================================================================================
EPOCH 1/10
================================================================================
  Horizon weights: [0.4, 0.8, 1.0, 2.0]
