
================================================================================
PIXEL-AWARE FRAME SAMPLING
Multi-criteria: frac10 + frac20 + p99 + valid_frac
================================================================================
  Splits        : ['train', 'val']
  thr_10/20     : 10.0/20.0 mm/h
  top_ratio     : 0.25  top_prob=0.85  bottom_prob=0.15
  gate: min_frac10=0.0005  min_valid=0.1
  weights: p99=0.3 frac10=0.4 frac20=0.2 valid=0.1
  n_jobs=8  batch_size=500
================================================================================

================================================================================
PIXEL-AWARE PRESAMPLE — TRAIN
================================================================================
  Input       : metadata/train_multihorizon.csv
  Output      : metadata/train_sampled_multihorizon.csv
  thr_10      : 10.0 mm/h  (frac10)
  thr_20      : 20.0 mm/h  (frac20)
  top_ratio   : 0.25  (top 25% by score)
  top_prob    : 0.85  (keep prob for top bucket)
  bottom_prob : 0.15  (keep prob for bottom bucket)
  min_frac10  : 0.0005
  min_valid   : 0.1
  n_jobs      : 8
================================================================================

Loaded 683,444 rows from metadata/train_multihorizon.csv
Filtered to split='train': 683,444 rows
Radar columns: ['radar_path_15', 'radar_path_30', 'radar_path_45', 'radar_path_60']

Computing frame features (683,444 frames, 1367 batches)...
