
================================================================================
MULTI-HORIZON TRAINING — ConvLSTM Direct Multi-Step v3
================================================================================
  Device        : cuda
  Loss Function : hybrid_weighted_mse
  Data Unit     : mm/h  (NO *12 conversion)
  Clip Max      : 128.0 mm/h
  SoftLog eps   : 1.0  (FIX 36)
  LR Scheduler  : cosine_warm_restarts
  Horizons      : [15, 30, 45, 60]
  n_horizons    : 4

================================================================================
TWO-THRESHOLD STRATEGY  [DATA UNIT: mm/h]
================================================================================
  Operational : 5.0 mm/h
  Extreme     : 15.0 mm/h (Manual fallback)
================================================================================


================================================================================
CLIP CONFIGURATION VERIFICATION  [FIX 36: eps=1.0, normalized]
================================================================================
  clip_max          : 128.00 mm/h
  SoftLog eps       : 1.0  (was 0.001)
  LOG_NORM          : 2.1106  (= log10(128.0+1.0))
  Transform range   : [0.0, 1.0]
  ---
  0    mm/h → 0.0000  (was -3.000)
  1    mm/h → 0.1426  (was  0.000)
  5    mm/h → 0.3687
  10   mm/h → 0.4934  ← midpoint ✅  (was 1.000 = 47% of old range)
  20   mm/h → 0.6265
  40   mm/h → 0.7641
  128  mm/h → 1.0000  (was 2.107)
  Artifact threshold: 150.0 mm/h → nan
  NOTE: Data is mm/h — NO *12 conversion applied
================================================================================


📂 Loading datasets...

======================================================================
 SatelliteRadarDataset Initialized (MULTI-HORIZON)
======================================================================
Metadata: metadata/train_sampled_multihorizon.csv
Satellite Configuration:
  Ch7: mean=36.83, std=12.58 (no clipping)
  Ch9: mean=65.70, std=19.36 (no clipping)
Radar Configuration:
  Clip: [0, 128.00] mm/hr
  Transform: log10(x + 0.001)
Temporal Configuration:
  History: 45 min
  Cadence: 5 min
  Forecast horizons: [15, 30, 45, 60] min
  n_horizons: 4

Initial samples: 127,342

  → 9 timesteps
  → Satellite: 18 channels
  → Radar history: 9 channels
  → Total input: 27 channels
  → Target: [4, H, W] (one frame per horizon)
======================================================================


======================================================================
 SatelliteRadarDataset Initialized (MULTI-HORIZON)
======================================================================
Metadata: metadata/val_sampled_multihorizon.csv
Satellite Configuration:
  Ch7: mean=36.83, std=12.58 (no clipping)
  Ch9: mean=65.70, std=19.36 (no clipping)
Radar Configuration:
  Clip: [0, 128.00] mm/hr
  Transform: log10(x + 0.001)
Temporal Configuration:
  History: 45 min
  Cadence: 5 min
  Forecast horizons: [15, 30, 45, 60] min
  n_horizons: 4

Initial samples: 16,940

  → 9 timesteps
  → Satellite: 18 channels
  → Radar history: 9 channels
  → Total input: 27 channels
  → Target: [4, H, W] (one frame per horizon)
======================================================================


✅ Train: 127,342 | Val: 16,940

🏗️  Building Multi-Horizon ConvLSTM Model...
   history_minutes     : 45
   cadence_minutes     : 5
   n_timesteps         : 9
   channels_per_step   : 3
   total input channels: 27  (expected 27)
   output channels     : 4  (one per horizon)
   Parameters          : 9,032,564

================================================================================
MULTI-HORIZON TRAINING — DIRECT MULTI-STEP SUPERVISED LEARNING v3
================================================================================
  Data Unit       : mm/h (NO *12 conversion)
  Clip Max        : 128.0 mm/h
  Artifact Thr    : 150.0 mm/h → nan
  SoftLog eps     : 1.0  (FIX 36: was 0.001)
  SoftLog range   : [0.0, 1.0]  (FIX 36: was [-3, 2.1])
  10 mm/h in log  : 0.493  (FIX 36: midpoint ✅)
  Loss Type       : HYBRID_WEIGHTED_MSE  [log-space loss, mm/h weights]
  Weights         : 5.0mm/h→5.0x  10.0mm/h→20.0x  15.0mm/h→50.0x  (FIX 38)
  Horizons        : [15, 30, 45, 60] min
  Horizon weights : [1.0, 1.0, 1.0, 1.0]  (FIXED)
  Learning Rate   : 1.00e-04
  Batch Size      : 16
  Grad Accum      : 4x (effective: 64)
  LR Scheduler    : cosine_warm_restarts
  Save Best By    : Val Loss (lower = better)
  ETS Report      : 1
  Viz MinRain     : 10.0 mm/h
  Verification    : ETS+CSI@5 mm/h | CSI@15 mm/h (extreme, secondary)
  Mixed Precision : True
================================================================================

✅ Using HybridWeightedMSE [FIX 37+38: correct inverse + higher weights]

✅ AdamW | LR=1.00e-04
  LR Scheduler    : CosineAnnealingWarmRestarts | T_0=3 | eta_min=5.0e-05

✅ Mixed Precision Training ENABLED

Starting from scratch.


================================================================================
EPOCH 1/30
================================================================================
  Horizon weights: [1.0, 1.0, 1.0, 1.0]

  Results (Time: 6367.5s | LR: 8.750000e-05):
    Train Loss [log] : 0.011185
    Val   Loss [log] : 0.009830
    Avg ETS@5mm/h   : 0.2268
    Avg CSI@5mm/h   : 0.2343

  Operational Verification @ 5 mm/h:
  Horizon    MAE(mm/h)    RMSE(mm/h)   ETS        CSI       
  ------------------------------------------------------
  t+15      0.29         1.00         0.3012     0.3084    
  t+30      0.35         1.11         0.2368     0.2444    
  t+45      0.39         1.17         0.1989     0.2066    
  t+60      0.41         1.17         0.1703     0.1777     ← PRIMARY
  AVG        ---          ---          0.2268     0.2343      ← AVG

  Extreme Core @ 15 mm/h (secondary):
  Horizon    CSI        BaseRate    
  --------------------------------
  t+15      0.1592     0.000796    
  t+30      0.1096     0.000798    
  t+45      0.0840     0.000798    
  t+60      0.0629     0.000797    

  Creating visualizations (epoch 1)...
  Visualization saved: VALVIZ_CONVLSTM_CORRECT_CLIP6/epoch_001.png

  ★★★ NEW BEST MODEL! Val Loss=0.0098 | ETS=0.2268 | CSI=0.2343 ★★★

================================================================================
EPOCH 2/30
================================================================================
  Horizon weights: [1.0, 1.0, 1.0, 1.0]

  Results (Time: 6255.8s | LR: 6.250000e-05):
    Train Loss [log] : 0.008362
    Val   Loss [log] : 0.009377
    Avg ETS@5mm/h   : 0.2328
    Avg CSI@5mm/h   : 0.2404
    Loss Change       : -0.000453

  Operational Verification @ 5 mm/h:
  Horizon    MAE(mm/h)    RMSE(mm/h)   ETS        CSI       
  ------------------------------------------------------
  t+15      0.26         0.95         0.3169     0.3237    
  t+30      0.35         1.15         0.2396     0.2474    
  t+45      0.40         1.21         0.2016     0.2095    
  t+60      0.44         1.24         0.1732     0.1811     ← PRIMARY
  AVG        ---          ---          0.2328     0.2404      ← AVG

  Extreme Core @ 15 mm/h (secondary):
  Horizon    CSI        BaseRate    
  --------------------------------
  t+15      0.1702     0.000796    
  t+30      0.1104     0.000798    
  t+45      0.0871     0.000798    
  t+60      0.0681     0.000797    

  Creating visualizations (epoch 2)...
  Visualization saved: VALVIZ_CONVLSTM_CORRECT_CLIP6/epoch_002.png

  ★★★ NEW BEST MODEL! Val Loss=0.0094 | ETS=0.2328 | CSI=0.2404 ★★★

================================================================================
EPOCH 3/30
================================================================================
  Horizon weights: [1.0, 1.0, 1.0, 1.0]

  Results (Time: 6209.0s | LR: 1.000000e-04):
    Train Loss [log] : 0.007503
    Val   Loss [log] : 0.009356
    Avg ETS@5mm/h   : 0.2405
    Avg CSI@5mm/h   : 0.2475
    Loss Change       : -0.000022

  Operational Verification @ 5 mm/h:
  Horizon    MAE(mm/h)    RMSE(mm/h)   ETS        CSI       
  ------------------------------------------------------
  t+15      0.24         0.93         0.3277     0.3344    
  t+30      0.30         1.03         0.2524     0.2595    
  t+45      0.35         1.11         0.2077     0.2149    
  t+60      0.37         1.13         0.1741     0.1811     ← PRIMARY
  AVG        ---          ---          0.2405     0.2475      ← AVG

  Extreme Core @ 15 mm/h (secondary):
  Horizon    CSI        BaseRate    
  --------------------------------
  t+15      0.1740     0.000796    
  t+30      0.1166     0.000798    
  t+45      0.0860     0.000798    
  t+60      0.0643     0.000797    

  Creating visualizations (epoch 3)...
  Visualization saved: VALVIZ_CONVLSTM_CORRECT_CLIP6/epoch_003.png
  No improvement for 1 epoch(s) (best val loss: 0.0094)

================================================================================
EPOCH 4/30
================================================================================
  Horizon weights: [1.0, 1.0, 1.0, 1.0]

  Results (Time: 6201.8s | LR: 8.750000e-05):
    Train Loss [log] : 0.006870
    Val   Loss [log] : 0.009809
    Avg ETS@5mm/h   : 0.2346
    Avg CSI@5mm/h   : 0.2417
    Loss Change       : +0.000453

  Operational Verification @ 5 mm/h:
  Horizon    MAE(mm/h)    RMSE(mm/h)   ETS        CSI       
  ------------------------------------------------------
  t+15      0.26         0.96         0.3247     0.3316    
  t+30      0.31         1.05         0.2497     0.2568    
  t+45      0.34         1.12         0.2006     0.2077    
  t+60      0.37         1.17         0.1636     0.1706     ← PRIMARY
  AVG        ---          ---          0.2346     0.2417      ← AVG

  Extreme Core @ 15 mm/h (secondary):
  Horizon    CSI        BaseRate    
  --------------------------------
  t+15      0.1687     0.000796    
  t+30      0.1108     0.000798    
  t+45      0.0776     0.000798    
  t+60      0.0557     0.000797    

  Creating visualizations (epoch 4)...
  Visualization saved: VALVIZ_CONVLSTM_CORRECT_CLIP6/epoch_004.png
  No improvement for 2 epoch(s) (best val loss: 0.0094)

================================================================================
EPOCH 5/30
================================================================================
  Horizon weights: [1.0, 1.0, 1.0, 1.0]

  Results (Time: 6183.0s | LR: 6.250000e-05):
    Train Loss [log] : 0.006125
    Val   Loss [log] : 0.010091
    Avg ETS@5mm/h   : 0.2362
    Avg CSI@5mm/h   : 0.2430
    Loss Change       : +0.000283

  Operational Verification @ 5 mm/h:
  Horizon    MAE(mm/h)    RMSE(mm/h)   ETS        CSI       
  ------------------------------------------------------
  t+15      0.23         0.89         0.3357     0.3421    
  t+30      0.29         1.04         0.2502     0.2571    
  t+45      0.32         1.10         0.1995     0.2063    
  t+60      0.35         1.13         0.1597     0.1663     ← PRIMARY
  AVG        ---          ---          0.2362     0.2430      ← AVG

  Extreme Core @ 15 mm/h (secondary):
  Horizon    CSI        BaseRate    
  --------------------------------
  t+15      0.1759     0.000796    
  t+30      0.1049     0.000798    
  t+45      0.0715     0.000798    
  t+60      0.0518     0.000797    

  Creating visualizations (epoch 5)...
  Visualization saved: VALVIZ_CONVLSTM_CORRECT_CLIP6/epoch_005.png
  No improvement for 3 epoch(s) (best val loss: 0.0094)

================================================================================
EPOCH 6/30
================================================================================
  Horizon weights: [1.0, 1.0, 1.0, 1.0]

  Results (Time: 6180.7s | LR: 1.000000e-04):
    Train Loss [log] : 0.005573
    Val   Loss [log] : 0.010735
    Avg ETS@5mm/h   : 0.2265
    Avg CSI@5mm/h   : 0.2327
    Loss Change       : +0.000643

  Operational Verification @ 5 mm/h:
  Horizon    MAE(mm/h)    RMSE(mm/h)   ETS        CSI       
  ------------------------------------------------------
  t+15      0.22         0.87         0.3339     0.3401    
  t+30      0.27         0.99         0.2420     0.2483    
  t+45      0.30         1.07         0.1847     0.1909    
  t+60      0.32         1.11         0.1455     0.1515     ← PRIMARY
  AVG        ---          ---          0.2265     0.2327      ← AVG

  Extreme Core @ 15 mm/h (secondary):
  Horizon    CSI        BaseRate    
  --------------------------------
  t+15      0.1711     0.000796    
  t+30      0.0977     0.000798    
  t+45      0.0652     0.000798    
  t+60      0.0471     0.000797    

  Creating visualizations (epoch 6)...
  Visualization saved: VALVIZ_CONVLSTM_CORRECT_CLIP6/epoch_006.png
  No improvement for 4 epoch(s) (best val loss: 0.0094)

================================================================================
EPOCH 7/30
================================================================================
  Horizon weights: [1.0, 1.0, 1.0, 1.0]

  Results (Time: 6231.1s | LR: 8.750000e-05):
    Train Loss [log] : 0.005451
    Val   Loss [log] : 0.010748
    Avg ETS@5mm/h   : 0.2251
    Avg CSI@5mm/h   : 0.2314
    Loss Change       : +0.000013

  Operational Verification @ 5 mm/h:
  Horizon    MAE(mm/h)    RMSE(mm/h)   ETS        CSI       
  ------------------------------------------------------
  t+15      0.23         0.87         0.3340     0.3403    
  t+30      0.28         1.00         0.2410     0.2475    
  t+45      0.30         1.06         0.1819     0.1881    
  t+60      0.33         1.11         0.1436     0.1498     ← PRIMARY
  AVG        ---          ---          0.2251     0.2314      ← AVG

  Extreme Core @ 15 mm/h (secondary):
  Horizon    CSI        BaseRate    
  --------------------------------
  t+15      0.1692     0.000796    
  t+30      0.0935     0.000798    
  t+45      0.0602     0.000798    
  t+60      0.0441     0.000797    

  Creating visualizations (epoch 7)...
  Visualization saved: VALVIZ_CONVLSTM_CORRECT_CLIP6/epoch_007.png
  No improvement for 5 epoch(s) (best val loss: 0.0094)

================================================================================
EPOCH 8/30
================================================================================
  Horizon weights: [1.0, 1.0, 1.0, 1.0]

  Results (Time: 6261.5s | LR: 6.250000e-05):
    Train Loss [log] : 0.005101
    Val   Loss [log] : 0.010797
    Avg ETS@5mm/h   : 0.2308
    Avg CSI@5mm/h   : 0.2374
    Loss Change       : +0.000050

  Operational Verification @ 5 mm/h:
  Horizon    MAE(mm/h)    RMSE(mm/h)   ETS        CSI       
  ------------------------------------------------------
  t+15      0.22         0.87         0.3355     0.3419    
  t+30      0.29         1.02         0.2438     0.2505    
  t+45      0.33         1.10         0.1906     0.1974    
  t+60      0.36         1.16         0.1532     0.1600     ← PRIMARY
  AVG        ---          ---          0.2308     0.2374      ← AVG

  Extreme Core @ 15 mm/h (secondary):
  Horizon    CSI        BaseRate    
  --------------------------------
  t+15      0.1708     0.000796    
  t+30      0.0955     0.000798    
  t+45      0.0635     0.000798    
  t+60      0.0462     0.000797    

  Creating visualizations (epoch 8)...
  Visualization saved: VALVIZ_CONVLSTM_CORRECT_CLIP6/epoch_008.png
  No improvement for 6 epoch(s) (best val loss: 0.0094)

================================================================================
EPOCH 9/30
================================================================================
  Horizon weights: [1.0, 1.0, 1.0, 1.0]

  Results (Time: 6300.3s | LR: 1.000000e-04):
    Train Loss [log] : 0.004785
    Val   Loss [log] : 0.011224
    Avg ETS@5mm/h   : 0.2217
    Avg CSI@5mm/h   : 0.2281
    Loss Change       : +0.000427

  Operational Verification @ 5 mm/h:
  Horizon    MAE(mm/h)    RMSE(mm/h)   ETS        CSI       
  ------------------------------------------------------
  t+15      0.23         0.90         0.3331     0.3396    
  t+30      0.28         1.00         0.2357     0.2421    
  t+45      0.31         1.09         0.1775     0.1839    
  t+60      0.33         1.16         0.1403     0.1468     ← PRIMARY
  AVG        ---          ---          0.2217     0.2281      ← AVG

  Extreme Core @ 15 mm/h (secondary):
  Horizon    CSI        BaseRate    
  --------------------------------
  t+15      0.1660     0.000796    
  t+30      0.0860     0.000798    
  t+45      0.0547     0.000798    
  t+60      0.0403     0.000797    

  Creating visualizations (epoch 9)...
  Visualization saved: VALVIZ_CONVLSTM_CORRECT_CLIP6/epoch_009.png
  No improvement for 7 epoch(s) (best val loss: 0.0094)

================================================================================
⚡ EARLY STOPPING
================================================================================

================================================================================
TRAINING COMPLETE — Best Val Loss: 0.0094
================================================================================


================================================================================
🎉 ALL DONE! 🎉
================================================================================

