
================================================================================
GLOBAL DATA SANITY CHECK — mm/h + RANGE
================================================================================

================================================================================
CHECKING: TRAIN (sampled)
================================================================================
Metadata: metadata/train_sampled_multihorizon.csv

======================================================================
 SatelliteRadarDataset Initialized (MULTI-HORIZON)
======================================================================
Metadata: metadata/train_sampled_multihorizon.csv
Satellite Configuration:
  Ch7: mean=36.83, std=12.58 (no clipping)
  Ch9: mean=65.70, std=19.36 (no clipping)
Radar Configuration:
  Clip: [0, 128.00] mm/hr
  Transform: log10(x + 0.001)
Temporal Configuration:
  History: 45 min
  Cadence: 5 min
  Forecast horizons: [15, 30, 45, 60] min
  n_horizons: 4

Initial samples: 127,342

  → 9 timesteps
  → Satellite: 18 channels
  → Radar history: 9 channels
  → Total input: 27 channels
  → Target: [4, H, W] (one frame per horizon)
======================================================================

Total samples: 127,342

📊 RANGE (mm/h)
   Min   : 0.000
   Max   : 126.685
   Mean  : 0.238
   P90   : 0.296
   P95   : 1.299
   P99   : 5.343

📈 CLIP / NAN CHECK
   Clipped (>=128): 0/2000 = 0.00%
   All-NaN frames : 0/2000 = 0.00%

🌧️ INTENSITY DISTRIBUTION
   == 0       : 16,059,826 (84.57%)
   0-15       : 18,973,854 (99.92%)
   15-50      :   14,877 ( 0.08%)
   50-80      :      771 ( 0.00%)
   80-128     :      133 ( 0.00%)
   128-1000   :        0 ( 0.00%)

🔍 LOG SPACE CHECK
   log min : -3.0000
   log max : 2.1027
   log(128): 2.1072
   ✅ Log scaling OK (matches clip)

================================================================================
CHECKING: VAL (sampled)
================================================================================
Metadata: metadata/val_sampled_multihorizon.csv

======================================================================
 SatelliteRadarDataset Initialized (MULTI-HORIZON)
======================================================================
Metadata: metadata/val_sampled_multihorizon.csv
Satellite Configuration:
  Ch7: mean=36.83, std=12.58 (no clipping)
  Ch9: mean=65.70, std=19.36 (no clipping)
Radar Configuration:
  Clip: [0, 128.00] mm/hr
  Transform: log10(x + 0.001)
Temporal Configuration:
  History: 45 min
  Cadence: 5 min
  Forecast horizons: [15, 30, 45, 60] min
  n_horizons: 4

Initial samples: 16,940

  → 9 timesteps
  → Satellite: 18 channels
  → Radar history: 9 channels
  → Total input: 27 channels
  → Target: [4, H, W] (one frame per horizon)
======================================================================

Total samples: 16,940

📊 RANGE (mm/h)
   Min   : 0.000
   Max   : 127.049
   Mean  : 0.277
   P90   : 0.528
   P95   : 1.636
   P99   : 5.598

📈 CLIP / NAN CHECK
   Clipped (>=128): 0/2000 = 0.00%
   All-NaN frames : 0/2000 = 0.00%

🌧️ INTENSITY DISTRIBUTION
   == 0       : 14,973,999 (81.00%)
   0-15       : 18,472,278 (99.92%)
   15-50      :   13,281 ( 0.07%)
   50-80      :      651 ( 0.00%)
   80-128     :      104 ( 0.00%)
   128-1000   :        0 ( 0.00%)

🔍 LOG SPACE CHECK
   log min : -3.0000
   log max : 2.1040
   log(128): 2.1072
   ✅ Log scaling OK (matches clip)

================================================================================
CHECKING: TEST (sampled)
================================================================================
Metadata: metadata/test_sampled_multihorizon.csv

======================================================================
 SatelliteRadarDataset Initialized (MULTI-HORIZON)
======================================================================
Metadata: metadata/test_sampled_multihorizon.csv
Satellite Configuration:
  Ch7: mean=36.83, std=12.58 (no clipping)
  Ch9: mean=65.70, std=19.36 (no clipping)
Radar Configuration:
  Clip: [0, 128.00] mm/hr
  Transform: log10(x + 0.001)
Temporal Configuration:
  History: 45 min
  Cadence: 5 min
  Forecast horizons: [15, 30, 45, 60] min
  n_horizons: 4

Initial samples: 16,926

  → 9 timesteps
  → Satellite: 18 channels
  → Radar history: 9 channels
  → Total input: 27 channels
  → Target: [4, H, W] (one frame per horizon)
======================================================================

Total samples: 16,926

📊 RANGE (mm/h)
   Min   : 0.000
   Max   : 128.000
   Mean  : 0.258
   P90   : 0.372
   P95   : 1.487
   P99   : 5.552

📈 CLIP / NAN CHECK
   Clipped (>=128): 1/2000 = 0.05%
   All-NaN frames : 0/2000 = 0.00%

🌧️ INTENSITY DISTRIBUTION
   == 0       : 15,552,706 (83.68%)
   0-15       : 18,569,417 (99.91%)
   15-50      :   15,282 ( 0.08%)
   50-80      :      809 ( 0.00%)
   80-128     :      153 ( 0.00%)
   128-1000   :        1 ( 0.00%)

🔍 LOG SPACE CHECK
   log min : -3.0000
   log max : 2.1072
   log(128): 2.1072
   ✅ Log scaling OK (matches clip)

================================================================================
SANITY CHECK COMPLETE
================================================================================
